========================================================================================================
2.K §3 · 탐지 임계값 하향 스윕 (임계 외 파라미터는 2.J-B 그대로)
========================================================================================================
  임계 (40.0, 45.0, 50.0, 60.0, 70.0, 80.0) ℃ (80=대조군) · τ (11.0, 30.0, 50.0, 78.5, 100.0) s · 피크 (150.0, 200.0, 300.0, 500.0) ℃ (100 제외)
  burn_scale=10.0 m · t_max=250.0 s · 시나리오 ['S1', 'S2a_10', 'S7_worst']
  시드 미탐지 20 / 오탐 30 · 워커 14
  두 팔: warn_fixed(warn=60 고정) / warn_coupled(warn=임계−20)   ← F1 결합

  --- 이중 벌점 이론(측정 전) : 임계를 낮추면 교차는 빨라지나 펄스폭도 같이 변한다 ---
     임계℃    피크℃       f    교차 t/τ        임계이상 펄스폭(s)   폭/τ@78.5
      40    150   0.120     0.128              22.62      0.288
      40    200   0.086     0.090              26.21      0.334
      40    300   0.055     0.056              31.03      0.395
      40    500   0.032     0.032              36.86      0.470
      45    150   0.160     0.174              19.55      0.249
      45    200   0.114     0.121              23.14      0.295
      45    300   0.073     0.076              27.96      0.356
      45    500   0.042     0.043              33.79      0.430
      50    150   0.200     0.223              17.17      0.219
      50    200   0.143     0.154              20.76      0.264
      50    300   0.091     0.095              25.58      0.326
      50    500   0.053     0.054              31.41      0.400
      60    150   0.280     0.329              13.58      0.173
      60    200   0.200     0.223              17.17      0.219
      60    300   0.127     0.136              21.99      0.280
      60    500   0.074     0.077              27.82      0.354
      70    150   0.360     0.446              10.90      0.139
      70    200   0.257     0.297              14.49      0.185
      70    300   0.164     0.179              19.31      0.246
      70    500   0.095     0.100              25.14      0.320
      80    150   0.440     0.580               8.76      0.112
      80    200   0.314     0.377              12.35      0.157
      80    300   0.200     0.223              17.17      0.219
      80    500   0.116     0.123              23.00      0.293

  ① 미탐지 스윕 14400 런
    [miss] 720/14400  경과 1.7분  잔여 ~31.4분
    [miss] 1440/14400  경과 3.4분  잔여 ~30.2분
    [miss] 2160/14400  경과 6.8분  잔여 ~38.6분
    [miss] 2880/14400  경과 9.7분  잔여 ~38.8분
    [miss] 3600/14400  경과 13.7분  잔여 ~41.2분
    [miss] 4320/14400  경과 17.2분  잔여 ~40.2분
    [miss] 5040/14400  경과 20.9분  잔여 ~38.8분
    [miss] 5760/14400  경과 23.7분  잔여 ~35.6분
    [miss] 6480/14400  경과 27.5분  잔여 ~33.7분
    [miss] 7200/14400  경과 30.2분  잔여 ~30.2분
    [miss] 7920/14400  경과 35.3분  잔여 ~28.9분
    [miss] 8640/14400  경과 38.8분  잔여 ~25.8분
    [miss] 9360/14400  경과 42.6분  잔여 ~22.9분
    [miss] 10080/14400  경과 46.3분  잔여 ~19.8분
    [miss] 10800/14400  경과 53.3분  잔여 ~17.8분
    [miss] 11520/14400  경과 58.6분  잔여 ~14.7분
    [miss] 12240/14400  경과 62.7분  잔여 ~11.1분
    [miss] 12960/14400  경과 69.5분  잔여 ~7.7분
    [miss] 13680/14400  경과 73.6분  잔여 ~3.9분
    [miss] 14400/14400  경과 74.9분  잔여 ~0.0분
  [csv] results\stress\raw_2k_c_threshold.csv (14400 rows)
  [csv] results\stress\summary_2k_c_miss_vs_threshold.csv (720 rows)

  ② 2.D 비화재사망 오탐 2160 런
    [fp2d] 108/2160  경과 0.1분  잔여 ~1.7분
    [fp2d] 216/2160  경과 0.3분  잔여 ~2.4분
    [fp2d] 324/2160  경과 0.4분  잔여 ~2.5분
    [fp2d] 432/2160  경과 0.7분  잔여 ~3.0분
    [fp2d] 540/2160  경과 1.1분  잔여 ~3.4분
    [fp2d] 648/2160  경과 1.3분  잔여 ~3.1분
    [fp2d] 756/2160  경과 1.5분  잔여 ~2.8분
    [fp2d] 864/2160  경과 2.0분  잔여 ~3.0분
    [fp2d] 972/2160  경과 2.3분  잔여 ~2.8분
    [fp2d] 1080/2160  경과 2.5분  잔여 ~2.5분
    [fp2d] 1188/2160  경과 3.1분  잔여 ~2.5분
    [fp2d] 1296/2160  경과 3.6분  잔여 ~2.4분
    [fp2d] 1404/2160  경과 3.9분  잔여 ~2.1분
    [fp2d] 1512/2160  경과 4.6분  잔여 ~2.0분
    [fp2d] 1620/2160  경과 4.9분  잔여 ~1.6분
    [fp2d] 1728/2160  경과 5.2분  잔여 ~1.3분
    [fp2d] 1836/2160  경과 5.6분  잔여 ~1.0분
    [fp2d] 1944/2160  경과 6.2분  잔여 ~0.7분
    [fp2d] 2052/2160  경과 6.5분  잔여 ~0.3분
    [fp2d] 2160/2160  경과 7.4분  잔여 ~0.0분
  [csv] results\stress\summary_2k_c_fp_nonfire.csv (72 rows)

  ③ 보조 · 비화재 열원 오탐 2880 런
    [fpben] 144/2880  경과 0.1분  잔여 ~2.0분
    [fpben] 288/2880  경과 0.1분  잔여 ~1.0분
    [fpben] 432/2880  경과 0.5분  잔여 ~2.6분
    [fpben] 576/2880  경과 0.5분  잔여 ~1.9분
    [fpben] 720/2880  경과 0.7분  잔여 ~2.0분
    [fpben] 864/2880  경과 0.7분  잔여 ~1.7분
    [fpben] 1008/2880  경과 0.7분  잔여 ~1.4분
    [fpben] 1152/2880  경과 1.2분  잔여 ~1.8분
    [fpben] 1296/2880  경과 1.2분  잔여 ~1.5분
    [fpben] 1440/2880  경과 1.6분  잔여 ~1.6분
    [fpben] 1584/2880  경과 1.6분  잔여 ~1.3분
    [fpben] 1728/2880  경과 1.7분  잔여 ~1.1분
    [fpben] 1872/2880  경과 2.2분  잔여 ~1.2분
    [fpben] 2016/2880  경과 2.2분  잔여 ~1.0분
    [fpben] 2160/2880  경과 2.7분  잔여 ~0.9분
    [fpben] 2304/2880  경과 2.8분  잔여 ~0.7분
    [fpben] 2448/2880  경과 3.0분  잔여 ~0.5분
    [fpben] 2592/2880  경과 3.5분  잔여 ~0.4분
    [fpben] 2736/2880  경과 3.5분  잔여 ~0.2분
    [fpben] 2880/2880  경과 3.7분  잔여 ~0.0분
  [csv] results\stress\summary_2k_c_fp_benign.csv (96 rows)
  [png] results\stress\heat_2k_c_miss_vs_threshold_warn_fixed.png
  [png] results\stress\heat_2k_c_miss_vs_threshold_warn_coupled.png
  [png] results\stress\curve_2k_c_tradeoff.png

========================================================================================================
미탐지율 (%)  [warn_fixed]  · 3 시나리오 평균  · * = 실용선 5 % 초과
========================================================================================================

  --- 피크 150 ℃ ---
     τ(s)       thr 40℃      thr 45℃      thr 50℃      thr 60℃      thr 70℃      thr 80℃
     11.0         0.0          0.0          0.0          0.1          8.8*        83.3* 
     30.0         0.0          0.3         17.1*        97.8*       100.0*       100.0* 
     50.0         2.7         81.2*        99.0*       100.0*       100.0*       100.0* 
     78.5        92.1*       100.0*       100.0*       100.0*       100.0*       100.0* 
    100.0        99.8*       100.0*       100.0*       100.0*       100.0*       100.0* 

  --- 피크 200 ℃ ---
     τ(s)       thr 40℃      thr 45℃      thr 50℃      thr 60℃      thr 70℃      thr 80℃
     11.0         0.0          0.0          0.0          0.0          0.0          1.4  
     30.0         0.0          0.0          0.0         17.1*        93.0*        99.8* 
     50.0         0.0          1.0         23.3*        99.0*       100.0*       100.0* 
     78.5         4.2         85.8*        99.4*       100.0*       100.0*       100.0* 
    100.0        40.9*        99.3*       100.0*       100.0*       100.0*       100.0* 

  --- 피크 300 ℃ ---
     τ(s)       thr 40℃      thr 45℃      thr 50℃      thr 60℃      thr 70℃      thr 80℃
     11.0         0.0          0.0          0.0          0.0          0.0          0.0  
     30.0         0.0          0.0          0.0          0.0          0.6         17.1* 
     50.0         0.0          0.0          0.0          6.1*        85.0*        99.0* 
     78.5         0.0          0.0         11.2*        96.1*       100.0*       100.0* 
    100.0         0.0          7.6*        81.6*        99.9*       100.0*       100.0* 

  --- 피크 500 ℃ ---
     τ(s)       thr 40℃      thr 45℃      thr 50℃      thr 60℃      thr 70℃      thr 80℃
     11.0         0.0          0.0          0.0          0.0          0.0          0.0  
     30.0         0.0          0.0          0.0          0.0          0.0          0.0  
     50.0         0.0          0.0          0.0          0.0          0.0          1.6  
     78.5         0.0          0.0          0.0          0.0         17.6*        87.9* 
    100.0         0.0          0.0          0.0          8.6*        88.6*        99.4* 

========================================================================================================
미탐지율 (%)  [warn_coupled]  · 3 시나리오 평균  · * = 실용선 5 % 초과
========================================================================================================

  --- 피크 150 ℃ ---
     τ(s)       thr 40℃      thr 45℃      thr 50℃      thr 60℃      thr 70℃      thr 80℃
     11.0         0.0          0.0          0.0          0.1          8.8*        83.3* 
     30.0         0.0          0.3         17.1*        97.8*       100.0*       100.0* 
     50.0         2.7         81.2*        99.0*       100.0*       100.0*       100.0* 
     78.5        92.1*       100.0*       100.0*       100.0*       100.0*       100.0* 
    100.0        99.8*       100.0*       100.0*       100.0*       100.0*       100.0* 

  --- 피크 200 ℃ ---
     τ(s)       thr 40℃      thr 45℃      thr 50℃      thr 60℃      thr 70℃      thr 80℃
     11.0         0.0          0.0          0.0          0.0          0.0          1.4  
     30.0         0.0          0.0          0.0         17.1*        93.0*        99.8* 
     50.0         0.0          1.0         23.3*        99.0*       100.0*       100.0* 
     78.5         4.2         85.8*        99.4*       100.0*       100.0*       100.0* 
    100.0        40.9*        99.3*       100.0*       100.0*       100.0*       100.0* 

  --- 피크 300 ℃ ---
     τ(s)       thr 40℃      thr 45℃      thr 50℃      thr 60℃      thr 70℃      thr 80℃
     11.0         0.0          0.0          0.0          0.0          0.0          0.0  
     30.0         0.0          0.0          0.0          0.0          0.6         17.1* 
     50.0         0.0          0.0          0.0          6.1*        85.0*        99.0* 
     78.5         0.0          0.0         11.2*        96.1*       100.0*       100.0* 
    100.0         0.0          7.6*        81.6*        99.9*       100.0*       100.0* 

  --- 피크 500 ℃ ---
     τ(s)       thr 40℃      thr 45℃      thr 50℃      thr 60℃      thr 70℃      thr 80℃
     11.0         0.0          0.0          0.0          0.0          0.0          0.0  
     30.0         0.0          0.0          0.0          0.0          0.0          0.0  
     50.0         0.0          0.0          0.0          0.0          0.0          1.6  
     78.5         0.0          0.0          0.0          0.0         17.6*        87.9* 
    100.0         0.0          0.0          0.0          8.6*        88.6*        99.4* 

========================================================================================================
★ 추정 불능률 (%) = 노출 노드 중 estimator에 **안 들어간** 비율  [warn_fixed]
   (미탐지 + 화재/비화재 게이트 탈락. F1 결합이 여기서 드러난다)
========================================================================================================

  --- 피크 150 ℃ ---
     τ(s)       thr 40℃      thr 45℃      thr 50℃      thr 60℃      thr 70℃      thr 80℃
     11.0       100.0*       100.0*       100.0*        13.3*        14.1*        83.3* 
     30.0       100.0*       100.0*       100.0*        97.8*       100.0*       100.0* 
     50.0       100.0*       100.0*       100.0*       100.0*       100.0*       100.0* 
     78.5       100.0*       100.0*       100.0*       100.0*       100.0*       100.0* 
    100.0       100.0*       100.0*       100.0*       100.0*       100.0*       100.0* 

  --- 피크 200 ℃ ---
     τ(s)       thr 40℃      thr 45℃      thr 50℃      thr 60℃      thr 70℃      thr 80℃
     11.0       100.0*       100.0*       100.0*        13.0*        13.2*        12.3* 
     30.0       100.0*       100.0*       100.0*        17.1*        93.0*        99.8* 
     50.0       100.0*       100.0*       100.0*        99.0*       100.0*       100.0* 
     78.5       100.0*       100.0*       100.0*       100.0*       100.0*       100.0* 
    100.0       100.0*       100.0*       100.0*       100.0*       100.0*       100.0* 

  --- 피크 300 ℃ ---
     τ(s)       thr 40℃      thr 45℃      thr 50℃      thr 60℃      thr 70℃      thr 80℃
     11.0       100.0*       100.0*       100.0*        12.9*        13.0*        13.0* 
     30.0       100.0*       100.0*       100.0*        13.4*        13.0*        17.1* 
     50.0       100.0*       100.0*       100.0*        14.1*        85.0*        99.0* 
     78.5       100.0*       100.0*       100.0*        96.1*       100.0*       100.0* 
    100.0       100.0*       100.0*       100.0*        99.9*       100.0*       100.0* 

  --- 피크 500 ℃ ---
     τ(s)       thr 40℃      thr 45℃      thr 50℃      thr 60℃      thr 70℃      thr 80℃
     11.0       100.0*       100.0*       100.0*        13.2*        13.2*        12.9* 
     30.0       100.0*       100.0*       100.0*        12.9*        13.0*        13.0* 
     50.0       100.0*       100.0*       100.0*        13.1*        13.8*        12.9* 
     78.5       100.0*       100.0*       100.0*        13.7*        17.6*        87.9* 
    100.0       100.0*       100.0*       100.0*        15.2*        88.6*        99.4* 

========================================================================================================
★ 추정 불능률 (%) = 노출 노드 중 estimator에 **안 들어간** 비율  [warn_coupled]
   (미탐지 + 화재/비화재 게이트 탈락. F1 결합이 여기서 드러난다)
========================================================================================================

  --- 피크 150 ℃ ---
     τ(s)       thr 40℃      thr 45℃      thr 50℃      thr 60℃      thr 70℃      thr 80℃
     11.0        12.9*        12.8*        13.0*        13.3*        14.1*        83.3* 
     30.0        13.4*        13.2*        17.1*        97.8*       100.0*       100.0* 
     50.0        14.0*        81.2*        99.0*       100.0*       100.0*       100.0* 
     78.5        92.1*       100.0*       100.0*       100.0*       100.0*       100.0* 
    100.0        99.8*       100.0*       100.0*       100.0*       100.0*       100.0* 

  --- 피크 200 ℃ ---
     τ(s)       thr 40℃      thr 45℃      thr 50℃      thr 60℃      thr 70℃      thr 80℃
     11.0        13.2*        13.0*        13.0*        13.0*        13.2*        12.3* 
     30.0        13.0*        13.1*        13.6*        17.1*        93.0*        99.8* 
     50.0        13.3*        13.0*        23.3*        99.0*       100.0*       100.0* 
     78.5        13.7*        85.8*        99.4*       100.0*       100.0*       100.0* 
    100.0        40.9*        99.3*       100.0*       100.0*       100.0*       100.0* 

  --- 피크 300 ℃ ---
     τ(s)       thr 40℃      thr 45℃      thr 50℃      thr 60℃      thr 70℃      thr 80℃
     11.0        12.9*        13.3*        13.3*        12.9*        13.0*        13.0* 
     30.0        12.9*        12.8*        12.9*        13.4*        13.0*        17.1* 
     50.0        13.0*        13.1*        13.6*        14.1*        85.0*        99.0* 
     78.5        13.2*        13.8*        13.3*        96.1*       100.0*       100.0* 
    100.0        13.7*        14.8*        81.6*        99.9*       100.0*       100.0* 

  --- 피크 500 ℃ ---
     τ(s)       thr 40℃      thr 45℃      thr 50℃      thr 60℃      thr 70℃      thr 80℃
     11.0        12.9*        13.3*        13.0*        13.2*        13.2*        12.9* 
     30.0        13.1*        13.2*        13.0*        12.9*        13.0*        13.0* 
     50.0        12.8*        12.9*        12.8*        13.1*        13.8*        12.9* 
     78.5        12.8*        12.9*        13.3*        13.7*        17.6*        87.9* 
    100.0        13.0*        13.2*        13.7*        15.2*        88.6*        99.4* 

========================================================================================================
오탐 · 2.D 비화재사망 오염률 (%)  · 3 시나리오 · 30시드 pooled
========================================================================================================
  arm             τ(s)      thr 40℃     thr 45℃     thr 50℃     thr 60℃     thr 70℃     thr 80℃
  warn_fixed      11.0         0.00        0.00        0.00       10.88       12.70       15.42
  warn_fixed      78.5         0.00        0.00        0.00        0.00        0.14        0.14
  warn_coupled    11.0        89.34       89.38       38.78       24.41       21.43       15.42
  warn_coupled    78.5        99.36      100.00       50.00       35.19       13.47        0.14

========================================================================================================
★ 보조축(F2) · 비화재 열원 오탐 — '채택된 죽음 중 불이 아니었던 비율' (%)
   (기존 모델엔 이 열원이 없어 주 측정이 임계 하향 비용을 과소평가한다)
========================================================================================================
  arm                   열원      thr 40℃     thr 45℃     thr 50℃     thr 60℃     thr 70℃     thr 80℃
  warn_fixed        없음(대조)         0.00        0.00        0.00        0.00        0.00        0.00
  warn_fixed      +20℃→45℃         0.00        0.00        0.00        0.00        0.00        0.00
  warn_fixed      +30℃→55℃         0.00        0.00        0.00        0.00        0.00        0.00
  warn_fixed      +40℃→65℃         0.00        0.00        0.00        0.00        0.00        0.00
  warn_coupled      없음(대조)         0.00        0.00        0.00        0.00        0.00        0.00
  warn_coupled    +20℃→45℃         2.24        0.00        0.00        0.00        0.00        0.00
  warn_coupled    +30℃→55℃        11.22        7.33        0.00        0.00        0.00        0.00
  warn_coupled    +40℃→65℃        13.57       12.62       10.91        0.00        0.00        0.00

========================================================================================================
★★ 핵심 판정 — 각 τ에서 '미탐지 ≤5 % AND 오탐 ≤ 임계80℃(대조군) 값' 을 동시 만족하는
   임계 구간이 존재하는가.  오탐 기준은 **같은 스윕의 80 ℃ 대조군 실측값**(임의 완화 금지)
========================================================================================================

  ── warn_fixed ──
    τ=11.0s · 오탐 기준(80℃ 대조군) = 15.42 %
          피크℃               통과 임계(미탐지≤5 ∧ 오탐≤기준)          미탐지만 통과          추정불능도 ≤80℃대조군
          150                        40~60℃ (4점)      40~60℃ (4점)          60~60℃ (1점)
          200                        40~80℃ (6점)      40~80℃ (6점)          80~80℃ (1점)
          300                        40~80℃ (6점)      40~80℃ (6점)          60~80℃ (3점)
          500                        40~80℃ (6점)      40~80℃ (6점)          80~80℃ (1점)
    τ=78.5s · 오탐 기준(80℃ 대조군) = 0.14 %
          피크℃               통과 임계(미탐지≤5 ∧ 오탐≤기준)          미탐지만 통과          추정불능도 ≤80℃대조군
          150                                 없음               없음                   없음
          200                        40~40℃ (1점)      40~40℃ (1점)          40~40℃ (1점)
          300                        40~45℃ (2점)      40~45℃ (2점)          40~45℃ (2점)
          500                        40~60℃ (4점)      40~60℃ (4점)          60~60℃ (1점)

  ── warn_coupled ──
    τ=11.0s · 오탐 기준(80℃ 대조군) = 15.42 %
          피크℃               통과 임계(미탐지≤5 ∧ 오탐≤기준)          미탐지만 통과          추정불능도 ≤80℃대조군
          150                                 없음      40~60℃ (4점)                   없음
          200                        80~80℃ (1점)      40~80℃ (6점)          80~80℃ (1점)
          300                        80~80℃ (1점)      40~80℃ (6점)          80~80℃ (1점)
          500                        80~80℃ (1점)      40~80℃ (6점)          80~80℃ (1점)
    τ=78.5s · 오탐 기준(80℃ 대조군) = 0.14 %
          피크℃               통과 임계(미탐지≤5 ∧ 오탐≤기준)          미탐지만 통과          추정불능도 ≤80℃대조군
          150                                 없음               없음                   없음
          200                                 없음      40~40℃ (1점)                   없음
          300                                 없음      40~45℃ (2점)                   없음
          500                                 없음      40~60℃ (4점)                   없음
  [csv] results\stress\summary_2k_c_verdict.csv (96 rows)

========================================================================================================
★ 사전등록 예측 대조 (해석 없이 일치/불일치만)
========================================================================================================
  C1 단조(임계↑→미탐지↑)  warn_fixed    τ= 11.0: 일치   값 [0.0, 0.0, 0.0, 0.0, 2.2, 21.2]
  C1 단조(임계↑→미탐지↑)  warn_fixed    τ= 30.0: 일치   값 [0.0, 0.1, 4.3, 28.7, 48.4, 54.2]
  C1 단조(임계↑→미탐지↑)  warn_fixed    τ= 50.0: 일치   값 [0.7, 20.6, 30.6, 51.3, 71.3, 75.1]
  C1 단조(임계↑→미탐지↑)  warn_fixed    τ= 78.5: 일치   값 [24.1, 46.4, 52.7, 74.0, 79.4, 97.0]
  C1 단조(임계↑→미탐지↑)  warn_fixed    τ=100.0: 일치   값 [35.2, 51.7, 70.4, 77.1, 97.1, 99.9]
  C1 단조(임계↑→미탐지↑)  warn_coupled  τ= 11.0: 일치   값 [0.0, 0.0, 0.0, 0.0, 2.2, 21.2]
  C1 단조(임계↑→미탐지↑)  warn_coupled  τ= 30.0: 일치   값 [0.0, 0.1, 4.3, 28.7, 48.4, 54.2]
  C1 단조(임계↑→미탐지↑)  warn_coupled  τ= 50.0: 일치   값 [0.7, 20.6, 30.6, 51.3, 71.3, 75.1]
  C1 단조(임계↑→미탐지↑)  warn_coupled  τ= 78.5: 일치   값 [24.1, 46.4, 52.7, 74.0, 79.4, 97.0]
  C1 단조(임계↑→미탐지↑)  warn_coupled  τ=100.0: 일치   값 [35.2, 51.7, 70.4, 77.1, 97.1, 99.9]

  C2 τ=78.5s·임계45~50℃가 실용선 진입  warn_fixed    peak=150℃: ★불일치  (45℃=100.0% / 50℃=100.0%)
  C2 τ=78.5s·임계45~50℃가 실용선 진입  warn_fixed    peak=200℃: ★불일치  (45℃=85.8% / 50℃=99.4%)
  C2 τ=78.5s·임계45~50℃가 실용선 진입  warn_fixed    peak=300℃: 일치  (45℃=0.0% / 50℃=11.2%)
  C2 τ=78.5s·임계45~50℃가 실용선 진입  warn_fixed    peak=500℃: 일치  (45℃=0.0% / 50℃=0.0%)
  C2 τ=78.5s·임계45~50℃가 실용선 진입  warn_coupled  peak=150℃: ★불일치  (45℃=100.0% / 50℃=100.0%)
  C2 τ=78.5s·임계45~50℃가 실용선 진입  warn_coupled  peak=200℃: ★불일치  (45℃=85.8% / 50℃=99.4%)
  C2 τ=78.5s·임계45~50℃가 실용선 진입  warn_coupled  peak=300℃: 일치  (45℃=0.0% / 50℃=11.2%)
  C2 τ=78.5s·임계45~50℃가 실용선 진입  warn_coupled  peak=500℃: 일치  (45℃=0.0% / 50℃=0.0%)
