============================================================================================================
2.K §4 · 속도·ETA의 지터 τ 취약성 (조건은 2.J-A와 동일, 방향 대신 속도·ETA)
============================================================================================================
  균일 τ (0.0, 2.0, 5.0, 10.0, 11.0, 20.0, 30.0, 50.0, 78.5, 100.0)
  지터 τ (11.0, 30.0, 78.5) (σ=0.3, gauss, 0.5s 클립)
  전선 ['straight_S1', 'curved_S2a10', 'curved_S2a20'] · t_max (120.0, 400.0) · 시드 30 · 워커 14
  밴드 = E3x2 (stepE/F/G 원본 임포트, 재정의 없음) · 위험측 실용선 10 %

  고정 편향항(S1·W0·τ=0, 재적합 금지):
       30 m: q05= -19.42s  q95=  -6.34s
       60 m: q05= -31.96s  q95=  -6.33s
      100 m: q05= -48.67s  q95=  -6.31s

  스윕 2340 런
    [2k-d] 117/2340  경과 0.4분  잔여 ~8.3분
    [2k-d] 234/2340  경과 0.5분  잔여 ~4.4분
    [2k-d] 351/2340  경과 1.0분  잔여 ~5.6분
    [2k-d] 468/2340  경과 1.1분  잔여 ~4.4분
    [2k-d] 585/2340  경과 1.6분  잔여 ~4.8분
    [2k-d] 702/2340  경과 1.7분  잔여 ~4.0분
    [2k-d] 819/2340  경과 1.8분  잔여 ~3.4분
    [2k-d] 936/2340  경과 2.2분  잔여 ~3.3분
    [2k-d] 1053/2340  경과 2.4분  잔여 ~2.9분
    [2k-d] 1170/2340  경과 2.6분  잔여 ~2.6분
    [2k-d] 1287/2340  경과 2.8분  잔여 ~2.3분
    [2k-d] 1404/2340  경과 3.2분  잔여 ~2.1분
    [2k-d] 1521/2340  경과 3.4분  잔여 ~1.8분
    [2k-d] 1638/2340  경과 3.5분  잔여 ~1.5분
    [2k-d] 1755/2340  경과 3.8분  잔여 ~1.3분
    [2k-d] 1872/2340  경과 4.0분  잔여 ~1.0분
    [2k-d] 1989/2340  경과 4.3분  잔여 ~0.8분
    [2k-d] 2106/2340  경과 4.5분  잔여 ~0.5분
    [2k-d] 2223/2340  경과 4.6분  잔여 ~0.2분
    [2k-d] 2340/2340  경과 4.7분  잔여 ~0.0분

============================================================================================================
★ 도출 — 균일 τ의 ETA 편향(부호 포함) = **필요한 보정치**   [S1 직선에서만 도출]
   + = 예측이 참보다 늦다(늦게 온다고 말함) / − = 이르다
============================================================================================================

  [t_max=120s]
     τ(s)         ETA편향 @30m        ETA편향 @60m       ETA편향 @100m    편향/τ @100m
      0.0             -10.59            -15.07            -21.05             -
      2.0              -8.35            -11.91            -16.65        -8.326
      5.0              -6.13             -8.88            -12.54        -2.508
     10.0              -3.70             -5.71             -8.39        -0.839
     11.0              -3.36             -5.30             -7.88        -0.716
     20.0              -1.55             -3.46             -5.99        -0.299
     30.0              +0.06             -2.08             -4.93        -0.164
     50.0              +3.73             +1.41             -1.68        -0.034
     78.5              +9.43             +7.18             +4.18         0.053
    100.0             +13.28            +10.86             +7.64         0.076

  [t_max=400s]
     τ(s)         ETA편향 @30m        ETA편향 @60m       ETA편향 @100m    편향/τ @100m
      0.0             -10.59            -15.07            -21.05             -
      2.0              -8.35            -11.91            -16.65        -8.326
      5.0              -6.13             -8.88            -12.54        -2.508
     10.0              -3.70             -5.71             -8.39        -0.839
     11.0              -3.36             -5.30             -7.88        -0.716
     20.0              -1.55             -3.46             -5.99        -0.299
     30.0              +0.06             -2.08             -4.93        -0.164
     50.0              +3.73             +1.41             -1.68        -0.034
     78.5              +9.43             +7.18             +4.18         0.053
    100.0             +13.28            +10.86             +7.64         0.076
  [csv] results\stress\summary_2k_d_speed_eta_vs_tau.csv (78 rows)
  [csv] results\stress\raw_2k_d_speed.csv (2340 rows)
  [csv] results\stress\summary_2k_d_eta_tau_correction.csv (60 rows)
  [png] results\stress\curve_2k_d_speed_eta_tmax120.png
  [png] results\stress\curve_2k_d_speed_eta_tmax400.png

============================================================================================================
속도오차 (%, 부호 포함, 명목 1.5 m/s 대비)   [t_max=120s]   · 2.J-A 방향과 나란히 볼 것
============================================================================================================
     τ(s) 모드                     straight_S1              curved_S2a10              curved_S2a20
      0.0 uniform            -0.10±0.00   (30)          +16.31±8.63   (30)          +29.80±17.21  (30)
      2.0 uniform            +1.00±0.00   (30)          +14.66±7.48   (30)          +24.09±14.25  (30)
      5.0 uniform            +2.17±0.00   (30)          +11.40±6.43   (30)          +19.78±13.66  (30)
     10.0 uniform            +1.22±0.00   (30)           +8.88±4.47   (30)          +15.27±10.03  (30)
     11.0 uniform            +1.22±0.00   (30)           +8.09±4.43   (30)          +15.64±10.64  (30)
     11.0 jitter            +10.39±7.72   (30)          +12.23±11.09  (30)          +18.93±16.72  (30)
     20.0 uniform            +2.28±0.00   (30)           +7.29±3.87   (30)          +11.52±7.76   (30)
     30.0 uniform            +2.17±0.00   (30)           +7.78±3.75   (30)           +8.91±6.89   (30)
     30.0 jitter            +33.62±30.05  (30)          +31.54±27.22  (30)          +33.55±26.33  (30)
     50.0 uniform            +2.65±0.00   (30)           +8.06±3.74   (30)           +5.95±5.36   (30)
     78.5 uniform            +3.14±0.00   (30)           +8.49±3.60   (30)           +5.87±5.30   (30)
     78.5 jitter            +71.72±50.51  (30)          +76.51±46.86  (30)          +73.90±43.23  (30)
    100.0 uniform            +3.36±0.00   (30)           +8.38±3.30   (30)           +6.09±5.34   (30)

============================================================================================================
속도오차 (%, 부호 포함, 명목 1.5 m/s 대비)   [t_max=400s]   · 2.J-A 방향과 나란히 볼 것
============================================================================================================
     τ(s) 모드                     straight_S1              curved_S2a10              curved_S2a20
      0.0 uniform            -0.10±0.00   (30)          +16.31±8.63   (30)          +29.80±17.21  (30)
      2.0 uniform            +1.00±0.00   (30)          +14.66±7.48   (30)          +24.09±14.25  (30)
      5.0 uniform            +2.17±0.00   (30)          +11.40±6.43   (30)          +19.78±13.66  (30)
     10.0 uniform            +1.22±0.00   (30)           +8.88±4.47   (30)          +15.27±10.03  (30)
     11.0 uniform            +1.22±0.00   (30)           +8.09±4.43   (30)          +15.64±10.64  (30)
     11.0 jitter            +10.39±7.72   (30)          +12.23±11.09  (30)          +18.93±16.72  (30)
     20.0 uniform            +2.28±0.00   (30)           +7.29±3.87   (30)          +11.52±7.76   (30)
     30.0 uniform            +2.17±0.00   (30)           +7.78±3.75   (30)           +8.91±6.89   (30)
     30.0 jitter            +33.62±30.05  (30)          +31.54±27.22  (30)          +33.55±26.33  (30)
     50.0 uniform            +2.65±0.00   (30)           +8.06±3.74   (30)           +5.95±5.36   (30)
     78.5 uniform            +3.14±0.00   (30)           +8.49±3.60   (30)           +5.87±5.30   (30)
     78.5 jitter            +71.72±50.51  (30)          +76.51±46.86  (30)          +73.90±43.23  (30)
    100.0 uniform            +3.36±0.00   (30)           +8.38±3.30   (30)           +6.09±5.34   (30)

============================================================================================================
ETA 점추정 편향(s) @100 m · 균일 vs 지터   [t_max=120s]   + = 늦게 예측
============================================================================================================
     τ(s)       straight_S1 균일      straight_S1 지터     curved_S2a10 균일     curved_S2a10 지터     curved_S2a20 균일     curved_S2a20 지터
      0.0               -21.05                   -              -27.82                   -              -30.72                   -
      2.0               -16.65                   -              -22.64                   -              -23.69                   -
      5.0               -12.54                   -              -17.79                   -              -19.86                   -
     10.0                -8.39                   -              -12.77                   -              -15.37                   -
     11.0                -7.88              -11.55              -12.42              -14.91              -14.61              -16.00
     20.0                -5.99                   -               -9.90                   -               -8.46                   -
     30.0                -4.93              -20.10               -8.28              -22.97               -4.22              -18.66
     50.0                -1.68                   -               -5.01                   -               -0.07                   -
     78.5                +4.18              -36.03               -0.01              -32.86               +4.22              -29.13
    100.0                +7.64                   -               +4.42                   -               +7.64                   -

============================================================================================================
ETA 점추정 편향(s) @100 m · 균일 vs 지터   [t_max=400s]   + = 늦게 예측
============================================================================================================
     τ(s)       straight_S1 균일      straight_S1 지터     curved_S2a10 균일     curved_S2a10 지터     curved_S2a20 균일     curved_S2a20 지터
      0.0               -21.05                   -              -27.82                   -              -30.72                   -
      2.0               -16.65                   -              -22.64                   -              -23.69                   -
      5.0               -12.54                   -              -17.79                   -              -19.86                   -
     10.0                -8.39                   -              -12.77                   -              -15.37                   -
     11.0                -7.88              -11.55              -12.42              -14.91              -14.61              -16.00
     20.0                -5.99                   -               -9.90                   -               -8.46                   -
     30.0                -4.93              -20.10               -8.28              -22.97               -4.22              -18.66
     50.0                -1.68                   -               -5.01                   -               -0.07                   -
     78.5                +4.18              -36.03               -0.01              -32.86               +4.22              -29.27
    100.0                +7.64                   -               +4.42                   -               +7.64                   -

============================================================================================================
★ τ 보정 전/후 · E3x2 밴드 @100 m   [t_max=120s]   ·  위험측 실용선 10 %
   보정치는 **S1 직선에서만 도출**, 아래 곡선 전선은 평가 세계(재적합 없음)
============================================================================================================

  ── straight_S1 ──
     τ(s) 모드           MAE무보정     MAE보정       커버무보정       커버보정       ★위험무보정       ★위험보정     폭(s)
      0.0 uniform       21.05     14.71      100.0%     100.0%        0.0%        0.0%      88.5
      2.0 uniform       16.65      9.63      100.0%     100.0%        0.0%        0.0%      86.0
      5.0 uniform       12.54      6.84      100.0%     100.0%        0.0%        0.0%      82.6
     10.0 uniform        8.39      4.88      100.0%     100.0%        0.0%        0.0%      79.3
     11.0 uniform        7.88      4.52      100.0%     100.0%        0.0%        0.0%      79.7
     11.0 jitter        12.60      7.93       96.6%      89.6%        3.4%       10.4%*     91.3
     20.0 uniform        5.99      4.17      100.0%     100.0%        0.0%        0.0%      79.6
     30.0 uniform        5.60      4.89      100.0%     100.0%        0.0%        0.0%      80.5
     30.0 jitter        23.28     19.72       94.9%      94.0%        5.1%        6.0%     105.6
     50.0 uniform        4.95      5.06      100.0%     100.0%        0.0%        0.0%      80.3
     78.5 uniform        6.70      5.62       93.3%     100.0%        6.7%        0.0%      81.8
     78.5 jitter        40.03     43.63       98.2%      94.6%        1.5%        1.5%     117.4
    100.0 uniform        9.24      6.53       25.0%     100.0%       75.0%*       0.0%      81.8
  (* = 위험측 실용선 초과)

  ── curved_S2a10 ──
     τ(s) 모드           MAE무보정     MAE보정       커버무보정       커버보정       ★위험무보정       ★위험보정     폭(s)
      0.0 uniform       27.82     10.74      100.0%      99.6%        0.0%        0.4%      91.9
      2.0 uniform       22.65      8.29      100.0%      99.6%        0.0%        0.4%      89.8
      5.0 uniform       17.79      6.66      100.0%      98.5%        0.0%        1.5%      88.4
     10.0 uniform       12.77      5.41      100.0%      99.6%        0.0%        0.4%      87.4
     11.0 uniform       12.42      5.47      100.0%      99.8%        0.0%        0.2%      87.5
     11.0 jitter        15.44      9.51       98.7%      93.5%        1.3%        6.5%      95.1
     20.0 uniform        9.90      4.93      100.0%      99.4%        0.0%        0.6%      87.2
     30.0 uniform        8.32      4.65      100.0%      98.7%        0.0%        1.3%      86.9
     30.0 jitter        25.11     21.30       96.4%      95.8%        3.6%        4.2%     107.6
     50.0 uniform        5.78      4.90       99.8%      99.6%        0.2%        0.4%      87.4
     78.5 uniform        4.98      5.85       88.6%      99.1%       11.4%*       0.9%      88.0
     78.5 jitter        33.69     37.50       99.3%      94.7%        0.0%        0.0%     125.7
    100.0 uniform        6.72      5.74       49.8%      95.1%       50.2%*       4.9%      89.0
  (* = 위험측 실용선 초과)

  ── curved_S2a20 ──
     τ(s) 모드           MAE무보정     MAE보정       커버무보정       커버보정       ★위험무보정       ★위험보정     폭(s)
      0.0 uniform       31.54     15.99       99.4%      87.9%        0.6%       12.1%*     91.8
      2.0 uniform       24.86     13.60       98.3%      86.0%        1.7%       14.0%*     92.7
      5.0 uniform       21.86     13.70       94.3%      87.3%        5.7%       12.7%*     97.2
     10.0 uniform       17.97     12.99       92.4%      88.2%        7.6%       11.8%*     95.2
     11.0 uniform       17.33     12.71       92.2%      87.3%        7.8%       12.7%*     92.3
     11.0 jitter        19.02     14.34       92.8%      87.6%        7.2%       12.4%*     97.5
     20.0 uniform       13.50     11.18       86.0%      76.7%       14.0%*      23.3%*     91.5
     30.0 uniform       12.36     11.11       75.2%      71.1%       24.8%*      28.9%*     90.1
     30.0 jitter        24.12     21.20       94.2%      91.8%        5.8%        8.2%     107.5
     50.0 uniform       10.82     10.66       72.3%      70.7%       27.7%*      29.3%*     91.2
     78.5 uniform       10.53     10.21       71.5%      77.6%       28.5%*      22.4%*     92.8
     78.5 jitter        31.43     35.07       97.0%      96.1%        1.8%        1.5%     119.0
    100.0 uniform       11.62     10.13       55.5%      77.1%       44.5%*      22.9%*     93.8
  (* = 위험측 실용선 초과)

============================================================================================================
★ τ 보정 전/후 · E3x2 밴드 @100 m   [t_max=400s]   ·  위험측 실용선 10 %
   보정치는 **S1 직선에서만 도출**, 아래 곡선 전선은 평가 세계(재적합 없음)
============================================================================================================

  ── straight_S1 ──
     τ(s) 모드           MAE무보정     MAE보정       커버무보정       커버보정       ★위험무보정       ★위험보정     폭(s)
      0.0 uniform       21.05     14.71      100.0%     100.0%        0.0%        0.0%      88.5
      2.0 uniform       16.65      9.63      100.0%     100.0%        0.0%        0.0%      86.0
      5.0 uniform       12.54      6.84      100.0%     100.0%        0.0%        0.0%      82.6
     10.0 uniform        8.39      4.88      100.0%     100.0%        0.0%        0.0%      79.3
     11.0 uniform        7.88      4.52      100.0%     100.0%        0.0%        0.0%      79.7
     11.0 jitter        12.60      7.93       96.6%      89.6%        3.4%       10.4%*     91.3
     20.0 uniform        5.99      4.17      100.0%     100.0%        0.0%        0.0%      79.6
     30.0 uniform        5.60      4.89      100.0%     100.0%        0.0%        0.0%      80.5
     30.0 jitter        23.28     19.72       94.9%      94.0%        5.1%        6.0%     105.6
     50.0 uniform        4.95      5.06      100.0%     100.0%        0.0%        0.0%      80.3
     78.5 uniform        6.70      5.62       93.3%     100.0%        6.7%        0.0%      81.8
     78.5 jitter        40.03     43.63       98.2%      94.6%        1.5%        1.5%     117.4
    100.0 uniform        9.24      6.53       25.0%     100.0%       75.0%*       0.0%      81.8
  (* = 위험측 실용선 초과)

  ── curved_S2a10 ──
     τ(s) 모드           MAE무보정     MAE보정       커버무보정       커버보정       ★위험무보정       ★위험보정     폭(s)
      0.0 uniform       27.82     10.74      100.0%      99.6%        0.0%        0.4%      91.9
      2.0 uniform       22.65      8.29      100.0%      99.6%        0.0%        0.4%      89.8
      5.0 uniform       17.79      6.66      100.0%      98.5%        0.0%        1.5%      88.4
     10.0 uniform       12.77      5.41      100.0%      99.6%        0.0%        0.4%      87.4
     11.0 uniform       12.42      5.47      100.0%      99.8%        0.0%        0.2%      87.5
     11.0 jitter        15.44      9.51       98.7%      93.5%        1.3%        6.5%      95.1
     20.0 uniform        9.90      4.93      100.0%      99.4%        0.0%        0.6%      87.2
     30.0 uniform        8.32      4.65      100.0%      98.7%        0.0%        1.3%      86.9
     30.0 jitter        25.11     21.30       96.4%      95.8%        3.6%        4.2%     107.6
     50.0 uniform        5.78      4.90       99.8%      99.6%        0.2%        0.4%      87.4
     78.5 uniform        4.98      5.85       88.6%      99.1%       11.4%*       0.9%      88.0
     78.5 jitter        33.69     37.50       99.3%      94.7%        0.0%        0.0%     125.7
    100.0 uniform        6.72      5.74       49.8%      95.1%       50.2%*       4.9%      89.0
  (* = 위험측 실용선 초과)

  ── curved_S2a20 ──
     τ(s) 모드           MAE무보정     MAE보정       커버무보정       커버보정       ★위험무보정       ★위험보정     폭(s)
      0.0 uniform       31.54     15.99       99.4%      87.9%        0.6%       12.1%*     91.8
      2.0 uniform       24.86     13.60       98.3%      86.0%        1.7%       14.0%*     92.7
      5.0 uniform       21.86     13.70       94.3%      87.3%        5.7%       12.7%*     97.2
     10.0 uniform       17.97     12.99       92.4%      88.2%        7.6%       11.8%*     95.2
     11.0 uniform       17.33     12.71       92.2%      87.3%        7.8%       12.7%*     92.3
     11.0 jitter        19.02     14.34       92.8%      87.6%        7.2%       12.4%*     97.5
     20.0 uniform       13.50     11.18       86.0%      76.7%       14.0%*      23.3%*     91.5
     30.0 uniform       12.36     11.11       75.2%      71.1%       24.8%*      28.9%*     90.1
     30.0 jitter        24.12     21.20       94.2%      91.8%        5.8%        8.2%     107.5
     50.0 uniform       10.82     10.66       72.3%      70.7%       27.7%*      29.3%*     91.2
     78.5 uniform       10.53     10.21       71.5%      77.6%       28.5%*      22.4%*     92.8
     78.5 jitter        31.54     35.19       97.1%      95.9%        1.8%        1.5%     119.1
    100.0 uniform       11.62     10.13       55.5%      77.1%       44.5%*      22.9%*     93.8
  (* = 위험측 실용선 초과)

============================================================================================================
★ 실용선 이탈 — 지터 τ에서 속도·ETA가 언제 무너지는가 (t_max=400s, 절단 배제)
============================================================================================================
  전선               모드       지표                             τ=11.0    τ=30.0    τ=78.5
  straight_S1      uniform  속도 |오차| (%)                      1.22      2.17      3.14
  straight_S1      uniform  ETA MAE @100m (s)                7.88      5.60      6.70
  straight_S1      uniform  E3x2 위험측 (%)                     0.00      0.00      6.70
  straight_S1      uniform  E3x2+τ보정 위험측 (%)                 0.00      0.00      0.00
  straight_S1      jitter   속도 |오차| (%)                     10.90     34.77     72.14
  straight_S1      jitter   ETA MAE @100m (s)               12.60     23.28     40.03
  straight_S1      jitter   E3x2 위험측 (%)                     3.40      5.10      1.50
  straight_S1      jitter   E3x2+τ보정 위험측 (%)                10.40      6.00      1.50
  curved_S2a10     uniform  속도 |오차| (%)                      8.17      7.78      8.49
  curved_S2a10     uniform  ETA MAE @100m (s)               12.42      8.32      4.98
  curved_S2a10     uniform  E3x2 위험측 (%)                     0.00      0.00     11.40
  curved_S2a10     uniform  E3x2+τ보정 위험측 (%)                 0.20      1.30      0.90
  curved_S2a10     jitter   속도 |오차| (%)                     13.15     32.81     76.51
  curved_S2a10     jitter   ETA MAE @100m (s)               15.44     25.11     33.69
  curved_S2a10     jitter   E3x2 위험측 (%)                     1.30      3.60      0.00
  curved_S2a10     jitter   E3x2+τ보정 위험측 (%)                 6.50      4.20      0.00
  curved_S2a20     uniform  속도 |오차| (%)                     15.83      9.76      7.03
  curved_S2a20     uniform  ETA MAE @100m (s)               17.33     12.36     10.53
  curved_S2a20     uniform  E3x2 위험측 (%)                     7.80     24.80     28.50
  curved_S2a20     uniform  E3x2+τ보정 위험측 (%)                12.70     28.90     22.40
  curved_S2a20     jitter   속도 |오차| (%)                     19.37     34.04     73.90
  curved_S2a20     jitter   ETA MAE @100m (s)               19.02     24.12     31.54
  curved_S2a20     jitter   E3x2 위험측 (%)                     7.20      5.80      1.80
  curved_S2a20     jitter   E3x2+τ보정 위험측 (%)                12.40      8.20      1.50

============================================================================================================
★ 사전등록 예측 대조 (해석 없이 일치/불일치만)
============================================================================================================
  D1: 속도가 방향보다 지터에 더 취약한가 — 균일 대비 지터 열화 배율로 비교
  전선                     τ        속도 균일        속도 지터        배율   (2.J-A 방향 배율: τ=78.5에서 ~190배)
  straight_S1         11.0        1.219       10.896      8.94
  straight_S1         30.0        2.170       34.769     16.02
  straight_S1         78.5        3.137       72.139     23.00
  curved_S2a10        11.0        8.170       13.155      1.61
  curved_S2a10        30.0        7.780       32.814      4.22
  curved_S2a10        78.5        8.493       76.512      9.01
  curved_S2a20        11.0       15.827       19.369      1.22
  curved_S2a20        30.0        9.760       34.041      3.49
  curved_S2a20        78.5        7.031       73.904     10.51

  D2: 균일 τ의 ETA 편향이 τ에 비례하는 지연 방향인가 (S1·t_max=400·100 m)
    부호 집합 {'+', '−'}  ·  τ에 대해 단조증가 일치
    값 [(0.0, -21.051), (2.0, -16.652), (5.0, -12.539), (10.0, -8.394), (11.0, -7.88), (20.0, -5.989), (30.0, -4.932), (50.0, -1.675), (78.5, 4.18), (100.0, 7.637)]
    선형 적합 편향 ≈ +0.2096·τ  (R²=0.9170)  → 비례 예측 일치
