2.K §5 · dt 수렴 점검 (dt가 실제로 올라가는 u=0.1 구간에서만 의미가 있다)

  u=0.1 c=0.15  자동 dt=0.1000  → 비교 [0.1]
    [dt0.1] 1/10  경과 0.4분  잔여 ~3.3분
    [dt0.1] 2/10  경과 0.4분  잔여 ~1.5분
    [dt0.1] 3/10  경과 0.4분  잔여 ~0.9분
    [dt0.1] 4/10  경과 0.4분  잔여 ~0.6분
    [dt0.1] 5/10  경과 0.4분  잔여 ~0.4분
    [dt0.1] 6/10  경과 0.4분  잔여 ~0.2분
    [dt0.1] 7/10  경과 0.4분  잔여 ~0.2분
    [dt0.1] 8/10  경과 0.4분  잔여 ~0.1분
    [dt0.1] 9/10  경과 0.4분  잔여 ~0.0분
    [dt0.1] 10/10  경과 0.4분  잔여 ~0.0분
    dt=0.1000  미탐지   0.00 %  확정 14.00  방향 전부 추정불가   [22s]
  u=0.1 c=0.1  자동 dt=0.1383  → 비교 [0.1, 0.1383]
    [dt0.1] 1/10  경과 0.6분  잔여 ~5.5분
    [dt0.1] 2/10  경과 0.6분  잔여 ~2.5분
    [dt0.1] 3/10  경과 0.6분  잔여 ~1.4분
    [dt0.1] 4/10  경과 0.6분  잔여 ~0.9분
    [dt0.1] 5/10  경과 0.6분  잔여 ~0.6분
    [dt0.1] 6/10  경과 0.6분  잔여 ~0.4분
    [dt0.1] 7/10  경과 0.6분  잔여 ~0.3분
    [dt0.1] 8/10  경과 0.6분  잔여 ~0.2분
    [dt0.1] 9/10  경과 0.6분  잔여 ~0.1분
    [dt0.1] 10/10  경과 0.6분  잔여 ~0.0분
    dt=0.1000  미탐지   0.00 %  확정 14.00  방향 전부 추정불가   [37s]
    [dt0.1383] 1/10  경과 0.4분  잔여 ~4.0분
    [dt0.1383] 2/10  경과 0.4분  잔여 ~1.8분
    [dt0.1383] 3/10  경과 0.4분  잔여 ~1.0분
    [dt0.1383] 4/10  경과 0.4분  잔여 ~0.7분
    [dt0.1383] 5/10  경과 0.4분  잔여 ~0.4분
    [dt0.1383] 6/10  경과 0.4분  잔여 ~0.3분
    [dt0.1383] 7/10  경과 0.4분  잔여 ~0.2분
    [dt0.1383] 8/10  경과 0.4분  잔여 ~0.1분
    [dt0.1383] 9/10  경과 0.5분  잔여 ~0.1분
    [dt0.1383] 10/10  경과 0.5분  잔여 ~0.0분
    dt=0.1383  미탐지   0.00 %  확정 14.00  방향 전부 추정불가   [27s]
    ⇒ 미탐지 차 0.000 %p · 확정수 차 0.00 · 방향가능 0 vs 0

  u=0.1 c=0.05  자동 dt=0.2705  → 비교 [0.1, 0.2705]
    [dt0.1] 1/10  경과 1.5분  잔여 ~13.4분
    [dt0.1] 2/10  경과 1.5분  잔여 ~6.0분
    [dt0.1] 3/10  경과 1.5분  잔여 ~3.5분
    [dt0.1] 4/10  경과 1.5분  잔여 ~2.2분
    [dt0.1] 5/10  경과 1.5분  잔여 ~1.5분
    [dt0.1] 6/10  경과 1.5분  잔여 ~1.0분
    [dt0.1] 7/10  경과 1.5분  잔여 ~0.6분
    [dt0.1] 8/10  경과 1.5분  잔여 ~0.4분
    [dt0.1] 9/10  경과 1.5분  잔여 ~0.2분
    [dt0.1] 10/10  경과 1.5분  잔여 ~0.0분
    dt=0.1000  미탐지   0.00 %  확정 14.00  방향 전부 추정불가   [90s]
    [dt0.2705] 1/10  경과 0.5분  잔여 ~4.3분
    [dt0.2705] 2/10  경과 0.5분  잔여 ~1.9분
    [dt0.2705] 3/10  경과 0.5분  잔여 ~1.1분
    [dt0.2705] 4/10  경과 0.5분  잔여 ~0.7분
    [dt0.2705] 5/10  경과 0.5분  잔여 ~0.5분
    [dt0.2705] 6/10  경과 0.5분  잔여 ~0.3분
    [dt0.2705] 7/10  경과 0.5분  잔여 ~0.2분
    [dt0.2705] 8/10  경과 0.5분  잔여 ~0.1분
    [dt0.2705] 9/10  경과 0.5분  잔여 ~0.1분
    [dt0.2705] 10/10  경과 0.5분  잔여 ~0.0분
    dt=0.2705  미탐지   0.00 %  확정 14.00  방향 전부 추정불가   [29s]
    ⇒ 미탐지 차 0.000 %p · 확정수 차 0.00 · 방향가능 0 vs 0

  [csv] results\stress\summary_2k_e_dt_convergence_real.csv (5 rows)
