================================================================================================================
2.L §2 · 방향·속도·ETA 절대값 표 (2.K §4와 동일 조건, 세 지표를 같은 런에서)
================================================================================================================
  τ 균일 (0.0, 2.0, 5.0, 10.0, 11.0, 20.0, 30.0, 50.0, 78.5, 100.0)
  τ 지터 (11.0, 30.0, 78.5) (σ=0.3)
  전선 ['straight_S1', 'curved_S2a10', 'curved_S2a20'] · t_max (120.0, 400.0) · 시드 30 · 워커 14
  속도 절대값 기준 v_true = 1.5 m/s · ETA 정의는 2.K §4와 동일(밴드 원본 임포트)

  스윕 2340 런
    [2l-a] 117/2340  경과 0.3분  잔여 ~4.9분
    [2l-a] 234/2340  경과 0.3분  잔여 ~2.5분
    [2l-a] 351/2340  경과 0.6분  잔여 ~3.4분
    [2l-a] 468/2340  경과 0.7분  잔여 ~2.7분
    [2l-a] 585/2340  경과 1.0분  잔여 ~3.0분
    [2l-a] 702/2340  경과 1.1분  잔여 ~2.6분
    [2l-a] 819/2340  경과 1.2분  잔여 ~2.2분
    [2l-a] 936/2340  경과 1.5분  잔여 ~2.3분
    [2l-a] 1053/2340  경과 1.6분  잔여 ~2.0분
    [2l-a] 1170/2340  경과 2.0분  잔여 ~2.0분
    [2l-a] 1287/2340  경과 2.1분  잔여 ~1.7분
    [2l-a] 1404/2340  경과 2.4분  잔여 ~1.6분
    [2l-a] 1521/2340  경과 2.7분  잔여 ~1.5분
    [2l-a] 1638/2340  경과 3.0분  잔여 ~1.3분
    [2l-a] 1755/2340  경과 3.5분  잔여 ~1.2분
    [2l-a] 1872/2340  경과 3.8분  잔여 ~0.9분
    [2l-a] 1989/2340  경과 4.1분  잔여 ~0.7분
    [2l-a] 2106/2340  경과 4.3분  잔여 ~0.5분
    [2l-a] 2223/2340  경과 4.5분  잔여 ~0.2분
    [2l-a] 2340/2340  경과 4.6분  잔여 ~0.0분
  [csv] results\stress\raw_2l_a_absolute.csv (2340 rows)
  [csv] results\stress\summary_2l_a_absolute.csv (78 rows)

================================================================================================================
★ 교차검증 — 이번 산출값 vs 기존 원자료 (같은 Config·같은 시드 → 결정론상 동일해야 함)
================================================================================================================
  방향(°) vs 2.J-A         대조 78셀 · 완전일치 0셀 · 최대차 5.00e-05 → ★불일치
  속도(%) vs 2.K-D         대조 78셀 · 완전일치 0셀 · 최대차 4.95e-05 → ★불일치
  [csv] results\stress\summary_2l_a_crosscheck.csv (156 rows)
  [png] results\stress\curve_2l_a_absolute.png

================================================================================================================
★ 절대값 — straight_S1  [t_max=120s, 시드 30]  · 평균 ± 표준편차
================================================================================================================
    τ(s) 모드                    방향(°)               속도(%)             속도(m/s)          ETA@100m(s)
     0.0 uniform         2.115±0.000          -0.10±0.00      -0.0014±0.0000          -21.05±0.00
     2.0 uniform         0.723±0.000           1.00±0.00       0.0151±0.0000          -16.65±0.00
     5.0 uniform         0.416±0.000           2.17±0.00       0.0326±0.0000          -12.54±0.00
    10.0 uniform         0.235±0.000           1.22±0.00       0.0183±0.0000           -8.39±0.00
    11.0 uniform         0.381±0.000           1.22±0.00       0.0183±0.0000           -7.88±0.00
    11.0 jitter          2.076±1.465          10.39±7.72       0.1559±0.1158          -11.40±7.22
    20.0 uniform         0.403±0.000           2.28±0.00       0.0342±0.0000           -5.99±0.00
    30.0 uniform         0.168±0.000           2.17±0.00       0.0326±0.0000           -4.93±0.00
    30.0 jitter          7.764±7.133         33.62±30.05       0.5042±0.4507         -19.97±15.98
    50.0 uniform         0.313±0.000           2.65±0.00       0.0398±0.0000           -1.68±0.00
    78.5 uniform         0.345±0.000           3.14±0.00       0.0471±0.0000            4.18±0.00
    78.5 jitter        67.709±47.581         71.72±50.51       1.0758±0.7576         -37.98±20.46
   100.0 uniform         0.545±0.000           3.36±0.00       0.0504±0.0000            7.64±0.00

================================================================================================================
★ 절대값 — curved_S2a10  [t_max=120s, 시드 30]  · 평균 ± 표준편차
================================================================================================================
    τ(s) 모드                    방향(°)               속도(%)             속도(m/s)          ETA@100m(s)
     0.0 uniform         4.757±3.535          16.31±8.63       0.2447±0.1294          -27.70±4.04
     2.0 uniform         4.357±3.442          14.66±7.48       0.2199±0.1122          -22.60±3.08
     5.0 uniform         4.459±3.124          11.40±6.44       0.1710±0.0965          -17.75±2.68
    10.0 uniform         4.396±3.258           8.88±4.47       0.1333±0.0670          -12.77±2.10
    11.0 uniform         4.396±3.218           8.09±4.43       0.1214±0.0665          -12.41±2.29
    11.0 jitter          4.773±3.940         12.23±11.09       0.1835±0.1663          -14.77±7.44
    20.0 uniform         4.335±3.275           7.29±3.87       0.1094±0.0581           -9.88±2.30
    30.0 uniform         4.320±3.274           7.78±3.75       0.1167±0.0562           -8.26±2.10
    30.0 jitter         10.371±9.957         31.53±27.22       0.4730±0.4083         -23.51±14.00
    50.0 uniform         4.277±3.242           8.06±3.74       0.1209±0.0561           -4.98±2.06
    78.5 uniform         4.274±3.228           8.49±3.60       0.1274±0.0540           -0.00±2.16
    78.5 jitter        66.721±51.151         76.51±46.86       1.1477±0.7029         -35.46±17.49
   100.0 uniform         4.276±3.267           8.38±3.30       0.1258±0.0494            4.46±2.37

================================================================================================================
★ 절대값 — curved_S2a20  [t_max=120s, 시드 30]  · 평균 ± 표준편차
================================================================================================================
    τ(s) 모드                    방향(°)               속도(%)             속도(m/s)          ETA@100m(s)
     0.0 uniform        10.581±8.733         29.80±17.21       0.4470±0.2581          -30.44±8.47
     2.0 uniform       13.287±19.163         24.09±14.25       0.3614±0.2137          -23.41±7.67
     5.0 uniform       26.393±37.403         19.78±13.66       0.2967±0.2049          -19.67±6.63
    10.0 uniform       16.767±24.689         15.27±10.03       0.2290±0.1504          -15.14±6.02
    11.0 uniform       12.571±16.349         15.64±10.64       0.2346±0.1596          -14.42±5.73
    11.0 jitter         11.999±9.923         18.93±16.72       0.2839±0.2508          -15.94±8.93
    20.0 uniform         8.904±6.983          11.52±7.76       0.1728±0.1164           -8.35±5.34
    30.0 uniform         8.724±6.530           8.91±6.89       0.1336±0.1034           -4.16±6.40
    30.0 jitter        17.558±15.466         33.55±26.33       0.5033±0.3949         -19.49±12.60
    50.0 uniform         7.964±6.461           5.95±5.36       0.0893±0.0804            0.06±6.56
    78.5 uniform         7.972±6.436           5.87±5.30       0.0881±0.0796            4.19±6.29
    78.5 jitter        66.268±54.846         73.90±43.23       1.1086±0.6484         -30.87±14.30
   100.0 uniform         7.966±6.483           6.09±5.34       0.0913±0.0801            7.60±5.72

================================================================================================================
★ 절대값 — straight_S1  [t_max=400s, 시드 30]  · 평균 ± 표준편차
================================================================================================================
    τ(s) 모드                    방향(°)               속도(%)             속도(m/s)          ETA@100m(s)
     0.0 uniform         2.115±0.000          -0.10±0.00      -0.0014±0.0000          -21.05±0.00
     2.0 uniform         0.723±0.000           1.00±0.00       0.0151±0.0000          -16.65±0.00
     5.0 uniform         0.416±0.000           2.17±0.00       0.0326±0.0000          -12.54±0.00
    10.0 uniform         0.235±0.000           1.22±0.00       0.0183±0.0000           -8.39±0.00
    11.0 uniform         0.381±0.000           1.22±0.00       0.0183±0.0000           -7.88±0.00
    11.0 jitter          2.076±1.465          10.39±7.72       0.1559±0.1158          -11.40±7.22
    20.0 uniform         0.403±0.000           2.28±0.00       0.0342±0.0000           -5.99±0.00
    30.0 uniform         0.168±0.000           2.17±0.00       0.0326±0.0000           -4.93±0.00
    30.0 jitter          7.764±7.133         33.62±30.05       0.5042±0.4507         -19.97±15.98
    50.0 uniform         0.313±0.000           2.65±0.00       0.0398±0.0000           -1.68±0.00
    78.5 uniform         0.345±0.000           3.14±0.00       0.0471±0.0000            4.18±0.00
    78.5 jitter        67.709±47.581         71.72±50.51       1.0758±0.7576         -37.98±20.46
   100.0 uniform         0.545±0.000           3.36±0.00       0.0504±0.0000            7.64±0.00

================================================================================================================
★ 절대값 — curved_S2a10  [t_max=400s, 시드 30]  · 평균 ± 표준편차
================================================================================================================
    τ(s) 모드                    방향(°)               속도(%)             속도(m/s)          ETA@100m(s)
     0.0 uniform         4.757±3.535          16.31±8.63       0.2447±0.1294          -27.70±4.04
     2.0 uniform         4.357±3.442          14.66±7.48       0.2199±0.1122          -22.60±3.08
     5.0 uniform         4.459±3.124          11.40±6.44       0.1710±0.0965          -17.75±2.68
    10.0 uniform         4.396±3.258           8.88±4.47       0.1333±0.0670          -12.77±2.10
    11.0 uniform         4.396±3.218           8.09±4.43       0.1214±0.0665          -12.41±2.29
    11.0 jitter          4.773±3.940         12.23±11.09       0.1835±0.1663          -14.77±7.44
    20.0 uniform         4.335±3.275           7.29±3.87       0.1094±0.0581           -9.88±2.30
    30.0 uniform         4.320±3.274           7.78±3.75       0.1167±0.0562           -8.26±2.10
    30.0 jitter         10.371±9.957         31.53±27.22       0.4730±0.4083         -23.51±14.00
    50.0 uniform         4.277±3.242           8.06±3.74       0.1209±0.0561           -4.98±2.06
    78.5 uniform         4.274±3.228           8.49±3.60       0.1274±0.0540           -0.00±2.16
    78.5 jitter        66.721±51.151         76.51±46.86       1.1477±0.7029         -35.46±17.49
   100.0 uniform         4.276±3.267           8.38±3.30       0.1258±0.0494            4.46±2.37

================================================================================================================
★ 절대값 — curved_S2a20  [t_max=400s, 시드 30]  · 평균 ± 표준편차
================================================================================================================
    τ(s) 모드                    방향(°)               속도(%)             속도(m/s)          ETA@100m(s)
     0.0 uniform        10.581±8.733         29.80±17.21       0.4470±0.2581          -30.44±8.47
     2.0 uniform       13.287±19.163         24.09±14.25       0.3614±0.2137          -23.41±7.67
     5.0 uniform       26.393±37.403         19.78±13.66       0.2967±0.2049          -19.67±6.63
    10.0 uniform       16.767±24.689         15.27±10.03       0.2290±0.1504          -15.14±6.02
    11.0 uniform       12.571±16.349         15.64±10.64       0.2346±0.1596          -14.42±5.73
    11.0 jitter         11.999±9.923         18.93±16.72       0.2839±0.2508          -15.94±8.93
    20.0 uniform         8.904±6.983          11.52±7.76       0.1728±0.1164           -8.35±5.34
    30.0 uniform         8.724±6.530           8.91±6.89       0.1336±0.1034           -4.16±6.40
    30.0 jitter        17.558±15.466         33.55±26.33       0.5033±0.3949         -19.49±12.60
    50.0 uniform         7.964±6.461           5.95±5.36       0.0893±0.0804            0.06±6.56
    78.5 uniform         7.972±6.436           5.87±5.30       0.0881±0.0796            4.19±6.29
    78.5 jitter        66.268±54.846         73.90±43.23       1.1086±0.6484         -31.03±14.49
   100.0 uniform         7.966±6.483           6.09±5.34       0.0913±0.0801            7.60±5.72

================================================================================================================
★ 지터 열화 — **배율에는 분자·분모를 반드시 함께 적는다** (강령 §A-3)
   |오차| 평균 기준, t_max=400 s
================================================================================================================
  전선                   τ 지표                   균일(분모)        지터(분자)       배율        절대 증가분
  straight_S1       11.0 방향                  0.381 °       2.076 °     5.44      +1.694 °
  straight_S1       11.0 속도                  1.219 %      10.896 %     8.94      +9.676 %
  straight_S1       11.0 ETA@100m            7.880 s      11.876 s     1.51      +3.996 s
  straight_S1       30.0 방향                  0.168 °       7.764 °    46.27      +7.597 °
  straight_S1       30.0 속도                  2.170 %      34.769 %    16.02     +32.598 %
  straight_S1       30.0 ETA@100m            4.932 s      22.345 s     4.53     +17.413 s
  straight_S1       78.5 방향                  0.345 °      67.709 °   196.09     +67.364 °
  straight_S1       78.5 속도                  3.137 %      72.139 %    22.99     +69.002 %
  straight_S1       78.5 ETA@100m            4.180 s      39.417 s     9.43     +35.237 s
  curved_S2a10      11.0 방향                  4.396 °       4.773 °     1.09      +0.377 °
  curved_S2a10      11.0 속도                  8.170 %      13.155 %     1.61      +4.986 %
  curved_S2a10      11.0 ETA@100m           12.405 s      14.775 s     1.19      +2.369 s
  curved_S2a10      30.0 방향                  4.320 °      10.371 °     2.40      +6.051 °
  curved_S2a10      30.0 속도                  7.780 %      32.814 %     4.22     +25.035 %
  curved_S2a10      30.0 ETA@100m            8.263 s      24.007 s     2.91     +15.744 s
  curved_S2a10      78.5 방향                  4.274 °      66.721 °    15.61     +62.447 °
  curved_S2a10      78.5 속도                  8.493 %      76.512 %     9.01     +68.018 %
  curved_S2a10      78.5 ETA@100m            1.909 s      35.915 s    18.81     +34.006 s
  curved_S2a20      11.0 방향                 12.571 °      11.999 °     0.95      -0.572 °
  curved_S2a20      11.0 속도                 15.827 %      19.369 %     1.22      +3.542 %
  curved_S2a20      11.0 ETA@100m           14.421 s      16.251 s     1.13      +1.830 s
  curved_S2a20      30.0 방향                  8.724 °      17.558 °     2.01      +8.834 °
  curved_S2a20      30.0 속도                  9.760 %      34.041 %     3.49     +24.281 %
  curved_S2a20      30.0 ETA@100m            5.666 s      20.904 s     3.69     +15.238 s
  curved_S2a20      78.5 방향                  7.972 °      66.268 °     8.31     +58.296 °
  curved_S2a20      78.5 속도                  7.030 %      73.904 %    10.51     +66.873 %
  curved_S2a20      78.5 ETA@100m            6.532 s      31.033 s     4.75     +24.502 s

================================================================================================================
★ 실용선 대조 — 방향 5° / 속도 밴드폭 대비 / ETA는 E3x2 위험측(=[D-051] 표 참조)
   ※ E3x2 위험측 자체는 [D-051]에서 이미 산출됐다. 여기서는 **절대 오차**가
      실용선을 넘는 지점만 표시한다(밴드 규칙은 손대지 않는다).
================================================================================================================
  전선              모드            첫 방향>5° τ      첫 |속도|>20 % τ    첫 |ETA@100|>30 s τ
  straight_S1     uniform              없음                 없음                    없음
  straight_S1     jitter             30.0               30.0                  78.5
  curved_S2a10    uniform              없음                 없음                    없음
  curved_S2a10    jitter             30.0               30.0                  78.5
  curved_S2a20    uniform             0.0                0.0                   0.0
  curved_S2a20    jitter             11.0               30.0                  78.5

  (속도 20 %·ETA 30 s는 **표시용 눈금**이지 승인된 실용선이 아니다 —
   승인된 ETA 실용선은 E3x2 위험측 ≤10 %이며 [D-051]에 이미 산출돼 있다.)
