2.L §4 보조 — 국소적합 표본 굶주림 점검 (72 런)

    [cov] 3/72  경과 0.0분  잔여 ~0.4분
    [cov] 6/72  경과 0.0분  잔여 ~0.2분
    [cov] 9/72  경과 0.0분  잔여 ~0.1분
    [cov] 12/72  경과 0.0분  잔여 ~0.1분
    [cov] 15/72  경과 0.0분  잔여 ~0.1분
    [cov] 18/72  경과 0.0분  잔여 ~0.1분
    [cov] 21/72  경과 0.0분  잔여 ~0.1분
    [cov] 24/72  경과 0.0분  잔여 ~0.1분
    [cov] 27/72  경과 0.0분  잔여 ~0.1분
    [cov] 30/72  경과 0.1분  잔여 ~0.1분
    [cov] 33/72  경과 0.1분  잔여 ~0.1분
    [cov] 36/72  경과 0.1분  잔여 ~0.1분
    [cov] 39/72  경과 0.1분  잔여 ~0.1분
    [cov] 42/72  경과 0.1분  잔여 ~0.1분
    [cov] 45/72  경과 0.2분  잔여 ~0.1분
    [cov] 48/72  경과 0.2분  잔여 ~0.1분
    [cov] 51/72  경과 0.2분  잔여 ~0.1분
    [cov] 54/72  경과 0.3분  잔여 ~0.1분
    [cov] 57/72  경과 0.3분  잔여 ~0.1분
    [cov] 60/72  경과 0.4분  잔여 ~0.1분
    [cov] 63/72  경과 0.6분  잔여 ~0.1분
    [cov] 66/72  경과 1.0분  잔여 ~0.1분
    [cov] 69/72  경과 1.3분  잔여 ~0.1분
    [cov] 72/72  경과 1.8분  잔여 ~0.0분
  기하         W    L/B    발화m      이웃간격(s)    창(8s)   per_node     /노드      방향(국소°)
  head      10   1.17     30         4.66       이내      13.00     87%         1.99
  head      10   1.17     60         4.75       이내      13.00     87%         0.94
  head      10   1.17    120         4.75       이내      13.00     87%         0.35
  head      20   1.76     30         5.41       이내      11.00     73%        18.05
  head      20   1.76     60         5.10       이내      13.00     87%         5.43
  head      20   1.76    120         4.76       이내      13.00     87%         2.69
  head      30   2.82     30        12.40      ★초과      13.00     87%        44.73
  head      30   2.82     60         7.70       이내      14.00     93%        19.16
  head      30   2.82    120         5.23       이내      11.00     73%        16.68
  head      50   6.48     30        55.69      ★초과       5.00     33%       129.98
  head      50   6.48     60        35.10      ★초과       7.00     47%       129.33
  head      50   6.48    120        20.31      ★초과      11.00     73%         2.12
  flank     10   1.17     30         9.78      ★초과       9.00     60%        81.81
  flank     10   1.17     60         9.91      ★초과       3.00     20%        85.72
  flank     10   1.17    120        10.14      ★초과       3.00     20%        82.08
  flank     20   1.76     30        25.16      ★초과       0.00      0%            -
  flank     20   1.76     60        27.82      ★초과       0.00      0%            -
  flank     20   1.76    120        29.59      ★초과       0.00      0%            -
  flank     30   2.82     30        70.72      ★초과       0.00      0%            -
  flank     30   2.82     60        77.97      ★초과       0.00      0%            -
  flank     30   2.82    120        82.82      ★초과       0.00      0%            -
  flank     50   6.48     30       388.02      ★초과       0.00      0%            -
  flank     50   6.48     60       427.26      ★초과       0.00      0%            -
  flank     50   6.48    120       453.47      ★초과       0.00      0%            -

  [csv] results\stress\summary_2l_b_coverage.csv (24 rows)

  ★ 이웃 간격이 dt_window(8 s)를 넘는 셀: 16/24
     그 셀들의 per_node 비율 평균 21% (넘지 않는 셀 84%)
