================================================================================================================
2.L §4 · 타원 전선(Alexander 1985) — 곡률 정량화 + 추정 성능
================================================================================================================
  L/B = 1.0 + 0.00120·W^2.154   [Alexander 1985, 적용상한 W=50 km/h]
    W(km/h)     L/B      선단:후미        측면속도/선단
         10   1.171       3.2:1         0.4796
         20   1.761      10.3:1         0.1768
         30   2.823      29.9:1         0.0648
         50   6.480     165.9:1         0.0120

  노드 4×4 · 간격 10 m · 발화점 거리 (30.0, 60.0, 120.0) m · τ (0.0, 11.0, 78.5) s
  시드 30 · 워커 14

  [4-3] 곡률 산출 중...
  [csv] results\stress\summary_2l_b_curvature.csv (27 rows)

================================================================================================================
★★ 4-3 핵심 — 노드 스케일 곡률 |κ·h| (노드 한 칸당 법선 회전, rad)
   같은 척도: 도착시각 등시선의 곡률 × 노드간격 10 m
================================================================================================================
   통계는 |κ|의 **중앙값·P95** (평균은 |∇T|≈0 부근 폭주에 오염되므로 쓰지 않는다)
  모델             기하          W     L/B     발화m       중앙값       P95        선단        측면      n(선단/측면)
  타원             head       10   1.171      30    0.3505    0.5603    0.3505         -          16/0
  타원             head       10   1.171      60    0.2412    0.3162    0.2412         -          16/0
  타원             head       10   1.171     120    0.1435    0.1669    0.1435         -          16/0
  타원             head       20   1.761      30    0.4764    1.2640    0.4764         -          16/0
  타원             head       20   1.761      60    0.4862    0.7652    0.4862         -          16/0
  타원             head       20   1.761     120    0.3494    0.4308    0.3494         -          16/0
  타원             head       30   2.823      30    0.1767    3.1060    0.1767         -          16/0
  타원             head       30   2.823      60    0.2679    1.9376    0.2679         -          16/0
  타원             head       30   2.823     120    0.4102    1.1119    0.4102         -          16/0
  타원             head       50   6.480      30    0.0318    7.9585    0.0318         -          16/0
  타원             head       50   6.480      60    0.0264    5.1185    0.0264         -          16/0
  타원             head       50   6.480     120    0.0438    3.9080    0.0438         -          16/0
  타원             flank      10   1.171      30    0.1430    0.2160         -    0.1430          0/16
  타원             flank      10   1.171      60    0.0889    0.1129         -    0.0889          0/16
  타원             flank      10   1.171     120    0.0505    0.0574         -    0.0505          0/16
  타원             flank      20   1.761      30    0.0821    0.1197         -    0.0821          0/16
  타원             flank      20   1.761      60    0.0539    0.0681         -    0.0539          0/16
  타원             flank      20   1.761     120    0.0318    0.0362         -    0.0318          0/16
  타원             flank      30   2.823      30    0.0631    0.0927         -    0.0631          0/16
  타원             flank      30   2.823      60    0.0438    0.0547         -    0.0438          0/16
  타원             flank      30   2.823     120    0.0263    0.0299         -    0.0263          0/16
  타원             flank      50   6.480      30    0.0549    0.0845         -    0.0549          0/16
  타원             flank      50   6.480      60    0.0391    0.0498         -    0.0391          0/16
  타원             flank      50   6.480     120    0.0240    0.0274         -    0.0240          0/16
  ----------------------------------------------------------------------------------------------------------
  straight_S1    -           -       -       -    0.0000    0.0000         -         -           480
  curved_S2a10   -           -       -       -    0.0033    0.0811         -         -           480
  curved_S2a20   -           -       -       -    0.0071    0.1775         -         -           480

================================================================================================================
★★ '타원 곡률은 S2a10과 S2a20 사이 어디인가' — 수치 답 (지시서 4-3 핵심 질문)
   기준(중앙값 |κ·h|): S2a10 = 0.0033 / S2a20 = 0.0071   [직선 S1 = 0.0000]
================================================================================================================
  기하          W     L/B     발화m     |κ·h| 중앙값     S2a20 대비                     위치
  head       10   1.171      30        0.3505       49.37배            ★S2a20보다 급함
  head       10   1.171      60        0.2412       33.97배            ★S2a20보다 급함
  head       10   1.171     120        0.1435       20.21배            ★S2a20보다 급함
  head       20   1.761      30        0.4764       67.10배            ★S2a20보다 급함
  head       20   1.761      60        0.4862       68.48배            ★S2a20보다 급함
  head       20   1.761     120        0.3494       49.21배            ★S2a20보다 급함
  head       30   2.823      30        0.1767       24.89배            ★S2a20보다 급함
  head       30   2.823      60        0.2679       37.73배            ★S2a20보다 급함
  head       30   2.823     120        0.4102       57.77배            ★S2a20보다 급함
  head       50   6.480      30        0.0318        4.48배            ★S2a20보다 급함
  head       50   6.480      60        0.0264        3.72배            ★S2a20보다 급함
  head       50   6.480     120        0.0438        6.17배            ★S2a20보다 급함
  flank      10   1.171      30        0.1430       20.14배            ★S2a20보다 급함
  flank      10   1.171      60        0.0889       12.52배            ★S2a20보다 급함
  flank      10   1.171     120        0.0505        7.11배            ★S2a20보다 급함
  flank      20   1.761      30        0.0821       11.56배            ★S2a20보다 급함
  flank      20   1.761      60        0.0539        7.59배            ★S2a20보다 급함
  flank      20   1.761     120        0.0318        4.48배            ★S2a20보다 급함
  flank      30   2.823      30        0.0631        8.89배            ★S2a20보다 급함
  flank      30   2.823      60        0.0438        6.17배            ★S2a20보다 급함
  flank      30   2.823     120        0.0263        3.70배            ★S2a20보다 급함
  flank      50   6.480      30        0.0549        7.73배            ★S2a20보다 급함
  flank      50   6.480      60        0.0391        5.51배            ★S2a20보다 급함
  flank      50   6.480     120        0.0240        3.38배            ★S2a20보다 급함

  [4-4] 추정 성능 스윕 중...
    2430 런
    [2l-b] 121/2430  경과 0.3분  잔여 ~6.4분
    [2l-b] 242/2430  경과 0.5분  잔여 ~4.8분
    [2l-b] 363/2430  경과 0.7분  잔여 ~4.1분
    [2l-b] 484/2430  경과 1.2분  잔여 ~4.9분
    [2l-b] 605/2430  경과 1.4분  잔여 ~4.2분
    [2l-b] 726/2430  경과 1.8분  잔여 ~4.3분
    [2l-b] 847/2430  경과 3.4분  잔여 ~6.4분
    [2l-b] 968/2430  경과 3.8분  잔여 ~5.7분
    [2l-b] 1089/2430  경과 4.5분  잔여 ~5.5분
    [2l-b] 1210/2430  경과 4.7분  잔여 ~4.7분
    [2l-b] 1331/2430  경과 6.1분  잔여 ~5.0분
    [2l-b] 1452/2430  경과 7.1분  잔여 ~4.8분
    [2l-b] 1573/2430  경과 9.1분  잔여 ~5.0분
    [2l-b] 1694/2430  경과 10.8분  잔여 ~4.7분
    [2l-b] 1815/2430  경과 18.0분  잔여 ~6.1분
    [2l-b] 1936/2430  경과 21.6분  잔여 ~5.5분
    [2l-b] 2057/2430  경과 23.6분  잔여 ~4.3분
    [2l-b] 2178/2430  경과 32.6분  잔여 ~3.8분
    [2l-b] 2299/2430  경과 41.5분  잔여 ~2.4분
    [2l-b] 2420/2430  경과 54.6분  잔여 ~0.2분
    [2l-b] 2430/2430  경과 54.6분  잔여 ~0.0분
  [csv] results\stress\raw_2l_b_ellipse.csv (2430 rows)
  [csv] results\stress\summary_2l_b_ellipse.csv (81 rows)
Font 'default' does not have a glyph for '\u2212' [U+2212], substituting with a dummy symbol.
Font 'default' does not have a glyph for '\u2212' [U+2212], substituting with a dummy symbol.
Font 'default' does not have a glyph for '\u2212' [U+2212], substituting with a dummy symbol.
Font 'default' does not have a glyph for '\u2212' [U+2212], substituting with a dummy symbol.
Font 'default' does not have a glyph for '\u2212' [U+2212], substituting with a dummy symbol.
Font 'default' does not have a glyph for '\u2212' [U+2212], substituting with a dummy symbol.
Font 'default' does not have a glyph for '\u2212' [U+2212], substituting with a dummy symbol.
Font 'default' does not have a glyph for '\u2212' [U+2212], substituting with a dummy symbol.
  [png] results\stress\curve_2l_b_ellipse.png

================================================================================================================
★ 4-4 추정 성능 — 타원과 기존 케이스를 **같은 표에**
   방향오차 두 기준: (명목) = 바람 방향 대비 / (국소) = 사망 노드의 참 법선 평균 대비
   ※ 곡선 전선에서 '명목'은 사과-오렌지 비교다. 곡률 판정에는 **국소**를 볼 것.
================================================================================================================
  모델                              τ           방향(명목)           방향(국소)          속도(명목%)          속도(국소%)      추정가능      사망률
  타원[head] W10 LB1.17 d30       0.0      9.42±0.00        1.99±0.00       -5.51±0.00        0.12±0.00        100%     100%
  타원[head] W10 LB1.17 d30      11.0     10.11±0.00        1.30±0.00       -5.74±0.00       -0.12±0.00        100%     100%
  타원[head] W10 LB1.17 d30      78.5     10.19±0.00        1.22±0.00       -5.74±0.00       -0.12±0.00        100%     100%
  타원[head] W10 LB1.17 d60       0.0      6.55±0.00        0.94±0.00       -3.30±0.00       -0.80±0.00        100%     100%
  타원[head] W10 LB1.17 d60      11.0      6.97±0.00        0.52±0.00       -3.52±0.00       -1.03±0.00        100%     100%
  타원[head] W10 LB1.17 d60      78.5      6.92±0.00        0.57±0.00       -3.22±0.00       -0.72±0.00        100%     100%
  타원[head] W10 LB1.17 d120      0.0      4.02±0.00        0.35±0.00       -1.92±0.00       -1.04±0.00        100%     100%
  타원[head] W10 LB1.17 d120     11.0      4.13±0.00        0.24±0.00       -1.70±0.00       -0.83±0.00        100%     100%
  타원[head] W10 LB1.17 d120     78.5      4.20±0.00        0.17±0.00       -1.80±0.00       -0.92±0.00        100%     100%
  타원[head] W20 LB1.76 d30       0.0      3.61±0.00       18.05±0.00       -0.33±0.00       37.88±0.00        100%     100%
  타원[head] W20 LB1.76 d30      11.0      5.05±0.00       16.61±0.00       -0.63±0.00       37.46±0.00        100%     100%
  타원[head] W20 LB1.76 d30      78.5     13.70±0.00        7.95±0.00       -2.97±0.00       34.23±0.00        100%     100%
  타원[head] W20 LB1.76 d60       0.0     10.38±0.00        5.43±0.00       -7.67±0.00       11.20±0.00        100%     100%
  타원[head] W20 LB1.76 d60      11.0      4.73±0.00       11.09±0.00       -7.80±0.00       11.03±0.00        100%     100%
  타원[head] W20 LB1.76 d60      78.5      4.80±0.00       11.02±0.00       -7.02±0.00       11.97±0.00        100%     100%
  타원[head] W20 LB1.76 d120      0.0      7.76±0.00        2.69±0.00       -4.70±0.00        3.47±0.00        100%     100%
  타원[head] W20 LB1.76 d120     11.0      8.24±0.00        2.20±0.00       -5.44±0.00        2.66±0.00        100%     100%
  타원[head] W20 LB1.76 d120     78.5      8.56±0.00        1.89±0.00       -5.67±0.00        2.42±0.00        100%     100%
  타원[head] W30 LB2.82 d30       0.0      7.22±0.00       44.73±0.00       10.92±0.00      147.21±0.00        100%     100%
  타원[head] W30 LB2.82 d30      11.0      9.19±0.00       28.32±0.00        6.85±0.00      138.14±0.00        100%     100%
  타원[head] W30 LB2.82 d30      78.5     11.24±0.00       26.27±0.00       10.80±0.00      146.94±0.00        100%     100%
  타원[head] W30 LB2.82 d60       0.0      8.32±0.00       19.16±0.00       -0.81±0.00       75.46±0.00        100%     100%
  타원[head] W30 LB2.82 d60      11.0     18.10±0.00        9.39±0.00        2.65±0.00       81.59±0.00        100%     100%
  타원[head] W30 LB2.82 d60      78.5     18.67±0.00        8.82±0.00       -4.05±0.00       69.74±0.00        100%     100%
  타원[head] W30 LB2.82 d120      0.0      2.99±0.00       16.68±0.00       -2.67±0.00       36.72±0.00        100%     100%
  타원[head] W30 LB2.82 d120     11.0      3.59±0.00       16.08±0.00       -0.52±0.00       39.74±0.00        100%     100%
  타원[head] W30 LB2.82 d120     78.5      3.90±0.00       15.77±0.00        0.39±0.00       41.02±0.00        100%     100%
  타원[head] W50 LB6.48 d30       0.0     54.43±0.00      129.98±0.00       29.80±0.00      668.85±0.00        100%     100%
  타원[head] W50 LB6.48 d30      11.0     15.67±0.00       59.88±0.00       43.06±0.00      747.36±0.00        100%     100%
  타원[head] W50 LB6.48 d30      78.5     18.73±0.00       56.82±0.00       19.00±0.00      604.86±0.00        100%     100%
  타원[head] W50 LB6.48 d60       0.0     69.29±0.00      129.33±0.00       15.82±0.00      427.93±0.00        100%     100%
  타원[head] W50 LB6.48 d60      11.0     13.35±0.00       46.69±0.00       21.91±0.00      455.65±0.00        100%     100%
  타원[head] W50 LB6.48 d60      78.5     30.28±0.00       29.77±0.00      125.70±0.00      928.74±0.00        100%     100%
  타원[head] W50 LB6.48 d120      0.0     47.80±0.00        2.12±0.00       42.23±0.00      367.10±0.00        100%     100%
  타원[head] W50 LB6.48 d120     11.0     89.50±0.00      135.18±0.00       49.24±0.00      390.13±0.00        100%     100%
  타원[head] W50 LB6.48 d120     78.5     19.05±0.00       26.62±0.00       34.61±0.00      342.09±0.00        100%     100%
  타원[flank] W10 LB1.17 d30      0.0    174.01±0.00       81.81±0.00      -42.68±0.00       17.34±0.00        100%     100%
  타원[flank] W10 LB1.17 d30     11.0    179.76±0.00       75.58±0.00      -43.37±0.00       15.92±0.00        100%     100%
  타원[flank] W10 LB1.17 d30     78.5    175.81±0.00       71.63±0.00      -43.91±0.00       14.82±0.00        100%     100%
  타원[flank] W10 LB1.17 d60      0.0    164.85±0.00       85.72±0.00      -93.97±0.00      -86.90±0.00        100%     100%
  타원[flank] W10 LB1.17 d60     11.0    164.86±0.00       85.71±0.00      -94.47±0.00      -88.00±0.00        100%     100%
  타원[flank] W10 LB1.17 d60     78.5    164.88±0.00       85.69±0.00      -95.36±0.00      -89.92±0.00        100%     100%
  타원[flank] W10 LB1.17 d120     0.0    164.93±0.00       82.08±0.00      -97.07±0.00      -93.40±0.00        100%     100%
  타원[flank] W10 LB1.17 d120    11.0    164.94±0.00       82.08±0.00      -97.19±0.00      -93.68±0.00        100%     100%
  타원[flank] W10 LB1.17 d120    78.5    164.94±0.00       82.07±0.00      -97.44±0.00      -94.24±0.00        100%     100%
  타원[flank] W20 LB1.76 d30      0.0                -                -                -                -        0%     100%
  타원[flank] W20 LB1.76 d30     11.0                -                -                -                -        0%     100%
  타원[flank] W20 LB1.76 d30     78.5                -                -                -                -        0%     100%
  타원[flank] W20 LB1.76 d60      0.0                -                -                -                -        0%     100%
  타원[flank] W20 LB1.76 d60     11.0                -                -                -                -        0%     100%
  타원[flank] W20 LB1.76 d60     78.5                -                -                -                -        0%     100%
  타원[flank] W20 LB1.76 d120     0.0                -                -                -                -        0%     100%
  타원[flank] W20 LB1.76 d120    11.0                -                -                -                -        0%     100%
  타원[flank] W20 LB1.76 d120    78.5                -                -                -                -        0%     100%
  타원[flank] W30 LB2.82 d30      0.0                -                -                -                -        0%     100%
  타원[flank] W30 LB2.82 d30     11.0                -                -                -                -        0%     100%
  타원[flank] W30 LB2.82 d30     78.5                -                -                -                -        0%     100%
  타원[flank] W30 LB2.82 d60      0.0                -                -                -                -        0%     100%
  타원[flank] W30 LB2.82 d60     11.0                -                -                -                -        0%     100%
  타원[flank] W30 LB2.82 d60     78.5                -                -                -                -        0%     100%
  타원[flank] W30 LB2.82 d120     0.0                -                -                -                -        0%     100%
  타원[flank] W30 LB2.82 d120    11.0                -                -                -                -        0%     100%
  타원[flank] W30 LB2.82 d120    78.5                -                -                -                -        0%     100%
  타원[flank] W50 LB6.48 d30      0.0                -                -                -                -        0%     100%
  타원[flank] W50 LB6.48 d30     11.0                -                -                -                -        0%     100%
  타원[flank] W50 LB6.48 d30     78.5                -                -                -                -        0%     100%
  타원[flank] W50 LB6.48 d60      0.0                -                -                -                -        0%     100%
  타원[flank] W50 LB6.48 d60     11.0                -                -                -                -        0%     100%
  타원[flank] W50 LB6.48 d60     78.5                -                -                -                -        0%     100%
  타원[flank] W50 LB6.48 d120     0.0                -                -                -                -        0%     100%
  타원[flank] W50 LB6.48 d120    11.0                -                -                -                -        0%     100%
  타원[flank] W50 LB6.48 d120    78.5                -                -                -                -        0%     100%
  straight_S1                   0.0      2.12±0.00                  -     -0.10±0.00                  -      100%     100%
  straight_S1                  11.0      0.38±0.00                  -      1.22±0.00                  -      100%     100%
  straight_S1                  78.5      0.35±0.00                  -      3.14±0.00                  -      100%     100%
  curved_S2a10                  0.0      4.76±3.54                  -     16.31±8.63                  -      100%     100%
  curved_S2a10                 11.0      4.40±3.22                  -      8.09±4.43                  -      100%     100%
  curved_S2a10                 78.5      4.27±3.23                  -      8.49±3.60                  -      100%     100%
  curved_S2a20                  0.0     10.58±8.73                  -     29.80±17.21                 -      100%     100%
  curved_S2a20                 11.0     12.57±16.35                 -     15.64±10.64                 -      100%     100%
  curved_S2a20                 78.5      7.97±6.44                  -      5.87±5.30                  -      100%     100%

================================================================================================================
★ 사전등록 예측 대조 (해석 없이 일치/불일치만)
================================================================================================================
  예측: 타원 노드-스케일 곡률은 S2a20보다 완만 → 방향오차 < 10.58° (τ=0)
    [head ] W 10 LB 1.17 d  30 → 국소    1.99°  일치
    [head ] W 10 LB 1.17 d  60 → 국소    0.94°  일치
    [head ] W 10 LB 1.17 d 120 → 국소    0.35°  일치
    [head ] W 20 LB 1.76 d  30 → 국소   18.05°  ★불일치
    [head ] W 20 LB 1.76 d  60 → 국소    5.43°  일치
    [head ] W 20 LB 1.76 d 120 → 국소    2.69°  일치
    [head ] W 30 LB 2.82 d  30 → 국소   44.73°  ★불일치
    [head ] W 30 LB 2.82 d  60 → 국소   19.16°  ★불일치
    [head ] W 30 LB 2.82 d 120 → 국소   16.68°  ★불일치
    [head ] W 50 LB 6.48 d  30 → 국소  129.98°  ★불일치
    [head ] W 50 LB 6.48 d  60 → 국소  129.33°  ★불일치
    [head ] W 50 LB 6.48 d 120 → 국소    2.12°  일치
    [flank] W 10 LB 1.17 d  30 → 국소   81.81°  ★불일치
    [flank] W 10 LB 1.17 d  60 → 국소   85.72°  ★불일치
    [flank] W 10 LB 1.17 d 120 → 국소   82.08°  ★불일치
  → 6/15 셀 일치
