============================================================================================================
2.M §1-3 · 표본 적정성 진단 판별력 시험
============================================================================================================
  기준 출처: docs/유도_표본적정성_진단기준.md (구현 전 커밋 0d03c98)
  실용선 5° · 시드 10 · 워커 14

  스윕 1030 런 (타원 72 + τ 24 + 바람 7 조건)
    [2m-a] 51/1030  경과 0.2분  잔여 ~3.5분
    [2m-a] 102/1030  경과 0.3분  잔여 ~2.6분
    [2m-a] 153/1030  경과 0.4분  잔여 ~2.5분
    [2m-a] 204/1030  경과 0.5분  잔여 ~2.2분
    [2m-a] 255/1030  경과 0.7분  잔여 ~2.2분
    [2m-a] 306/1030  경과 1.2분  잔여 ~2.8분
    [2m-a] 357/1030  경과 1.5분  잔여 ~2.8분
    [2m-a] 408/1030  경과 1.8분  잔여 ~2.7분
    [2m-a] 459/1030  경과 2.1분  잔여 ~2.6분
    [2m-a] 510/1030  경과 3.0분  잔여 ~3.0분
    [2m-a] 561/1030  경과 4.2분  잔여 ~3.5분
    [2m-a] 612/1030  경과 6.3분  잔여 ~4.3분
    [2m-a] 663/1030  경과 7.3분  잔여 ~4.0분
    [2m-a] 714/1030  경과 7.8분  잔여 ~3.4분
    [2m-a] 765/1030  경과 8.1분  잔여 ~2.8분
    [2m-a] 816/1030  경과 8.4분  잔여 ~2.2분
    [2m-a] 867/1030  경과 9.9분  잔여 ~1.9분
    [2m-a] 918/1030  경과 11.0분  잔여 ~1.3분
    [2m-a] 969/1030  경과 15.8분  잔여 ~1.0분
    [2m-a] 1020/1030  경과 21.3분  잔여 ~0.2분
    [2m-a] 1030/1030  경과 21.4분  잔여 ~0.0분
  [csv] results\stress\raw_2m_a_adequacy.csv (1030 rows)
  [csv] results\stress\summary_2m_a_adequacy.csv (103 rows)

============================================================================================================
★★ 통과 조건 — flank W10은 잡히고 head W10은 통과해야 한다 (둘 다여야 판별력)
============================================================================================================
  조건                                  방향오차  per_node       δφ̂       s₂     위험표시       판정
  타원[flank] W10 d30 τ0               81.81       60%      3.52   0.2916       0%      ★실패
  타원[flank] W10 d30 τ11              75.58       60%      3.40   0.2916       0%      ★실패
  타원[flank] W10 d30 τ78              71.63       47%      3.36   0.2916       0%      ★실패
  타원[flank] W10 d60 τ0               85.72       20%       nan   0.0000     100%       통과
  타원[flank] W10 d60 τ11              85.72       20%       nan   0.0000     100%       통과
  타원[flank] W10 d60 τ78              85.69       20%       nan   0.0000     100%       통과
  타원[flank] W10 d120 τ0              82.08       20%       nan   0.0000     100%       통과
  타원[flank] W10 d120 τ11             82.08       20%       nan   0.0000     100%       통과
  타원[flank] W10 d120 τ78             82.07       20%       nan   0.0000     100%       통과
  타원[head] W10 d30 τ0                 1.99       87%      4.67   0.4472       0%       통과
  타원[head] W10 d30 τ11                1.30       87%      5.04   0.4472     100%      ★실패
  타원[head] W10 d30 τ78                1.22       87%      5.08   0.4472     100%      ★실패
  타원[head] W10 d60 τ0                 0.94       87%      3.21   0.4472       0%       통과
  타원[head] W10 d60 τ11                0.52       87%      3.36   0.4472       0%       통과
  타원[head] W10 d60 τ78                0.57       87%      3.40   0.4472       0%       통과
  타원[head] W10 d120 τ0                0.35       87%      1.94   0.4472       0%       통과
  타원[head] W10 d120 τ11               0.24       87%      2.04   0.4472       0%       통과
  타원[head] W10 d120 τ78               0.17       87%      1.99   0.4472       0%       통과

  ⇒ 통과 조건 전체: ★미충족

============================================================================================================
★ 혼동행렬 — 진실(방향오차>5°) vs 진단(위험 표시)
============================================================================================================

  ── 전체 · 조건수 지표(δφ̂) ──
                        진단=위험      진단=OK
    실제 나쁜 답               256        157  ← FN이 '안다면서 틀리는' 실패
    실제 좋은 답                55        252
    n=720  재현율(나쁜 답 잡은 비율)=0.62  정밀도=0.823  FN비율=0.218
    (추정불가라 제외한 셀 310개 — 이미 정직하게 실패한 경우)

  ── 전체 · 개수 지표(비교용) ──
                        진단=위험      진단=OK
    실제 나쁜 답               224        189  ← FN이 '안다면서 틀리는' 실패
    실제 좋은 답                34        273
    n=720  재현율(나쁜 답 잡은 비율)=0.542  정밀도=0.868  FN비율=0.263
    (추정불가라 제외한 셀 310개 — 이미 정직하게 실패한 경우)

  ── 타원(2.L §4) · 조건수 지표(δφ̂) ──
                        진단=위험      진단=OK
    실제 나쁜 답               210        110  ← FN이 '안다면서 틀리는' 실패
    실제 좋은 답                30        100
    n=450  재현율(나쁜 답 잡은 비율)=0.656  정밀도=0.875  FN비율=0.244
    (추정불가라 제외한 셀 270개 — 이미 정직하게 실패한 경우)

  ── 타원(2.L §4) · 개수 지표(비교용) ──
                        진단=위험      진단=OK
    실제 나쁜 답               200        120  ← FN이 '안다면서 틀리는' 실패
    실제 좋은 답                10        120
    n=450  재현율(나쁜 답 잡은 비율)=0.625  정밀도=0.952  FN비율=0.267
    (추정불가라 제외한 셀 270개 — 이미 정직하게 실패한 경우)

  ── τ 스윕(2.J/2.K) · 조건수 지표(δφ̂) ──
                        진단=위험      진단=OK
    실제 나쁜 답                46         47  ← FN이 '안다면서 틀리는' 실패
    실제 좋은 답                15        132
    n=240  재현율(나쁜 답 잡은 비율)=0.495  정밀도=0.754  FN비율=0.196

  ── τ 스윕(2.J/2.K) · 개수 지표(비교용) ──
                        진단=위험      진단=OK
    실제 나쁜 답                24         69  ← FN이 '안다면서 틀리는' 실패
    실제 좋은 답                 4        143
    n=240  재현율(나쁜 답 잡은 비율)=0.258  정밀도=0.857  FN비율=0.287

  ── 저풍속(D-052) · 조건수 지표(δφ̂) ──
                        진단=위험      진단=OK
    실제 나쁜 답                 0          0  ← FN이 '안다면서 틀리는' 실패
    실제 좋은 답                10         20
    n=30  재현율(나쁜 답 잡은 비율)=None  정밀도=0.0  FN비율=0.0
    (추정불가라 제외한 셀 40개 — 이미 정직하게 실패한 경우)

  ── 저풍속(D-052) · 개수 지표(비교용) ──
                        진단=위험      진단=OK
    실제 나쁜 답                 0          0  ← FN이 '안다면서 틀리는' 실패
    실제 좋은 답                20         10
    n=30  재현율(나쁜 답 잡은 비율)=None  정밀도=0.0  FN비율=0.0
    (추정불가라 제외한 셀 40개 — 이미 정직하게 실패한 경우)

============================================================================================================
★ 사전등록 예측 대조 (해석 없이 일치/불일치만)
============================================================================================================
  M1 공선성 지표가 개수 지표보다 오답을 잘 잡는다 → 일치  (FN비율 δφ̂ 0.218 vs 개수 0.263)
  M2 flank 잡고 head 통과 → ★불일치
  M3 곡률이 만든 오차는 진단이 놓친다 (S2a20 τ=0 균일) → TP=1 FN=3 → 일치(놓침)
