2.N 추가-G · 집계 가중 비교 (810 런) — 유도 선커밋 817dbfe

    [2n-g] 40/810  경과 0.2분  잔여 ~3.9분
    [2n-g] 80/810  경과 0.2분  잔여 ~2.1분
    [2n-g] 120/810  경과 0.3분  잔여 ~1.7분
    [2n-g] 160/810  경과 0.4분  잔여 ~1.7분
    [2n-g] 200/810  경과 0.6분  잔여 ~1.7분
    [2n-g] 240/810  경과 0.6분  잔여 ~1.5분
    [2n-g] 280/810  경과 0.7분  잔여 ~1.4분
    [2n-g] 320/810  경과 0.8분  잔여 ~1.3분
    [2n-g] 360/810  경과 0.9분  잔여 ~1.2분
    [2n-g] 400/810  경과 1.1분  잔여 ~1.1분
    [2n-g] 440/810  경과 1.2분  잔여 ~1.0분
    [2n-g] 480/810  경과 1.3분  잔여 ~0.9분
    [2n-g] 520/810  경과 1.4분  잔여 ~0.8분
    [2n-g] 560/810  경과 2.0분  잔여 ~0.9분
    [2n-g] 600/810  경과 2.4분  잔여 ~0.8분
    [2n-g] 640/810  경과 2.5분  잔여 ~0.7분
    [2n-g] 680/810  경과 2.7분  잔여 ~0.5분
    [2n-g] 720/810  경과 2.7분  잔여 ~0.3분
    [2n-g] 760/810  경과 2.9분  잔여 ~0.2분
    [2n-g] 800/810  경과 3.0분  잔여 ~0.0분
    [2n-g] 810/810  경과 3.0분  잔여 ~0.0분
$env:USERPROFILE\AppData\Local\Python\pythoncore-3.14-64\Lib\site-packages\numpy\_core\fromnumeric.py:3824: RuntimeWarning: Mean of empty slice
  return _methods._mean(a, axis=axis, dtype=dtype,
$env:USERPROFILE\AppData\Local\Python\pythoncore-3.14-64\Lib\site-packages\numpy\_core\_methods.py:142: RuntimeWarning: invalid value encountered in scalar divide
  ret = ret.dtype.type(ret / rcount)
  조건                             τ       legacy     uniform      median      invvar invvar_trim   n_eff     최대가중
  타원[flank] W10 d30              0        86.50        3.11        2.50        5.17        5.17    1.33    0.864
  타원[flank] W10 d30             11        80.26        4.12        1.41        3.97        3.97    1.59    0.790
  타원[flank] W10 d30             78        76.77        6.28        1.79        1.79        1.79    1.74    0.750
  타원[flank] W10 d60              0        85.05       84.90       84.90           -           -    1.04    0.979
  타원[flank] W10 d60             11        85.04       84.90       84.90           -           -    1.04    0.978
  타원[flank] W10 d60             78        85.01       84.90       84.90           -           -    1.04    0.979
  타원[flank] W10 d120             0        81.75       81.68       81.68           -           -    1.04    0.982
  타원[flank] W10 d120            11        81.74       81.68       81.68           -           -    1.04    0.982
  타원[flank] W10 d120            78        81.73       81.68       81.68           -           -    1.03    0.983
  타원[head] W10 d30               0         1.13        0.68        2.30        2.87        2.87   12.96    0.083
  타원[head] W10 d30              11         0.44        0.05        1.55        2.68        2.68   12.96    0.084
  타원[head] W10 d30              78         0.36        0.14        1.55        3.26        3.26   12.96    0.084
  타원[head] W10 d60               0         0.30        0.14        1.56        0.88        0.88   12.99    0.080
  타원[head] W10 d60              11         0.12        0.23        1.16        1.74        1.74   12.98    0.081
  타원[head] W10 d60              78         0.07        0.22        1.16        0.91        0.91   12.98    0.080
  타원[head] W10 d120              0         0.07        0.12        0.85        0.35        0.35   12.99    0.079
  타원[head] W10 d120             11         0.18        0.20        0.81        1.08        1.08   12.99    0.079
  타원[head] W10 d120             78         0.26        0.29        0.65        0.43        0.43   12.99    0.079
  타원[head] W20 d30               0         2.17        2.98        4.36        4.49        4.49   10.95    0.106
  타원[head] W20 d30              11         0.72        1.07        0.43        3.53        3.53   10.96    0.100
  타원[head] W20 d30              78         2.75        2.13        0.03       10.50       10.50   13.93    0.077
  타원[head] W20 d60               0         3.39        2.73        4.98        8.24        8.24   12.95    0.083
  타원[head] W20 d60              11         0.51        0.97        2.36        1.62        1.62   10.96    0.098
  타원[head] W20 d60              78         0.58        0.61        2.95        1.58        1.58   10.96    0.099
  타원[head] W20 d120              0         1.44        1.04        2.81        2.24        2.24   12.97    0.081
  타원[head] W20 d120             11         0.95        0.38        2.21        1.14        1.14   12.96    0.083
  타원[head] W20 d120             78         0.64        0.01        2.01        1.80        1.80   12.96    0.083
  타원[head] W30 d30               0        27.95       25.96       25.16       16.41       16.41   11.76    0.124
  타원[head] W30 d30              11        11.54       14.37       18.69       18.85       18.85   12.23    0.133
  타원[head] W30 d30              78         0.17        3.48        5.79       37.28       37.28    9.66    0.148
  타원[head] W30 d60               0        13.00       12.33       11.24       18.67       18.67   13.49    0.103
  타원[head] W30 d60              11         3.29        5.59       13.55       13.70       13.70   10.71    0.199
  타원[head] W30 d60              78         3.22        1.77        7.34       13.15       13.15   10.43    0.153
  타원[head] W30 d120              0         1.62        1.64        2.78        3.98        3.98   10.97    0.100
  타원[head] W30 d120             11         1.01        1.10        0.63        0.04        0.04   10.97    0.097
  타원[head] W30 d120             78         1.61        1.60        0.93        3.43        3.43   11.93    0.098
  타원[head] W50 d30               0        21.01       25.62       27.00       28.50       28.50    3.58    0.427
  타원[head] W50 d30              11        12.46       11.79       12.90        7.76        7.76    9.22    0.138
  타원[head] W50 d30              78        17.58       21.66        9.51        9.56        9.56    6.49    0.286
  타원[head] W50 d60               0       105.70       88.54       95.66       93.88       93.88    5.94    0.257
  타원[head] W50 d60              11        43.01       28.45        9.85       31.99       31.99    7.97    0.201
  타원[head] W50 d60              78        28.51       24.93       52.45       42.42       42.42    8.43    0.138
  타원[head] W50 d120              0        45.73       32.90       43.05       25.41       25.41    9.48    0.158
  타원[head] W50 d120             11        95.40       61.05       39.67       10.99       10.99    8.76    0.206
  타원[head] W50 d120             78         2.92        1.20        5.89        4.29        4.29    9.75    0.126
  straight_S1                    0         2.12        1.74        0.36        0.03        0.03   12.69    0.100
  straight_S1                   11         0.38        0.35        0.13        0.11        0.11   12.96    0.085
  straight_S1                   78         0.34        0.32        0.13        0.15        0.15   12.94    0.086
  curved_S2a10                   0         4.76        4.78        4.79        5.48        5.48   12.56    0.103
  curved_S2a10                  11         2.87        2.75        2.99        3.60        3.60   13.13    0.094
  curved_S2a10                  78         2.33        2.15        2.09        2.81        2.81   13.02    0.089
  curved_S2a20                   0         9.19        8.12        8.33       13.43       13.43   11.54    0.126
  curved_S2a20                  11        12.03        5.88        5.78        7.63        7.63   11.62    0.151
  curved_S2a20                  78         3.61        3.16        2.73        3.61        3.61   12.78    0.098

  [csv] results\stress\summary_2n_g_aggregate.csv

============================================================================================================
★ 사전등록 예측 대조 (부록 B-7)
============================================================================================================
  G1 invvar가 d30을 legacy보다 크게 낮춘다 → legacy 81.18° / invvar 3.64° / uniform 4.50°  → 일치
  G2 d60은 어떤 가중으로도 못 고친다 → legacy 85.03° / 최선 84.90°  → 일치
  G3 n_eff가 d30을 위험으로 잡는다 → n_eff=1.55 (판정선 2)  → 일치
  G4 잘 되는 조건은 가중을 바꿔도 거의 안 변한다 → |Δ| 평균 0.65°  → 일치
