2.N §3-A/B · ETA 등급 게이트 영향범위 + 두 경로 차이 (540 런)
  ★게이트는 아직 적용 안 함 — 영향 범위만 잰다

    [2n-h] 27/540  경과 0.2분  잔여 ~4.4분
    [2n-h] 54/540  경과 0.3분  잔여 ~2.4분
    [2n-h] 81/540  경과 0.8분  잔여 ~4.4분
    [2n-h] 108/540  경과 0.9분  잔여 ~3.6분
    [2n-h] 135/540  경과 1.0분  잔여 ~3.0분
    [2n-h] 162/540  경과 1.2분  잔여 ~2.7분
    [2n-h] 189/540  경과 1.2분  잔여 ~2.3분
    [2n-h] 216/540  경과 1.3분  잔여 ~2.0분
    [2n-h] 243/540  경과 1.5분  잔여 ~1.8분
    [2n-h] 270/540  경과 1.6분  잔여 ~1.6분
    [2n-h] 297/540  경과 1.8분  잔여 ~1.5분
    [2n-h] 324/540  경과 1.9분  잔여 ~1.3분
    [2n-h] 351/540  경과 2.1분  잔여 ~1.1분
    [2n-h] 378/540  경과 2.7분  잔여 ~1.2분
    [2n-h] 405/540  경과 3.0분  잔여 ~1.0분
    [2n-h] 432/540  경과 3.1분  잔여 ~0.8분
    [2n-h] 459/540  경과 3.2분  잔여 ~0.6분
    [2n-h] 486/540  경과 3.3분  잔여 ~0.4분
    [2n-h] 513/540  경과 3.3분  잔여 ~0.2분
    [2n-h] 540/540  경과 3.4분  잔여 ~0.0분
  조건                            τ      질의    P1산출     게이트후     ★손실%    MAE P1    MAE 게이트    MAE P2   |P1−P2|
  타원[flank] W10 d30             0    1230    1230      900    26.83    105.21     128.67    104.96      0.24
  타원[flank] W10 d30            11    1230    1230      930    24.39    109.36     133.82    109.10      0.25
  타원[flank] W10 d30            78    1290    1290      960    25.58    114.99     144.88    114.90      0.09
  타원[flank] W10 d60             0    1080    1080        0   100.00   1293.53          -   1013.71    293.60
  타원[flank] W10 d60            11    1110    1110        0   100.00   1449.86          -   1143.38    318.09
  타원[flank] W10 d60            78    1110    1110        0   100.00   1822.88          -   1385.72    447.37
  타원[flank] W10 d120            0    1080    1080        0   100.00   4739.97          -   3562.85   1177.12
  타원[flank] W10 d120           11    1110    1110        0   100.00   5019.18          -   3807.65   1211.52
  타원[flank] W10 d120           78    1080    1080        0   100.00   5674.63          -   4424.30   1250.33
  타원[head] W10 d30              0     450     450      360    20.00      7.25       6.02      4.75      2.54
  타원[head] W10 d30             11     450     450      360    20.00      4.19       2.79      2.46      2.58
  타원[head] W10 d30             78     480     480      390    18.75     12.68      14.27     16.68      4.19
  타원[head] W10 d60              0     450     450      360    20.00      5.85       5.91      4.84      1.01
  타원[head] W10 d60             11     480     480      360    25.00      2.60       2.02      1.69      1.44
  타원[head] W10 d60             78     450     450      360    20.00     13.70      13.80     15.70      2.00
  타원[head] W10 d120             0     450     450      390    13.33      5.93       5.87      5.53      0.49
  타원[head] W10 d120            11     480     480      390    18.75      1.55       1.83      1.01      0.63
  타원[head] W10 d120            78     450     450      390    13.33     14.27      14.47     14.90      0.77
  타원[head] W20 d30              0     510     510      420    17.65      7.38       6.00      7.09      1.85
  타원[head] W20 d30             11     510     510      420    17.65      5.57       2.50      2.53      3.58
  타원[head] W20 d30             78     630     630      510    19.05     11.99      13.06     15.55      6.66
  타원[head] W20 d60              0     480     480      390    18.75      6.89       5.73      4.76      2.15
  타원[head] W20 d60             11     480     480      390    18.75      4.88       2.56      2.82      3.46
  타원[head] W20 d60             78     510     510      420    17.65     13.16      15.78     17.63      4.71
  타원[head] W20 d120             0     450     450      360    20.00      6.32       6.13      4.87      1.45
  타원[head] W20 d120            11     480     480      360    25.00      3.26       2.06      2.02      2.07
  타원[head] W20 d120            78     480     480      390    18.75     13.56      14.80     16.72      3.17
  타원[head] W30 d30              0     990     990      840    15.15     25.12      17.20     24.13     12.23
  타원[head] W30 d30             11    1080    1080      960    11.11     13.29      10.42      8.49     12.27
  타원[head] W30 d30             78    1470    1470     1380     6.12      7.02      11.82      6.97      2.86
  타원[head] W30 d60              0     630     630      510    19.05     11.98       8.28     12.70      4.51
  타원[head] W30 d60             11     720     720      630    12.50      4.12       4.26      2.72      3.13
  타원[head] W30 d60             78     960     960      870     9.38     12.85      15.41     13.69      8.89
  타원[head] W30 d120             0     480     480      390    18.75      6.91       5.31      5.62      1.72
  타원[head] W30 d120            11     540     540      420    22.22      4.83       2.50      2.81      2.35
  타원[head] W30 d120            78     600     600      510    15.00     11.27      15.04     15.33      5.86
  타원[head] W50 d30              0    4050    4050     4050     0.00     38.19      70.43     47.70      9.55
  타원[head] W50 d30             11    4140    4140     4110     0.72     37.54      29.33     37.47      2.16
  타원[head] W50 d30             78    5130    5130     4950     3.51     17.80      17.39     17.75      0.05
  타원[head] W50 d60              0    2490    2490     2400     3.61     29.64      57.67     29.34      0.31
  타원[head] W50 d60             11    2820    2820     2550     9.57     31.91     172.32     28.93      4.12
  타원[head] W50 d60             78    3570    3570     3540     0.84     27.66      28.98     46.29     64.05
  타원[head] W50 d120             0    1530    1530     1500     1.96     31.54      81.54     37.56      6.16
  타원[head] W50 d120            11    1650    1650     1560     5.45     66.49      68.54     74.74      8.26
  타원[head] W50 d120            78    2310    2310     2220     3.90     16.04      11.39     10.07     22.15
  straight_S1                   0     480     480      450     6.25     14.41      12.62     15.57      1.21
  straight_S1                  11     450     450      420     6.67      4.53       4.15      5.51      0.98
  straight_S1                  78     450     450      450     0.00      9.53       9.16      7.78      1.75
  curved_S2a10                  0     495     495      438    11.52     18.88      16.60     20.20      4.13
  curved_S2a10                 11     477     477      414    13.21      8.94       7.26      8.58      3.46
  curved_S2a10                 78     468     468      405    13.46      9.10       8.22      6.46      3.66
  curved_S2a20                  0     519     519      486     6.36     23.58      22.19     23.66      4.07
  curved_S2a20                 11     537     537      453    15.64     15.50      12.48     14.28      4.35
  curved_S2a20                 78     501     501      438    12.57     11.68      10.77      8.08      5.81

  [csv] results\stress\summary_2n_h_eta_paths.csv

========================================================================================================
★★ A 영향 범위 — 게이트로 ETA를 못 내게 되는 정도
========================================================================================================
  전체 질의 중 P1 산출 58527건 → 게이트 후 47154건 (손실 19.43 %)
  ★ETA를 **전혀 못 내게 되는** 조건: 6/54
      - 타원[flank] W10 d60 τ=0
      - 타원[flank] W10 d60 τ=11
      - 타원[flank] W10 d60 τ=78
      - 타원[flank] W10 d120 τ=0
      - 타원[flank] W10 d120 τ=11
      - 타원[flank] W10 d120 τ=78
  부분 손실 조건: 46/54
      - 타원[flank] W10 d30          τ=  0  손실 26.83 %  MAE 105.206 → 128.673
      - 타원[flank] W10 d30          τ= 78  손실 25.58 %  MAE 114.991 → 144.882
      - 타원[head] W10 d60           τ= 11  손실 25.00 %  MAE 2.603 → 2.024
      - 타원[head] W20 d120          τ= 11  손실 25.00 %  MAE 3.256 → 2.063
      - 타원[flank] W10 d30          τ= 11  손실 24.39 %  MAE 109.355 → 133.82
      - 타원[head] W30 d120          τ= 11  손실 22.22 %  MAE 4.833 → 2.503
      - 타원[head] W10 d30           τ=  0  손실 20.00 %  MAE 7.25 → 6.023
      - 타원[head] W10 d30           τ= 11  손실 20.00 %  MAE 4.188 → 2.789
  게이트 적용 시 MAE 변화: 평균 -6.111 s (개선 27 / 악화 21 조건)

========================================================================================================
★ B 두 경로 일치도 — |P1 − P2| (같은 질의점, 차이는 속도원뿐)
========================================================================================================
  전 조건 평균 |P1−P2| = 91.55 s · P95 = 398.61 s
  조건                            τ    |P1−P2| 평균       P95    MAE P1    MAE P2
  타원[flank] W10 d120           78       1250.33   5846.07   5674.63   4424.30
  타원[flank] W10 d120           11       1211.52   5183.90   5019.18   3807.65
  타원[flank] W10 d120            0       1177.12   4904.29   4739.97   3562.85
  타원[flank] W10 d60            78        447.37   1963.65   1822.88   1385.72
  타원[flank] W10 d60            11        318.09   1573.92   1449.86   1143.38
  타원[flank] W10 d60             0        293.60   1416.46   1293.53   1013.71
  타원[head] W50 d60             78         64.05    113.53     27.66     46.29
  타원[head] W50 d120            78         22.15     40.08     16.04     10.07
  타원[head] W30 d30             11         12.27     33.20     13.29      8.49
  타원[head] W30 d30              0         12.23     43.08     25.12     24.13
