2.N §3-C · 명세 §5-2 예측 검정 (720 런)

    [2n-i] 36/720  경과 0.1분  잔여 ~1.7분
    [2n-i] 72/720  경과 0.1분  잔여 ~0.9분
    [2n-i] 108/720  경과 0.2분  잔여 ~1.1분
    [2n-i] 144/720  경과 0.2분  잔여 ~0.8분
    [2n-i] 180/720  경과 0.3분  잔여 ~0.9분
    [2n-i] 216/720  경과 0.3분  잔여 ~0.8분
    [2n-i] 252/720  경과 0.3분  잔여 ~0.6분
    [2n-i] 288/720  경과 0.4분  잔여 ~0.7분
    [2n-i] 324/720  경과 0.5분  잔여 ~0.6분
    [2n-i] 360/720  경과 0.6분  잔여 ~0.6분
    [2n-i] 396/720  경과 0.7분  잔여 ~0.5분
    [2n-i] 432/720  경과 0.8분  잔여 ~0.5분
    [2n-i] 468/720  경과 0.8분  잔여 ~0.4분
    [2n-i] 504/720  경과 0.9분  잔여 ~0.4분
    [2n-i] 540/720  경과 1.0분  잔여 ~0.3분
    [2n-i] 576/720  경과 1.0분  잔여 ~0.3분
    [2n-i] 612/720  경과 1.2분  잔여 ~0.2분
    [2n-i] 648/720  경과 1.2분  잔여 ~0.1분
    [2n-i] 684/720  경과 1.3분  잔여 ~0.1분
    [2n-i] 720/720  경과 1.4분  잔여 ~0.0분
  전선                   τ     방향 균일     방향 지터    ETA 균일    ETA 지터      Δ방향     ΔETA     ★비 ΔETA/Δ방향    n_j
  straight_S1        0.0     2.115     2.115    14.409    14.409   +0.000   +0.000               -    7.6
  straight_S1       11.0     0.381     2.076     4.528    10.714   +1.694   +6.186           3.651    7.7
  straight_S1       30.0     0.168     7.764     3.655    20.930   +7.597  +17.275           2.274    7.7
  straight_S1       78.5     0.345    67.709     9.525    45.477  +67.364  +35.953           0.534    7.9
  curved_S2a10       0.0     4.757     4.757    19.232    19.232   +0.000   +0.000               -    7.3
  curved_S2a10      11.0     4.396     4.773     8.914    13.276   +0.377   +4.362          11.561    7.6
  curved_S2a10      30.0     4.320    10.371     6.532    21.739   +6.051  +15.207           2.513    7.6
  curved_S2a10      78.5     4.274    66.721     8.945    47.492  +62.447  +38.547           0.617    7.5
  curved_S2a20       0.0    10.581    10.581    24.439    24.439   +0.000   +0.000               -    7.6
  curved_S2a20      11.0    12.571    11.999    16.331    18.499   -0.572   +2.169          -3.791    7.4
  curved_S2a20      30.0     8.724    17.558    11.009    23.264   +8.834  +12.255           1.387    7.4
  curved_S2a20      78.5     7.972    66.268    11.450    46.300  +58.296  +34.850           0.598    7.5

  [csv] results\stress\summary_2n_i_eta_vs_dir.csv

========================================================================================================
★ 사전등록 예측 대조 (지시서 §3-C, 사후 수정 없음)
========================================================================================================
  예측: 지터에서 ΔETA/Δ방향 비가 **τ=0 대비 증가**, 크기는 √n_j(≈3~4배) 이내
  기준: n_j 평균 7.5 → √n_j = 2.74


  ⇒ '비가 증가' 0/0 · '√n_j 규모 이내' 0/0
