2O §1 · 게이트 분해검정 U/S/D (540 런)

    [2o-a] 27/540  경과 0.2분  잔여 ~3.4분
    [2o-a] 54/540  경과 0.2분  잔여 ~1.8분
    [2o-a] 81/540  경과 0.4분  잔여 ~2.4분
    [2o-a] 108/540  경과 2.1분  잔여 ~8.3분
    [2o-a] 135/540  경과 2.1분  잔여 ~6.3분
    [2o-a] 162/540  경과 2.5분  잔여 ~5.8분
    [2o-a] 189/540  경과 2.5분  잔여 ~4.7분
    [2o-a] 216/540  경과 2.6분  잔여 ~3.9분
    [2o-a] 243/540  경과 2.7분  잔여 ~3.3분
    [2o-a] 270/540  경과 2.8분  잔여 ~2.8분
    [2o-a] 297/540  경과 2.9분  잔여 ~2.4분
    [2o-a] 324/540  경과 3.0분  잔여 ~2.0분
    [2o-a] 351/540  경과 3.1분  잔여 ~1.7분
    [2o-a] 378/540  경과 3.4분  잔여 ~1.5분
    [2o-a] 405/540  경과 3.6분  잔여 ~1.2분
    [2o-a] 432/540  경과 3.7분  잔여 ~0.9분
    [2o-a] 459/540  경과 3.8분  잔여 ~0.7분
    [2o-a] 486/540  경과 3.8분  잔여 ~0.4분
    [2o-a] 513/540  경과 3.9분  잔여 ~0.2분
    [2o-a] 540/540  경과 4.0분  잔여 ~0.0분
  [csv] results\stress\summary_2o_a_gate_decomp.csv

================================================================================================================
★ 무결성 확인 — U(무변화) 집합은 전후 MAE가 정확히 같아야 한다
================================================================================================================
  U 집합 전후 최대 차이 = 0.000e+00  →  정상

================================================================================================================
★★ 분해 — 조건군별 (건수는 10시드 합)
================================================================================================================
  군          τ       U       S       D    S 전MAE    S 후MAE      S 쌍대Δ    D 전MAE     전체MAE       D−전체
  flank      0       0     900    2490    110.78    128.67     +17.90   1954.84   1960.35      -5.51
  flank     11       0     930    2520    114.64    133.82     +19.18   2114.49   2120.33      -5.84
  flank     78       0     960    2520    120.85    144.88     +24.03   2378.84   2385.16      -6.32
  head       0    3350    8620     990     23.93     47.27     +23.34     24.92     25.54      -0.62
  head      11    4420    8090    1320     21.15     51.67     +30.52     30.17     27.88      +2.29
  head      78    7830    8100    1110     11.43     31.50     +20.07     29.63     17.37     +12.26
  line       0     942     432     120     23.18     22.29      -0.89     37.00     19.08     +17.92
  line      11     821     466     177      9.49      7.92      -1.58     18.82      9.99      +8.83
  line      78     827     466     126     10.92      8.29      -2.63     13.41     10.14      +3.26

================================================================================================================
★ 앵커거리 — S에서 게이트가 외삽을 얼마나 늘리나 + 오차와의 상관
================================================================================================================
  군          τ      S거리 전      S거리 후        Δ      전체 거리      corr(|오차|,거리)
  flank      0     137.24     148.63   +11.39     231.29               0.99
  flank     11     146.44     157.92   +11.48     241.57               0.99
  flank     78     170.00     181.75   +11.74     264.43               1.00
  head       0      69.01      73.43    +4.41      67.18               0.13
  head      11      76.08      80.43    +4.35      76.61               0.51
  head      78     100.24     105.93    +5.70     107.45               0.09
  line       0      63.03      66.71    +3.67      60.19               0.45
  line      11      68.27      72.22    +3.95      67.12               0.47
  line      78      90.34      93.74    +3.40      88.96               0.05

================================================================================================================
★ 사전등록 가설 대조 (§1-4, 사후 수정 없음)
================================================================================================================
  (a) D의 게이트 전 MAE(2151.19) < flank 전체 MAE(2157.08) ?  → 일치 — 쉬운 문제가 지워졌다
  (b) S의 앵커거리가 게이트 후 증가 ?  151.23 → 162.77  → 일치
  (c) S 쌍대 Δ(+20.43) 가 23.46보다 훨씬 작거나 개선 ?  → 일치

  ★정지 조건(§4): S 쌍대 비교가 악화면 멈추고 보고 → S 쌍대 Δ = +20.43 → ★악화 = 정지
