2O §2 · P1−P2 신뢰도 신호 (540 런) — 임계 30/300 s 고정

    [2o-b] 27/540  경과 0.2분  잔여 ~4.1분
    [2o-b] 54/540  경과 0.2분  잔여 ~2.2분
    [2o-b] 81/540  경과 0.4분  잔여 ~2.4분
    [2o-b] 108/540  경과 0.5분  잔여 ~2.0분
    [2o-b] 135/540  경과 0.6분  잔여 ~1.7분
    [2o-b] 162/540  경과 0.6분  잔여 ~1.5분
    [2o-b] 189/540  경과 0.7분  잔여 ~1.3분
    [2o-b] 216/540  경과 0.8분  잔여 ~1.1분
    [2o-b] 243/540  경과 0.9분  잔여 ~1.1분
    [2o-b] 270/540  경과 1.0분  잔여 ~1.0분
    [2o-b] 297/540  경과 1.1분  잔여 ~0.9분
    [2o-b] 324/540  경과 1.2분  잔여 ~0.8분
    [2o-b] 351/540  경과 1.3분  잔여 ~0.7분
    [2o-b] 378/540  경과 1.7분  잔여 ~0.7분
    [2o-b] 405/540  경과 2.0분  잔여 ~0.7분
    [2o-b] 432/540  경과 2.2분  잔여 ~0.5분
    [2o-b] 459/540  경과 2.3분  잔여 ~0.4분
    [2o-b] 486/540  경과 2.5분  잔여 ~0.3분
    [2o-b] 513/540  경과 2.5분  잔여 ~0.1분
    [2o-b] 540/540  경과 2.6분  잔여 ~0.0분
================================================================================================
★ 교차표 — |P1−P2| 등급 × 실제 ETA 오차 (게이트 삭제 여부 함께)
================================================================================================
  등급          게이트             건수      MAE(s)      P95(s)
  AGREE       유지           43219       27.86       35.79
  AGREE       삭제됨           9843     1714.71      451.30
  DIVERGENT   유지            3915       26.77       53.10
  BROKEN      유지              20      293.77      295.29
  BROKEN      삭제됨           1530     3358.68     3490.20

  전체 58527건
  ★AGREE(53062건) MAE = 340.77 s   ← 크면 이 신호는 위험 쪽으로 눈이 멀었다는 뜻
   BROKEN(1550건) MAE = 3319.14 s

  ★게이트 삭제(11373건) 중 BROKEN 등급: 1530건 (13.5 %)
   BROKEN(1550건) 중 게이트 삭제: 98.7 %  ← 높으면 두 장치가 같은 것을 잡는다

2O §3 · 예측 재정식화 R = ΔETA_rms / σ_Δd  (90 런)

    [2o-c] 4/90  경과 0.1분  잔여 ~2.5분
    [2o-c] 8/90  경과 0.1분  잔여 ~1.2분
    [2o-c] 12/90  경과 0.1분  잔여 ~0.8분
    [2o-c] 16/90  경과 0.2분  잔여 ~0.8분
    [2o-c] 20/90  경과 0.2분  잔여 ~0.7분
    [2o-c] 24/90  경과 0.2분  잔여 ~0.6분
    [2o-c] 28/90  경과 0.2분  잔여 ~0.5분
    [2o-c] 32/90  경과 0.3분  잔여 ~0.5분
    [2o-c] 36/90  경과 0.3분  잔여 ~0.4분
    [2o-c] 40/90  경과 0.3분  잔여 ~0.4분
    [2o-c] 44/90  경과 0.3분  잔여 ~0.4분
    [2o-c] 48/90  경과 0.4분  잔여 ~0.3분
    [2o-c] 52/90  경과 0.4분  잔여 ~0.3분
    [2o-c] 56/90  경과 0.4분  잔여 ~0.2분
    [2o-c] 60/90  경과 0.4분  잔여 ~0.2분
    [2o-c] 64/90  경과 0.4분  잔여 ~0.2분
    [2o-c] 68/90  경과 0.5분  잔여 ~0.2분
    [2o-c] 72/90  경과 0.5분  잔여 ~0.1분
    [2o-c] 76/90  경과 0.5분  잔여 ~0.1분
    [2o-c] 80/90  경과 0.6분  잔여 ~0.1분
    [2o-c] 84/90  경과 0.6분  잔여 ~0.0분
    [2o-c] 88/90  경과 0.6분  잔여 ~0.0분
    [2o-c] 90/90  경과 0.6분  잔여 ~0.0분
================================================================================================
★ 재정식화 검정 — 예측 R ≈ 1 (앵커 평균화 없음) / 반증 R ≈ 1/√n_j
================================================================================================
  전선                    τ    σ_Δd(s)   ΔETA_rms(s)       ★R    n_j   1/√n_j
  straight_S1        11.0     0.9176       11.6890  12.7393   13.0    0.277
  straight_S1        30.0     1.9419       27.9121  14.3734   13.0    0.277
  straight_S1        78.5     5.1701       69.4660  13.4361   13.0    0.277
  curved_S2a10       11.0     1.0223       12.3698  12.0995   13.2    0.275
  curved_S2a10       30.0     1.9416       26.1338  13.4599   13.2    0.275
  curved_S2a10       78.5     5.1714       69.6613  13.4704   13.2    0.275
  curved_S2a20       11.0     1.2511       13.9033  11.1130   12.9    0.278
  curved_S2a20       30.0     2.1269       28.2755  13.2944   12.9    0.278
  curved_S2a20       78.5     5.1720       70.0584  13.5456   13.1    0.276

  [csv] results\stress\summary_2o_c_prediction.csv

  전체 R 평균 13.059 (범위 11.113~14.373) · 1/√n_j = 0.277
  R∈[0.5,2] (예측 ≈1 쪽) 0/9 · R≤0.5 (반증 ≈1/√n_j 쪽) 0/9
