# [START] t=0.00 wall=22:47:52 node=n15
{"type":"HB","id":9,"x":30,"y":30,"temp":24.5,"t":1190,"ms":1190000,"st":"ALIVE","fake":0,"nt":1211.661536}
{"type":"HB","id":99,"x":30,"y":30,"temp":25,"t":640.376,"ms":640376,"st":"ALIVE","fake":0,"nt":640.376128}
{"type":"HB","id":0,"x":30,"y":30,"temp":24.5,"t":1220.003,"ms":1220003,"st":"ALIVE","fake":0,"nt":1219.203806}
{"type":"TOPO","ms":640394,"mid":4113565437,"n_peers":15,"sub":{"nodeId":4113565437,"subs":[{"nodeId":4113568701,"subs":[{"nodeId":3179104773,"subs":[{"nodeId":3179103081},{"nodeId":3179166493,"subs":[{"nodeId":219922329}]},{"nodeId":231769685,"subs":[{"nodeId":219922697},{"nodeId":219910353,"subs":[{"nodeId":3179098605,"subs":[{"nodeId":1197394817},{"nodeId":3179103441,"subs":[{"nodeId":3179103909},{"nodeId":3179094101,"subs":[{"nodeId":3179086021}]},{"nodeId":4113568617}]}]}]}]}]}]}]}}
{"type":"HEAP","ms":640431,"free":186084,"min_free":173156,"max_alloc":110580,"peers":15}
{"type":"HB","id":7,"x":30,"y":30,"temp":24.5,"t":1210.006,"ms":1210006,"st":"ALIVE","fake":0,"nt":1219.382358}
{"type":"HB","id":3,"x":30,"y":30,"temp":24.5,"t":1210,"ms":1210000,"st":"ALIVE","fake":0,"nt":1220.027924}
{"type":"HB","id":4,"x":30,"y":30,"temp":24.5,"t":1220.001,"ms":1220001,"st":"ALIVE","fake":0,"nt":1219.988339}
{"type":"HB","id":11,"x":30,"y":30,"temp":24.5,"t":1200,"ms":1200000,"st":"ALIVE","fake":0,"nt":1220.486722}
{"type":"HB","id":5,"x":30,"y":30,"temp":24.5,"t":1200,"ms":1200000,"st":"ALIVE","fake":0,"nt":1220.471338}
{"type":"HB","id":15,"x":30,"y":30,"temp":24.5,"t":1200,"ms":1200000,"st":"ALIVE","fake":0,"nt":1220.671232}
{"type":"HB","id":13,"x":30,"y":30,"temp":24.5,"t":1200,"ms":1200000,"st":"ALIVE","fake":0,"nt":1220.6644}
{"type":"TOPO","ms":645716,"mid":4113565437,"n_peers":15,"sub":{"nodeId":4113565437,"subs":[{"nodeId":4113568701,"subs":[{"nodeId":3179104773,"subs":[{"nodeId":3179103081},{"nodeId":3179166493,"subs":[{"nodeId":219922329}]},{"nodeId":231769685,"subs":[{"nodeId":219922697},{"nodeId":219910353,"subs":[{"nodeId":3179098605,"subs":[{"nodeId":1197394817},{"nodeId":3179103441,"subs":[{"nodeId":3179103909},{"nodeId":3179094101,"subs":[{"nodeId":3179086021}]},{"nodeId":4113568617}]}]}]}]}]}]}]}}
{"type":"HEAP","ms":645765,"free":184608,"min_free":173156,"max_alloc":110580,"peers":15}
{"type":"HB","id":6,"x":30,"y":30,"temp":25,"t":1200.001,"ms":1200001,"st":"ALIVE","fake":0,"nt":1220.892574}
{"type":"HB","id":8,"x":30,"y":30,"temp":24,"t":1200,"ms":1200000,"st":"ALIVE","fake":0,"nt":1220.876182}
{"type":"HB","id":14,"x":30,"y":30,"temp":24.5,"t":1200.005,"ms":1200005,"st":"ALIVE","fake":0,"nt":1221.032738}
{"type":"HB","id":10,"x":30,"y":30,"temp":24.5,"t":1200.019,"ms":1200019,"st":"ALIVE","fake":0,"nt":1221.28271}
{"type":"HB","id":2,"x":30,"y":30,"temp":25,"t":1200,"ms":1200000,"st":"ALIVE","fake":0,"nt":1221.463182}
{"type":"HB","id":1,"x":30,"y":30,"temp":25,"t":1200,"ms":1200000,"st":"ALIVE","fake":0,"nt":1221.863966}
{"type":"HB","id":99,"x":30,"y":30,"temp":25,"t":651.053,"ms":651053,"st":"ALIVE","fake":0,"nt":651.053097}
{"type":"HB","id":9,"x":30,"y":30,"temp":24.5,"t":1200,"ms":1200000,"st":"ALIVE","fake":0,"nt":1221.660985}
{"type":"TOPO","ms":651067,"mid":4113565437,"n_peers":15,"sub":{"nodeId":4113565437,"subs":[{"nodeId":4113568701,"subs":[{"nodeId":3179104773,"subs":[{"nodeId":3179103081},{"nodeId":3179166493,"subs":[{"nodeId":219922329}]},{"nodeId":231769685,"subs":[{"nodeId":219922697},{"nodeId":219910353,"subs":[{"nodeId":3179098605,"subs":[{"nodeId":1197394817},{"nodeId":3179103441,"subs":[{"nodeId":3179103909},{"nodeId":3179094101,"subs":[{"nodeId":3179086021}]},{"nodeId":4113568617}]}]}]}]}]}]}]}}
{"type":"HEAP","ms":651116,"free":184908,"min_free":173156,"max_alloc":110580,"peers":15}
{"type":"HB","id":7,"x":30,"y":30,"temp":24.5,"t":1220.006,"ms":1220006,"st":"ALIVE","fake":0,"nt":1229.382368}
{"type":"HB","id":0,"x":30,"y":30,"temp":24.5,"t":1230.003,"ms":1230003,"st":"ALIVE","fake":0,"nt":1229.203804}
{"type":"HB","id":3,"x":30,"y":30,"temp":24.5,"t":1220,"ms":1220000,"st":"ALIVE","fake":0,"nt":1230.027909}
{"type":"HB","id":4,"x":30,"y":30,"temp":24.5,"t":1230.001,"ms":1230001,"st":"ALIVE","fake":0,"nt":1229.988332}
{"type":"TOPO","ms":656392,"mid":4113565437,"n_peers":15,"sub":{"nodeId":4113565437,"subs":[{"nodeId":4113568701,"subs":[{"nodeId":3179104773,"subs":[{"nodeId":3179103081},{"nodeId":3179166493,"subs":[{"nodeId":219922329}]},{"nodeId":231769685,"subs":[{"nodeId":219922697},{"nodeId":219910353,"subs":[{"nodeId":3179098605,"subs":[{"nodeId":1197394817},{"nodeId":3179103441,"subs":[{"nodeId":3179103909},{"nodeId":3179094101,"subs":[{"nodeId":3179086021}]},{"nodeId":4113568617}]}]}]}]}]}]}]}}
{"type":"HEAP","ms":656430,"free":183740,"min_free":173156,"max_alloc":110580,"peers":15}
{"type":"HB","id":11,"x":30,"y":30,"temp":24.5,"t":1210,"ms":1210000,"st":"ALIVE","fake":0,"nt":1230.486759}
{"type":"HB","id":5,"x":30,"y":30,"temp":25,"t":1210,"ms":1210000,"st":"ALIVE","fake":0,"nt":1230.471383}
{"type":"HB","id":15,"x":30,"y":30,"temp":24.5,"t":1210,"ms":1210000,"st":"ALIVE","fake":0,"nt":1230.671268}
{"type":"HB","id":13,"x":30,"y":30,"temp":24.5,"t":1210,"ms":1210000,"st":"ALIVE","fake":0,"nt":1230.664395}
{"type":"HB","id":6,"x":30,"y":30,"temp":25,"t":1210.001,"ms":1210001,"st":"ALIVE","fake":0,"nt":1230.892563}
{"type":"HB","id":8,"x":30,"y":30,"temp":24,"t":1210,"ms":1210000,"st":"ALIVE","fake":0,"nt":1230.876235}
{"type":"HB","id":99,"x":30,"y":30,"temp":25,"t":661.716,"ms":661716,"st":"ALIVE","fake":0,"nt":661.716081}
{"type":"HB","id":14,"x":30,"y":30,"temp":24.5,"t":1210.005,"ms":1210005,"st":"ALIVE","fake":0,"nt":1231.032746}
{"type":"TOPO","ms":661730,"mid":4113565437,"n_peers":15,"sub":{"nodeId":4113565437,"subs":[{"nodeId":4113568701,"subs":[{"nodeId":3179104773,"subs":[{"nodeId":3179103081},{"nodeId":3179166493,"subs":[{"nodeId":219922329}]},{"nodeId":231769685,"subs":[{"nodeId":219922697},{"nodeId":219910353,"subs":[{"nodeId":3179098605,"subs":[{"nodeId":1197394817},{"nodeId":3179103441,"subs":[{"nodeId":3179103909},{"nodeId":3179094101,"subs":[{"nodeId":3179086021}]},{"nodeId":4113568617}]}]}]}]}]}]}]}}
{"type":"HEAP","ms":661779,"free":182748,"min_free":173156,"max_alloc":110580,"peers":15}
{"type":"HB","id":10,"x":30,"y":30,"temp":24.5,"t":1210.019,"ms":1210019,"st":"ALIVE","fake":0,"nt":1231.28271}
{"type":"HB","id":2,"x":30,"y":30,"temp":25,"t":1210,"ms":1210000,"st":"ALIVE","fake":0,"nt":1231.46316}
{"type":"HB","id":1,"x":30,"y":30,"temp":25,"t":1210,"ms":1210000,"st":"ALIVE","fake":0,"nt":1231.863944}
{"type":"HB","id":9,"x":30,"y":30,"temp":24.5,"t":1210,"ms":1210000,"st":"ALIVE","fake":0,"nt":1231.66104}
{"type":"HB","id":0,"x":30,"y":30,"temp":24.5,"t":1240.003,"ms":1240003,"st":"ALIVE","fake":0,"nt":1239.203828}
{"type":"HB","id":7,"x":30,"y":30,"temp":24.5,"t":1230.006,"ms":1230006,"st":"ALIVE","fake":0,"nt":1239.3824}
{"type":"HB","id":3,"x":30,"y":30,"temp":24.5,"t":1230,"ms":1230000,"st":"ALIVE","fake":0,"nt":1240.027949}
{"type":"TOPO","ms":667056,"mid":4113565437,"n_peers":15,"sub":{"nodeId":4113565437,"subs":[{"nodeId":4113568701,"subs":[{"nodeId":3179104773,"subs":[{"nodeId":3179103081},{"nodeId":3179166493,"subs":[{"nodeId":219922329}]},{"nodeId":231769685,"subs":[{"nodeId":219922697},{"nodeId":219910353,"subs":[{"nodeId":3179098605,"subs":[{"nodeId":1197394817},{"nodeId":3179103441,"subs":[{"nodeId":3179103909},{"nodeId":3179094101,"subs":[{"nodeId":3179086021}]},{"nodeId":4113568617}]}]}]}]}]}]}]}}
{"type":"HEAP","ms":667105,"free":183108,"min_free":173156,"max_alloc":110580,"peers":15}
{"type":"HB","id":4,"x":30,"y":30,"temp":24.5,"t":1240.001,"ms":1240001,"st":"ALIVE","fake":0,"nt":1239.988339}
{"type":"HB","id":11,"x":30,"y":30,"temp":24.5,"t":1220,"ms":1220000,"st":"ALIVE","fake":0,"nt":1240.486739}
{"type":"HB","id":5,"x":30,"y":30,"temp":24.5,"t":1220,"ms":1220000,"st":"ALIVE","fake":0,"nt":1240.471392}
{"type":"HB","id":15,"x":30,"y":30,"temp":24.5,"t":1220,"ms":1220000,"st":"ALIVE","fake":0,"nt":1240.671225}
{"type":"HB","id":13,"x":30,"y":30,"temp":24.5,"t":1220,"ms":1220000,"st":"ALIVE","fake":0,"nt":1240.664373}
{"type":"HB","id":99,"x":30,"y":30,"temp":25,"t":672.38,"ms":672380,"st":"ALIVE","fake":0,"nt":672.380086}
{"type":"HB","id":6,"x":30,"y":30,"temp":25,"t":1220.001,"ms":1220001,"st":"ALIVE","fake":0,"nt":1240.89261}
{"type":"TOPO","ms":672394,"mid":4113565437,"n_peers":15,"sub":{"nodeId":4113565437,"subs":[{"nodeId":4113568701,"subs":[{"nodeId":3179104773,"subs":[{"nodeId":3179103081},{"nodeId":3179166493,"subs":[{"nodeId":219922329}]},{"nodeId":231769685,"subs":[{"nodeId":219922697},{"nodeId":219910353,"subs":[{"nodeId":3179098605,"subs":[{"nodeId":1197394817},{"nodeId":3179103441,"subs":[{"nodeId":3179103909},{"nodeId":3179094101,"subs":[{"nodeId":3179086021}]},{"nodeId":4113568617}]}]}]}]}]}]}]}}
{"type":"HEAP","ms":672443,"free":179684,"min_free":173156,"max_alloc":110580,"peers":15}
{"type":"HB","id":8,"x":30,"y":30,"temp":24,"t":1220,"ms":1220000,"st":"ALIVE","fake":0,"nt":1240.876158}
{"type":"HB","id":14,"x":30,"y":30,"temp":24.5,"t":1220.005,"ms":1220005,"st":"ALIVE","fake":0,"nt":1241.032743}
{"type":"HB","id":10,"x":30,"y":30,"temp":24.5,"t":1220.019,"ms":1220019,"st":"ALIVE","fake":0,"nt":1241.282817}
{"type":"HB","id":2,"x":30,"y":30,"temp":25,"t":1220,"ms":1220000,"st":"ALIVE","fake":0,"nt":1241.463141}
{"type":"HB","id":1,"x":30,"y":30,"temp":25,"t":1220,"ms":1220000,"st":"ALIVE","fake":0,"nt":1241.86397}
{"type":"HB","id":9,"x":30,"y":30,"temp":24.5,"t":1220,"ms":1220000,"st":"ALIVE","fake":0,"nt":1241.661051}
{"type":"TOPO","ms":677718,"mid":4113565437,"n_peers":15,"sub":{"nodeId":4113565437,"subs":[{"nodeId":4113568701,"subs":[{"nodeId":3179104773,"subs":[{"nodeId":3179103081},{"nodeId":3179166493,"subs":[{"nodeId":219922329}]},{"nodeId":231769685,"subs":[{"nodeId":219922697},{"nodeId":219910353,"subs":[{"nodeId":3179098605,"subs":[{"nodeId":1197394817},{"nodeId":3179103441,"subs":[{"nodeId":3179103909},{"nodeId":3179094101,"subs":[{"nodeId":3179086021}]},{"nodeId":4113568617}]}]}]}]}]}]}]}}
# [PULL_CUE] t=40.73 wall=22:48:33 node=n15
{"type":"HEAP","ms":677756,"free":181984,"min_free":173156,"max_alloc":110580,"peers":15}
{"type":"HB","id":0,"x":30,"y":30,"temp":24.5,"t":1250.003,"ms":1250003,"st":"ALIVE","fake":0,"nt":1249.203832}
{"type":"HB","id":7,"x":30,"y":30,"temp":24.5,"t":1240.006,"ms":1240006,"st":"ALIVE","fake":0,"nt":1249.3824}
{"type":"HB","id":3,"x":30,"y":30,"temp":24.5,"t":1240,"ms":1240000,"st":"ALIVE","fake":0,"nt":1250.027948}
{"type":"HB","id":4,"x":30,"y":30,"temp":24.5,"t":1250.001,"ms":1250001,"st":"ALIVE","fake":0,"nt":1249.988352}
{"type":"HB","id":11,"x":30,"y":30,"temp":24.5,"t":1230,"ms":1230000,"st":"ALIVE","fake":0,"nt":1250.48677}
{"type":"HB","id":99,"x":30,"y":30,"temp":25,"t":683.041,"ms":683041,"st":"ALIVE","fake":0,"nt":683.041088}
{"type":"HB","id":15,"x":30,"y":30,"temp":24.5,"t":1230,"ms":1230000,"st":"ALIVE","fake":0,"nt":1250.671174}
{"type":"TOPO","ms":683055,"mid":4113565437,"n_peers":15,"sub":{"nodeId":4113565437,"subs":[{"nodeId":4113568701,"subs":[{"nodeId":3179104773,"subs":[{"nodeId":3179103081},{"nodeId":3179166493,"subs":[{"nodeId":219922329}]},{"nodeId":231769685,"subs":[{"nodeId":219922697},{"nodeId":219910353,"subs":[{"nodeId":3179098605,"subs":[{"nodeId":1197394817},{"nodeId":3179103441,"subs":[{"nodeId":3179103909},{"nodeId":3179094101,"subs":[{"nodeId":3179086021}]},{"nodeId":4113568617}]}]}]}]}]}]}]}}
{"type":"HEAP","ms":683104,"free":179740,"min_free":173156,"max_alloc":110580,"peers":15}
{"type":"TOPO","ms":688383,"mid":4113565437,"n_peers":15,"sub":{"nodeId":4113565437,"subs":[{"nodeId":3179103909,"subs":[{"nodeId":3179103441,"subs":[{"nodeId":3179094101,"subs":[{"nodeId":3179086021}]},{"nodeId":3179098605,"subs":[{"nodeId":1197394817},{"nodeId":219910353,"subs":[{"nodeId":231769685,"subs":[{"nodeId":219922697},{"nodeId":3179104773,"subs":[{"nodeId":3179103081},{"nodeId":3179166493,"subs":[{"nodeId":219922329}]},{"nodeId":4113568701}]}]}]}]},{"nodeId":4113568617}]}]}]}}
{"type":"HEAP","ms":688421,"free":190236,"min_free":173156,"max_alloc":110580,"peers":15}
{"type":"HB","id":0,"x":30,"y":30,"temp":24.5,"t":1280.003,"ms":1280003,"st":"ALIVE","fake":0,"nt":1279.20259}
{"type":"HB","id":99,"x":30,"y":30,"temp":25,"t":693.703,"ms":693703,"st":"ALIVE","fake":0,"nt":693.703132}
{"type":"TOPO","ms":693705,"mid":4113565437,"n_peers":1,"sub":{"nodeId":4113565437,"subs":[{"nodeId":3179103909}]}}
{"type":"HEAP","ms":693717,"free":188860,"min_free":173156,"max_alloc":110580,"peers":1}
{"type":"HB","id":8,"x":30,"y":30,"temp":24,"t":10,"ms":10000,"st":"ALIVE","fake":0,"nt":1288.15579}
{"type":"TOPO","ms":698995,"mid":4113565437,"n_peers":2,"sub":{"nodeId":4113565437,"subs":[{"nodeId":3179103909,"subs":[{"nodeId":3179103441}]}]}}
{"type":"HEAP","ms":699007,"free":190860,"min_free":173156,"max_alloc":110580,"peers":2}
{"type":"HB","id":0,"x":30,"y":30,"temp":24.5,"t":1290.003,"ms":1290003,"st":"ALIVE","fake":0,"nt":1289.202534}
{"type":"HB","id":99,"x":30,"y":30,"temp":25,"t":704.282,"ms":704282,"st":"ALIVE","fake":0,"nt":704.282089}
{"type":"TOPO","ms":704283,"mid":4113565437,"n_peers":2,"sub":{"nodeId":4113565437,"subs":[{"nodeId":3179103909,"subs":[{"nodeId":3179103441}]}]}}
{"type":"HEAP","ms":704306,"free":190584,"min_free":173156,"max_alloc":110580,"peers":2}
{"type":"HB","id":8,"x":30,"y":30,"temp":24,"t":20,"ms":20000,"st":"ALIVE","fake":0,"nt":1298.155754}
{"type":"TOPO","ms":709574,"mid":4113565437,"n_peers":3,"sub":{"nodeId":4113565437,"subs":[{"nodeId":3179103909,"subs":[{"nodeId":3179103441},{"nodeId":4113568617}]}]}}
{"type":"HEAP","ms":709586,"free":189320,"min_free":173156,"max_alloc":110580,"peers":3}
{"type":"HB","id":0,"x":30,"y":30,"temp":24.5,"t":1300.003,"ms":1300003,"st":"ALIVE","fake":0,"nt":1299.20256}
{"type":"HB","id":4,"x":30,"y":30,"temp":24.5,"t":1300.001,"ms":1300001,"st":"ALIVE","fake":0,"nt":1299.985068}
{"type":"HB","id":3,"x":30,"y":30,"temp":24.5,"t":1290,"ms":1290000,"st":"ALIVE","fake":0,"nt":1300.03302}
{"type":"HB","id":5,"x":30,"y":30,"temp":24.5,"t":1280,"ms":1280000,"st":"ALIVE","fake":0,"nt":1300.469939}
{"type":"HB","id":99,"x":30,"y":30,"temp":25,"t":714.863,"ms":714863,"st":"ALIVE","fake":0,"nt":714.863124}
{"type":"TOPO","ms":714865,"mid":4113565437,"n_peers":14,"sub":{"nodeId":4113565437,"subs":[{"nodeId":3179103909,"subs":[{"nodeId":3179103441},{"nodeId":4113568617,"subs":[{"nodeId":231769685,"subs":[{"nodeId":219910353,"subs":[{"nodeId":3179098605,"subs":[{"nodeId":1197394817}]}]},{"nodeId":3179104773,"subs":[{"nodeId":3179103081},{"nodeId":3179166493,"subs":[{"nodeId":219922329}]},{"nodeId":4113568701}]},{"nodeId":3179094101,"subs":[{"nodeId":3179086021}]}]}]}]}]}}
{"type":"HEAP","ms":714914,"free":188096,"min_free":173156,"max_alloc":110580,"peers":14}
{"type":"HB","id":11,"x":30,"y":30,"temp":24.5,"t":1280,"ms":1280000,"st":"ALIVE","fake":0,"nt":1300.491846}
{"type":"HB","id":13,"x":30,"y":30,"temp":24,"t":1280.001,"ms":1280001,"st":"ALIVE","fake":0,"nt":1300.662925}
{"type":"HB","id":15,"x":30,"y":30,"temp":24.5,"t":1280,"ms":1280000,"st":"ALIVE","fake":0,"nt":1300.670653}
{"type":"HB","id":6,"x":30,"y":30,"temp":25,"t":1280.001,"ms":1280001,"st":"ALIVE","fake":0,"nt":1300.892594}
{"type":"HB","id":10,"x":30,"y":30,"temp":24.5,"t":1280.019,"ms":1280019,"st":"ALIVE","fake":0,"nt":1301.281556}
{"type":"HB","id":2,"x":30,"y":30,"temp":25,"t":1280,"ms":1280000,"st":"ALIVE","fake":0,"nt":1301.460365}
{"type":"HB","id":9,"x":30,"y":30,"temp":24.5,"t":1280,"ms":1280000,"st":"ALIVE","fake":0,"nt":1301.659314}
{"type":"TOPO","ms":720187,"mid":4113565437,"n_peers":14,"sub":{"nodeId":4113565437,"subs":[{"nodeId":3179103909,"subs":[{"nodeId":3179103441},{"nodeId":4113568617,"subs":[{"nodeId":231769685,"subs":[{"nodeId":219910353,"subs":[{"nodeId":3179098605,"subs":[{"nodeId":1197394817}]}]},{"nodeId":3179104773,"subs":[{"nodeId":3179103081},{"nodeId":3179166493,"subs":[{"nodeId":219922329}]},{"nodeId":4113568701}]},{"nodeId":3179094101,"subs":[{"nodeId":3179086021}]}]}]}]}]}}
{"type":"HEAP","ms":720236,"free":189616,"min_free":173156,"max_alloc":110580,"peers":14}
{"type":"HB","id":1,"x":30,"y":30,"temp":25,"t":1280,"ms":1280000,"st":"ALIVE","fake":0,"nt":1301.862217}
{"type":"HB","id":8,"x":30,"y":30,"temp":23.5,"t":30,"ms":30000,"st":"ALIVE","fake":0,"nt":1308.155122}
{"type":"HB","id":0,"x":30,"y":30,"temp":24.5,"t":1310.003,"ms":1310003,"st":"ALIVE","fake":0,"nt":1309.200827}
{"type":"HB","id":7,"x":30,"y":30,"temp":24.5,"t":1300.006,"ms":1300006,"st":"ALIVE","fake":0,"nt":1309.387954}
{"type":"HB","id":99,"x":30,"y":30,"temp":25,"t":725.509,"ms":725509,"st":"ALIVE","fake":0,"nt":725.509103}
{"type":"HB","id":4,"x":30,"y":30,"temp":24.5,"t":1310.001,"ms":1310001,"st":"ALIVE","fake":0,"nt":1309.985064}
{"type":"TOPO","ms":725523,"mid":4113565437,"n_peers":14,"sub":{"nodeId":4113565437,"subs":[{"nodeId":3179103909,"subs":[{"nodeId":3179103441},{"nodeId":4113568617,"subs":[{"nodeId":231769685,"subs":[{"nodeId":219910353,"subs":[{"nodeId":3179098605,"subs":[{"nodeId":1197394817}]}]},{"nodeId":3179104773,"subs":[{"nodeId":3179103081},{"nodeId":3179166493,"subs":[{"nodeId":219922329}]},{"nodeId":4113568701}]},{"nodeId":3179094101,"subs":[{"nodeId":3179086021}]}]}]}]}]}}
{"type":"HEAP","ms":725560,"free":187992,"min_free":173156,"max_alloc":110580,"peers":14}
{"type":"HB","id":3,"x":30,"y":30,"temp":24.5,"t":1300,"ms":1300000,"st":"ALIVE","fake":0,"nt":1310.033026}
{"type":"HB","id":5,"x":30,"y":30,"temp":24.5,"t":1290,"ms":1290000,"st":"ALIVE","fake":0,"nt":1310.469916}
{"type":"HB","id":11,"x":30,"y":30,"temp":24,"t":1290,"ms":1290000,"st":"ALIVE","fake":0,"nt":1310.491874}
{"type":"HB","id":13,"x":30,"y":30,"temp":24,"t":1290.001,"ms":1290001,"st":"ALIVE","fake":0,"nt":1310.662941}
{"type":"HB","id":15,"x":30,"y":30,"temp":24.5,"t":1290,"ms":1290000,"st":"ALIVE","fake":0,"nt":1310.670565}
{"type":"HB","id":6,"x":30,"y":30,"temp":24.5,"t":1290.001,"ms":1290001,"st":"ALIVE","fake":0,"nt":1310.892591}
{"type":"HB","id":10,"x":30,"y":30,"temp":24.5,"t":1290.019,"ms":1290019,"st":"ALIVE","fake":0,"nt":1311.281524}
{"type":"TOPO","ms":730855,"mid":4113565437,"n_peers":14,"sub":{"nodeId":4113565437,"subs":[{"nodeId":3179103909,"subs":[{"nodeId":3179103441},{"nodeId":4113568617,"subs":[{"nodeId":231769685,"subs":[{"nodeId":219910353,"subs":[{"nodeId":3179098605,"subs":[{"nodeId":1197394817}]}]},{"nodeId":3179104773,"subs":[{"nodeId":3179103081},{"nodeId":3179166493,"subs":[{"nodeId":219922329}]},{"nodeId":4113568701}]},{"nodeId":3179094101,"subs":[{"nodeId":3179086021}]}]}]}]}]}}
{"type":"HEAP","ms":730893,"free":188492,"min_free":173156,"max_alloc":110580,"peers":14}
{"type":"HB","id":9,"x":30,"y":30,"temp":24.5,"t":1290,"ms":1290000,"st":"ALIVE","fake":0,"nt":1311.659274}
{"type":"HB","id":2,"x":30,"y":30,"temp":24.5,"t":1290,"ms":1290000,"st":"ALIVE","fake":0,"nt":1311.460386}
{"type":"HB","id":1,"x":30,"y":30,"temp":24.5,"t":1290,"ms":1290000,"st":"ALIVE","fake":0,"nt":1311.862234}
E BOD: Brownout detector was triggered


ets Jul 29 2019 12:21:46

rst:0x3 (SW_RESET),boot:0x13 (SPI_FAST_FLASH_BOOT)
configsip: 0, SPIWP:0xee
clk_drv:0x00,q_drv:0x00,d_drv:0x00,cs0_drv:0x00,hd_drv:0x00,wp_drv:0x00
mode:DIO, clock div:1
load:0x3fff0030,len:4876
ho 0 tail 12 room 4
load:0x40078000,len:16532
load:0x40080400,len:3500
entry 0x400805b4
[REAL SENSOR MODE] DS18B20 on GPIO4
{"type":"MODE","fake":0,"src":"DS18B20"}

setLogLevel: ERROR | STARTUP |
STARTUP: init(): 1
STARTUP: AP tcp server established on port 5555
{"type":"MESHID","id":99,"mid":4113565437,"is_root":1,"bridge_index":99,"role":"ROOT(bridge)","death_threshold_c":80.0,"warn_temp_c":60.0,"led_pin":5}
{"type":"ROOT_READY"}
{"type":"ST","id":99,"st":"ALIVE","temp":25,"ms":779,"fake":0,"nt":0.779721}
{"type":"TOPO","ms":780,"mid":4113565437,"n_peers":0,"sub":{"nodeId":4113565437}}
{"type":"HEAP","ms":792,"free":199816,"min_free":199676,"max_alloc":110580,"peers":0}
{"type":"TOPO","ms":6063,"mid":4113565437,"n_peers":0,"sub":{"nodeId":4113565437}}
{"type":"HEAP","ms":6064,"free":192944,"min_free":190472,"max_alloc":110580,"peers":0}
{"type":"HB","id":4,"x":30,"y":30,"temp":24,"t":1330.001,"ms":1330001,"st":"ALIVE","fake":0,"nt":1329.985024}
{"type":"HB","id":3,"x":30,"y":30,"temp":24.5,"t":1320,"ms":1320000,"st":"ALIVE","fake":0,"nt":1330.033016}
{"type":"HB","id":5,"x":30,"y":30,"temp":24.5,"t":1310,"ms":1310000,"st":"ALIVE","fake":0,"nt":1330.469933}
{"type":"HB","id":11,"x":30,"y":30,"temp":24,"t":1310,"ms":1310000,"st":"ALIVE","fake":0,"nt":1330.491838}
{"type":"HB","id":13,"x":30,"y":30,"temp":24,"t":1310.001,"ms":1310001,"st":"ALIVE","fake":0,"nt":1330.663009}
{"type":"HB","id":99,"x":30,"y":30,"temp":25,"t":11.35,"ms":11350,"st":"ALIVE","fake":0,"nt":11.350085}
{"type":"HB","id":15,"x":30,"y":30,"temp":24.5,"t":1310,"ms":1310000,"st":"ALIVE","fake":0,"nt":1330.670642}
{"type":"TOPO","ms":11364,"mid":4113565437,"n_peers":14,"sub":{"nodeId":4113565437,"subs":[{"nodeId":3179103909,"subs":[{"nodeId":3179103441},{"nodeId":4113568617,"subs":[{"nodeId":231769685,"subs":[{"nodeId":219910353,"subs":[{"nodeId":3179098605,"subs":[{"nodeId":1197394817}]}]},{"nodeId":3179104773,"subs":[{"nodeId":3179103081},{"nodeId":3179166493,"subs":[{"nodeId":219922329}]},{"nodeId":4113568701}]},{"nodeId":3179094101,"subs":[{"nodeId":3179086021}]}]}]}]}]}}
{"type":"HEAP","ms":11401,"free":189492,"min_free":186540,"max_alloc":110580,"peers":14}
{"type":"HB","id":6,"x":30,"y":30,"temp":24.5,"t":1310.001,"ms":1310001,"st":"ALIVE","fake":0,"nt":1330.892597}
{"type":"HB","id":10,"x":30,"y":30,"temp":24.5,"t":1310.019,"ms":1310019,"st":"ALIVE","fake":0,"nt":1331.281556}
{"type":"HB","id":2,"x":30,"y":30,"temp":24.5,"t":1310,"ms":1310000,"st":"ALIVE","fake":0,"nt":1331.460359}
{"type":"HB","id":9,"x":30,"y":30,"temp":24,"t":1310,"ms":1310000,"st":"ALIVE","fake":0,"nt":1331.659354}
{"type":"HB","id":1,"x":30,"y":30,"temp":24.5,"t":1310,"ms":1310000,"st":"ALIVE","fake":0,"nt":1331.86227}
{"type":"HB","id":8,"x":30,"y":30,"temp":23.5,"t":60,"ms":60000,"st":"ALIVE","fake":0,"nt":1338.15512}
{"type":"TOPO","ms":16688,"mid":4113565437,"n_peers":14,"sub":{"nodeId":4113565437,"subs":[{"nodeId":3179103909,"subs":[{"nodeId":3179103441},{"nodeId":4113568617,"subs":[{"nodeId":231769685,"subs":[{"nodeId":219910353,"subs":[{"nodeId":3179098605,"subs":[{"nodeId":1197394817}]}]},{"nodeId":3179104773,"subs":[{"nodeId":3179103081},{"nodeId":3179166493,"subs":[{"nodeId":219922329}]},{"nodeId":4113568701}]},{"nodeId":3179094101,"subs":[{"nodeId":3179086021}]}]}]}]}]}}
{"type":"HEAP","ms":16737,"free":189988,"min_free":185968,"max_alloc":110580,"peers":14}
{"type":"HB","id":0,"x":30,"y":30,"temp":24,"t":1340.003,"ms":1340003,"st":"ALIVE","fake":0,"nt":1339.200893}
{"type":"HB","id":7,"x":30,"y":30,"temp":24.5,"t":1330.006,"ms":1330006,"st":"ALIVE","fake":0,"nt":1339.380609}
{"type":"HB","id":4,"x":30,"y":30,"temp":24,"t":1340.001,"ms":1340001,"st":"ALIVE","fake":0,"nt":1339.985031}
{"type":"HB","id":3,"x":30,"y":30,"temp":24.5,"t":1330,"ms":1330000,"st":"ALIVE","fake":0,"nt":1340.023013}
{"type":"HB","id":99,"x":30,"y":30,"temp":25,"t":22.016,"ms":22016,"st":"ALIVE","fake":0,"nt":22.016083}
{"type":"HB","id":5,"x":30,"y":30,"temp":24.5,"t":1320,"ms":1320000,"st":"ALIVE","fake":0,"nt":1340.469766}
{"type":"TOPO","ms":22030,"mid":4113565437,"n_peers":14,"sub":{"nodeId":4113565437,"subs":[{"nodeId":3179103909,"subs":[{"nodeId":3179103441},{"nodeId":4113568617,"subs":[{"nodeId":231769685,"subs":[{"nodeId":219910353,"subs":[{"nodeId":3179098605,"subs":[{"nodeId":1197394817}]}]},{"nodeId":3179104773,"subs":[{"nodeId":3179103081},{"nodeId":3179166493,"subs":[{"nodeId":219922329}]},{"nodeId":4113568701}]},{"nodeId":3179094101,"subs":[{"nodeId":3179086021}]}]}]}]}]}}
{"type":"HEAP","ms":22067,"free":187560,"min_free":181696,"max_alloc":110580,"peers":14}
{"type":"HB","id":11,"x":30,"y":30,"temp":24,"t":1320,"ms":1320000,"st":"ALIVE","fake":0,"nt":1340.485847}
{"type":"HB","id":13,"x":30,"y":30,"temp":24,"t":1320.001,"ms":1320001,"st":"ALIVE","fake":0,"nt":1340.663202}
{"type":"HB","id":15,"x":30,"y":30,"temp":24.5,"t":1320,"ms":1320000,"st":"ALIVE","fake":0,"nt":1340.667362}
{"type":"HB","id":6,"x":30,"y":30,"temp":24.5,"t":1320.001,"ms":1320001,"st":"ALIVE","fake":0,"nt":1340.892682}
{"type":"HB","id":10,"x":30,"y":30,"temp":24,"t":1320.019,"ms":1320019,"st":"ALIVE","fake":0,"nt":1341.281575}
{"type":"HB","id":2,"x":30,"y":30,"temp":24.5,"t":1320,"ms":1320000,"st":"ALIVE","fake":0,"nt":1341.460355}
{"type":"HB","id":9,"x":30,"y":30,"temp":24,"t":1320,"ms":1320000,"st":"ALIVE","fake":0,"nt":1341.659192}
{"type":"TOPO","ms":27351,"mid":4113565437,"n_peers":14,"sub":{"nodeId":4113565437,"subs":[{"nodeId":3179103909,"subs":[{"nodeId":3179103441},{"nodeId":4113568617,"subs":[{"nodeId":231769685,"subs":[{"nodeId":219910353,"subs":[{"nodeId":3179098605,"subs":[{"nodeId":1197394817}]}]},{"nodeId":3179104773,"subs":[{"nodeId":3179103081},{"nodeId":3179166493,"subs":[{"nodeId":219922329}]},{"nodeId":4113568701}]},{"nodeId":3179094101,"subs":[{"nodeId":3179086021}]}]}]}]}]}}
{"type":"HEAP","ms":27400,"free":189212,"min_free":181696,"max_alloc":110580,"peers":14}
{"type":"HB","id":1,"x":30,"y":30,"temp":24.5,"t":1320,"ms":1320000,"st":"ALIVE","fake":0,"nt":1341.859485}
{"type":"HB","id":8,"x":30,"y":30,"temp":23.5,"t":70,"ms":70000,"st":"ALIVE","fake":0,"nt":1348.155105}
{"type":"HB","id":0,"x":30,"y":30,"temp":24,"t":1350.003,"ms":1350003,"st":"ALIVE","fake":0,"nt":1349.20086}
{"type":"HB","id":7,"x":30,"y":30,"temp":24.5,"t":1340.006,"ms":1340006,"st":"ALIVE","fake":0,"nt":1349.380611}
{"type":"HB","id":4,"x":30,"y":30,"temp":24,"t":1350.001,"ms":1350001,"st":"ALIVE","fake":0,"nt":1349.98505}
{"type":"HB","id":99,"x":30,"y":30,"temp":25,"t":32.674,"ms":32674,"st":"ALIVE","fake":0,"nt":32.674077}
{"type":"HB","id":3,"x":30,"y":30,"temp":24.5,"t":1340,"ms":1340000,"st":"ALIVE","fake":0,"nt":1350.023011}
{"type":"TOPO","ms":32688,"mid":4113565437,"n_peers":14,"sub":{"nodeId":4113565437,"subs":[{"nodeId":3179103909,"subs":[{"nodeId":3179103441},{"nodeId":4113568617,"subs":[{"nodeId":231769685,"subs":[{"nodeId":219910353,"subs":[{"nodeId":3179098605,"subs":[{"nodeId":1197394817}]}]},{"nodeId":3179104773,"subs":[{"nodeId":3179103081},{"nodeId":3179166493,"subs":[{"nodeId":219922329}]},{"nodeId":4113568701}]},{"nodeId":3179094101,"subs":[{"nodeId":3179086021}]}]}]}]}]}}
{"type":"HEAP","ms":32725,"free":188936,"min_free":181696,"max_alloc":110580,"peers":14}
{"type":"HB","id":5,"x":30,"y":30,"temp":24.5,"t":1330,"ms":1330000,"st":"ALIVE","fake":0,"nt":1350.469772}
{"type":"HB","id":11,"x":30,"y":30,"temp":24,"t":1330,"ms":1330000,"st":"ALIVE","fake":0,"nt":1350.485792}
{"type":"HB","id":13,"x":30,"y":30,"temp":24,"t":1330.001,"ms":1330001,"st":"ALIVE","fake":0,"nt":1350.663211}
{"type":"HB","id":15,"x":30,"y":30,"temp":24,"t":1330,"ms":1330000,"st":"ALIVE","fake":0,"nt":1350.667384}
{"type":"HB","id":6,"x":30,"y":30,"temp":24.5,"t":1330.001,"ms":1330001,"st":"ALIVE","fake":0,"nt":1350.892624}
{"type":"HB","id":10,"x":30,"y":30,"temp":24,"t":1330.019,"ms":1330019,"st":"ALIVE","fake":0,"nt":1351.281566}
{"type":"HB","id":2,"x":30,"y":30,"temp":24.5,"t":1330,"ms":1330000,"st":"ALIVE","fake":0,"nt":1351.460358}
{"type":"TOPO","ms":38009,"mid":4113565437,"n_peers":14,"sub":{"nodeId":4113565437,"subs":[{"nodeId":3179103909,"subs":[{"nodeId":3179103441},{"nodeId":4113568617,"subs":[{"nodeId":231769685,"subs":[{"nodeId":219910353,"subs":[{"nodeId":3179098605,"subs":[{"nodeId":1197394817}]}]},{"nodeId":3179104773,"subs":[{"nodeId":3179103081},{"nodeId":3179166493,"subs":[{"nodeId":219922329}]},{"nodeId":4113568701}]},{"nodeId":3179094101,"subs":[{"nodeId":3179086021}]}]}]}]}]}}
{"type":"HEAP","ms":38058,"free":187712,"min_free":181696,"max_alloc":110580,"peers":14}
{"type":"HB","id":9,"x":30,"y":30,"temp":24,"t":1330,"ms":1330000,"st":"ALIVE","fake":0,"nt":1351.659158}
{"type":"HB","id":1,"x":30,"y":30,"temp":24.5,"t":1330,"ms":1330000,"st":"ALIVE","fake":0,"nt":1351.859468}
{"type":"HB","id":8,"x":30,"y":30,"temp":23.5,"t":80,"ms":80000,"st":"ALIVE","fake":0,"nt":1358.155132}
{"type":"HB","id":0,"x":30,"y":30,"temp":24,"t":1360.003,"ms":1360003,"st":"ALIVE","fake":0,"nt":1359.200823}
{"type":"HB","id":7,"x":30,"y":30,"temp":24.5,"t":1350.006,"ms":1350006,"st":"ALIVE","fake":0,"nt":1359.380663}
{"type":"HB","id":99,"x":30,"y":30,"temp":25,"t":43.336,"ms":43336,"st":"ALIVE","fake":0,"nt":43.336102}
{"type":"HB","id":4,"x":30,"y":30,"temp":24,"t":1360.001,"ms":1360001,"st":"ALIVE","fake":0,"nt":1359.981802}
{"type":"TOPO","ms":43350,"mid":4113565437,"n_peers":14,"sub":{"nodeId":4113565437,"subs":[{"nodeId":3179103909,"subs":[{"nodeId":3179103441},{"nodeId":4113568617,"subs":[{"nodeId":231769685,"subs":[{"nodeId":219910353,"subs":[{"nodeId":3179098605,"subs":[{"nodeId":1197394817}]}]},{"nodeId":3179104773,"subs":[{"nodeId":3179103081},{"nodeId":3179166493,"subs":[{"nodeId":219922329}]},{"nodeId":4113568701}]},{"nodeId":3179094101,"subs":[{"nodeId":3179086021}]}]}]}]}]}}
{"type":"HEAP","ms":43387,"free":186640,"min_free":181696,"max_alloc":110580,"peers":14}
{"type":"HB","id":3,"x":30,"y":30,"temp":24.5,"t":1350,"ms":1350000,"st":"ALIVE","fake":0,"nt":1360.022972}
{"type":"HB","id":5,"x":30,"y":30,"temp":24,"t":1340,"ms":1340000,"st":"ALIVE","fake":0,"nt":1360.469761}
{"type":"HB","id":11,"x":30,"y":30,"temp":24,"t":1340,"ms":1340000,"st":"ALIVE","fake":0,"nt":1360.485852}
{"type":"HB","id":13,"x":30,"y":30,"temp":24,"t":1340.001,"ms":1340001,"st":"ALIVE","fake":0,"nt":1360.663159}
{"type":"HB","id":15,"x":30,"y":30,"temp":24,"t":1340,"ms":1340000,"st":"ALIVE","fake":0,"nt":1360.667479}
{"type":"TOPO","ms":48670,"mid":4113565437,"n_peers":14,"sub":{"nodeId":4113565437,"subs":[{"nodeId":3179103909,"subs":[{"nodeId":3179103441},{"nodeId":4113568617,"subs":[{"nodeId":231769685,"subs":[{"nodeId":219910353,"subs":[{"nodeId":3179098605,"subs":[{"nodeId":1197394817}]}]},{"nodeId":3179104773,"subs":[{"nodeId":3179103081},{"nodeId":3179166493,"subs":[{"nodeId":219922329}]},{"nodeId":4113568701}]},{"nodeId":3179094101,"subs":[{"nodeId":3179086021}]}]}]}]}]}}
{"type":"HEAP","ms":48719,"free":185936,"min_free":181696,"max_alloc":110580,"peers":14}
{"type":"HB","id":6,"x":30,"y":30,"temp":24.5,"t":1340.001,"ms":1340001,"st":"ALIVE","fake":0,"nt":1360.892553}
{"type":"HB","id":10,"x":30,"y":30,"temp":24,"t":1340.019,"ms":1340019,"st":"ALIVE","fake":0,"nt":1361.280927}
{"type":"HB","id":2,"x":30,"y":30,"temp":24.5,"t":1340,"ms":1340000,"st":"ALIVE","fake":0,"nt":1361.46454}
{"type":"HB","id":9,"x":30,"y":30,"temp":24,"t":1340,"ms":1340000,"st":"ALIVE","fake":0,"nt":1361.659186}
{"type":"HB","id":1,"x":30,"y":30,"temp":24.5,"t":1340,"ms":1340000,"st":"ALIVE","fake":0,"nt":1361.859479}
{"type":"HB","id":99,"x":30,"y":30,"temp":25,"t":53.993,"ms":53993,"st":"ALIVE","fake":0,"nt":53.993066}
{"type":"TOPO","ms":53995,"mid":4113565437,"n_peers":14,"sub":{"nodeId":4113565437,"subs":[{"nodeId":3179103909,"subs":[{"nodeId":3179103441},{"nodeId":4113568617,"subs":[{"nodeId":231769685,"subs":[{"nodeId":219910353,"subs":[{"nodeId":3179098605,"subs":[{"nodeId":1197394817}]}]},{"nodeId":3179104773,"subs":[{"nodeId":3179103081},{"nodeId":3179166493,"subs":[{"nodeId":219922329}]},{"nodeId":4113568701}]},{"nodeId":3179094101,"subs":[{"nodeId":3179086021}]}]}]}]}]}}
{"type":"HEAP","ms":54043,"free":185716,"min_free":181696,"max_alloc":110580,"peers":14}
{"type":"HB","id":8,"x":30,"y":30,"temp":23,"t":90,"ms":90000,"st":"ALIVE","fake":0,"nt":1368.148193}
{"type":"HB","id":0,"x":30,"y":30,"temp":23.5,"t":1370.003,"ms":1370003,"st":"ALIVE","fake":0,"nt":1369.195146}
{"type":"HB","id":7,"x":30,"y":30,"temp":24,"t":1360.006,"ms":1360006,"st":"ALIVE","fake":0,"nt":1369.380639}
{"type":"HB","id":4,"x":30,"y":30,"temp":23.5,"t":1370.001,"ms":1370001,"st":"ALIVE","fake":0,"nt":1369.981816}
{"type":"HB","id":3,"x":30,"y":30,"temp":24.5,"t":1360,"ms":1360000,"st":"ALIVE","fake":0,"nt":1370.022989}
{"type":"TOPO","ms":59326,"mid":4113565437,"n_peers":14,"sub":{"nodeId":4113565437,"subs":[{"nodeId":3179103909,"subs":[{"nodeId":3179103441},{"nodeId":4113568617,"subs":[{"nodeId":231769685,"subs":[{"nodeId":219910353,"subs":[{"nodeId":3179098605,"subs":[{"nodeId":1197394817}]}]},{"nodeId":3179104773,"subs":[{"nodeId":3179103081},{"nodeId":3179166493,"subs":[{"nodeId":219922329}]},{"nodeId":4113568701}]},{"nodeId":3179094101,"subs":[{"nodeId":3179086021}]}]}]}]}]}}
{"type":"HEAP","ms":59374,"free":184968,"min_free":180516,"max_alloc":110580,"peers":14}
{"type":"HB","id":5,"x":30,"y":30,"temp":24,"t":1350,"ms":1350000,"st":"ALIVE","fake":0,"nt":1370.469722}
{"type":"HB","id":11,"x":30,"y":30,"temp":24,"t":1350,"ms":1350000,"st":"ALIVE","fake":0,"nt":1370.485809}
{"type":"HB","id":15,"x":30,"y":30,"temp":24,"t":1350,"ms":1350000,"st":"ALIVE","fake":0,"nt":1370.667474}
{"type":"HB","id":6,"x":30,"y":30,"temp":24.5,"t":1350.001,"ms":1350001,"st":"ALIVE","fake":0,"nt":1370.892671}
{"type":"HB","id":13,"x":30,"y":30,"temp":23.5,"t":1350.001,"ms":1350001,"st":"ALIVE","fake":0,"nt":1370.663179}
# [REPLUG_CUE] t=160.21 wall=22:50:33 node=n15
{"type":"HB","id":10,"x":30,"y":30,"temp":24,"t":1350.019,"ms":1350019,"st":"ALIVE","fake":0,"nt":1371.280892}
{"type":"HB","id":99,"x":30,"y":30,"temp":25,"t":64.646,"ms":64646,"st":"ALIVE","fake":0,"nt":64.646075}
{"type":"HB","id":2,"x":30,"y":30,"temp":24.5,"t":1350,"ms":1350000,"st":"ALIVE","fake":0,"nt":1371.464535}
{"type":"TOPO","ms":64660,"mid":4113565437,"n_peers":14,"sub":{"nodeId":4113565437,"subs":[{"nodeId":3179103909,"subs":[{"nodeId":3179103441},{"nodeId":4113568617,"subs":[{"nodeId":231769685,"subs":[{"nodeId":219910353,"subs":[{"nodeId":3179098605,"subs":[{"nodeId":1197394817}]}]},{"nodeId":3179104773,"subs":[{"nodeId":3179103081},{"nodeId":3179166493,"subs":[{"nodeId":219922329}]},{"nodeId":4113568701}]},{"nodeId":3179094101,"subs":[{"nodeId":3179086021}]}]}]}]}]}}
{"type":"HEAP","ms":64697,"free":185068,"min_free":180516,"max_alloc":110580,"peers":14}
{"type":"HB","id":9,"x":30,"y":30,"temp":24,"t":1350,"ms":1350000,"st":"ALIVE","fake":0,"nt":1371.659176}
{"type":"HB","id":1,"x":30,"y":30,"temp":24.5,"t":1350,"ms":1350000,"st":"ALIVE","fake":0,"nt":1371.859485}
{"type":"HB","id":8,"x":30,"y":30,"temp":23,"t":100,"ms":100000,"st":"ALIVE","fake":0,"nt":1378.148161}
{"type":"HB","id":0,"x":30,"y":30,"temp":23.5,"t":1380.003,"ms":1380003,"st":"ALIVE","fake":0,"nt":1379.195076}
{"type":"HB","id":7,"x":30,"y":30,"temp":24,"t":1370.006,"ms":1370006,"st":"ALIVE","fake":0,"nt":1379.380615}
{"type":"TOPO","ms":69987,"mid":4113565437,"n_peers":14,"sub":{"nodeId":4113565437,"subs":[{"nodeId":3179103909,"subs":[{"nodeId":3179103441},{"nodeId":4113568617,"subs":[{"nodeId":231769685,"subs":[{"nodeId":219910353,"subs":[{"nodeId":3179098605,"subs":[{"nodeId":1197394817}]}]},{"nodeId":3179104773,"subs":[{"nodeId":3179103081},{"nodeId":3179166493,"subs":[{"nodeId":219922329}]},{"nodeId":4113568701}]},{"nodeId":3179094101,"subs":[{"nodeId":3179086021}]}]}]}]}]}}
{"type":"HEAP","ms":70035,"free":184464,"min_free":179976,"max_alloc":110580,"peers":14}
{"type":"HB","id":4,"x":30,"y":30,"temp":23.5,"t":1380.001,"ms":1380001,"st":"ALIVE","fake":0,"nt":1379.981871}
{"type":"HB","id":3,"x":30,"y":30,"temp":24.5,"t":1370,"ms":1370000,"st":"ALIVE","fake":0,"nt":1380.022977}
{"type":"HB","id":5,"x":30,"y":30,"temp":24,"t":1360,"ms":1360000,"st":"ALIVE","fake":0,"nt":1380.469727}
{"type":"HB","id":11,"x":30,"y":30,"temp":24,"t":1360,"ms":1360000,"st":"ALIVE","fake":0,"nt":1380.48585}
{"type":"HB","id":13,"x":30,"y":30,"temp":23.5,"t":1360.001,"ms":1360001,"st":"ALIVE","fake":0,"nt":1380.663207}
{"type":"HB","id":99,"x":30,"y":30,"temp":25,"t":75.309,"ms":75309,"st":"ALIVE","fake":0,"nt":75.309122}
{"type":"HB","id":15,"x":30,"y":30,"temp":24,"t":1360,"ms":1360000,"st":"ALIVE","fake":0,"nt":1380.667411}
{"type":"TOPO","ms":75323,"mid":4113565437,"n_peers":14,"sub":{"nodeId":4113565437,"subs":[{"nodeId":3179103909,"subs":[{"nodeId":3179103441},{"nodeId":4113568617,"subs":[{"nodeId":231769685,"subs":[{"nodeId":219910353,"subs":[{"nodeId":3179098605,"subs":[{"nodeId":1197394817}]}]},{"nodeId":3179104773,"subs":[{"nodeId":3179103081},{"nodeId":3179166493,"subs":[{"nodeId":219922329}]},{"nodeId":4113568701}]},{"nodeId":3179094101,"subs":[{"nodeId":3179086021}]}]}]}]}]}}
{"type":"HEAP","ms":75360,"free":183560,"min_free":179976,"max_alloc":110580,"peers":14}
{"type":"HB","id":6,"x":30,"y":30,"temp":24.5,"t":1360.001,"ms":1360001,"st":"ALIVE","fake":0,"nt":1380.892566}
{"type":"HB","id":10,"x":30,"y":30,"temp":24,"t":1360.019,"ms":1360019,"st":"ALIVE","fake":0,"nt":1381.280887}
{"type":"HB","id":2,"x":30,"y":30,"temp":24.5,"t":1360,"ms":1360000,"st":"ALIVE","fake":0,"nt":1381.464493}
{"type":"HB","id":9,"x":30,"y":30,"temp":23.5,"t":1360,"ms":1360000,"st":"ALIVE","fake":0,"nt":1381.659183}
{"type":"HB","id":1,"x":30,"y":30,"temp":24,"t":1360,"ms":1360000,"st":"ALIVE","fake":0,"nt":1381.859458}
{"type":"HB","id":8,"x":30,"y":30,"temp":23,"t":110,"ms":110000,"st":"ALIVE","fake":0,"nt":1388.148197}
{"type":"TOPO","ms":80647,"mid":4113565437,"n_peers":14,"sub":{"nodeId":4113565437,"subs":[{"nodeId":3179103909,"subs":[{"nodeId":3179103441},{"nodeId":4113568617,"subs":[{"nodeId":231769685,"subs":[{"nodeId":219910353,"subs":[{"nodeId":3179098605,"subs":[{"nodeId":1197394817}]}]},{"nodeId":3179104773,"subs":[{"nodeId":3179103081},{"nodeId":3179166493,"subs":[{"nodeId":219922329}]},{"nodeId":4113568701}]},{"nodeId":3179094101,"subs":[{"nodeId":3179086021}]}]}]}]}]}}
{"type":"HEAP","ms":80685,"free":182740,"min_free":178448,"max_alloc":110580,"peers":14}
{"type":"HB","id":0,"x":30,"y":30,"temp":23.5,"t":1390.003,"ms":1390003,"st":"ALIVE","fake":0,"nt":1389.195136}
{"type":"HB","id":99,"x":30,"y":30,"temp":25,"t":85.97,"ms":85970,"st":"ALIVE","fake":0,"nt":85.970135}
{"type":"HB","id":8,"x":30,"y":30,"temp":23,"t":130,"ms":130000,"st":"ALIVE","fake":0,"nt":1408.148182}
{"type":"TOPO","ms":85987,"mid":4113565437,"n_peers":15,"sub":{"nodeId":4113565437,"subs":[{"nodeId":219910353,"subs":[{"nodeId":3179098605,"subs":[{"nodeId":1197394817}]},{"nodeId":231769685,"subs":[{"nodeId":3179104773,"subs":[{"nodeId":3179103081},{"nodeId":3179166493,"subs":[{"nodeId":219922329}]},{"nodeId":4113568701}]},{"nodeId":3179094101,"subs":[{"nodeId":3179086021},{"nodeId":219922697}]},{"nodeId":4113568617,"subs":[{"nodeId":3179103909,"subs":[{"nodeId":3179103441}]}]}]}]}]}}
{"type":"HEAP","ms":86024,"free":190696,"min_free":177940,"max_alloc":110580,"peers":15}
{"type":"HB","id":0,"x":30,"y":30,"temp":23.5,"t":1410.003,"ms":1410003,"st":"ALIVE","fake":0,"nt":1409.195147}
{"type":"HB","id":7,"x":30,"y":30,"temp":24,"t":1400.006,"ms":1400006,"st":"ALIVE","fake":0,"nt":1409.382008}
{"type":"HB","id":4,"x":30,"y":30,"temp":23.5,"t":1410.001,"ms":1410001,"st":"ALIVE","fake":0,"nt":1409.981885}
{"type":"HB","id":3,"x":30,"y":30,"temp":24,"t":1400,"ms":1400000,"st":"ALIVE","fake":0,"nt":1410.022863}
{"type":"HB","id":5,"x":30,"y":30,"temp":24,"t":1390,"ms":1390000,"st":"ALIVE","fake":0,"nt":1410.466929}
{"type":"HB","id":11,"x":30,"y":30,"temp":23.5,"t":1390,"ms":1390000,"st":"ALIVE","fake":0,"nt":1410.491814}
{"type":"TOPO","ms":91312,"mid":4113565437,"n_peers":15,"sub":{"nodeId":4113565437,"subs":[{"nodeId":219910353,"subs":[{"nodeId":3179098605,"subs":[{"nodeId":1197394817}]},{"nodeId":231769685,"subs":[{"nodeId":3179104773,"subs":[{"nodeId":3179103081},{"nodeId":3179166493,"subs":[{"nodeId":219922329}]},{"nodeId":4113568701}]},{"nodeId":3179094101,"subs":[{"nodeId":3179086021},{"nodeId":219922697}]},{"nodeId":4113568617,"subs":[{"nodeId":3179103909,"subs":[{"nodeId":3179103441}]}]}]}]}]}}
{"type":"HEAP","ms":91360,"free":187280,"min_free":177940,"max_alloc":110580,"peers":15}
{"type":"HB","id":13,"x":30,"y":30,"temp":23.5,"t":1390.001,"ms":1390001,"st":"ALIVE","fake":0,"nt":1410.65664}
{"type":"HB","id":15,"x":30,"y":30,"temp":24,"t":1390,"ms":1390000,"st":"ALIVE","fake":0,"nt":1410.666095}
{"type":"HB","id":6,"x":30,"y":30,"temp":24,"t":1390.001,"ms":1390001,"st":"ALIVE","fake":0,"nt":1410.892666}
{"type":"HB","id":10,"x":30,"y":30,"temp":24,"t":1390.019,"ms":1390019,"st":"ALIVE","fake":0,"nt":1411.280854}
{"type":"HB","id":2,"x":30,"y":30,"temp":24,"t":1390,"ms":1390000,"st":"ALIVE","fake":0,"nt":1411.464539}
{"type":"HB","id":9,"x":30,"y":30,"temp":23.5,"t":1390,"ms":1390000,"st":"ALIVE","fake":0,"nt":1411.654295}
{"type":"HB","id":99,"x":30,"y":30,"temp":25,"t":96.633,"ms":96633,"st":"ALIVE","fake":0,"nt":96.633075}
{"type":"HB","id":1,"x":30,"y":30,"temp":24,"t":1390,"ms":1390000,"st":"ALIVE","fake":0,"nt":1411.858129}
{"type":"TOPO","ms":96647,"mid":4113565437,"n_peers":15,"sub":{"nodeId":4113565437,"subs":[{"nodeId":219910353,"subs":[{"nodeId":3179098605,"subs":[{"nodeId":1197394817}]},{"nodeId":231769685,"subs":[{"nodeId":3179104773,"subs":[{"nodeId":3179103081},{"nodeId":3179166493,"subs":[{"nodeId":219922329}]},{"nodeId":4113568701}]},{"nodeId":3179094101,"subs":[{"nodeId":3179086021},{"nodeId":219922697}]},{"nodeId":4113568617,"subs":[{"nodeId":3179103909,"subs":[{"nodeId":3179103441}]}]}]}]}]}}
{"type":"HEAP","ms":96685,"free":187560,"min_free":177940,"max_alloc":110580,"peers":15}
{"type":"HB","id":14,"x":30,"y":30,"temp":23.5,"t":20,"ms":20000,"st":"ALIVE","fake":0,"nt":1412.123117}
{"type":"HB","id":8,"x":30,"y":30,"temp":23,"t":140,"ms":140000,"st":"ALIVE","fake":0,"nt":1418.148181}
{"type":"HB","id":0,"x":30,"y":30,"temp":23.5,"t":1420.003,"ms":1420003,"st":"ALIVE","fake":0,"nt":1419.195071}
{"type":"HB","id":7,"x":30,"y":30,"temp":24,"t":1410.006,"ms":1410006,"st":"ALIVE","fake":0,"nt":1419.381968}
{"type":"HB","id":4,"x":30,"y":30,"temp":23.5,"t":1420.001,"ms":1420001,"st":"ALIVE","fake":0,"nt":1419.981186}
{"type":"TOPO","ms":101975,"mid":4113565437,"n_peers":15,"sub":{"nodeId":4113565437,"subs":[{"nodeId":219910353,"subs":[{"nodeId":3179098605,"subs":[{"nodeId":1197394817}]},{"nodeId":231769685,"subs":[{"nodeId":3179104773,"subs":[{"nodeId":3179103081},{"nodeId":3179166493,"subs":[{"nodeId":219922329}]},{"nodeId":4113568701}]},{"nodeId":3179094101,"subs":[{"nodeId":3179086021},{"nodeId":219922697}]},{"nodeId":4113568617,"subs":[{"nodeId":3179103909,"subs":[{"nodeId":3179103441}]}]}]}]}]}}
{"type":"HEAP","ms":102023,"free":188272,"min_free":177940,"max_alloc":110580,"peers":15}
{"type":"HB","id":3,"x":30,"y":30,"temp":24,"t":1410,"ms":1410000,"st":"ALIVE","fake":0,"nt":1420.022898}
{"type":"HB","id":5,"x":30,"y":30,"temp":23.5,"t":1400,"ms":1400000,"st":"ALIVE","fake":0,"nt":1420.467014}
{"type":"HB","id":11,"x":30,"y":30,"temp":23.5,"t":1400,"ms":1400000,"st":"ALIVE","fake":0,"nt":1420.491829}
{"type":"HB","id":13,"x":30,"y":30,"temp":23,"t":1400.001,"ms":1400001,"st":"ALIVE","fake":0,"nt":1420.656623}
{"type":"HB","id":15,"x":30,"y":30,"temp":24,"t":1400,"ms":1400000,"st":"ALIVE","fake":0,"nt":1420.666124}
{"type":"HB","id":6,"x":30,"y":30,"temp":24,"t":1400.001,"ms":1400001,"st":"ALIVE","fake":0,"nt":1420.892662}
{"type":"HB","id":99,"x":30,"y":30,"temp":25,"t":107.306,"ms":107306,"st":"ALIVE","fake":0,"nt":107.306104}
{"type":"HB","id":10,"x":30,"y":30,"temp":23.5,"t":1400.019,"ms":1400019,"st":"ALIVE","fake":0,"nt":1421.279634}
{"type":"TOPO","ms":107320,"mid":4113565437,"n_peers":15,"sub":{"nodeId":4113565437,"subs":[{"nodeId":219910353,"subs":[{"nodeId":3179098605,"subs":[{"nodeId":1197394817}]},{"nodeId":231769685,"subs":[{"nodeId":3179104773,"subs":[{"nodeId":3179103081},{"nodeId":3179166493,"subs":[{"nodeId":219922329}]},{"nodeId":4113568701}]},{"nodeId":3179094101,"subs":[{"nodeId":3179086021},{"nodeId":219922697}]},{"nodeId":4113568617,"subs":[{"nodeId":3179103909,"subs":[{"nodeId":3179103441}]}]}]}]}]}}
{"type":"HEAP","ms":107368,"free":187768,"min_free":177940,"max_alloc":110580,"peers":15}
{"type":"HB","id":2,"x":30,"y":30,"temp":24,"t":1400,"ms":1400000,"st":"ALIVE","fake":0,"nt":1421.459539}
E BOD: Brownout detector was triggered


ets Jul 29 2019 12:21:46

rst:0x3 (SW_RESET),boot:0x13 (SPI_FAST_FLASH_BOOT)
configsip: 0, SPIWP:0xee
clk_drv:0x00,q_drv:0x00,d_drv:0x00,cs0_drv:0x00,hd_drv:0x00,wp_drv:0x00
mode:DIO, clock div:1
load:0x3fff0030,len:4876
ho 0 tail 12 room 4
load:0x40078000,len:16532
load:0x40080400,len:3500
entry 0x400805b4
[REAL SENSOR MODE] DS18B20 on GPIO4
{"type":"MODE","fake":0,"src":"DS18B20"}

setLogLevel: ERROR | STARTUP |
STARTUP: init(): 1
STARTUP: AP tcp server established on port 5555
{"type":"MESHID","id":99,"mid":4113565437,"is_root":1,"bridge_index":99,"role":"ROOT(bridge)","death_threshold_c":80.0,"warn_temp_c":60.0,"led_pin":5}
{"type":"ROOT_READY"}
{"type":"ST","id":99,"st":"ALIVE","temp":25,"ms":815,"fake":0,"nt":0.815067}
{"type":"TOPO","ms":816,"mid":4113565437,"n_peers":0,"sub":{"nodeId":4113565437}}
{"type":"HEAP","ms":827,"free":200056,"min_free":199916,"max_alloc":110580,"peers":0}
{"type":"TOPO","ms":6106,"mid":4113565437,"n_peers":0,"sub":{"nodeId":4113565437}}
{"type":"HEAP","ms":6106,"free":196504,"min_free":192268,"max_alloc":110580,"peers":0}
{"type":"HB","id":99,"x":30,"y":30,"temp":25,"t":11.384,"ms":11384,"st":"ALIVE","fake":0,"nt":11.384149}
{"type":"TOPO","ms":11391,"mid":4113565437,"n_peers":0,"sub":{"nodeId":4113565437}}
{"type":"HEAP","ms":11402,"free":196760,"min_free":192268,"max_alloc":110580,"peers":0}
{"type":"TOPO","ms":16669,"mid":4113565437,"n_peers":0,"sub":{"nodeId":4113565437}}
{"type":"HEAP","ms":16670,"free":192752,"min_free":192268,"max_alloc":110580,"peers":0}
{"type":"HB","id":99,"x":30,"y":30,"temp":25,"t":21.954,"ms":21954,"st":"ALIVE","fake":0,"nt":21.954101}
{"type":"TOPO","ms":21954,"mid":4113565437,"n_peers":0,"sub":{"nodeId":4113565437}}
{"type":"HEAP","ms":21966,"free":196912,"min_free":192268,"max_alloc":110580,"peers":0}
{"type":"TOPO","ms":27243,"mid":4113565437,"n_peers":0,"sub":{"nodeId":4113565437}}
{"type":"HEAP","ms":27244,"free":192880,"min_free":192268,"max_alloc":110580,"peers":0}
{"type":"HB","id":99,"x":30,"y":30,"temp":25,"t":32.528,"ms":32528,"st":"ALIVE","fake":0,"nt":32.528099}
{"type":"TOPO","ms":32528,"mid":4113565437,"n_peers":0,"sub":{"nodeId":4113565437}}
{"type":"HEAP","ms":32540,"free":196532,"min_free":192268,"max_alloc":110580,"peers":0}
# [END] t=240.73 wall=22:51:53 node=n15
