{"type":"HB","id":0,"x":30,"y":30,"temp":24,"t":740.003,"ms":740003,"st":"ALIVE","fake":0,"nt":739.204982}
{"type":"HB","id":7,"x":30,"y":30,"temp":24,"t":730.003,"ms":730003,"st":"ALIVE","fake":0,"nt":739.387311}
{"type":"TOPO","ms":155013,"mid":4113565437,"n_peers":15,"sub":{"nodeId":4113565437,"subs":[{"nodeId":3179103441,"subs":[{"nodeId":3179103909},{"nodeId":3179094101,"subs":[{"nodeId":3179086021}]},{"nodeId":3179098605,"subs":[{"nodeId":1197394817},{"nodeId":219910353,"subs":[{"nodeId":231769685,"subs":[{"nodeId":219922697},{"nodeId":3179104773,"subs":[{"nodeId":3179103081},{"nodeId":3179166493,"subs":[{"nodeId":219922329}]},{"nodeId":4113568701}]}]}]}]},{"nodeId":4113568617}]}]}}
{"type":"HEAP","ms":155061,"free":186708,"min_free":175200,"max_alloc":110580,"peers":15}
{"type":"HB","id":4,"x":30,"y":30,"temp":24,"t":740.001,"ms":740001,"st":"ALIVE","fake":0,"nt":739.989241}
{"type":"HB","id":3,"x":30,"y":30,"temp":24,"t":730,"ms":730000,"st":"ALIVE","fake":0,"nt":740.044249}
{"type":"HB","id":5,"x":30,"y":30,"temp":24.5,"t":720,"ms":720000,"st":"ALIVE","fake":0,"nt":740.478258}
{"type":"HB","id":11,"x":30,"y":30,"temp":24,"t":720,"ms":720000,"st":"ALIVE","fake":0,"nt":740.488247}
{"type":"HB","id":13,"x":30,"y":30,"temp":24,"t":720,"ms":720000,"st":"ALIVE","fake":0,"nt":740.672066}
{"type":"HB","id":8,"x":30,"y":30,"temp":23.5,"t":720,"ms":720000,"st":"ALIVE","fake":0,"nt":740.874456}
{"type":"HB","id":99,"x":30,"y":30,"temp":25,"t":160.334,"ms":160334,"st":"ALIVE","fake":0,"nt":160.334082}
{"type":"HB","id":15,"x":30,"y":30,"temp":24,"t":720,"ms":720000,"st":"ALIVE","fake":0,"nt":740.676622}
{"type":"TOPO","ms":160348,"mid":4113565437,"n_peers":15,"sub":{"nodeId":4113565437,"subs":[{"nodeId":3179103441,"subs":[{"nodeId":3179103909},{"nodeId":3179094101,"subs":[{"nodeId":3179086021}]},{"nodeId":3179098605,"subs":[{"nodeId":1197394817},{"nodeId":219910353,"subs":[{"nodeId":231769685,"subs":[{"nodeId":219922697},{"nodeId":3179104773,"subs":[{"nodeId":3179103081},{"nodeId":3179166493,"subs":[{"nodeId":219922329}]},{"nodeId":4113568701}]}]}]}]},{"nodeId":4113568617}]}]}}
{"type":"HEAP","ms":160396,"free":187896,"min_free":175200,"max_alloc":110580,"peers":15}
{"type":"HB","id":6,"x":30,"y":30,"temp":24.5,"t":720,"ms":720000,"st":"ALIVE","fake":0,"nt":740.886021}
{"type":"HB","id":14,"x":30,"y":30,"temp":24,"t":720.001,"ms":720001,"st":"ALIVE","fake":0,"nt":741.047377}
{"type":"HB","id":10,"x":30,"y":30,"temp":24,"t":720.014,"ms":720014,"st":"ALIVE","fake":0,"nt":741.270542}
{"type":"HB","id":2,"x":30,"y":30,"temp":24.5,"t":720,"ms":720000,"st":"ALIVE","fake":0,"nt":741.454159}
{"type":"HB","id":9,"x":30,"y":30,"temp":24,"t":720,"ms":720000,"st":"ALIVE","fake":0,"nt":741.665613}
{"type":"HB","id":1,"x":30,"y":30,"temp":24.5,"t":720,"ms":720000,"st":"ALIVE","fake":0,"nt":741.863305}
{"type":"TOPO","ms":165673,"mid":4113565437,"n_peers":15,"sub":{"nodeId":4113565437,"subs":[{"nodeId":3179103441,"subs":[{"nodeId":3179103909},{"nodeId":3179094101,"subs":[{"nodeId":3179086021}]},{"nodeId":3179098605,"subs":[{"nodeId":1197394817},{"nodeId":219910353,"subs":[{"nodeId":231769685,"subs":[{"nodeId":219922697},{"nodeId":3179104773,"subs":[{"nodeId":3179103081},{"nodeId":3179166493,"subs":[{"nodeId":219922329}]},{"nodeId":4113568701}]}]}]}]},{"nodeId":4113568617}]}]}}
{"type":"HEAP","ms":165710,"free":187880,"min_free":175200,"max_alloc":110580,"peers":15}
{"type":"HB","id":0,"x":30,"y":30,"temp":24,"t":750.003,"ms":750003,"st":"ALIVE","fake":0,"nt":749.20501}
{"type":"HB","id":7,"x":30,"y":30,"temp":24,"t":740.003,"ms":740003,"st":"ALIVE","fake":0,"nt":749.387319}
{"type":"HB","id":4,"x":30,"y":30,"temp":24,"t":750.001,"ms":750001,"st":"ALIVE","fake":0,"nt":749.989285}
{"type":"HB","id":3,"x":30,"y":30,"temp":24,"t":740,"ms":740000,"st":"ALIVE","fake":0,"nt":750.044252}
{"type":"HB","id":5,"x":30,"y":30,"temp":24.5,"t":730,"ms":730000,"st":"ALIVE","fake":0,"nt":750.478245}
{"type":"HB","id":11,"x":30,"y":30,"temp":24,"t":730,"ms":730000,"st":"ALIVE","fake":0,"nt":750.488283}
{"type":"HB","id":99,"x":30,"y":30,"temp":25,"t":170.997,"ms":170997,"st":"ALIVE","fake":0,"nt":170.997122}
{"type":"HB","id":13,"x":30,"y":30,"temp":24,"t":730,"ms":730000,"st":"ALIVE","fake":0,"nt":750.672105}
{"type":"TOPO","ms":171011,"mid":4113565437,"n_peers":15,"sub":{"nodeId":4113565437,"subs":[{"nodeId":3179103441,"subs":[{"nodeId":3179103909},{"nodeId":3179094101,"subs":[{"nodeId":3179086021}]},{"nodeId":3179098605,"subs":[{"nodeId":1197394817},{"nodeId":219910353,"subs":[{"nodeId":231769685,"subs":[{"nodeId":219922697},{"nodeId":3179104773,"subs":[{"nodeId":3179103081},{"nodeId":3179166493,"subs":[{"nodeId":219922329}]},{"nodeId":4113568701}]}]}]}]},{"nodeId":4113568617}]}]}}
{"type":"HEAP","ms":171059,"free":188412,"min_free":175200,"max_alloc":110580,"peers":15}
{"type":"HB","id":8,"x":30,"y":30,"temp":23.5,"t":730,"ms":730000,"st":"ALIVE","fake":0,"nt":750.874395}
{"type":"HB","id":15,"x":30,"y":30,"temp":24,"t":730,"ms":730000,"st":"ALIVE","fake":0,"nt":750.67665}
{"type":"HB","id":6,"x":30,"y":30,"temp":24.5,"t":730,"ms":730000,"st":"ALIVE","fake":0,"nt":750.886124}
{"type":"HB","id":14,"x":30,"y":30,"temp":24,"t":730.001,"ms":730001,"st":"ALIVE","fake":0,"nt":751.047347}
{"type":"HB","id":10,"x":30,"y":30,"temp":24,"t":730.014,"ms":730014,"st":"ALIVE","fake":0,"nt":751.270533}
{"type":"HB","id":2,"x":30,"y":30,"temp":24.5,"t":730,"ms":730000,"st":"ALIVE","fake":0,"nt":751.454182}
{"type":"HB","id":9,"x":30,"y":30,"temp":24,"t":730,"ms":730000,"st":"ALIVE","fake":0,"nt":751.665631}
{"type":"TOPO","ms":176337,"mid":4113565437,"n_peers":15,"sub":{"nodeId":4113565437,"subs":[{"nodeId":3179103441,"subs":[{"nodeId":3179103909},{"nodeId":3179094101,"subs":[{"nodeId":3179086021}]},{"nodeId":3179098605,"subs":[{"nodeId":1197394817},{"nodeId":219910353,"subs":[{"nodeId":231769685,"subs":[{"nodeId":219922697},{"nodeId":3179104773,"subs":[{"nodeId":3179103081},{"nodeId":3179166493,"subs":[{"nodeId":219922329}]},{"nodeId":4113568701}]}]}]}]},{"nodeId":4113568617}]}]}}
{"type":"HEAP","ms":176385,"free":187304,"min_free":175200,"max_alloc":110580,"peers":15}
{"type":"HB","id":1,"x":30,"y":30,"temp":24.5,"t":730,"ms":730000,"st":"ALIVE","fake":0,"nt":751.863316}
{"type":"HB","id":0,"x":30,"y":30,"temp":24,"t":760.003,"ms":760003,"st":"ALIVE","fake":0,"nt":759.204982}
{"type":"HB","id":7,"x":30,"y":30,"temp":24,"t":750.003,"ms":750003,"st":"ALIVE","fake":0,"nt":759.387364}
{"type":"HB","id":4,"x":30,"y":30,"temp":24,"t":760.001,"ms":760001,"st":"ALIVE","fake":0,"nt":759.989291}
{"type":"HB","id":99,"x":30,"y":30,"temp":25,"t":181.658,"ms":181658,"st":"ALIVE","fake":0,"nt":181.658086}
{"type":"HB","id":3,"x":30,"y":30,"temp":24,"t":750,"ms":750000,"st":"ALIVE","fake":0,"nt":760.04428}
{"type":"TOPO","ms":181672,"mid":4113565437,"n_peers":15,"sub":{"nodeId":4113565437,"subs":[{"nodeId":3179103441,"subs":[{"nodeId":3179103909},{"nodeId":3179094101,"subs":[{"nodeId":3179086021}]},{"nodeId":3179098605,"subs":[{"nodeId":1197394817},{"nodeId":219910353,"subs":[{"nodeId":231769685,"subs":[{"nodeId":219922697},{"nodeId":3179104773,"subs":[{"nodeId":3179103081},{"nodeId":3179166493,"subs":[{"nodeId":219922329}]},{"nodeId":4113568701}]}]}]}]},{"nodeId":4113568617}]}]}}
{"type":"HEAP","ms":181709,"free":184436,"min_free":175200,"max_alloc":110580,"peers":15}
{"type":"HB","id":5,"x":30,"y":30,"temp":24.5,"t":740,"ms":740000,"st":"ALIVE","fake":0,"nt":760.478239}
{"type":"HB","id":11,"x":30,"y":30,"temp":24,"t":740,"ms":740000,"st":"ALIVE","fake":0,"nt":760.488246}
{"type":"HB","id":13,"x":30,"y":30,"temp":24,"t":740,"ms":740000,"st":"ALIVE","fake":0,"nt":760.672088}
{"type":"HB","id":8,"x":30,"y":30,"temp":23.5,"t":740,"ms":740000,"st":"ALIVE","fake":0,"nt":760.874467}
{"type":"HB","id":15,"x":30,"y":30,"temp":24,"t":740,"ms":740000,"st":"ALIVE","fake":0,"nt":760.676509}
{"type":"HB","id":6,"x":30,"y":30,"temp":24.5,"t":740,"ms":740000,"st":"ALIVE","fake":0,"nt":760.886026}
{"type":"HB","id":14,"x":30,"y":30,"temp":24,"t":740.001,"ms":740001,"st":"ALIVE","fake":0,"nt":761.047341}
{"type":"TOPO","ms":186993,"mid":4113565437,"n_peers":15,"sub":{"nodeId":4113565437,"subs":[{"nodeId":3179103441,"subs":[{"nodeId":3179103909},{"nodeId":3179094101,"subs":[{"nodeId":3179086021}]},{"nodeId":3179098605,"subs":[{"nodeId":1197394817},{"nodeId":219910353,"subs":[{"nodeId":231769685,"subs":[{"nodeId":219922697},{"nodeId":3179104773,"subs":[{"nodeId":3179103081},{"nodeId":3179166493,"subs":[{"nodeId":219922329}]},{"nodeId":4113568701}]}]}]}]},{"nodeId":4113568617}]}]}}
{"type":"HEAP","ms":187042,"free":186708,"min_free":175200,"max_alloc":110580,"peers":15}
{"type":"HB","id":10,"x":30,"y":30,"temp":24,"t":740.014,"ms":740014,"st":"ALIVE","fake":0,"nt":761.270589}
{"type":"HB","id":2,"x":30,"y":30,"temp":24.5,"t":740,"ms":740000,"st":"ALIVE","fake":0,"nt":761.454173}
{"type":"HB","id":9,"x":30,"y":30,"temp":24,"t":740,"ms":740000,"st":"ALIVE","fake":0,"nt":761.665613}
{"type":"HB","id":1,"x":30,"y":30,"temp":24.5,"t":740,"ms":740000,"st":"ALIVE","fake":0,"nt":761.863275}
{"type":"HB","id":0,"x":30,"y":30,"temp":24,"t":770.003,"ms":770003,"st":"ALIVE","fake":0,"nt":769.204973}
{"type":"HB","id":99,"x":30,"y":30,"temp":25,"t":192.319,"ms":192319,"st":"ALIVE","fake":0,"nt":192.319091}
{"type":"TOPO","ms":192321,"mid":4113565437,"n_peers":15,"sub":{"nodeId":4113565437,"subs":[{"nodeId":3179103441,"subs":[{"nodeId":3179103909},{"nodeId":3179094101,"subs":[{"nodeId":3179086021}]},{"nodeId":3179098605,"subs":[{"nodeId":1197394817},{"nodeId":219910353,"subs":[{"nodeId":231769685,"subs":[{"nodeId":219922697},{"nodeId":3179104773,"subs":[{"nodeId":3179103081},{"nodeId":3179166493,"subs":[{"nodeId":219922329}]},{"nodeId":4113568701}]}]}]}]},{"nodeId":4113568617}]}]}}
{"type":"HEAP","ms":192370,"free":182800,"min_free":175200,"max_alloc":110580,"peers":15}
{"type":"HB","id":7,"x":30,"y":30,"temp":24,"t":760.003,"ms":760003,"st":"ALIVE","fake":0,"nt":769.387328}
{"type":"HB","id":4,"x":30,"y":30,"temp":24.5,"t":770.001,"ms":770001,"st":"ALIVE","fake":0,"nt":769.989248}
{"type":"HB","id":3,"x":30,"y":30,"temp":24,"t":760,"ms":760000,"st":"ALIVE","fake":0,"nt":770.044262}
{"type":"HB","id":5,"x":30,"y":30,"temp":24.5,"t":750,"ms":750000,"st":"ALIVE","fake":0,"nt":770.478193}
{"type":"HB","id":11,"x":30,"y":30,"temp":24,"t":750,"ms":750000,"st":"ALIVE","fake":0,"nt":770.488254}
{"type":"HB","id":13,"x":30,"y":30,"temp":24,"t":750,"ms":750000,"st":"ALIVE","fake":0,"nt":770.672066}
{"type":"HB","id":8,"x":30,"y":30,"temp":24,"t":750,"ms":750000,"st":"ALIVE","fake":0,"nt":770.874388}
{"type":"TOPO","ms":197647,"mid":4113565437,"n_peers":15,"sub":{"nodeId":4113565437,"subs":[{"nodeId":3179103441,"subs":[{"nodeId":3179103909},{"nodeId":3179094101,"subs":[{"nodeId":3179086021}]},{"nodeId":3179098605,"subs":[{"nodeId":1197394817},{"nodeId":219910353,"subs":[{"nodeId":231769685,"subs":[{"nodeId":219922697},{"nodeId":3179104773,"subs":[{"nodeId":3179103081},{"nodeId":3179166493,"subs":[{"nodeId":219922329}]},{"nodeId":4113568701}]}]}]}]},{"nodeId":4113568617}]}]}}
{"type":"HEAP","ms":197696,"free":185576,"min_free":175200,"max_alloc":110580,"peers":15}
{"type":"HB","id":15,"x":30,"y":30,"temp":24,"t":750,"ms":750000,"st":"ALIVE","fake":0,"nt":770.676564}
{"type":"HB","id":6,"x":30,"y":30,"temp":24.5,"t":750,"ms":750000,"st":"ALIVE","fake":0,"nt":770.886039}
{"type":"HB","id":14,"x":30,"y":30,"temp":24,"t":750.001,"ms":750001,"st":"ALIVE","fake":0,"nt":771.04738}
{"type":"HB","id":10,"x":30,"y":30,"temp":24,"t":750.014,"ms":750014,"st":"ALIVE","fake":0,"nt":771.270539}
{"type":"HB","id":2,"x":30,"y":30,"temp":24.5,"t":750,"ms":750000,"st":"ALIVE","fake":0,"nt":771.454174}
{"type":"HB","id":9,"x":30,"y":30,"temp":24.5,"t":750,"ms":750000,"st":"ALIVE","fake":0,"nt":771.665613}
{"type":"HB","id":99,"x":30,"y":30,"temp":25,"t":202.968,"ms":202968,"st":"ALIVE","fake":0,"nt":202.968127}
{"type":"HB","id":1,"x":30,"y":30,"temp":24.5,"t":750,"ms":750000,"st":"ALIVE","fake":0,"nt":771.863306}
{"type":"TOPO","ms":202985,"mid":4113565437,"n_peers":15,"sub":{"nodeId":4113565437,"subs":[{"nodeId":3179103441,"subs":[{"nodeId":3179103909},{"nodeId":3179094101,"subs":[{"nodeId":3179086021}]},{"nodeId":3179098605,"subs":[{"nodeId":1197394817},{"nodeId":219910353,"subs":[{"nodeId":231769685,"subs":[{"nodeId":219922697},{"nodeId":3179104773,"subs":[{"nodeId":3179103081},{"nodeId":3179166493,"subs":[{"nodeId":219922329}]},{"nodeId":4113568701}]}]}]}]},{"nodeId":4113568617}]}]}}
{"type":"HEAP","ms":203022,"free":181852,"min_free":175200,"max_alloc":110580,"peers":15}
{"type":"HB","id":0,"x":30,"y":30,"temp":24,"t":780.003,"ms":780003,"st":"ALIVE","fake":0,"nt":779.204985}
{"type":"HB","id":7,"x":30,"y":30,"temp":24,"t":770.003,"ms":770003,"st":"ALIVE","fake":0,"nt":779.387329}
{"type":"HB","id":4,"x":30,"y":30,"temp":24,"t":780.001,"ms":780001,"st":"ALIVE","fake":0,"nt":779.989272}
{"type":"HB","id":3,"x":30,"y":30,"temp":24,"t":770,"ms":770000,"st":"ALIVE","fake":0,"nt":780.044286}
{"type":"HB","id":5,"x":30,"y":30,"temp":24.5,"t":760,"ms":760000,"st":"ALIVE","fake":0,"nt":780.478169}
{"type":"TOPO","ms":208309,"mid":4113565437,"n_peers":15,"sub":{"nodeId":4113565437,"subs":[{"nodeId":3179103441,"subs":[{"nodeId":3179103909},{"nodeId":3179094101,"subs":[{"nodeId":3179086021}]},{"nodeId":3179098605,"subs":[{"nodeId":1197394817},{"nodeId":219910353,"subs":[{"nodeId":231769685,"subs":[{"nodeId":219922697},{"nodeId":3179104773,"subs":[{"nodeId":3179103081},{"nodeId":3179166493,"subs":[{"nodeId":219922329}]},{"nodeId":4113568701}]}]}]}]},{"nodeId":4113568617}]}]}}
{"type":"HEAP","ms":208357,"free":183180,"min_free":175200,"max_alloc":110580,"peers":15}
{"type":"HB","id":11,"x":30,"y":30,"temp":24,"t":760,"ms":760000,"st":"ALIVE","fake":0,"nt":780.488242}
{"type":"HB","id":13,"x":30,"y":30,"temp":24,"t":760,"ms":760000,"st":"ALIVE","fake":0,"nt":780.675925}
{"type":"HB","id":8,"x":30,"y":30,"temp":24,"t":760,"ms":760000,"st":"ALIVE","fake":0,"nt":780.878382}
{"type":"HB","id":15,"x":30,"y":30,"temp":24,"t":760,"ms":760000,"st":"ALIVE","fake":0,"nt":780.676578}
{"type":"HB","id":6,"x":30,"y":30,"temp":24.5,"t":760,"ms":760000,"st":"ALIVE","fake":0,"nt":780.886101}
{"type":"HB","id":99,"x":30,"y":30,"temp":25,"t":213.628,"ms":213628,"st":"ALIVE","fake":0,"nt":213.628123}
{"type":"HB","id":14,"x":30,"y":30,"temp":24,"t":760.001,"ms":760001,"st":"ALIVE","fake":0,"nt":781.047411}
{"type":"TOPO","ms":213643,"mid":4113565437,"n_peers":15,"sub":{"nodeId":4113565437,"subs":[{"nodeId":3179103441,"subs":[{"nodeId":3179103909},{"nodeId":3179094101,"subs":[{"nodeId":3179086021}]},{"nodeId":3179098605,"subs":[{"nodeId":1197394817},{"nodeId":219910353,"subs":[{"nodeId":231769685,"subs":[{"nodeId":219922697},{"nodeId":3179104773,"subs":[{"nodeId":3179103081},{"nodeId":3179166493,"subs":[{"nodeId":219922329}]},{"nodeId":4113568701}]}]}]}]},{"nodeId":4113568617}]}]}}
{"type":"HEAP","ms":213680,"free":180648,"min_free":175200,"max_alloc":110580,"peers":15}
{"type":"HB","id":10,"x":30,"y":30,"temp":24,"t":760.014,"ms":760014,"st":"ALIVE","fake":0,"nt":781.283219}
{"type":"HB","id":2,"x":30,"y":30,"temp":24.5,"t":760,"ms":760000,"st":"ALIVE","fake":0,"nt":781.467661}
{"type":"HB","id":9,"x":30,"y":30,"temp":24.5,"t":760,"ms":760000,"st":"ALIVE","fake":0,"nt":781.665649}
{"type":"HB","id":1,"x":30,"y":30,"temp":24.5,"t":760,"ms":760000,"st":"ALIVE","fake":0,"nt":781.861481}
{"type":"HB","id":0,"x":30,"y":30,"temp":24,"t":790.003,"ms":790003,"st":"ALIVE","fake":0,"nt":789.209007}
{"type":"TOPO","ms":218974,"mid":4113565437,"n_peers":15,"sub":{"nodeId":4113565437,"subs":[{"nodeId":3179103441,"subs":[{"nodeId":3179103909},{"nodeId":3179094101,"subs":[{"nodeId":3179086021}]},{"nodeId":3179098605,"subs":[{"nodeId":1197394817},{"nodeId":219910353,"subs":[{"nodeId":231769685,"subs":[{"nodeId":219922697},{"nodeId":3179104773,"subs":[{"nodeId":3179103081},{"nodeId":3179166493,"subs":[{"nodeId":219922329}]},{"nodeId":4113568701}]}]}]}]},{"nodeId":4113568617}]}]}}
{"type":"HEAP","ms":219022,"free":183012,"min_free":175200,"max_alloc":110580,"peers":15}
{"type":"HB","id":7,"x":30,"y":30,"temp":24,"t":780.003,"ms":780003,"st":"ALIVE","fake":0,"nt":789.38755}
{"type":"HB","id":4,"x":30,"y":30,"temp":24.5,"t":790.001,"ms":790001,"st":"ALIVE","fake":0,"nt":789.995295}
{"type":"HB","id":3,"x":30,"y":30,"temp":24,"t":780,"ms":780000,"st":"ALIVE","fake":0,"nt":790.043372}
{"type":"HB","id":5,"x":30,"y":30,"temp":24.5,"t":770,"ms":770000,"st":"ALIVE","fake":0,"nt":790.476801}
{"type":"HB","id":11,"x":30,"y":30,"temp":24,"t":770,"ms":770000,"st":"ALIVE","fake":0,"nt":790.487118}
{"type":"HB","id":13,"x":30,"y":30,"temp":24,"t":770,"ms":770000,"st":"ALIVE","fake":0,"nt":790.675975}
{"type":"HB","id":99,"x":30,"y":30,"temp":25,"t":224.294,"ms":224294,"st":"ALIVE","fake":0,"nt":224.294077}
{"type":"TOPO","ms":224296,"mid":4113565437,"n_peers":0,"sub":{"nodeId":4113565437}}
{"type":"HEAP","ms":224307,"free":192572,"min_free":175200,"max_alloc":110580,"peers":0}
{"type":"TOPO","ms":229590,"mid":4113565437,"n_peers":15,"sub":{"nodeId":4113565437,"subs":[{"nodeId":219922697,"subs":[{"nodeId":231769685,"subs":[{"nodeId":219910353,"subs":[{"nodeId":3179098605,"subs":[{"nodeId":1197394817},{"nodeId":3179103441,"subs":[{"nodeId":3179103909},{"nodeId":3179094101,"subs":[{"nodeId":3179086021}]},{"nodeId":4113568617}]}]}]},{"nodeId":3179104773,"subs":[{"nodeId":3179103081},{"nodeId":3179166493,"subs":[{"nodeId":219922329}]},{"nodeId":4113568701}]}]}]}]}}
{"type":"HEAP","ms":229628,"free":187612,"min_free":175200,"max_alloc":110580,"peers":15}
{"type":"HB","id":0,"x":30,"y":30,"temp":24,"t":820.003,"ms":820003,"st":"ALIVE","fake":0,"nt":819.208986}
{"type":"HB","id":7,"x":30,"y":30,"temp":24,"t":810.003,"ms":810003,"st":"ALIVE","fake":0,"nt":819.387552}
{"type":"HB","id":4,"x":30,"y":30,"temp":24.5,"t":820.001,"ms":820001,"st":"ALIVE","fake":0,"nt":819.995322}
{"type":"HB","id":3,"x":30,"y":30,"temp":24,"t":810,"ms":810000,"st":"ALIVE","fake":0,"nt":820.043406}
{"type":"HB","id":5,"x":30,"y":30,"temp":24.5,"t":800,"ms":800000,"st":"ALIVE","fake":0,"nt":820.476803}
{"type":"HB","id":99,"x":30,"y":30,"temp":25,"t":234.914,"ms":234914,"st":"ALIVE","fake":0,"nt":234.914129}
{"type":"HB","id":11,"x":30,"y":30,"temp":24,"t":800,"ms":800000,"st":"ALIVE","fake":0,"nt":820.487128}
{"type":"TOPO","ms":234928,"mid":4113565437,"n_peers":15,"sub":{"nodeId":4113565437,"subs":[{"nodeId":219922697,"subs":[{"nodeId":231769685,"subs":[{"nodeId":219910353,"subs":[{"nodeId":3179098605,"subs":[{"nodeId":1197394817},{"nodeId":3179103441,"subs":[{"nodeId":3179103909},{"nodeId":3179094101,"subs":[{"nodeId":3179086021}]},{"nodeId":4113568617}]}]}]},{"nodeId":3179104773,"subs":[{"nodeId":3179103081},{"nodeId":3179166493,"subs":[{"nodeId":219922329}]},{"nodeId":4113568701}]}]}]}]}}
{"type":"HEAP","ms":234976,"free":185176,"min_free":175200,"max_alloc":110580,"peers":15}
{"type":"HB","id":13,"x":30,"y":30,"temp":24,"t":800,"ms":800000,"st":"ALIVE","fake":0,"nt":820.675924}
{"type":"HB","id":15,"x":30,"y":30,"temp":24,"t":800,"ms":800000,"st":"ALIVE","fake":0,"nt":820.678003}
{"type":"HB","id":6,"x":30,"y":30,"temp":24.5,"t":800,"ms":800000,"st":"ALIVE","fake":0,"nt":820.887599}
{"type":"HB","id":8,"x":30,"y":30,"temp":24,"t":800,"ms":800000,"st":"ALIVE","fake":0,"nt":820.87832}
{"type":"HB","id":14,"x":30,"y":30,"temp":24.5,"t":800.002,"ms":800002,"st":"ALIVE","fake":0,"nt":821.047114}
{"type":"HB","id":10,"x":30,"y":30,"temp":24,"t":800.014,"ms":800014,"st":"ALIVE","fake":0,"nt":821.283165}
{"type":"TOPO","ms":240254,"mid":4113565437,"n_peers":15,"sub":{"nodeId":4113565437,"subs":[{"nodeId":219922697,"subs":[{"nodeId":231769685,"subs":[{"nodeId":219910353,"subs":[{"nodeId":3179098605,"subs":[{"nodeId":1197394817},{"nodeId":3179103441,"subs":[{"nodeId":3179103909},{"nodeId":3179094101,"subs":[{"nodeId":3179086021}]},{"nodeId":4113568617}]}]}]},{"nodeId":3179104773,"subs":[{"nodeId":3179103081},{"nodeId":3179166493,"subs":[{"nodeId":219922329}]},{"nodeId":4113568701}]}]}]}]}}
{"type":"HEAP","ms":240303,"free":187668,"min_free":175200,"max_alloc":110580,"peers":15}
{"type":"HB","id":2,"x":30,"y":30,"temp":24.5,"t":800,"ms":800000,"st":"ALIVE","fake":0,"nt":821.467686}
{"type":"HB","id":9,"x":30,"y":30,"temp":24.5,"t":800,"ms":800000,"st":"ALIVE","fake":0,"nt":821.665648}
{"type":"HB","id":1,"x":30,"y":30,"temp":24.5,"t":800,"ms":800000,"st":"ALIVE","fake":0,"nt":821.86786}
{"type":"HB","id":0,"x":30,"y":30,"temp":24,"t":830.003,"ms":830003,"st":"ALIVE","fake":0,"nt":829.209012}
{"type":"HB","id":7,"x":30,"y":30,"temp":24,"t":820.003,"ms":820003,"st":"ALIVE","fake":0,"nt":829.387577}
{"type":"HB","id":99,"x":30,"y":30,"temp":25,"t":245.607,"ms":245607,"st":"ALIVE","fake":0,"nt":245.607081}
{"type":"HB","id":4,"x":30,"y":30,"temp":24.5,"t":830.001,"ms":830001,"st":"ALIVE","fake":0,"nt":829.995303}
{"type":"TOPO","ms":245621,"mid":4113565437,"n_peers":15,"sub":{"nodeId":4113565437,"subs":[{"nodeId":219922697,"subs":[{"nodeId":231769685,"subs":[{"nodeId":219910353,"subs":[{"nodeId":3179098605,"subs":[{"nodeId":1197394817},{"nodeId":3179103441,"subs":[{"nodeId":3179103909},{"nodeId":3179094101,"subs":[{"nodeId":3179086021}]},{"nodeId":4113568617}]}]}]},{"nodeId":3179104773,"subs":[{"nodeId":3179103081},{"nodeId":3179166493,"subs":[{"nodeId":219922329}]},{"nodeId":4113568701}]}]}]}]}}
{"type":"HEAP","ms":245669,"free":185632,"min_free":175200,"max_alloc":110580,"peers":15}
{"type":"HB","id":3,"x":30,"y":30,"temp":24,"t":820,"ms":820000,"st":"ALIVE","fake":0,"nt":830.043414}
{"type":"HB","id":5,"x":30,"y":30,"temp":24.5,"t":810,"ms":810000,"st":"ALIVE","fake":0,"nt":830.476784}
{"type":"HB","id":11,"x":30,"y":30,"temp":24,"t":810,"ms":810000,"st":"ALIVE","fake":0,"nt":830.487138}
{"type":"HB","id":13,"x":30,"y":30,"temp":24,"t":810,"ms":810000,"st":"ALIVE","fake":0,"nt":830.67594}
{"type":"HB","id":15,"x":30,"y":30,"temp":24,"t":810,"ms":810000,"st":"ALIVE","fake":0,"nt":830.678088}
{"type":"HB","id":6,"x":30,"y":30,"temp":24.5,"t":810,"ms":810000,"st":"ALIVE","fake":0,"nt":830.887603}
{"type":"TOPO","ms":250945,"mid":4113565437,"n_peers":15,"sub":{"nodeId":4113565437,"subs":[{"nodeId":219922697,"subs":[{"nodeId":231769685,"subs":[{"nodeId":219910353,"subs":[{"nodeId":3179098605,"subs":[{"nodeId":1197394817},{"nodeId":3179103441,"subs":[{"nodeId":3179103909},{"nodeId":3179094101,"subs":[{"nodeId":3179086021}]},{"nodeId":4113568617}]}]}]},{"nodeId":3179104773,"subs":[{"nodeId":3179103081},{"nodeId":3179166493,"subs":[{"nodeId":219922329}]},{"nodeId":4113568701}]}]}]}]}}
{"type":"HEAP","ms":250994,"free":187692,"min_free":175200,"max_alloc":110580,"peers":15}
{"type":"HB","id":8,"x":30,"y":30,"temp":24,"t":810,"ms":810000,"st":"ALIVE","fake":0,"nt":830.878268}
{"type":"HB","id":14,"x":30,"y":30,"temp":24.5,"t":810.002,"ms":810002,"st":"ALIVE","fake":0,"nt":831.047097}
{"type":"HB","id":10,"x":30,"y":30,"temp":24,"t":810.014,"ms":810014,"st":"ALIVE","fake":0,"nt":831.283226}
{"type":"HB","id":2,"x":30,"y":30,"temp":24.5,"t":810,"ms":810000,"st":"ALIVE","fake":0,"nt":831.467672}
{"type":"HB","id":9,"x":30,"y":30,"temp":24.5,"t":810,"ms":810000,"st":"ALIVE","fake":0,"nt":831.66566}
{"type":"HB","id":1,"x":30,"y":30,"temp":24.5,"t":810,"ms":810000,"st":"ALIVE","fake":0,"nt":831.86785}
{"type":"HB","id":99,"x":30,"y":30,"temp":25,"t":256.278,"ms":256278,"st":"ALIVE","fake":0,"nt":256.278077}
{"type":"TOPO","ms":256280,"mid":4113565437,"n_peers":15,"sub":{"nodeId":4113565437,"subs":[{"nodeId":219922697,"subs":[{"nodeId":231769685,"subs":[{"nodeId":219910353,"subs":[{"nodeId":3179098605,"subs":[{"nodeId":1197394817},{"nodeId":3179103441,"subs":[{"nodeId":3179103909},{"nodeId":3179094101,"subs":[{"nodeId":3179086021}]},{"nodeId":4113568617}]}]}]},{"nodeId":3179104773,"subs":[{"nodeId":3179103081},{"nodeId":3179166493,"subs":[{"nodeId":219922329}]},{"nodeId":4113568701}]}]}]}]}}
{"type":"HEAP","ms":256329,"free":184816,"min_free":175200,"max_alloc":110580,"peers":15}
{"type":"HB","id":0,"x":30,"y":30,"temp":24,"t":840.003,"ms":840003,"st":"ALIVE","fake":0,"nt":839.208982}
{"type":"HB","id":7,"x":30,"y":30,"temp":24,"t":830.003,"ms":830003,"st":"ALIVE","fake":0,"nt":839.387583}
{"type":"HB","id":3,"x":30,"y":30,"temp":24,"t":830,"ms":830000,"st":"ALIVE","fake":0,"nt":840.043432}
{"type":"HB","id":4,"x":30,"y":30,"temp":24.5,"t":840.001,"ms":840001,"st":"ALIVE","fake":0,"nt":839.995349}
{"type":"HB","id":5,"x":30,"y":30,"temp":24.5,"t":820,"ms":820000,"st":"ALIVE","fake":0,"nt":840.476752}
{"type":"HB","id":11,"x":30,"y":30,"temp":24,"t":820,"ms":820000,"st":"ALIVE","fake":0,"nt":840.487156}
{"type":"HB","id":13,"x":30,"y":30,"temp":24,"t":820,"ms":820000,"st":"ALIVE","fake":0,"nt":840.673925}
{"type":"TOPO","ms":261644,"mid":4113565437,"n_peers":15,"sub":{"nodeId":4113565437,"subs":[{"nodeId":219922697,"subs":[{"nodeId":231769685,"subs":[{"nodeId":219910353,"subs":[{"nodeId":3179098605,"subs":[{"nodeId":1197394817},{"nodeId":3179103441,"subs":[{"nodeId":3179103909},{"nodeId":3179094101,"subs":[{"nodeId":3179086021}]},{"nodeId":4113568617}]}]}]},{"nodeId":3179104773,"subs":[{"nodeId":3179103081},{"nodeId":3179166493,"subs":[{"nodeId":219922329}]},{"nodeId":4113568701}]}]}]}]}}
{"type":"HEAP","ms":261693,"free":186316,"min_free":175200,"max_alloc":110580,"peers":15}
{"type":"HB","id":14,"x":30,"y":30,"temp":24.5,"t":820.003,"ms":820003,"st":"ALIVE","fake":0,"nt":841.048186}
{"type":"HB","id":15,"x":30,"y":30,"temp":24,"t":820,"ms":820000,"st":"ALIVE","fake":0,"nt":840.678093}
{"type":"HB","id":6,"x":30,"y":30,"temp":24.5,"t":820,"ms":820000,"st":"ALIVE","fake":0,"nt":840.887634}
{"type":"HB","id":8,"x":30,"y":30,"temp":24,"t":820,"ms":820000,"st":"ALIVE","fake":0,"nt":840.878394}
{"type":"HB","id":10,"x":30,"y":30,"temp":24,"t":820.018,"ms":820018,"st":"ALIVE","fake":0,"nt":841.285374}
{"type":"HB","id":2,"x":30,"y":30,"temp":24.5,"t":820,"ms":820000,"st":"ALIVE","fake":0,"nt":841.46724}
{"type":"HB","id":99,"x":30,"y":30,"temp":25,"t":266.977,"ms":266977,"st":"ALIVE","fake":0,"nt":266.977113}
{"type":"HB","id":9,"x":30,"y":30,"temp":24.5,"t":820,"ms":820000,"st":"ALIVE","fake":0,"nt":841.663024}
{"type":"TOPO","ms":266994,"mid":4113565437,"n_peers":15,"sub":{"nodeId":4113565437,"subs":[{"nodeId":219922697,"subs":[{"nodeId":231769685,"subs":[{"nodeId":219910353,"subs":[{"nodeId":3179098605,"subs":[{"nodeId":1197394817},{"nodeId":3179103441,"subs":[{"nodeId":3179103909},{"nodeId":3179094101,"subs":[{"nodeId":3179086021}]},{"nodeId":4113568617}]}]}]},{"nodeId":3179104773,"subs":[{"nodeId":3179103081},{"nodeId":3179166493,"subs":[{"nodeId":219922329}]},{"nodeId":4113568701}]}]}]}]}}
{"type":"HEAP","ms":267032,"free":183540,"min_free":175200,"max_alloc":110580,"peers":15}
{"type":"HB","id":1,"x":30,"y":30,"temp":24.5,"t":820,"ms":820000,"st":"ALIVE","fake":0,"nt":841.867847}
{"type":"HB","id":0,"x":30,"y":30,"temp":24,"t":850.003,"ms":850003,"st":"ALIVE","fake":0,"nt":849.204061}
{"type":"HB","id":7,"x":30,"y":30,"temp":24,"t":840.003,"ms":840003,"st":"ALIVE","fake":0,"nt":849.386003}
{"type":"HB","id":4,"x":30,"y":30,"temp":24.5,"t":850.001,"ms":850001,"st":"ALIVE","fake":0,"nt":849.996252}
{"type":"TOPO","ms":272319,"mid":4113565437,"n_peers":15,"sub":{"nodeId":4113565437,"subs":[{"nodeId":219922697,"subs":[{"nodeId":231769685,"subs":[{"nodeId":219910353,"subs":[{"nodeId":3179098605,"subs":[{"nodeId":1197394817},{"nodeId":3179103441,"subs":[{"nodeId":3179103909},{"nodeId":3179094101,"subs":[{"nodeId":3179086021}]},{"nodeId":4113568617}]}]}]},{"nodeId":3179104773,"subs":[{"nodeId":3179103081},{"nodeId":3179166493,"subs":[{"nodeId":219922329}]},{"nodeId":4113568701}]}]}]}]}}
{"type":"HEAP","ms":272368,"free":183612,"min_free":175200,"max_alloc":110580,"peers":15}
{"type":"HB","id":3,"x":30,"y":30,"temp":24.5,"t":840,"ms":840000,"st":"ALIVE","fake":0,"nt":850.041064}
{"type":"HB","id":5,"x":30,"y":30,"temp":24.5,"t":830,"ms":830000,"st":"ALIVE","fake":0,"nt":850.473235}
{"type":"HB","id":11,"x":30,"y":30,"temp":24,"t":830,"ms":830000,"st":"ALIVE","fake":0,"nt":850.487711}
{"type":"HB","id":13,"x":30,"y":30,"temp":24,"t":830,"ms":830000,"st":"ALIVE","fake":0,"nt":850.670087}
{"type":"HB","id":15,"x":30,"y":30,"temp":24,"t":830,"ms":830000,"st":"ALIVE","fake":0,"nt":850.676648}
{"type":"HB","id":6,"x":30,"y":30,"temp":24.5,"t":830,"ms":830000,"st":"ALIVE","fake":0,"nt":850.887662}
{"type":"HB","id":99,"x":30,"y":30,"temp":25,"t":277.676,"ms":277676,"st":"ALIVE","fake":0,"nt":277.676121}
{"type":"HB","id":8,"x":30,"y":30,"temp":24,"t":830,"ms":830000,"st":"ALIVE","fake":0,"nt":850.876245}
{"type":"TOPO","ms":277690,"mid":4113565437,"n_peers":15,"sub":{"nodeId":4113565437,"subs":[{"nodeId":219922697,"subs":[{"nodeId":231769685,"subs":[{"nodeId":219910353,"subs":[{"nodeId":3179098605,"subs":[{"nodeId":1197394817},{"nodeId":3179103441,"subs":[{"nodeId":3179103909},{"nodeId":3179094101,"subs":[{"nodeId":3179086021}]},{"nodeId":4113568617}]}]}]},{"nodeId":3179104773,"subs":[{"nodeId":3179103081},{"nodeId":3179166493,"subs":[{"nodeId":219922329}]},{"nodeId":4113568701}]}]}]}]}}
{"type":"HEAP","ms":277739,"free":183148,"min_free":175200,"max_alloc":110580,"peers":15}
{"type":"HB","id":14,"x":30,"y":30,"temp":24.5,"t":830.003,"ms":830003,"st":"ALIVE","fake":0,"nt":851.042546}
{"type":"HB","id":10,"x":30,"y":30,"temp":24,"t":830.018,"ms":830018,"st":"ALIVE","fake":0,"nt":851.287418}
{"type":"HB","id":2,"x":30,"y":30,"temp":24.5,"t":830,"ms":830000,"st":"ALIVE","fake":0,"nt":851.46705}
{"type":"HB","id":9,"x":30,"y":30,"temp":24.5,"t":830,"ms":830000,"st":"ALIVE","fake":0,"nt":851.662544}
{"type":"HB","id":1,"x":30,"y":30,"temp":24.5,"t":830,"ms":830000,"st":"ALIVE","fake":0,"nt":851.866142}
{"type":"TOPO","ms":283018,"mid":4113565437,"n_peers":15,"sub":{"nodeId":4113565437,"subs":[{"nodeId":219922697,"subs":[{"nodeId":231769685,"subs":[{"nodeId":219910353,"subs":[{"nodeId":3179098605,"subs":[{"nodeId":1197394817},{"nodeId":3179103441,"subs":[{"nodeId":3179103909},{"nodeId":3179094101,"subs":[{"nodeId":3179086021}]},{"nodeId":4113568617}]}]}]},{"nodeId":3179104773,"subs":[{"nodeId":3179103081},{"nodeId":3179166493,"subs":[{"nodeId":219922329}]},{"nodeId":4113568701}]}]}]}]}}
{"type":"HEAP","ms":283056,"free":182568,"min_free":175200,"max_alloc":110580,"peers":15}
{"type":"HB","id":0,"x":30,"y":30,"temp":24,"t":860.003,"ms":860003,"st":"ALIVE","fake":0,"nt":859.204069}
{"type":"HB","id":7,"x":30,"y":30,"temp":24,"t":850.003,"ms":850003,"st":"ALIVE","fake":0,"nt":859.386045}
{"type":"HB","id":4,"x":30,"y":30,"temp":24.5,"t":860.001,"ms":860001,"st":"ALIVE","fake":0,"nt":859.996246}
{"type":"HB","id":3,"x":30,"y":30,"temp":24.5,"t":850,"ms":850000,"st":"ALIVE","fake":0,"nt":860.041097}
{"type":"HB","id":5,"x":30,"y":30,"temp":24.5,"t":840,"ms":840000,"st":"ALIVE","fake":0,"nt":860.473243}
{"type":"HB","id":99,"x":30,"y":30,"temp":25,"t":288.344,"ms":288344,"st":"ALIVE","fake":0,"nt":288.344085}
{"type":"HB","id":11,"x":30,"y":30,"temp":24,"t":840,"ms":840000,"st":"ALIVE","fake":0,"nt":860.487743}
{"type":"TOPO","ms":288358,"mid":4113565437,"n_peers":15,"sub":{"nodeId":4113565437,"subs":[{"nodeId":219922697,"subs":[{"nodeId":231769685,"subs":[{"nodeId":219910353,"subs":[{"nodeId":3179098605,"subs":[{"nodeId":1197394817},{"nodeId":3179103441,"subs":[{"nodeId":3179103909},{"nodeId":3179094101,"subs":[{"nodeId":3179086021}]},{"nodeId":4113568617}]}]}]},{"nodeId":3179104773,"subs":[{"nodeId":3179103081},{"nodeId":3179166493,"subs":[{"nodeId":219922329}]},{"nodeId":4113568701}]}]}]}]}}
{"type":"HEAP","ms":288406,"free":183892,"min_free":175200,"max_alloc":110580,"peers":15}
{"type":"HB","id":13,"x":30,"y":30,"temp":24,"t":840,"ms":840000,"st":"ALIVE","fake":0,"nt":860.67004}
{"type":"HB","id":15,"x":30,"y":30,"temp":24,"t":840,"ms":840000,"st":"ALIVE","fake":0,"nt":860.676664}
{"type":"HB","id":6,"x":30,"y":30,"temp":24.5,"t":840,"ms":840000,"st":"ALIVE","fake":0,"nt":860.887669}
{"type":"HB","id":8,"x":30,"y":30,"temp":24,"t":840,"ms":840000,"st":"ALIVE","fake":0,"nt":860.876243}
{"type":"HB","id":14,"x":30,"y":30,"temp":24.5,"t":840.003,"ms":840003,"st":"ALIVE","fake":0,"nt":861.042537}
{"type":"HB","id":10,"x":30,"y":30,"temp":24.5,"t":840.018,"ms":840018,"st":"ALIVE","fake":0,"nt":861.287397}
{"type":"TOPO","ms":293684,"mid":4113565437,"n_peers":15,"sub":{"nodeId":4113565437,"subs":[{"nodeId":219922697,"subs":[{"nodeId":231769685,"subs":[{"nodeId":219910353,"subs":[{"nodeId":3179098605,"subs":[{"nodeId":1197394817},{"nodeId":3179103441,"subs":[{"nodeId":3179103909},{"nodeId":3179094101,"subs":[{"nodeId":3179086021}]},{"nodeId":4113568617}]}]}]},{"nodeId":3179104773,"subs":[{"nodeId":3179103081},{"nodeId":3179166493,"subs":[{"nodeId":219922329}]},{"nodeId":4113568701}]}]}]}]}}
{"type":"HEAP","ms":293732,"free":179816,"min_free":175200,"max_alloc":110580,"peers":15}
{"type":"HB","id":2,"x":30,"y":30,"temp":24.5,"t":840,"ms":840000,"st":"ALIVE","fake":0,"nt":861.46704}
{"type":"HB","id":9,"x":30,"y":30,"temp":24.5,"t":840,"ms":840000,"st":"ALIVE","fake":0,"nt":861.66251}
{"type":"HB","id":1,"x":30,"y":30,"temp":24.5,"t":840,"ms":840000,"st":"ALIVE","fake":0,"nt":861.866145}
{"type":"HB","id":0,"x":30,"y":30,"temp":24,"t":870.003,"ms":870003,"st":"ALIVE","fake":0,"nt":869.20405}
{"type":"HB","id":7,"x":30,"y":30,"temp":24,"t":860.003,"ms":860003,"st":"ALIVE","fake":0,"nt":869.386018}
{"type":"HB","id":3,"x":30,"y":30,"temp":24.5,"t":860,"ms":860000,"st":"ALIVE","fake":0,"nt":870.041072}
{"type":"HB","id":99,"x":30,"y":30,"temp":25,"t":299.032,"ms":299032,"st":"ALIVE","fake":0,"nt":299.032086}
{"type":"HB","id":4,"x":30,"y":30,"temp":24.5,"t":870.001,"ms":870001,"st":"ALIVE","fake":0,"nt":869.99625}
{"type":"TOPO","ms":299046,"mid":4113565437,"n_peers":15,"sub":{"nodeId":4113565437,"subs":[{"nodeId":219922697,"subs":[{"nodeId":231769685,"subs":[{"nodeId":219910353,"subs":[{"nodeId":3179098605,"subs":[{"nodeId":1197394817},{"nodeId":3179103441,"subs":[{"nodeId":3179103909},{"nodeId":3179094101,"subs":[{"nodeId":3179086021}]},{"nodeId":4113568617}]}]}]},{"nodeId":3179104773,"subs":[{"nodeId":3179103081},{"nodeId":3179166493,"subs":[{"nodeId":219922329}]},{"nodeId":4113568701}]}]}]}]}}
{"type":"HEAP","ms":299094,"free":180824,"min_free":175200,"max_alloc":110580,"peers":15}
{"type":"HB","id":5,"x":30,"y":30,"temp":24.5,"t":850,"ms":850000,"st":"ALIVE","fake":0,"nt":870.473212}
{"type":"HB","id":11,"x":30,"y":30,"temp":24,"t":850,"ms":850000,"st":"ALIVE","fake":0,"nt":870.487711}
{"type":"HB","id":13,"x":30,"y":30,"temp":24,"t":850,"ms":850000,"st":"ALIVE","fake":0,"nt":870.670043}
{"type":"HB","id":14,"x":30,"y":30,"temp":24.5,"t":850.005,"ms":850005,"st":"ALIVE","fake":0,"nt":871.045413}
