# [START] t=0.00 wall=23:02:00 node=n15
{"type":"HB","id":14,"x":30,"y":30,"temp":24.5,"t":670,"ms":670000,"st":"ALIVE","fake":0,"nt":2062.087959}
{"type":"HB","id":8,"x":30,"y":30,"temp":24,"t":790,"ms":790000,"st":"ALIVE","fake":0,"nt":2068.148491}
{"type":"HB","id":0,"x":30,"y":30,"temp":24.5,"t":2070.003,"ms":2070003,"st":"ALIVE","fake":0,"nt":2069.190175}
{"type":"TOPO","ms":506716,"mid":4113565437,"n_peers":15,"sub":{"nodeId":4113565437,"subs":[{"nodeId":3179103909,"subs":[{"nodeId":3179103441},{"nodeId":4113568617,"subs":[{"nodeId":231769685,"subs":[{"nodeId":219910353,"subs":[{"nodeId":3179098605,"subs":[{"nodeId":1197394817}]}]},{"nodeId":3179104773,"subs":[{"nodeId":3179103081},{"nodeId":3179166493,"subs":[{"nodeId":219922329}]},{"nodeId":4113568701}]},{"nodeId":3179094101,"subs":[{"nodeId":219922697}]},{"nodeId":3179086021}]}]}]}]}}
{"type":"HEAP","ms":506764,"free":186640,"min_free":174048,"max_alloc":110580,"peers":15}
{"type":"HB","id":7,"x":30,"y":30,"temp":24.5,"t":2060.006,"ms":2060006,"st":"ALIVE","fake":0,"nt":2069.370758}
{"type":"HB","id":4,"x":30,"y":30,"temp":24.5,"t":2070.001,"ms":2070001,"st":"ALIVE","fake":0,"nt":2069.969476}
{"type":"HB","id":3,"x":30,"y":30,"temp":24.5,"t":2060,"ms":2060000,"st":"ALIVE","fake":0,"nt":2070.001822}
{"type":"HB","id":5,"x":30,"y":30,"temp":24.5,"t":2050,"ms":2050000,"st":"ALIVE","fake":0,"nt":2070.452784}
{"type":"HB","id":11,"x":30,"y":30,"temp":24,"t":2050,"ms":2050000,"st":"ALIVE","fake":0,"nt":2070.485249}
{"type":"HB","id":13,"x":30,"y":30,"temp":24,"t":2050.002,"ms":2050002,"st":"ALIVE","fake":0,"nt":2070.646611}
{"type":"HB","id":99,"x":30,"y":30,"temp":25,"t":512.048,"ms":512048,"st":"ALIVE","fake":0,"nt":512.048084}
{"type":"HB","id":15,"x":30,"y":30,"temp":24.5,"t":2050,"ms":2050000,"st":"ALIVE","fake":0,"nt":2070.658335}
{"type":"TOPO","ms":512062,"mid":4113565437,"n_peers":15,"sub":{"nodeId":4113565437,"subs":[{"nodeId":3179103909,"subs":[{"nodeId":3179103441},{"nodeId":4113568617,"subs":[{"nodeId":231769685,"subs":[{"nodeId":219910353,"subs":[{"nodeId":3179098605,"subs":[{"nodeId":1197394817}]}]},{"nodeId":3179104773,"subs":[{"nodeId":3179103081},{"nodeId":3179166493,"subs":[{"nodeId":219922329}]},{"nodeId":4113568701}]},{"nodeId":3179094101,"subs":[{"nodeId":219922697}]},{"nodeId":3179086021}]}]}]}]}}
{"type":"HEAP","ms":512110,"free":185132,"min_free":174048,"max_alloc":110580,"peers":15}
{"type":"HB","id":6,"x":30,"y":30,"temp":24.5,"t":2050.002,"ms":2050002,"st":"ALIVE","fake":0,"nt":2070.893555}
{"type":"HB","id":10,"x":30,"y":30,"temp":24.5,"t":2050.019,"ms":2050019,"st":"ALIVE","fake":0,"nt":2071.267669}
{"type":"HB","id":2,"x":30,"y":30,"temp":24.5,"t":2050,"ms":2050000,"st":"ALIVE","fake":0,"nt":2071.448257}
{"type":"HB","id":9,"x":30,"y":30,"temp":24.5,"t":2050,"ms":2050000,"st":"ALIVE","fake":0,"nt":2071.645463}
{"type":"HB","id":1,"x":30,"y":30,"temp":24.5,"t":2050,"ms":2050000,"st":"ALIVE","fake":0,"nt":2071.856394}
{"type":"HB","id":14,"x":30,"y":30,"temp":24.5,"t":680,"ms":680000,"st":"ALIVE","fake":0,"nt":2072.08795}
{"type":"TOPO","ms":517387,"mid":4113565437,"n_peers":15,"sub":{"nodeId":4113565437,"subs":[{"nodeId":3179103909,"subs":[{"nodeId":3179103441},{"nodeId":4113568617,"subs":[{"nodeId":231769685,"subs":[{"nodeId":219910353,"subs":[{"nodeId":3179098605,"subs":[{"nodeId":1197394817}]}]},{"nodeId":3179104773,"subs":[{"nodeId":3179103081},{"nodeId":3179166493,"subs":[{"nodeId":219922329}]},{"nodeId":4113568701}]},{"nodeId":3179094101,"subs":[{"nodeId":219922697}]},{"nodeId":3179086021}]}]}]}]}}
{"type":"HEAP","ms":517424,"free":185924,"min_free":174048,"max_alloc":110580,"peers":15}
{"type":"HB","id":8,"x":30,"y":30,"temp":24,"t":800,"ms":800000,"st":"ALIVE","fake":0,"nt":2078.14851}
{"type":"HB","id":0,"x":30,"y":30,"temp":24.5,"t":2080.003,"ms":2080003,"st":"ALIVE","fake":0,"nt":2079.190153}
{"type":"HB","id":7,"x":30,"y":30,"temp":24.5,"t":2070.006,"ms":2070006,"st":"ALIVE","fake":0,"nt":2079.370689}
{"type":"HB","id":4,"x":30,"y":30,"temp":24.5,"t":2080.001,"ms":2080001,"st":"ALIVE","fake":0,"nt":2079.969464}
{"type":"HB","id":3,"x":30,"y":30,"temp":24.5,"t":2070,"ms":2070000,"st":"ALIVE","fake":0,"nt":2080.001768}
{"type":"HB","id":99,"x":30,"y":30,"temp":25,"t":522.711,"ms":522711,"st":"ALIVE","fake":0,"nt":522.711117}
{"type":"HB","id":5,"x":30,"y":30,"temp":24.5,"t":2060,"ms":2060000,"st":"ALIVE","fake":0,"nt":2080.452773}
{"type":"TOPO","ms":522725,"mid":4113565437,"n_peers":15,"sub":{"nodeId":4113565437,"subs":[{"nodeId":3179103909,"subs":[{"nodeId":3179103441},{"nodeId":4113568617,"subs":[{"nodeId":231769685,"subs":[{"nodeId":219910353,"subs":[{"nodeId":3179098605,"subs":[{"nodeId":1197394817}]}]},{"nodeId":3179104773,"subs":[{"nodeId":3179103081},{"nodeId":3179166493,"subs":[{"nodeId":219922329}]},{"nodeId":4113568701}]},{"nodeId":3179094101,"subs":[{"nodeId":219922697}]},{"nodeId":3179086021}]}]}]}]}}
{"type":"HEAP","ms":522773,"free":182040,"min_free":174048,"max_alloc":110580,"peers":15}
{"type":"HB","id":11,"x":30,"y":30,"temp":24,"t":2060,"ms":2060000,"st":"ALIVE","fake":0,"nt":2080.485263}
{"type":"HB","id":13,"x":30,"y":30,"temp":24,"t":2060.002,"ms":2060002,"st":"ALIVE","fake":0,"nt":2080.646599}
{"type":"HB","id":15,"x":30,"y":30,"temp":24.5,"t":2060,"ms":2060000,"st":"ALIVE","fake":0,"nt":2080.658224}
{"type":"HB","id":6,"x":30,"y":30,"temp":24.5,"t":2060.002,"ms":2060002,"st":"ALIVE","fake":0,"nt":2080.893682}
{"type":"HB","id":10,"x":30,"y":30,"temp":24.5,"t":2060.019,"ms":2060019,"st":"ALIVE","fake":0,"nt":2081.268444}
{"type":"TOPO","ms":528047,"mid":4113565437,"n_peers":15,"sub":{"nodeId":4113565437,"subs":[{"nodeId":3179103909,"subs":[{"nodeId":3179103441},{"nodeId":4113568617,"subs":[{"nodeId":231769685,"subs":[{"nodeId":219910353,"subs":[{"nodeId":3179098605,"subs":[{"nodeId":1197394817}]}]},{"nodeId":3179104773,"subs":[{"nodeId":3179103081},{"nodeId":3179166493,"subs":[{"nodeId":219922329}]},{"nodeId":4113568701}]},{"nodeId":3179094101,"subs":[{"nodeId":219922697}]},{"nodeId":3179086021}]}]}]}]}}
{"type":"HEAP","ms":528095,"free":184832,"min_free":174048,"max_alloc":110580,"peers":15}
{"type":"HB","id":2,"x":30,"y":30,"temp":25,"t":2060,"ms":2060000,"st":"ALIVE","fake":0,"nt":2081.448273}
{"type":"HB","id":9,"x":30,"y":30,"temp":24.5,"t":2060,"ms":2060000,"st":"ALIVE","fake":0,"nt":2081.645432}
{"type":"HB","id":1,"x":30,"y":30,"temp":24.5,"t":2060,"ms":2060000,"st":"ALIVE","fake":0,"nt":2081.856407}
{"type":"HB","id":14,"x":30,"y":30,"temp":24.5,"t":690,"ms":690000,"st":"ALIVE","fake":0,"nt":2082.084055}
{"type":"HB","id":8,"x":30,"y":30,"temp":24,"t":810,"ms":810000,"st":"ALIVE","fake":0,"nt":2088.137157}
{"type":"HB","id":99,"x":30,"y":30,"temp":25,"t":533.384,"ms":533384,"st":"ALIVE","fake":0,"nt":533.384122}
{"type":"HB","id":0,"x":30,"y":30,"temp":24.5,"t":2090.003,"ms":2090003,"st":"ALIVE","fake":0,"nt":2089.180959}
{"type":"TOPO","ms":533398,"mid":4113565437,"n_peers":15,"sub":{"nodeId":4113565437,"subs":[{"nodeId":3179103909,"subs":[{"nodeId":3179103441},{"nodeId":4113568617,"subs":[{"nodeId":231769685,"subs":[{"nodeId":219910353,"subs":[{"nodeId":3179098605,"subs":[{"nodeId":1197394817}]}]},{"nodeId":3179104773,"subs":[{"nodeId":3179103081},{"nodeId":3179166493,"subs":[{"nodeId":219922329}]},{"nodeId":4113568701}]},{"nodeId":3179094101,"subs":[{"nodeId":219922697}]},{"nodeId":3179086021}]}]}]}]}}
{"type":"HEAP","ms":533446,"free":180680,"min_free":174048,"max_alloc":110580,"peers":15}
{"type":"HB","id":7,"x":30,"y":30,"temp":24.5,"t":2080.006,"ms":2080006,"st":"ALIVE","fake":0,"nt":2089.370732}
{"type":"HB","id":4,"x":30,"y":30,"temp":24.5,"t":2090.001,"ms":2090001,"st":"ALIVE","fake":0,"nt":2089.9663}
{"type":"HB","id":3,"x":30,"y":30,"temp":24.5,"t":2080,"ms":2080000,"st":"ALIVE","fake":0,"nt":2090.001748}
{"type":"HB","id":5,"x":30,"y":30,"temp":24.5,"t":2070,"ms":2070000,"st":"ALIVE","fake":0,"nt":2090.452742}
{"type":"HB","id":11,"x":30,"y":30,"temp":24,"t":2070,"ms":2070000,"st":"ALIVE","fake":0,"nt":2090.485263}
{"type":"HB","id":13,"x":30,"y":30,"temp":24,"t":2070.002,"ms":2070002,"st":"ALIVE","fake":0,"nt":2090.646599}
{"type":"TOPO","ms":538723,"mid":4113565437,"n_peers":15,"sub":{"nodeId":4113565437,"subs":[{"nodeId":3179103909,"subs":[{"nodeId":3179103441},{"nodeId":4113568617,"subs":[{"nodeId":231769685,"subs":[{"nodeId":219910353,"subs":[{"nodeId":3179098605,"subs":[{"nodeId":1197394817}]}]},{"nodeId":3179104773,"subs":[{"nodeId":3179103081},{"nodeId":3179166493,"subs":[{"nodeId":219922329}]},{"nodeId":4113568701}]},{"nodeId":3179094101,"subs":[{"nodeId":219922697}]},{"nodeId":3179086021}]}]}]}]}}
{"type":"HEAP","ms":538772,"free":183668,"min_free":174048,"max_alloc":110580,"peers":15}
{"type":"HB","id":15,"x":30,"y":30,"temp":24.5,"t":2070,"ms":2070000,"st":"ALIVE","fake":0,"nt":2090.658276}
{"type":"HB","id":6,"x":30,"y":30,"temp":24.5,"t":2070.002,"ms":2070002,"st":"ALIVE","fake":0,"nt":2090.893658}
{"type":"HB","id":10,"x":30,"y":30,"temp":24.5,"t":2070.019,"ms":2070019,"st":"ALIVE","fake":0,"nt":2091.26851}
{"type":"HB","id":2,"x":30,"y":30,"temp":24.5,"t":2070,"ms":2070000,"st":"ALIVE","fake":0,"nt":2091.448287}
{"type":"HB","id":9,"x":30,"y":30,"temp":24.5,"t":2070,"ms":2070000,"st":"ALIVE","fake":0,"nt":2091.645468}
{"type":"HB","id":1,"x":30,"y":30,"temp":24.5,"t":2070,"ms":2070000,"st":"ALIVE","fake":0,"nt":2091.856358}
{"type":"HB","id":99,"x":30,"y":30,"temp":25,"t":544.055,"ms":544055,"st":"ALIVE","fake":0,"nt":544.055081}
{"type":"HB","id":14,"x":30,"y":30,"temp":24.5,"t":700,"ms":700000,"st":"ALIVE","fake":0,"nt":2092.084069}
{"type":"TOPO","ms":544069,"mid":4113565437,"n_peers":15,"sub":{"nodeId":4113565437,"subs":[{"nodeId":3179103909,"subs":[{"nodeId":3179103441},{"nodeId":4113568617,"subs":[{"nodeId":231769685,"subs":[{"nodeId":219910353,"subs":[{"nodeId":3179098605,"subs":[{"nodeId":1197394817}]}]},{"nodeId":3179104773,"subs":[{"nodeId":3179103081},{"nodeId":3179166493,"subs":[{"nodeId":219922329}]},{"nodeId":4113568701}]},{"nodeId":3179094101,"subs":[{"nodeId":219922697}]},{"nodeId":3179086021}]}]}]}]}}
{"type":"HEAP","ms":544118,"free":180264,"min_free":174048,"max_alloc":110580,"peers":15}
{"type":"HB","id":8,"x":30,"y":30,"temp":24,"t":820,"ms":820000,"st":"ALIVE","fake":0,"nt":2098.137201}
{"type":"HB","id":0,"x":30,"y":30,"temp":24.5,"t":2100.003,"ms":2100003,"st":"ALIVE","fake":0,"nt":2099.180901}
{"type":"HB","id":7,"x":30,"y":30,"temp":24.5,"t":2090.006,"ms":2090006,"st":"ALIVE","fake":0,"nt":2099.370713}
{"type":"HB","id":4,"x":30,"y":30,"temp":24.5,"t":2100.001,"ms":2100001,"st":"ALIVE","fake":0,"nt":2099.966254}
{"type":"TOPO","ms":549395,"mid":4113565437,"n_peers":15,"sub":{"nodeId":4113565437,"subs":[{"nodeId":3179103909,"subs":[{"nodeId":3179103441},{"nodeId":4113568617,"subs":[{"nodeId":231769685,"subs":[{"nodeId":219910353,"subs":[{"nodeId":3179098605,"subs":[{"nodeId":1197394817}]}]},{"nodeId":3179104773,"subs":[{"nodeId":3179103081},{"nodeId":3179166493,"subs":[{"nodeId":219922329}]},{"nodeId":4113568701}]},{"nodeId":3179094101,"subs":[{"nodeId":219922697}]},{"nodeId":3179086021}]}]}]}]}}
{"type":"HEAP","ms":549443,"free":181364,"min_free":174048,"max_alloc":110580,"peers":15}
{"type":"HB","id":3,"x":30,"y":30,"temp":24.5,"t":2090,"ms":2090000,"st":"ALIVE","fake":0,"nt":2100.001764}
{"type":"HB","id":5,"x":30,"y":30,"temp":24.5,"t":2080,"ms":2080000,"st":"ALIVE","fake":0,"nt":2100.452774}
{"type":"HB","id":11,"x":30,"y":30,"temp":24,"t":2080,"ms":2080000,"st":"ALIVE","fake":0,"nt":2100.485272}
{"type":"HB","id":13,"x":30,"y":30,"temp":24,"t":2080.002,"ms":2080002,"st":"ALIVE","fake":0,"nt":2100.646624}
{"type":"HB","id":15,"x":30,"y":30,"temp":24.5,"t":2080,"ms":2080000,"st":"ALIVE","fake":0,"nt":2100.658358}
{"type":"HB","id":6,"x":30,"y":30,"temp":24.5,"t":2080.002,"ms":2080002,"st":"ALIVE","fake":0,"nt":2100.893558}
{"type":"HB","id":99,"x":30,"y":30,"temp":25,"t":554.729,"ms":554729,"st":"ALIVE","fake":0,"nt":554.729081}
{"type":"HB","id":10,"x":30,"y":30,"temp":24.5,"t":2080.019,"ms":2080019,"st":"ALIVE","fake":0,"nt":2101.268514}
{"type":"TOPO","ms":554743,"mid":4113565437,"n_peers":15,"sub":{"nodeId":4113565437,"subs":[{"nodeId":3179103909,"subs":[{"nodeId":3179103441},{"nodeId":4113568617,"subs":[{"nodeId":231769685,"subs":[{"nodeId":219910353,"subs":[{"nodeId":3179098605,"subs":[{"nodeId":1197394817}]}]},{"nodeId":3179104773,"subs":[{"nodeId":3179103081},{"nodeId":3179166493,"subs":[{"nodeId":219922329}]},{"nodeId":4113568701}]},{"nodeId":3179094101,"subs":[{"nodeId":219922697}]},{"nodeId":3179086021}]}]}]}]}}
{"type":"HEAP","ms":554791,"free":178932,"min_free":174048,"max_alloc":110580,"peers":15}
{"type":"HB","id":2,"x":30,"y":30,"temp":24.5,"t":2080,"ms":2080000,"st":"ALIVE","fake":0,"nt":2101.448287}
{"type":"HB","id":9,"x":30,"y":30,"temp":24.5,"t":2080,"ms":2080000,"st":"ALIVE","fake":0,"nt":2101.645453}
{"type":"HB","id":1,"x":30,"y":30,"temp":24.5,"t":2080,"ms":2080000,"st":"ALIVE","fake":0,"nt":2101.8564}
{"type":"HB","id":14,"x":30,"y":30,"temp":24.5,"t":710,"ms":710000,"st":"ALIVE","fake":0,"nt":2102.084088}
{"type":"HB","id":8,"x":30,"y":30,"temp":24,"t":830,"ms":830000,"st":"ALIVE","fake":0,"nt":2108.137168}
{"type":"TOPO","ms":560067,"mid":4113565437,"n_peers":15,"sub":{"nodeId":4113565437,"subs":[{"nodeId":3179103909,"subs":[{"nodeId":3179103441},{"nodeId":4113568617,"subs":[{"nodeId":231769685,"subs":[{"nodeId":219910353,"subs":[{"nodeId":3179098605,"subs":[{"nodeId":1197394817}]}]},{"nodeId":3179104773,"subs":[{"nodeId":3179103081},{"nodeId":3179166493,"subs":[{"nodeId":219922329}]},{"nodeId":4113568701}]},{"nodeId":3179094101,"subs":[{"nodeId":219922697}]},{"nodeId":3179086021}]}]}]}]}}
{"type":"HEAP","ms":560115,"free":181272,"min_free":174048,"max_alloc":110580,"peers":15}
{"type":"HB","id":0,"x":30,"y":30,"temp":24.5,"t":2110.003,"ms":2110003,"st":"ALIVE","fake":0,"nt":2109.180904}
{"type":"HB","id":7,"x":30,"y":30,"temp":24.5,"t":2100.006,"ms":2100006,"st":"ALIVE","fake":0,"nt":2109.370739}
{"type":"HB","id":4,"x":30,"y":30,"temp":24.5,"t":2110.001,"ms":2110001,"st":"ALIVE","fake":0,"nt":2109.966288}
{"type":"HB","id":3,"x":30,"y":30,"temp":24.5,"t":2100,"ms":2100000,"st":"ALIVE","fake":0,"nt":2110.001787}
# [PULL_CUE] t=60.76 wall=23:03:01 node=n07
# [TARGET] t=60.76 wall=23:03:01 node=n07
# [TARGET_INFO] node=n07 홉3 · 자식4명 · 하위 11개
{"type":"HB","id":99,"x":30,"y":30,"temp":25,"t":565.391,"ms":565391,"st":"ALIVE","fake":0,"nt":565.391135}
{"type":"TOPO","ms":565393,"mid":4113565437,"n_peers":0,"sub":{"nodeId":4113565437}}
{"type":"HEAP","ms":565404,"free":193192,"min_free":174048,"max_alloc":110580,"peers":0}
{"type":"HB","id":8,"x":30,"y":30,"temp":24,"t":860,"ms":860000,"st":"ALIVE","fake":0,"nt":2138.137208}
{"type":"HB","id":0,"x":30,"y":30,"temp":24.5,"t":2140.003,"ms":2140003,"st":"ALIVE","fake":0,"nt":2139.180936}
{"type":"TOPO","ms":570690,"mid":4113565437,"n_peers":15,"sub":{"nodeId":4113565437,"subs":[{"nodeId":1197394817,"subs":[{"nodeId":3179098605,"subs":[{"nodeId":219910353,"subs":[{"nodeId":231769685,"subs":[{"nodeId":3179104773,"subs":[{"nodeId":3179103081},{"nodeId":3179166493,"subs":[{"nodeId":219922329}]},{"nodeId":4113568701}]},{"nodeId":3179094101,"subs":[{"nodeId":219922697}]},{"nodeId":4113568617,"subs":[{"nodeId":3179103909,"subs":[{"nodeId":3179103441}]}]},{"nodeId":3179086021}]}]}]}]}]}}
{"type":"HEAP","ms":570739,"free":189640,"min_free":174048,"max_alloc":110580,"peers":15}
{"type":"HB","id":7,"x":30,"y":30,"temp":24.5,"t":2130.006,"ms":2130006,"st":"ALIVE","fake":0,"nt":2139.367703}
{"type":"HB","id":4,"x":30,"y":30,"temp":24.5,"t":2140.001,"ms":2140001,"st":"ALIVE","fake":0,"nt":2139.966243}
{"type":"HB","id":3,"x":30,"y":30,"temp":24.5,"t":2130,"ms":2130000,"st":"ALIVE","fake":0,"nt":2139.999836}
{"type":"HB","id":5,"x":30,"y":30,"temp":24.5,"t":2120,"ms":2120000,"st":"ALIVE","fake":0,"nt":2140.452172}
{"type":"HB","id":11,"x":30,"y":30,"temp":24,"t":2120,"ms":2120000,"st":"ALIVE","fake":0,"nt":2140.485785}
{"type":"HB","id":13,"x":30,"y":30,"temp":24,"t":2120.002,"ms":2120002,"st":"ALIVE","fake":0,"nt":2140.642672}
{"type":"HB","id":99,"x":30,"y":30,"temp":25,"t":576.012,"ms":576012,"st":"ALIVE","fake":0,"nt":576.012128}
{"type":"HB","id":15,"x":30,"y":30,"temp":24.5,"t":2120,"ms":2120000,"st":"ALIVE","fake":0,"nt":2140.654999}
{"type":"TOPO","ms":576026,"mid":4113565437,"n_peers":15,"sub":{"nodeId":4113565437,"subs":[{"nodeId":1197394817,"subs":[{"nodeId":3179098605,"subs":[{"nodeId":219910353,"subs":[{"nodeId":231769685,"subs":[{"nodeId":3179104773,"subs":[{"nodeId":3179103081},{"nodeId":3179166493,"subs":[{"nodeId":219922329}]},{"nodeId":4113568701}]},{"nodeId":3179094101,"subs":[{"nodeId":219922697}]},{"nodeId":4113568617,"subs":[{"nodeId":3179103909,"subs":[{"nodeId":3179103441}]}]},{"nodeId":3179086021}]}]}]}]}]}}
{"type":"HEAP","ms":576075,"free":186740,"min_free":174048,"max_alloc":110580,"peers":15}
{"type":"HB","id":6,"x":30,"y":30,"temp":24.5,"t":2120.002,"ms":2120002,"st":"ALIVE","fake":0,"nt":2140.89366}
{"type":"HB","id":10,"x":30,"y":30,"temp":24.5,"t":2120.019,"ms":2120019,"st":"ALIVE","fake":0,"nt":2141.266147}
{"type":"HB","id":2,"x":30,"y":30,"temp":25,"t":2120,"ms":2120000,"st":"ALIVE","fake":0,"nt":2141.447378}
{"type":"HB","id":9,"x":30,"y":30,"temp":24.5,"t":2120,"ms":2120000,"st":"ALIVE","fake":0,"nt":2141.644011}
{"type":"HB","id":1,"x":30,"y":30,"temp":24.5,"t":2120,"ms":2120000,"st":"ALIVE","fake":0,"nt":2141.852359}
{"type":"HB","id":14,"x":30,"y":30,"temp":24.5,"t":750,"ms":750000,"st":"ALIVE","fake":0,"nt":2142.081735}
{"type":"TOPO","ms":581352,"mid":4113565437,"n_peers":15,"sub":{"nodeId":4113565437,"subs":[{"nodeId":1197394817,"subs":[{"nodeId":3179098605,"subs":[{"nodeId":219910353,"subs":[{"nodeId":231769685,"subs":[{"nodeId":3179104773,"subs":[{"nodeId":3179103081},{"nodeId":3179166493,"subs":[{"nodeId":219922329}]},{"nodeId":4113568701}]},{"nodeId":3179094101,"subs":[{"nodeId":219922697}]},{"nodeId":4113568617,"subs":[{"nodeId":3179103909,"subs":[{"nodeId":3179103441}]}]},{"nodeId":3179086021}]}]}]}]}]}}
{"type":"HEAP","ms":581401,"free":186832,"min_free":174048,"max_alloc":110580,"peers":15}
{"type":"HB","id":8,"x":30,"y":30,"temp":24,"t":870,"ms":870000,"st":"ALIVE","fake":0,"nt":2148.149831}
{"type":"HB","id":0,"x":30,"y":30,"temp":24,"t":2150.003,"ms":2150003,"st":"ALIVE","fake":0,"nt":2149.190868}
{"type":"HB","id":7,"x":30,"y":30,"temp":24.5,"t":2140.006,"ms":2140006,"st":"ALIVE","fake":0,"nt":2149.36775}
{"type":"HB","id":4,"x":30,"y":30,"temp":24.5,"t":2150.001,"ms":2150001,"st":"ALIVE","fake":0,"nt":2149.970908}
{"type":"HB","id":99,"x":30,"y":30,"temp":25,"t":586.694,"ms":586694,"st":"ALIVE","fake":0,"nt":586.694114}
{"type":"HB","id":3,"x":30,"y":30,"temp":24.5,"t":2140,"ms":2140000,"st":"ALIVE","fake":0,"nt":2149.999868}
{"type":"TOPO","ms":586708,"mid":4113565437,"n_peers":15,"sub":{"nodeId":4113565437,"subs":[{"nodeId":1197394817,"subs":[{"nodeId":3179098605,"subs":[{"nodeId":219910353,"subs":[{"nodeId":231769685,"subs":[{"nodeId":3179104773,"subs":[{"nodeId":3179103081},{"nodeId":3179166493,"subs":[{"nodeId":219922329}]},{"nodeId":4113568701}]},{"nodeId":3179094101,"subs":[{"nodeId":219922697}]},{"nodeId":4113568617,"subs":[{"nodeId":3179103909,"subs":[{"nodeId":3179103441}]}]},{"nodeId":3179086021}]}]}]}]}]}}
{"type":"HEAP","ms":586757,"free":186232,"min_free":174048,"max_alloc":110580,"peers":15}
{"type":"HB","id":5,"x":30,"y":30,"temp":24.5,"t":2130,"ms":2130000,"st":"ALIVE","fake":0,"nt":2150.452138}
{"type":"HB","id":11,"x":30,"y":30,"temp":24,"t":2130,"ms":2130000,"st":"ALIVE","fake":0,"nt":2150.485779}
{"type":"HB","id":13,"x":30,"y":30,"temp":24,"t":2130.002,"ms":2130002,"st":"ALIVE","fake":0,"nt":2150.642718}
{"type":"HB","id":15,"x":30,"y":30,"temp":24.5,"t":2130,"ms":2130000,"st":"ALIVE","fake":0,"nt":2150.655004}
{"type":"HB","id":6,"x":30,"y":30,"temp":24.5,"t":2130.002,"ms":2130002,"st":"ALIVE","fake":0,"nt":2150.893643}
{"type":"HB","id":10,"x":30,"y":30,"temp":24.5,"t":2130.019,"ms":2130019,"st":"ALIVE","fake":0,"nt":2151.266126}
{"type":"HB","id":2,"x":30,"y":30,"temp":24.5,"t":2130,"ms":2130000,"st":"ALIVE","fake":0,"nt":2151.447355}
{"type":"TOPO","ms":592031,"mid":4113565437,"n_peers":15,"sub":{"nodeId":4113565437,"subs":[{"nodeId":1197394817,"subs":[{"nodeId":3179098605,"subs":[{"nodeId":219910353,"subs":[{"nodeId":231769685,"subs":[{"nodeId":3179104773,"subs":[{"nodeId":3179103081},{"nodeId":3179166493,"subs":[{"nodeId":219922329}]},{"nodeId":4113568701}]},{"nodeId":3179094101,"subs":[{"nodeId":219922697}]},{"nodeId":4113568617,"subs":[{"nodeId":3179103909,"subs":[{"nodeId":3179103441}]}]},{"nodeId":3179086021}]}]}]}]}]}}
{"type":"HEAP","ms":592080,"free":189328,"min_free":174048,"max_alloc":110580,"peers":15}
{"type":"HB","id":9,"x":30,"y":30,"temp":24.5,"t":2130,"ms":2130000,"st":"ALIVE","fake":0,"nt":2151.64399}
{"type":"HB","id":13,"x":30,"y":30,"temp":24,"t":2140.002,"ms":2140002,"st":"ALIVE","fake":0,"nt":2160.642692}
{"type":"HB","id":5,"x":30,"y":30,"temp":24.5,"t":2140,"ms":2140000,"st":"ALIVE","fake":0,"nt":2160.452154}
{"type":"HB","id":9,"x":30,"y":30,"temp":24.5,"t":2140,"ms":2140000,"st":"ALIVE","fake":0,"nt":2161.643996}
{"type":"HB","id":99,"x":30,"y":30,"temp":25,"t":597.364,"ms":597364,"st":"ALIVE","fake":0,"nt":597.364117}
{"type":"TOPO","ms":597366,"mid":4113565437,"n_peers":3,"sub":{"nodeId":4113565437,"subs":[{"nodeId":1197394817,"subs":[{"nodeId":3179098605,"subs":[{"nodeId":219910353}]}]}]}}
{"type":"HEAP","ms":597389,"free":189400,"min_free":174048,"max_alloc":110580,"peers":3}
{"type":"HB","id":5,"x":30,"y":30,"temp":24.5,"t":2150,"ms":2150000,"st":"ALIVE","fake":0,"nt":2170.452168}
{"type":"HB","id":13,"x":30,"y":30,"temp":24,"t":2150.002,"ms":2150002,"st":"ALIVE","fake":0,"nt":2170.642684}
{"type":"TOPO","ms":602655,"mid":4113565437,"n_peers":3,"sub":{"nodeId":4113565437,"subs":[{"nodeId":1197394817,"subs":[{"nodeId":3179098605,"subs":[{"nodeId":219910353}]}]}]}}
{"type":"HEAP","ms":602667,"free":190804,"min_free":174048,"max_alloc":110580,"peers":3}
{"type":"HB","id":9,"x":30,"y":30,"temp":24,"t":2150,"ms":2150000,"st":"ALIVE","fake":0,"nt":2171.64405}
{"type":"HB","id":99,"x":30,"y":30,"temp":25,"t":607.935,"ms":607935,"st":"ALIVE","fake":0,"nt":607.935124}
{"type":"TOPO","ms":607944,"mid":4113565437,"n_peers":11,"sub":{"nodeId":4113565437,"subs":[{"nodeId":1197394817,"subs":[{"nodeId":3179098605,"subs":[{"nodeId":219910353,"subs":[{"nodeId":4113568701,"subs":[{"nodeId":3179104773,"subs":[{"nodeId":3179103081},{"nodeId":3179166493,"subs":[{"nodeId":219922329}]}]}]}]},{"nodeId":4113568617,"subs":[{"nodeId":3179103909,"subs":[{"nodeId":3179103441}]}]}]}]}]}}
{"type":"HEAP","ms":607980,"free":188304,"min_free":174048,"max_alloc":110580,"peers":11}
{"type":"HB","id":8,"x":30,"y":30,"temp":23.5,"t":900,"ms":900000,"st":"ALIVE","fake":0,"nt":2178.142687}
{"type":"HB","id":0,"x":30,"y":30,"temp":24,"t":2180.003,"ms":2180003,"st":"ALIVE","fake":0,"nt":2179.186397}
{"type":"HB","id":7,"x":30,"y":30,"temp":24.5,"t":2170.006,"ms":2170006,"st":"ALIVE","fake":0,"nt":2179.365271}
{"type":"HB","id":4,"x":30,"y":30,"temp":24,"t":2180.001,"ms":2180001,"st":"ALIVE","fake":0,"nt":2179.966247}
{"type":"TOPO","ms":613266,"mid":4113565437,"n_peers":14,"sub":{"nodeId":4113565437,"subs":[{"nodeId":1197394817,"subs":[{"nodeId":3179098605,"subs":[{"nodeId":219910353,"subs":[{"nodeId":4113568701,"subs":[{"nodeId":3179104773,"subs":[{"nodeId":3179103081,"subs":[{"nodeId":3179086021,"subs":[{"nodeId":3179094101,"subs":[{"nodeId":219922697}]}]}]},{"nodeId":3179166493,"subs":[{"nodeId":219922329}]}]}]}]},{"nodeId":4113568617,"subs":[{"nodeId":3179103909,"subs":[{"nodeId":3179103441}]}]}]}]}]}}
{"type":"HEAP","ms":613315,"free":187852,"min_free":174048,"max_alloc":110580,"peers":14}
{"type":"HB","id":3,"x":30,"y":30,"temp":24.5,"t":2170,"ms":2170000,"st":"ALIVE","fake":0,"nt":2179.994823}
{"type":"HB","id":5,"x":30,"y":30,"temp":24.5,"t":2160,"ms":2160000,"st":"ALIVE","fake":0,"nt":2180.44965}
{"type":"HB","id":13,"x":30,"y":30,"temp":24,"t":2160.002,"ms":2160002,"st":"ALIVE","fake":0,"nt":2180.645643}
{"type":"HB","id":11,"x":30,"y":30,"temp":24,"t":2160,"ms":2160000,"st":"ALIVE","fake":0,"nt":2180.48103}
{"type":"HB","id":15,"x":30,"y":30,"temp":24.5,"t":2160,"ms":2160000,"st":"ALIVE","fake":0,"nt":2180.652455}
{"type":"HB","id":99,"x":30,"y":30,"temp":25,"t":618.598,"ms":618598,"st":"ALIVE","fake":0,"nt":618.598078}
{"type":"HB","id":10,"x":30,"y":30,"temp":24,"t":2160.019,"ms":2160019,"st":"ALIVE","fake":0,"nt":2181.262431}
{"type":"TOPO","ms":618615,"mid":4113565437,"n_peers":14,"sub":{"nodeId":4113565437,"subs":[{"nodeId":1197394817,"subs":[{"nodeId":3179098605,"subs":[{"nodeId":219910353,"subs":[{"nodeId":4113568701,"subs":[{"nodeId":3179104773,"subs":[{"nodeId":3179103081,"subs":[{"nodeId":3179086021,"subs":[{"nodeId":3179094101,"subs":[{"nodeId":219922697}]}]}]},{"nodeId":3179166493,"subs":[{"nodeId":219922329}]}]}]}]},{"nodeId":4113568617,"subs":[{"nodeId":3179103909,"subs":[{"nodeId":3179103441}]}]}]}]}]}}
{"type":"HEAP","ms":618653,"free":189116,"min_free":174048,"max_alloc":110580,"peers":14}
{"type":"HB","id":9,"x":30,"y":30,"temp":24,"t":2160,"ms":2160000,"st":"ALIVE","fake":0,"nt":2181.643978}
{"type":"HB","id":2,"x":30,"y":30,"temp":24.5,"t":2160,"ms":2160000,"st":"ALIVE","fake":0,"nt":2181.443859}
{"type":"HB","id":1,"x":30,"y":30,"temp":24.5,"t":2160,"ms":2160000,"st":"ALIVE","fake":0,"nt":2181.849764}
{"type":"HB","id":14,"x":30,"y":30,"temp":24,"t":790,"ms":790000,"st":"ALIVE","fake":0,"nt":2182.077398}
{"type":"HB","id":8,"x":30,"y":30,"temp":23.5,"t":910,"ms":910000,"st":"ALIVE","fake":0,"nt":2188.142696}
{"type":"HB","id":0,"x":30,"y":30,"temp":24,"t":2190.003,"ms":2190003,"st":"ALIVE","fake":0,"nt":2189.186419}
{"type":"TOPO","ms":623941,"mid":4113565437,"n_peers":14,"sub":{"nodeId":4113565437,"subs":[{"nodeId":1197394817,"subs":[{"nodeId":3179098605,"subs":[{"nodeId":219910353,"subs":[{"nodeId":4113568701,"subs":[{"nodeId":3179104773,"subs":[{"nodeId":3179103081,"subs":[{"nodeId":3179086021,"subs":[{"nodeId":3179094101,"subs":[{"nodeId":219922697}]}]}]},{"nodeId":3179166493,"subs":[{"nodeId":219922329}]}]}]}]},{"nodeId":4113568617,"subs":[{"nodeId":3179103909,"subs":[{"nodeId":3179103441}]}]}]}]}]}}
{"type":"HEAP","ms":623990,"free":187368,"min_free":174048,"max_alloc":110580,"peers":14}
{"type":"HB","id":7,"x":30,"y":30,"temp":24.5,"t":2180.006,"ms":2180006,"st":"ALIVE","fake":0,"nt":2189.365262}
{"type":"HB","id":4,"x":30,"y":30,"temp":24,"t":2190.001,"ms":2190001,"st":"ALIVE","fake":0,"nt":2189.966289}
{"type":"HB","id":3,"x":30,"y":30,"temp":24.5,"t":2180,"ms":2180000,"st":"ALIVE","fake":0,"nt":2189.994886}
{"type":"HB","id":5,"x":30,"y":30,"temp":24.5,"t":2170,"ms":2170000,"st":"ALIVE","fake":0,"nt":2190.449665}
{"type":"HB","id":13,"x":30,"y":30,"temp":24,"t":2170.002,"ms":2170002,"st":"ALIVE","fake":0,"nt":2190.64565}
{"type":"HB","id":11,"x":30,"y":30,"temp":24,"t":2170,"ms":2170000,"st":"ALIVE","fake":0,"nt":2190.481031}
{"type":"HB","id":99,"x":30,"y":30,"temp":25,"t":629.263,"ms":629263,"st":"ALIVE","fake":0,"nt":629.263134}
{"type":"HB","id":15,"x":30,"y":30,"temp":24.5,"t":2170,"ms":2170000,"st":"ALIVE","fake":0,"nt":2190.652478}
{"type":"TOPO","ms":629277,"mid":4113565437,"n_peers":14,"sub":{"nodeId":4113565437,"subs":[{"nodeId":1197394817,"subs":[{"nodeId":3179098605,"subs":[{"nodeId":219910353,"subs":[{"nodeId":4113568701,"subs":[{"nodeId":3179104773,"subs":[{"nodeId":3179103081,"subs":[{"nodeId":3179086021,"subs":[{"nodeId":3179094101,"subs":[{"nodeId":219922697}]}]}]},{"nodeId":3179166493,"subs":[{"nodeId":219922329}]}]}]}]},{"nodeId":4113568617,"subs":[{"nodeId":3179103909,"subs":[{"nodeId":3179103441}]}]}]}]}]}}
{"type":"HEAP","ms":629326,"free":187204,"min_free":174048,"max_alloc":110580,"peers":14}
{"type":"HB","id":10,"x":30,"y":30,"temp":24,"t":2170.019,"ms":2170019,"st":"ALIVE","fake":0,"nt":2191.26236}
{"type":"HB","id":9,"x":30,"y":30,"temp":24,"t":2170,"ms":2170000,"st":"ALIVE","fake":0,"nt":2191.643976}
{"type":"HB","id":2,"x":30,"y":30,"temp":24.5,"t":2170,"ms":2170000,"st":"ALIVE","fake":0,"nt":2191.443862}
{"type":"HB","id":1,"x":30,"y":30,"temp":24.5,"t":2170,"ms":2170000,"st":"ALIVE","fake":0,"nt":2191.849758}
{"type":"HB","id":14,"x":30,"y":30,"temp":24,"t":800,"ms":800000,"st":"ALIVE","fake":0,"nt":2192.077382}
{"type":"HB","id":8,"x":30,"y":30,"temp":23.5,"t":920,"ms":920000,"st":"ALIVE","fake":0,"nt":2198.142692}
{"type":"TOPO","ms":634602,"mid":4113565437,"n_peers":14,"sub":{"nodeId":4113565437,"subs":[{"nodeId":1197394817,"subs":[{"nodeId":3179098605,"subs":[{"nodeId":219910353,"subs":[{"nodeId":4113568701,"subs":[{"nodeId":3179104773,"subs":[{"nodeId":3179103081,"subs":[{"nodeId":3179086021,"subs":[{"nodeId":3179094101,"subs":[{"nodeId":219922697}]}]}]},{"nodeId":3179166493,"subs":[{"nodeId":219922329}]}]}]}]},{"nodeId":4113568617,"subs":[{"nodeId":3179103909,"subs":[{"nodeId":3179103441}]}]}]}]}]}}
{"type":"HEAP","ms":634651,"free":187148,"min_free":174048,"max_alloc":110580,"peers":14}
{"type":"HB","id":0,"x":30,"y":30,"temp":24,"t":2200.003,"ms":2200003,"st":"ALIVE","fake":0,"nt":2199.18647}
{"type":"HB","id":7,"x":30,"y":30,"temp":24.5,"t":2190.006,"ms":2190006,"st":"ALIVE","fake":0,"nt":2199.365208}
{"type":"HB","id":4,"x":30,"y":30,"temp":24,"t":2200.001,"ms":2200001,"st":"ALIVE","fake":0,"nt":2199.966277}
{"type":"HB","id":3,"x":30,"y":30,"temp":24.5,"t":2190,"ms":2190000,"st":"ALIVE","fake":0,"nt":2199.99484}
{"type":"HB","id":13,"x":30,"y":30,"temp":24,"t":2180.002,"ms":2180002,"st":"ALIVE","fake":0,"nt":2200.64569}
{"type":"HB","id":5,"x":30,"y":30,"temp":24,"t":2180,"ms":2180000,"st":"ALIVE","fake":0,"nt":2200.449633}
{"type":"HB","id":99,"x":30,"y":30,"temp":25,"t":639.924,"ms":639924,"st":"ALIVE","fake":0,"nt":639.924084}
{"type":"HB","id":11,"x":30,"y":30,"temp":24,"t":2180,"ms":2180000,"st":"ALIVE","fake":0,"nt":2200.481047}
{"type":"TOPO","ms":639938,"mid":4113565437,"n_peers":14,"sub":{"nodeId":4113565437,"subs":[{"nodeId":1197394817,"subs":[{"nodeId":3179098605,"subs":[{"nodeId":219910353,"subs":[{"nodeId":4113568701,"subs":[{"nodeId":3179104773,"subs":[{"nodeId":3179103081,"subs":[{"nodeId":3179086021,"subs":[{"nodeId":3179094101,"subs":[{"nodeId":219922697}]}]}]},{"nodeId":3179166493,"subs":[{"nodeId":219922329}]}]}]}]},{"nodeId":4113568617,"subs":[{"nodeId":3179103909,"subs":[{"nodeId":3179103441}]}]}]}]}]}}
{"type":"HEAP","ms":639987,"free":186712,"min_free":174048,"max_alloc":110580,"peers":14}
{"type":"HB","id":15,"x":30,"y":30,"temp":24,"t":2180,"ms":2180000,"st":"ALIVE","fake":0,"nt":2200.652461}
{"type":"HB","id":10,"x":30,"y":30,"temp":24,"t":2180.019,"ms":2180019,"st":"ALIVE","fake":0,"nt":2201.262363}
{"type":"HB","id":9,"x":30,"y":30,"temp":24,"t":2180,"ms":2180000,"st":"ALIVE","fake":0,"nt":2201.644068}
{"type":"HB","id":2,"x":30,"y":30,"temp":24.5,"t":2180,"ms":2180000,"st":"ALIVE","fake":0,"nt":2201.443893}
{"type":"HB","id":1,"x":30,"y":30,"temp":24.5,"t":2180,"ms":2180000,"st":"ALIVE","fake":0,"nt":2201.849754}
{"type":"HB","id":14,"x":30,"y":30,"temp":24,"t":810,"ms":810000,"st":"ALIVE","fake":0,"nt":2202.077366}
{"type":"TOPO","ms":645263,"mid":4113565437,"n_peers":14,"sub":{"nodeId":4113565437,"subs":[{"nodeId":1197394817,"subs":[{"nodeId":3179098605,"subs":[{"nodeId":219910353,"subs":[{"nodeId":4113568701,"subs":[{"nodeId":3179104773,"subs":[{"nodeId":3179103081,"subs":[{"nodeId":3179086021,"subs":[{"nodeId":3179094101,"subs":[{"nodeId":219922697}]}]}]},{"nodeId":3179166493,"subs":[{"nodeId":219922329}]}]}]}]},{"nodeId":4113568617,"subs":[{"nodeId":3179103909,"subs":[{"nodeId":3179103441}]}]}]}]}]}}
{"type":"HEAP","ms":645301,"free":186876,"min_free":174048,"max_alloc":110580,"peers":14}
{"type":"HB","id":8,"x":30,"y":30,"temp":23.5,"t":930,"ms":930000,"st":"ALIVE","fake":0,"nt":2208.142698}
{"type":"HB","id":0,"x":30,"y":30,"temp":24,"t":2210.003,"ms":2210003,"st":"ALIVE","fake":0,"nt":2209.186433}
{"type":"HB","id":7,"x":30,"y":30,"temp":24,"t":2200.006,"ms":2200006,"st":"ALIVE","fake":0,"nt":2209.365228}
{"type":"HB","id":4,"x":30,"y":30,"temp":24,"t":2210.001,"ms":2210001,"st":"ALIVE","fake":0,"nt":2209.966228}
{"type":"HB","id":3,"x":30,"y":30,"temp":24.5,"t":2200,"ms":2200000,"st":"ALIVE","fake":0,"nt":2209.994871}
{"type":"HB","id":5,"x":30,"y":30,"temp":24,"t":2190,"ms":2190000,"st":"ALIVE","fake":0,"nt":2210.449633}
{"type":"HB","id":99,"x":30,"y":30,"temp":25,"t":650.588,"ms":650588,"st":"ALIVE","fake":0,"nt":650.588116}
{"type":"HB","id":13,"x":30,"y":30,"temp":23.5,"t":2190.002,"ms":2190002,"st":"ALIVE","fake":0,"nt":2210.645649}
{"type":"TOPO","ms":650602,"mid":4113565437,"n_peers":14,"sub":{"nodeId":4113565437,"subs":[{"nodeId":1197394817,"subs":[{"nodeId":3179098605,"subs":[{"nodeId":219910353,"subs":[{"nodeId":4113568701,"subs":[{"nodeId":3179104773,"subs":[{"nodeId":3179103081,"subs":[{"nodeId":3179086021,"subs":[{"nodeId":3179094101,"subs":[{"nodeId":219922697}]}]}]},{"nodeId":3179166493,"subs":[{"nodeId":219922329}]}]}]}]},{"nodeId":4113568617,"subs":[{"nodeId":3179103909,"subs":[{"nodeId":3179103441}]}]}]}]}]}}
{"type":"HEAP","ms":650651,"free":187192,"min_free":174048,"max_alloc":110580,"peers":14}
{"type":"HB","id":11,"x":30,"y":30,"temp":24,"t":2190,"ms":2190000,"st":"ALIVE","fake":0,"nt":2210.481014}
{"type":"HB","id":15,"x":30,"y":30,"temp":24,"t":2190,"ms":2190000,"st":"ALIVE","fake":0,"nt":2210.652493}
{"type":"HB","id":10,"x":30,"y":30,"temp":24,"t":2190.019,"ms":2190019,"st":"ALIVE","fake":0,"nt":2211.262407}
{"type":"HB","id":9,"x":30,"y":30,"temp":24,"t":2190,"ms":2190000,"st":"ALIVE","fake":0,"nt":2211.644013}
{"type":"HB","id":2,"x":30,"y":30,"temp":24.5,"t":2190,"ms":2190000,"st":"ALIVE","fake":0,"nt":2211.443832}
{"type":"HB","id":1,"x":30,"y":30,"temp":24.5,"t":2190,"ms":2190000,"st":"ALIVE","fake":0,"nt":2211.849748}
{"type":"HB","id":14,"x":30,"y":30,"temp":24,"t":820,"ms":820000,"st":"ALIVE","fake":0,"nt":2212.077364}
{"type":"TOPO","ms":655929,"mid":4113565437,"n_peers":14,"sub":{"nodeId":4113565437,"subs":[{"nodeId":1197394817,"subs":[{"nodeId":3179098605,"subs":[{"nodeId":219910353,"subs":[{"nodeId":4113568701,"subs":[{"nodeId":3179104773,"subs":[{"nodeId":3179103081,"subs":[{"nodeId":3179086021,"subs":[{"nodeId":3179094101,"subs":[{"nodeId":219922697}]}]}]},{"nodeId":3179166493,"subs":[{"nodeId":219922329}]}]}]}]},{"nodeId":4113568617,"subs":[{"nodeId":3179103909,"subs":[{"nodeId":3179103441}]}]}]}]}]}}
{"type":"HEAP","ms":655978,"free":186544,"min_free":174048,"max_alloc":110580,"peers":14}
{"type":"HB","id":8,"x":30,"y":30,"temp":23,"t":940,"ms":940000,"st":"ALIVE","fake":0,"nt":2218.142719}
{"type":"HB","id":0,"x":30,"y":30,"temp":23.5,"t":2220.003,"ms":2220003,"st":"ALIVE","fake":0,"nt":2219.186392}
{"type":"HB","id":7,"x":30,"y":30,"temp":24,"t":2210.006,"ms":2210006,"st":"ALIVE","fake":0,"nt":2219.365221}
{"type":"HB","id":4,"x":30,"y":30,"temp":24,"t":2220.001,"ms":2220001,"st":"ALIVE","fake":0,"nt":2219.966235}
{"type":"HB","id":99,"x":30,"y":30,"temp":25,"t":661.253,"ms":661253,"st":"ALIVE","fake":0,"nt":661.253126}
{"type":"HB","id":3,"x":30,"y":30,"temp":24.5,"t":2210,"ms":2210000,"st":"ALIVE","fake":0,"nt":2219.994883}
{"type":"TOPO","ms":661267,"mid":4113565437,"n_peers":14,"sub":{"nodeId":4113565437,"subs":[{"nodeId":1197394817,"subs":[{"nodeId":3179098605,"subs":[{"nodeId":219910353,"subs":[{"nodeId":4113568701,"subs":[{"nodeId":3179104773,"subs":[{"nodeId":3179103081,"subs":[{"nodeId":3179086021,"subs":[{"nodeId":3179094101,"subs":[{"nodeId":219922697}]}]}]},{"nodeId":3179166493,"subs":[{"nodeId":219922329}]}]}]}]},{"nodeId":4113568617,"subs":[{"nodeId":3179103909,"subs":[{"nodeId":3179103441}]}]}]}]}]}}
{"type":"HEAP","ms":661316,"free":185752,"min_free":174048,"max_alloc":110580,"peers":14}
{"type":"HB","id":5,"x":30,"y":30,"temp":24,"t":2200,"ms":2200000,"st":"ALIVE","fake":0,"nt":2220.449581}
{"type":"HB","id":13,"x":30,"y":30,"temp":23.5,"t":2200.002,"ms":2200002,"st":"ALIVE","fake":0,"nt":2220.645665}
{"type":"HB","id":11,"x":30,"y":30,"temp":24,"t":2200,"ms":2200000,"st":"ALIVE","fake":0,"nt":2220.481022}
{"type":"HB","id":15,"x":30,"y":30,"temp":24,"t":2200,"ms":2200000,"st":"ALIVE","fake":0,"nt":2220.652507}
{"type":"HB","id":10,"x":30,"y":30,"temp":24,"t":2200.019,"ms":2200019,"st":"ALIVE","fake":0,"nt":2221.262363}
{"type":"HB","id":9,"x":30,"y":30,"temp":24,"t":2200,"ms":2200000,"st":"ALIVE","fake":0,"nt":2221.643996}
{"type":"HB","id":2,"x":30,"y":30,"temp":24.5,"t":2200,"ms":2200000,"st":"ALIVE","fake":0,"nt":2221.443832}
{"type":"TOPO","ms":666589,"mid":4113565437,"n_peers":14,"sub":{"nodeId":4113565437,"subs":[{"nodeId":1197394817,"subs":[{"nodeId":3179098605,"subs":[{"nodeId":219910353,"subs":[{"nodeId":4113568701,"subs":[{"nodeId":3179104773,"subs":[{"nodeId":3179103081,"subs":[{"nodeId":3179086021,"subs":[{"nodeId":3179094101,"subs":[{"nodeId":219922697}]}]}]},{"nodeId":3179166493,"subs":[{"nodeId":219922329}]}]}]}]},{"nodeId":4113568617,"subs":[{"nodeId":3179103909,"subs":[{"nodeId":3179103441}]}]}]}]}]}}
{"type":"HEAP","ms":666638,"free":185860,"min_free":174048,"max_alloc":110580,"peers":14}
{"type":"HB","id":1,"x":30,"y":30,"temp":24.5,"t":2200,"ms":2200000,"st":"ALIVE","fake":0,"nt":2221.849781}
{"type":"HB","id":14,"x":30,"y":30,"temp":24,"t":830,"ms":830000,"st":"ALIVE","fake":0,"nt":2222.077367}
{"type":"HB","id":8,"x":30,"y":30,"temp":23,"t":950,"ms":950000,"st":"ALIVE","fake":0,"nt":2228.142709}
{"type":"HB","id":0,"x":30,"y":30,"temp":23.5,"t":2230.003,"ms":2230003,"st":"ALIVE","fake":0,"nt":2229.186444}
{"type":"HB","id":99,"x":30,"y":30,"temp":25,"t":671.933,"ms":671933,"st":"ALIVE","fake":0,"nt":671.93312}
{"type":"HB","id":7,"x":30,"y":30,"temp":24,"t":2220.006,"ms":2220006,"st":"ALIVE","fake":0,"nt":2229.365205}
{"type":"TOPO","ms":671947,"mid":4113565437,"n_peers":14,"sub":{"nodeId":4113565437,"subs":[{"nodeId":1197394817,"subs":[{"nodeId":3179098605,"subs":[{"nodeId":219910353,"subs":[{"nodeId":4113568701,"subs":[{"nodeId":3179104773,"subs":[{"nodeId":3179103081,"subs":[{"nodeId":3179086021,"subs":[{"nodeId":3179094101,"subs":[{"nodeId":219922697}]}]}]},{"nodeId":3179166493,"subs":[{"nodeId":219922329}]}]}]}]},{"nodeId":4113568617,"subs":[{"nodeId":3179103909,"subs":[{"nodeId":3179103441}]}]}]}]}]}}
{"type":"HEAP","ms":671996,"free":182188,"min_free":174048,"max_alloc":110580,"peers":14}
{"type":"HB","id":4,"x":30,"y":30,"temp":23.5,"t":2230.001,"ms":2230001,"st":"ALIVE","fake":0,"nt":2229.96626}
{"type":"HB","id":3,"x":30,"y":30,"temp":24.5,"t":2220,"ms":2220000,"st":"ALIVE","fake":0,"nt":2229.994825}
{"type":"HB","id":13,"x":30,"y":30,"temp":23.5,"t":2210.002,"ms":2210002,"st":"ALIVE","fake":0,"nt":2230.64566}
{"type":"HB","id":5,"x":30,"y":30,"temp":24,"t":2210,"ms":2210000,"st":"ALIVE","fake":0,"nt":2230.449596}
{"type":"HB","id":11,"x":30,"y":30,"temp":24,"t":2210,"ms":2210000,"st":"ALIVE","fake":0,"nt":2230.481016}
{"type":"HB","id":15,"x":30,"y":30,"temp":24,"t":2210,"ms":2210000,"st":"ALIVE","fake":0,"nt":2230.65248}
{"type":"HB","id":10,"x":30,"y":30,"temp":24,"t":2210.019,"ms":2210019,"st":"ALIVE","fake":0,"nt":2231.262355}
{"type":"TOPO","ms":677269,"mid":4113565437,"n_peers":14,"sub":{"nodeId":4113565437,"subs":[{"nodeId":1197394817,"subs":[{"nodeId":3179098605,"subs":[{"nodeId":219910353,"subs":[{"nodeId":4113568701,"subs":[{"nodeId":3179104773,"subs":[{"nodeId":3179103081,"subs":[{"nodeId":3179086021,"subs":[{"nodeId":3179094101,"subs":[{"nodeId":219922697}]}]}]},{"nodeId":3179166493,"subs":[{"nodeId":219922329}]}]}]}]},{"nodeId":4113568617,"subs":[{"nodeId":3179103909,"subs":[{"nodeId":3179103441}]}]}]}]}]}}
{"type":"HEAP","ms":677318,"free":184384,"min_free":174048,"max_alloc":110580,"peers":14}
{"type":"HB","id":9,"x":30,"y":30,"temp":23.5,"t":2210,"ms":2210000,"st":"ALIVE","fake":0,"nt":2231.644022}
{"type":"HB","id":2,"x":30,"y":30,"temp":24.5,"t":2210,"ms":2210000,"st":"ALIVE","fake":0,"nt":2231.443838}
{"type":"HB","id":99,"x":30,"y":30,"temp":25,"t":682.602,"ms":682602,"st":"ALIVE","fake":0,"nt":682.60215}
{"type":"TOPO","ms":682603,"mid":4113565437,"n_peers":0,"sub":{"nodeId":4113565437}}
{"type":"HEAP","ms":682615,"free":189760,"min_free":174048,"max_alloc":110580,"peers":0}
{"type":"HB","id":14,"x":30,"y":30,"temp":23.5,"t":860,"ms":860000,"st":"ALIVE","fake":0,"nt":2252.075413}
{"type":"TOPO","ms":687899,"mid":4113565437,"n_peers":14,"sub":{"nodeId":4113565437,"subs":[{"nodeId":219910353,"subs":[{"nodeId":3179098605,"subs":[{"nodeId":1197394817},{"nodeId":4113568617,"subs":[{"nodeId":3179103909,"subs":[{"nodeId":3179103441}]}]}]},{"nodeId":4113568701,"subs":[{"nodeId":3179104773,"subs":[{"nodeId":3179103081,"subs":[{"nodeId":3179086021,"subs":[{"nodeId":3179094101,"subs":[{"nodeId":219922697}]}]}]},{"nodeId":3179166493,"subs":[{"nodeId":219922329}]}]}]}]}]}}
{"type":"HEAP","ms":687936,"free":190580,"min_free":174048,"max_alloc":110580,"peers":14}
{"type":"HB","id":8,"x":30,"y":30,"temp":22.5,"t":980,"ms":980000,"st":"ALIVE","fake":0,"nt":2258.142015}
{"type":"HB","id":0,"x":30,"y":30,"temp":23.5,"t":2260.003,"ms":2260003,"st":"ALIVE","fake":0,"nt":2259.187391}
{"type":"HB","id":7,"x":30,"y":30,"temp":24,"t":2250.006,"ms":2250006,"st":"ALIVE","fake":0,"nt":2259.363319}
{"type":"HB","id":4,"x":30,"y":30,"temp":23.5,"t":2260.001,"ms":2260001,"st":"ALIVE","fake":0,"nt":2259.966775}
{"type":"HB","id":99,"x":30,"y":30,"temp":25,"t":693.222,"ms":693222,"st":"ALIVE","fake":0,"nt":693.222118}
{"type":"HB","id":3,"x":30,"y":30,"temp":24,"t":2250,"ms":2250000,"st":"ALIVE","fake":0,"nt":2259.99314}
{"type":"TOPO","ms":693236,"mid":4113565437,"n_peers":14,"sub":{"nodeId":4113565437,"subs":[{"nodeId":219910353,"subs":[{"nodeId":3179098605,"subs":[{"nodeId":1197394817},{"nodeId":4113568617,"subs":[{"nodeId":3179103909,"subs":[{"nodeId":3179103441}]}]}]},{"nodeId":4113568701,"subs":[{"nodeId":3179104773,"subs":[{"nodeId":3179103081,"subs":[{"nodeId":3179086021,"subs":[{"nodeId":3179094101,"subs":[{"nodeId":219922697}]}]}]},{"nodeId":3179166493,"subs":[{"nodeId":219922329}]}]}]}]}]}}
{"type":"HEAP","ms":693284,"free":186008,"min_free":174048,"max_alloc":110580,"peers":14}
{"type":"HB","id":5,"x":30,"y":30,"temp":23.5,"t":2240,"ms":2240000,"st":"ALIVE","fake":0,"nt":2260.450359}
{"type":"HB","id":11,"x":30,"y":30,"temp":23.5,"t":2240,"ms":2240000,"st":"ALIVE","fake":0,"nt":2260.481621}
{"type":"HB","id":13,"x":30,"y":30,"temp":23,"t":2240.002,"ms":2240002,"st":"ALIVE","fake":0,"nt":2260.642093}
{"type":"HB","id":15,"x":30,"y":30,"temp":24,"t":2240,"ms":2240000,"st":"ALIVE","fake":0,"nt":2260.650487}
{"type":"HB","id":10,"x":30,"y":30,"temp":23.5,"t":2240.019,"ms":2240019,"st":"ALIVE","fake":0,"nt":2261.262921}
{"type":"HB","id":9,"x":30,"y":30,"temp":23.5,"t":2240,"ms":2240000,"st":"ALIVE","fake":0,"nt":2261.644404}
{"type":"TOPO","ms":698560,"mid":4113565437,"n_peers":14,"sub":{"nodeId":4113565437,"subs":[{"nodeId":219910353,"subs":[{"nodeId":3179098605,"subs":[{"nodeId":1197394817},{"nodeId":4113568617,"subs":[{"nodeId":3179103909,"subs":[{"nodeId":3179103441}]}]}]},{"nodeId":4113568701,"subs":[{"nodeId":3179104773,"subs":[{"nodeId":3179103081,"subs":[{"nodeId":3179086021,"subs":[{"nodeId":3179094101,"subs":[{"nodeId":219922697}]}]}]},{"nodeId":3179166493,"subs":[{"nodeId":219922329}]}]}]}]}]}}
{"type":"HEAP","ms":698609,"free":188944,"min_free":174048,"max_alloc":110580,"peers":14}
{"type":"HB","id":2,"x":30,"y":30,"temp":24,"t":2240,"ms":2240000,"st":"ALIVE","fake":0,"nt":2261.441863}
{"type":"HB","id":1,"x":30,"y":30,"temp":24,"t":2240,"ms":2240000,"st":"ALIVE","fake":0,"nt":2261.84979}
{"type":"HB","id":14,"x":30,"y":30,"temp":23.5,"t":870,"ms":870000,"st":"ALIVE","fake":0,"nt":2262.075405}
{"type":"HB","id":8,"x":30,"y":30,"temp":22.5,"t":990,"ms":990000,"st":"ALIVE","fake":0,"nt":2268.142026}
{"type":"HB","id":99,"x":30,"y":30,"temp":25,"t":703.887,"ms":703887,"st":"ALIVE","fake":0,"nt":703.887109}
{"type":"HB","id":0,"x":30,"y":30,"temp":23,"t":2270.003,"ms":2270003,"st":"ALIVE","fake":0,"nt":2269.187361}
{"type":"TOPO","ms":703901,"mid":4113565437,"n_peers":14,"sub":{"nodeId":4113565437,"subs":[{"nodeId":219910353,"subs":[{"nodeId":3179098605,"subs":[{"nodeId":1197394817},{"nodeId":4113568617,"subs":[{"nodeId":3179103909,"subs":[{"nodeId":3179103441}]}]}]},{"nodeId":4113568701,"subs":[{"nodeId":3179104773,"subs":[{"nodeId":3179103081,"subs":[{"nodeId":3179086021,"subs":[{"nodeId":3179094101,"subs":[{"nodeId":219922697}]}]}]},{"nodeId":3179166493,"subs":[{"nodeId":219922329}]}]}]}]}]}}
{"type":"HEAP","ms":703949,"free":187020,"min_free":174048,"max_alloc":110580,"peers":14}
{"type":"HB","id":7,"x":30,"y":30,"temp":24,"t":2260.006,"ms":2260006,"st":"ALIVE","fake":0,"nt":2269.363305}
# [END] t=200.33 wall=23:05:20 node=n07
