0.3s | {"type":"HB","id":3,"x":30,"y":30,"temp":25.5,"t":132,"ms":132000,"st":"ALIVE","fake":0,"nt":120.40848}
0.3s | {"type":"HB","id":1,"x":30,"y":30,"temp":27.5,"t":8,"ms":8000,"st":"ALIVE","fake":0,"nt":120.43351}
0.7s | {"type":"HB","id":2,"x":30,"y":30,"temp":25,"t":6.809,"ms":6809,"st":"ALIVE","fake":0,"nt":6.80906}
0.8s | {"type":"HB","id":99,"x":30,"y":30,"temp":26.5,"t":249.001,"ms":249001,"st":"ALIVE","fake":0,"nt":121.015955}
1.2s | {"type":"HB","id":3,"x":30,"y":30,"temp":25.5,"t":133,"ms":133000,"st":"ALIVE","fake":0,"nt":121.408482}
1.2s | {"type":"HB","id":1,"x":30,"y":30,"temp":27.5,"t":9,"ms":9000,"st":"ALIVE","fake":0,"nt":121.43347}
1.4s | {"type":"HB","id":2,"x":30,"y":30,"temp":25,"t":8.316,"ms":8316,"st":"ALIVE","fake":0,"nt":8.31609}
1.8s | {"type":"HB","id":99,"x":30,"y":30,"temp":27,"t":250.001,"ms":250001,"st":"ALIVE","fake":0,"nt":122.015946}
2.2s | {"type":"HB","id":3,"x":30,"y":30,"temp":25.5,"t":134,"ms":134000,"st":"ALIVE","fake":0,"nt":122.408447}
2.2s | {"type":"HB","id":1,"x":30,"y":30,"temp":27.5,"t":10,"ms":10000,"st":"ALIVE","fake":0,"nt":122.4335}
2.5s | {"type":"TOPO","ms":250736,"mid":3179103441,"n_peers":3,"sub":{"nodeId":3179103441,"subs":[{"nodeId":219922329,"subs":[{"nodeId":3179104773}]},{"nodeId":3179098605}]}}
2.8s | {"type":"HB","id":99,"x":30,"y":30,"temp":27,"t":251.001,"ms":251001,"st":"ALIVE","fake":0,"nt":123.015982}
3.0s | {"type":"HB","id":2,"x":30,"y":30,"temp":25,"t":9.823,"ms":9823,"st":"ALIVE","fake":0,"nt":9.823075}
3.2s | {"type":"HB","id":3,"x":30,"y":30,"temp":25.5,"t":135,"ms":135000,"st":"ALIVE","fake":0,"nt":123.408444}
3.2s | {"type":"HB","id":1,"x":30,"y":30,"temp":27.5,"t":11,"ms":11000,"st":"ALIVE","fake":0,"nt":123.433493}
3.8s | {"type":"HB","id":99,"x":30,"y":30,"temp":27,"t":252.001,"ms":252001,"st":"ALIVE","fake":0,"nt":124.015969}
4.5s | {"type":"HB","id":2,"x":30,"y":30,"temp":25,"t":11.33,"ms":11330,"st":"ALIVE","fake":0,"nt":11.330082}
4.5s | {"type":"HB","id":3,"x":30,"y":30,"temp":25.5,"t":136,"ms":136000,"st":"ALIVE","fake":0,"nt":124.40843}
4.5s | {"type":"HB","id":1,"x":30,"y":30,"temp":27.5,"t":12,"ms":12000,"st":"ALIVE","fake":0,"nt":124.433473}
4.8s | {"type":"HB","id":99,"x":30,"y":30,"temp":27,"t":253.001,"ms":253001,"st":"ALIVE","fake":0,"nt":125.015964}
5.2s | {"type":"HB","id":3,"x":30,"y":30,"temp":25.5,"t":137,"ms":137000,"st":"ALIVE","fake":0,"nt":125.408461}
5.2s | {"type":"HB","id":1,"x":30,"y":30,"temp":27.5,"t":13,"ms":13000,"st":"ALIVE","fake":0,"nt":125.433512}
5.8s | {"type":"HB","id":99,"x":30,"y":30,"temp":27,"t":254.001,"ms":254001,"st":"ALIVE","fake":0,"nt":126.015956}
6.2s | {"type":"HB","id":3,"x":30,"y":30,"temp":25.5,"t":138,"ms":138000,"st":"ALIVE","fake":0,"nt":126.408816}
6.2s | {"type":"HB","id":1,"x":30,"y":30,"temp":27.5,"t":14,"ms":14000,"st":"ALIVE","fake":0,"nt":126.433513}
6.7s | {"type":"HB","id":2,"x":30,"y":30,"temp":25,"t":12.837,"ms":12837,"st":"ALIVE","fake":0,"nt":12.837115}
6.8s | {"type":"HB","id":99,"x":30,"y":30,"temp":27,"t":255.001,"ms":255001,"st":"ALIVE","fake":0,"nt":127.015961}
7.2s | {"type":"HB","id":3,"x":30,"y":30,"temp":25.5,"t":139,"ms":139000,"st":"ALIVE","fake":0,"nt":127.408799}
7.2s | {"type":"HB","id":1,"x":30,"y":30,"temp":27.5,"t":15,"ms":15000,"st":"ALIVE","fake":0,"nt":127.433467}
7.5s | {"type":"HB","id":2,"x":30,"y":30,"temp":25,"t":14.344,"ms":14344,"st":"ALIVE","fake":0,"nt":14.344139}
7.5s | {"type":"TOPO","ms":255736,"mid":3179103441,"n_peers":3,"sub":{"nodeId":3179103441,"subs":[{"nodeId":219922329,"subs":[{"nodeId":3179104773}]},{"nodeId":3179098605}]}}
7.8s | {"type":"HB","id":99,"x":30,"y":30,"temp":27,"t":256.001,"ms":256001,"st":"ALIVE","fake":0,"nt":128.016016}
8.2s | {"type":"HB","id":3,"x":30,"y":30,"temp":25.5,"t":140,"ms":140000,"st":"ALIVE","fake":0,"nt":128.408848}
8.2s | {"type":"HB","id":1,"x":30,"y":30,"temp":27.5,"t":16,"ms":16000,"st":"ALIVE","fake":0,"nt":128.433482}
8.8s | {"type":"HB","id":99,"x":30,"y":30,"temp":27,"t":257.001,"ms":257001,"st":"ALIVE","fake":0,"nt":129.015999}
9.0s | {"type":"HB","id":2,"x":30,"y":30,"temp":25,"t":15.851,"ms":15851,"st":"ALIVE","fake":0,"nt":15.851086}
9.3s | {"type":"HB","id":3,"x":30,"y":30,"temp":25.5,"t":141,"ms":141000,"st":"ALIVE","fake":0,"nt":129.408804}
9.3s | {"type":"HB","id":1,"x":30,"y":30,"temp":27.5,"t":17,"ms":17000,"st":"ALIVE","fake":0,"nt":129.433497}
9.8s | {"type":"HB","id":99,"x":30,"y":30,"temp":26.5,"t":258.001,"ms":258001,"st":"ALIVE","fake":0,"nt":130.016012}
10.2s | {"type":"HB","id":3,"x":30,"y":30,"temp":25.5,"t":142,"ms":142000,"st":"ALIVE","fake":0,"nt":130.408838}
10.2s | {"type":"HB","id":1,"x":30,"y":30,"temp":27.5,"t":18,"ms":18000,"st":"ALIVE","fake":0,"nt":130.433801}
10.5s | {"type":"HB","id":2,"x":30,"y":30,"temp":25,"t":17.358,"ms":17358,"st":"ALIVE","fake":0,"nt":17.358067}
10.8s | {"type":"HB","id":99,"x":30,"y":30,"temp":26.5,"t":259.001,"ms":259001,"st":"ALIVE","fake":0,"nt":131.015951}
11.2s | {"type":"HB","id":3,"x":30,"y":30,"temp":25.5,"t":143,"ms":143000,"st":"ALIVE","fake":0,"nt":131.40879}
11.2s | {"type":"HB","id":1,"x":30,"y":30,"temp":27.5,"t":19,"ms":19000,"st":"ALIVE","fake":0,"nt":131.433482}
11.8s | {"type":"HB","id":99,"x":30,"y":30,"temp":27,"t":260.001,"ms":260001,"st":"ALIVE","fake":0,"nt":132.016018}
12.0s | {"type":"HB","id":2,"x":30,"y":30,"temp":25,"t":18.865,"ms":18865,"st":"ALIVE","fake":0,"nt":18.865084}
12.2s | {"type":"HB","id":3,"x":30,"y":30,"temp":25.5,"t":144,"ms":144000,"st":"ALIVE","fake":0,"nt":132.408851}
12.2s | {"type":"HB","id":1,"x":30,"y":30,"temp":27.5,"t":20,"ms":20000,"st":"ALIVE","fake":0,"nt":132.433478}
12.5s | {"type":"TOPO","ms":260736,"mid":3179103441,"n_peers":3,"sub":{"nodeId":3179103441,"subs":[{"nodeId":219922329,"subs":[{"nodeId":3179104773}]},{"nodeId":3179098605}]}}
12.8s | {"type":"HB","id":99,"x":30,"y":30,"temp":26.5,"t":261.001,"ms":261001,"st":"ALIVE","fake":0,"nt":133.015969}
13.3s | {"type":"HB","id":3,"x":30,"y":30,"temp":25.5,"t":145,"ms":145000,"st":"ALIVE","fake":0,"nt":133.408791}
13.3s | {"type":"HB","id":1,"x":30,"y":30,"temp":27,"t":21,"ms":21000,"st":"ALIVE","fake":0,"nt":133.433478}
13.5s | {"type":"HB","id":2,"x":30,"y":30,"temp":25,"t":20.372,"ms":20372,"st":"ALIVE","fake":0,"nt":20.37213}
13.8s | {"type":"HB","id":99,"x":30,"y":30,"temp":27,"t":262.001,"ms":262001,"st":"ALIVE","fake":0,"nt":134.01607}
14.2s | {"type":"HB","id":3,"x":30,"y":30,"temp":25.5,"t":146,"ms":146000,"st":"ALIVE","fake":0,"nt":134.408791}
14.2s | {"type":"HB","id":1,"x":30,"y":30,"temp":27,"t":22,"ms":22000,"st":"ALIVE","fake":0,"nt":134.433472}
14.8s | {"type":"HB","id":99,"x":30,"y":30,"temp":26.5,"t":263.001,"ms":263001,"st":"ALIVE","fake":0,"nt":135.015976}
15.0s | {"type":"HB","id":2,"x":30,"y":30,"temp":25,"t":21.879,"ms":21879,"st":"ALIVE","fake":0,"nt":21.879138}
15.2s | {"type":"HB","id":3,"x":30,"y":30,"temp":25.5,"t":147,"ms":147000,"st":"ALIVE","fake":0,"nt":135.408801}
15.2s | {"type":"HB","id":1,"x":30,"y":30,"temp":27.5,"t":23,"ms":23000,"st":"ALIVE","fake":0,"nt":135.433501}
15.8s | {"type":"HB","id":99,"x":30,"y":30,"temp":27,"t":264.001,"ms":264001,"st":"ALIVE","fake":0,"nt":136.015978}
16.2s | {"type":"HB","id":3,"x":30,"y":30,"temp":25.5,"t":148,"ms":148000,"st":"ALIVE","fake":0,"nt":136.408833}
16.2s | {"type":"HB","id":1,"x":30,"y":30,"temp":27,"t":24,"ms":24000,"st":"ALIVE","fake":0,"nt":136.433495}
16.5s | {"type":"HB","id":2,"x":30,"y":30,"temp":25,"t":23.387,"ms":23387,"st":"ALIVE","fake":0,"nt":23.387081}
16.8s | {"type":"HB","id":99,"x":30,"y":30,"temp":26.5,"t":265.001,"ms":265001,"st":"ALIVE","fake":0,"nt":137.015989}
17.2s | {"type":"HB","id":3,"x":30,"y":30,"temp":25.5,"t":149,"ms":149000,"st":"ALIVE","fake":0,"nt":137.408773}
17.3s | {"type":"HB","id":1,"x":30,"y":30,"temp":27,"t":25,"ms":25000,"st":"ALIVE","fake":0,"nt":137.433481}
17.5s | {"type":"TOPO","ms":265736,"mid":3179103441,"n_peers":2,"sub":{"nodeId":3179103441,"subs":[{"nodeId":219922329,"subs":[{"nodeId":3179104773}]}]}}
17.8s | {"type":"HB","id":99,"x":30,"y":30,"temp":26.5,"t":266.001,"ms":266001,"st":"ALIVE","fake":0,"nt":138.015991}
18.2s | {"type":"HB","id":3,"x":30,"y":30,"temp":25.5,"t":150,"ms":150000,"st":"ALIVE","fake":0,"nt":138.408806}
18.2s | {"type":"HB","id":1,"x":30,"y":30,"temp":27,"t":26,"ms":26000,"st":"ALIVE","fake":0,"nt":138.433475}
18.8s | {"type":"HB","id":99,"x":30,"y":30,"temp":27,"t":267.001,"ms":267001,"st":"ALIVE","fake":0,"nt":139.015943}
19.2s | {"type":"HB","id":3,"x":30,"y":30,"temp":25.5,"t":151,"ms":151000,"st":"ALIVE","fake":0,"nt":139.408838}
19.2s | {"type":"HB","id":1,"x":30,"y":30,"temp":27,"t":27,"ms":27000,"st":"ALIVE","fake":0,"nt":139.433484}
19.8s | {"type":"HB","id":99,"x":30,"y":30,"temp":26.5,"t":268.001,"ms":268001,"st":"ALIVE","fake":0,"nt":140.015975}
20.2s | {"type":"HB","id":3,"x":30,"y":30,"temp":25.5,"t":152,"ms":152000,"st":"ALIVE","fake":0,"nt":140.408824}
20.2s | {"type":"HB","id":1,"x":30,"y":30,"temp":27,"t":28,"ms":28000,"st":"ALIVE","fake":0,"nt":140.433498}
20.8s | {"type":"HB","id":99,"x":30,"y":30,"temp":26.5,"t":269.001,"ms":269001,"st":"ALIVE","fake":0,"nt":141.015973}
21.2s | {"type":"HB","id":3,"x":30,"y":30,"temp":25.5,"t":153,"ms":153000,"st":"ALIVE","fake":0,"nt":141.408812}
21.2s | {"type":"HB","id":1,"x":30,"y":30,"temp":27,"t":29,"ms":29000,"st":"ALIVE","fake":0,"nt":141.433546}
21.8s | {"type":"HB","id":99,"x":30,"y":30,"temp":26.5,"t":270.001,"ms":270001,"st":"ALIVE","fake":0,"nt":142.015987}
22.3s | {"type":"HB","id":3,"x":30,"y":30,"temp":25.5,"t":154,"ms":154000,"st":"ALIVE","fake":0,"nt":142.408879}
22.3s | {"type":"HB","id":1,"x":30,"y":30,"temp":27,"t":30,"ms":30000,"st":"ALIVE","fake":0,"nt":142.433548}
22.5s | {"type":"TOPO","ms":270736,"mid":3179103441,"n_peers":3,"sub":{"nodeId":3179103441,"subs":[{"nodeId":219922329,"subs":[{"nodeId":3179104773,"subs":[{"nodeId":3179098605}]}]}]}}
22.8s | {"type":"HB","id":99,"x":30,"y":30,"temp":26.5,"t":271.001,"ms":271001,"st":"ALIVE","fake":0,"nt":143.015953}
23.2s | {"type":"HB","id":3,"x":30,"y":30,"temp":25.5,"t":155,"ms":155000,"st":"ALIVE","fake":0,"nt":143.408848}
23.2s | {"type":"HB","id":1,"x":30,"y":30,"temp":27,"t":31,"ms":31000,"st":"ALIVE","fake":0,"nt":143.433508}
23.4s | {"type":"HB","id":2,"x":30,"y":30,"temp":25,"t":29.415,"ms":29415,"st":"ALIVE","fake":0,"nt":29.41511}
23.8s | {"type":"HB","id":99,"x":30,"y":30,"temp":26.5,"t":272.001,"ms":272001,"st":"ALIVE","fake":0,"nt":144.015938}
24.1s | {"type":"HB","id":2,"x":30,"y":30,"temp":25,"t":30.922,"ms":30922,"st":"ALIVE","fake":0,"nt":30.922151}
24.2s | {"type":"HB","id":3,"x":30,"y":30,"temp":25.5,"t":156,"ms":156000,"st":"ALIVE","fake":0,"nt":144.408852}
24.2s | {"type":"HB","id":1,"x":30,"y":30,"temp":27,"t":32,"ms":32000,"st":"ALIVE","fake":0,"nt":144.433503}
24.8s | {"type":"HB","id":99,"x":30,"y":30,"temp":26.5,"t":273.001,"ms":273001,"st":"ALIVE","fake":0,"nt":145.015938}
