   0.4s | {"type":"HB","id":3,"x":30,"y":30,"temp":26.5,"t":381,"ms":381000,"st":"ALIVE","fake":0,"nt":691.564158}
   0.5s | {"type":"HB","id":99,"x":30,"y":30,"temp":26.5,"t":1143,"ms":1143000,"st":"ALIVE","fake":0,"nt":691.783114}
   0.6s | {"type":"HB","id":2,"x":30,"y":30,"temp":27,"t":748.017,"ms":748017,"st":"ALIVE","fake":0,"nt":691.841817}
   0.7s | {"type":"HB","id":1,"x":30,"y":30,"temp":28.5,"t":620,"ms":620000,"st":"ALIVE","fake":0,"nt":691.813073}
   1.4s | {"type":"HB","id":3,"x":30,"y":30,"temp":26.5,"t":382,"ms":382000,"st":"ALIVE","fake":0,"nt":692.564176}
   1.5s | {"type":"HB","id":99,"x":30,"y":30,"temp":26.5,"t":1144,"ms":1144000,"st":"ALIVE","fake":0,"nt":692.783112}
   1.6s | {"type":"HB","id":2,"x":30,"y":30,"temp":27,"t":749.017,"ms":749017,"st":"ALIVE","fake":0,"nt":692.841849}
   1.7s | {"type":"HB","id":1,"x":30,"y":30,"temp":28.5,"t":621,"ms":621000,"st":"ALIVE","fake":0,"nt":692.813069}
   2.4s | {"type":"HB","id":3,"x":30,"y":30,"temp":26.5,"t":383,"ms":383000,"st":"ALIVE","fake":0,"nt":693.564167}
   2.5s | {"type":"HB","id":99,"x":30,"y":30,"temp":26.5,"t":1145,"ms":1145000,"st":"ALIVE","fake":0,"nt":693.783104}
   2.6s | {"type":"HB","id":1,"x":30,"y":30,"temp":28.5,"t":622,"ms":622000,"st":"ALIVE","fake":0,"nt":693.813094}
   2.8s | {"type":"HB","id":2,"x":30,"y":30,"temp":27,"t":750.017,"ms":750017,"st":"ALIVE","fake":0,"nt":693.841841}
   3.3s | {"type":"TOPO","ms":1145748,"mid":3179103441,"n_peers":3,"sub":{"nodeId":3179103441,"subs":[{"nodeId":3179098605,"subs":[{"nodeId":3179104773,"subs":[{"nodeId":219922329}]}]}]}}
   3.4s | {"type":"HB","id":3,"x":30,"y":30,"temp":26.5,"t":384,"ms":384000,"st":"ALIVE","fake":0,"nt":694.564185}
   3.5s | {"type":"HB","id":99,"x":30,"y":30,"temp":26.5,"t":1146,"ms":1146000,"st":"ALIVE","fake":0,"nt":694.7831}
   3.6s | {"type":"HB","id":2,"x":30,"y":30,"temp":27,"t":751.017,"ms":751017,"st":"ALIVE","fake":0,"nt":694.841857}
   3.7s | {"type":"HB","id":1,"x":30,"y":30,"temp":28.5,"t":623,"ms":623000,"st":"ALIVE","fake":0,"nt":694.813081}
   4.4s | {"type":"HB","id":3,"x":30,"y":30,"temp":26.5,"t":385,"ms":385000,"st":"ALIVE","fake":0,"nt":695.564184}
   4.5s | {"type":"HB","id":99,"x":30,"y":30,"temp":26.5,"t":1147,"ms":1147000,"st":"ALIVE","fake":0,"nt":695.783099}
   4.6s | {"type":"HB","id":2,"x":30,"y":30,"temp":27,"t":752.017,"ms":752017,"st":"ALIVE","fake":0,"nt":695.841796}
   4.7s | {"type":"HB","id":1,"x":30,"y":30,"temp":28.5,"t":624,"ms":624000,"st":"ALIVE","fake":0,"nt":695.813017}
   5.4s | {"type":"HB","id":3,"x":30,"y":30,"temp":26.5,"t":386,"ms":386000,"st":"ALIVE","fake":0,"nt":696.564173}
   5.5s | {"type":"HB","id":99,"x":30,"y":30,"temp":26.5,"t":1148,"ms":1148000,"st":"ALIVE","fake":0,"nt":696.783111}
   5.6s | {"type":"HB","id":2,"x":30,"y":30,"temp":27,"t":753.017,"ms":753017,"st":"ALIVE","fake":0,"nt":696.841828}
   5.9s | {"type":"HB","id":1,"x":30,"y":30,"temp":28.5,"t":625,"ms":625000,"st":"ALIVE","fake":0,"nt":696.813059}
   6.4s | {"type":"HB","id":3,"x":30,"y":30,"temp":26.5,"t":387,"ms":387000,"st":"ALIVE","fake":0,"nt":697.564176}
   6.5s | {"type":"HB","id":99,"x":30,"y":30,"temp":26.5,"t":1149,"ms":1149000,"st":"ALIVE","fake":0,"nt":697.7831}
   6.6s | {"type":"HB","id":2,"x":30,"y":30,"temp":27,"t":754.018,"ms":754018,"st":"ALIVE","fake":0,"nt":697.843707}
   6.9s | {"type":"HB","id":1,"x":30,"y":30,"temp":28.5,"t":626,"ms":626000,"st":"ALIVE","fake":0,"nt":697.813075}
   7.4s | {"type":"HB","id":3,"x":30,"y":30,"temp":26.5,"t":388,"ms":388000,"st":"ALIVE","fake":0,"nt":698.564192}
   7.5s | {"type":"HB","id":99,"x":30,"y":30,"temp":26.5,"t":1150,"ms":1150000,"st":"ALIVE","fake":0,"nt":698.783093}
   7.6s | {"type":"HB","id":2,"x":30,"y":30,"temp":27,"t":755.018,"ms":755018,"st":"ALIVE","fake":0,"nt":698.842794}
   7.7s | {"type":"HB","id":1,"x":30,"y":30,"temp":28.5,"t":627,"ms":627000,"st":"ALIVE","fake":0,"nt":698.813019}
   8.3s | {"type":"TOPO","ms":1150748,"mid":3179103441,"n_peers":3,"sub":{"nodeId":3179103441,"subs":[{"nodeId":3179098605,"subs":[{"nodeId":3179104773,"subs":[{"nodeId":219922329}]}]}]}}
   8.4s | {"type":"HB","id":3,"x":30,"y":30,"temp":26.5,"t":389,"ms":389000,"st":"ALIVE","fake":0,"nt":699.564191}
   8.5s | {"type":"HB","id":99,"x":30,"y":30,"temp":26.5,"t":1151,"ms":1151000,"st":"ALIVE","fake":0,"nt":699.7831}
   8.6s | {"type":"HB","id":2,"x":30,"y":30,"temp":27,"t":756.018,"ms":756018,"st":"ALIVE","fake":0,"nt":699.842788}
   8.7s | {"type":"HB","id":1,"x":30,"y":30,"temp":28.5,"t":628,"ms":628000,"st":"ALIVE","fake":0,"nt":699.813073}
   9.4s | {"type":"HB","id":3,"x":30,"y":30,"temp":26.5,"t":390,"ms":390000,"st":"ALIVE","fake":0,"nt":700.564164}
   9.5s | {"type":"HB","id":99,"x":30,"y":30,"temp":26.5,"t":1152,"ms":1152000,"st":"ALIVE","fake":0,"nt":700.780274}
   9.6s | {"type":"HB","id":2,"x":30,"y":30,"temp":27,"t":757.018,"ms":757018,"st":"ALIVE","fake":0,"nt":700.842235}
   9.8s | {"type":"HB","id":1,"x":30,"y":30,"temp":28.5,"t":629,"ms":629000,"st":"ALIVE","fake":0,"nt":700.813015}
  10.4s | {"type":"HB","id":3,"x":30,"y":30,"temp":26.5,"t":391,"ms":391000,"st":"ALIVE","fake":0,"nt":701.564192}
  10.5s | {"type":"HB","id":99,"x":30,"y":30,"temp":26.5,"t":1153,"ms":1153000,"st":"ALIVE","fake":0,"nt":701.781569}
  10.6s | {"type":"HB","id":2,"x":30,"y":30,"temp":27,"t":758.018,"ms":758018,"st":"ALIVE","fake":0,"nt":701.843486}
  10.8s | {"type":"HB","id":1,"x":30,"y":30,"temp":28.5,"t":630,"ms":630000,"st":"ALIVE","fake":0,"nt":701.813043}
  11.4s | {"type":"HB","id":3,"x":30,"y":30,"temp":26.5,"t":392,"ms":392000,"st":"ALIVE","fake":0,"nt":702.564205}
  11.5s | {"type":"HB","id":99,"x":30,"y":30,"temp":26.5,"t":1154,"ms":1154000,"st":"ALIVE","fake":0,"nt":702.781572}
  11.6s | {"type":"HB","id":2,"x":30,"y":30,"temp":27,"t":759.018,"ms":759018,"st":"ALIVE","fake":0,"nt":702.843508}
  11.9s | {"type":"HB","id":1,"x":30,"y":30,"temp":28.5,"t":631,"ms":631000,"st":"ALIVE","fake":0,"nt":702.813023}
  12.4s | {"type":"HB","id":3,"x":30,"y":30,"temp":26.5,"t":393,"ms":393000,"st":"ALIVE","fake":0,"nt":703.564206}
  12.5s | {"type":"HB","id":99,"x":30,"y":30,"temp":26.5,"t":1155,"ms":1155000,"st":"ALIVE","fake":0,"nt":703.781565}
  12.6s | {"type":"HB","id":2,"x":30,"y":30,"temp":27,"t":760.018,"ms":760018,"st":"ALIVE","fake":0,"nt":703.843495}
  12.7s | {"type":"HB","id":1,"x":30,"y":30,"temp":28.5,"t":632,"ms":632000,"st":"ALIVE","fake":0,"nt":703.81303}
  13.3s | {"type":"TOPO","ms":1155748,"mid":3179103441,"n_peers":3,"sub":{"nodeId":3179103441,"subs":[{"nodeId":3179098605,"subs":[{"nodeId":3179104773,"subs":[{"nodeId":219922329}]}]}]}}
  13.4s | {"type":"HB","id":3,"x":30,"y":30,"temp":26.5,"t":394,"ms":394000,"st":"ALIVE","fake":0,"nt":704.564168}
  13.5s | {"type":"HB","id":99,"x":30,"y":30,"temp":26.5,"t":1156,"ms":1156000,"st":"ALIVE","fake":0,"nt":704.781595}
  13.6s | {"type":"HB","id":2,"x":30,"y":30,"temp":27,"t":761.018,"ms":761018,"st":"ALIVE","fake":0,"nt":704.843505}
  13.8s | {"type":"HB","id":1,"x":30,"y":30,"temp":28.5,"t":633,"ms":633000,"st":"ALIVE","fake":0,"nt":704.813028}
  14.4s | {"type":"HB","id":3,"x":30,"y":30,"temp":26.5,"t":395,"ms":395000,"st":"ALIVE","fake":0,"nt":705.564202}
  14.5s | {"type":"HB","id":99,"x":30,"y":30,"temp":26.5,"t":1157,"ms":1157000,"st":"ALIVE","fake":0,"nt":705.78159}
  14.6s | {"type":"HB","id":2,"x":30,"y":30,"temp":27,"t":762.018,"ms":762018,"st":"ALIVE","fake":0,"nt":705.843499}
  14.8s | {"type":"HB","id":1,"x":30,"y":30,"temp":28.5,"t":634,"ms":634000,"st":"ALIVE","fake":0,"nt":705.813042}
  15.4s | {"type":"HB","id":3,"x":30,"y":30,"temp":26.5,"t":396,"ms":396000,"st":"ALIVE","fake":0,"nt":706.564183}
  15.5s | {"type":"HB","id":99,"x":30,"y":30,"temp":26.5,"t":1158,"ms":1158000,"st":"ALIVE","fake":0,"nt":706.7816}
  15.6s | {"type":"HB","id":2,"x":30,"y":30,"temp":27,"t":763.018,"ms":763018,"st":"ALIVE","fake":0,"nt":706.843461}
  15.9s | {"type":"HB","id":1,"x":30,"y":30,"temp":28.5,"t":635,"ms":635000,"st":"ALIVE","fake":0,"nt":706.813034}
  16.4s | {"type":"HB","id":3,"x":30,"y":30,"temp":26.5,"t":397,"ms":397000,"st":"ALIVE","fake":0,"nt":707.56416}
  16.5s | {"type":"HB","id":99,"x":30,"y":30,"temp":26.5,"t":1159,"ms":1159000,"st":"ALIVE","fake":0,"nt":707.781587}
  16.5s | {"type":"HB","id":1,"x":30,"y":30,"temp":28.5,"t":636,"ms":636000,"st":"ALIVE","fake":0,"nt":707.81306}
  16.7s | {"type":"HB","id":2,"x":30,"y":30,"temp":27,"t":764.018,"ms":764018,"st":"ALIVE","fake":0,"nt":707.843468}
  17.4s | {"type":"HB","id":3,"x":30,"y":30,"temp":26.5,"t":398,"ms":398000,"st":"ALIVE","fake":0,"nt":708.564173}
  17.5s | {"type":"HB","id":99,"x":30,"y":30,"temp":26.5,"t":1160,"ms":1160000,"st":"ALIVE","fake":0,"nt":708.781578}
  17.6s | {"type":"HB","id":2,"x":30,"y":30,"temp":27,"t":765.018,"ms":765018,"st":"ALIVE","fake":0,"nt":708.843492}
  17.8s | {"type":"HB","id":1,"x":30,"y":30,"temp":28.5,"t":637,"ms":637000,"st":"ALIVE","fake":0,"nt":708.813045}
  18.2s | {"type":"TOPO","ms":1160748,"mid":3179103441,"n_peers":3,"sub":{"nodeId":3179103441,"subs":[{"nodeId":3179098605,"subs":[{"nodeId":3179104773,"subs":[{"nodeId":219922329}]}]}]}}
  18.4s | {"type":"HB","id":3,"x":30,"y":30,"temp":26.5,"t":399,"ms":399000,"st":"ALIVE","fake":0,"nt":709.564162}
  18.5s | {"type":"HB","id":99,"x":30,"y":30,"temp":26.5,"t":1161,"ms":1161000,"st":"ALIVE","fake":0,"nt":709.781584}
  18.6s | {"type":"HB","id":2,"x":30,"y":30,"temp":27,"t":766.018,"ms":766018,"st":"ALIVE","fake":0,"nt":709.843536}
  18.7s | {"type":"HB","id":1,"x":30,"y":30,"temp":28.5,"t":638,"ms":638000,"st":"ALIVE","fake":0,"nt":709.813094}
  19.4s | {"type":"HB","id":3,"x":30,"y":30,"temp":26.5,"t":400,"ms":400000,"st":"ALIVE","fake":0,"nt":710.564156}
  19.5s | {"type":"HB","id":99,"x":30,"y":30,"temp":26.5,"t":1162,"ms":1162000,"st":"ALIVE","fake":0,"nt":710.781591}
  19.6s | {"type":"HB","id":2,"x":30,"y":30,"temp":27,"t":767.018,"ms":767018,"st":"ALIVE","fake":0,"nt":710.843521}
  19.9s | {"type":"HB","id":1,"x":30,"y":30,"temp":28.5,"t":639,"ms":639000,"st":"ALIVE","fake":0,"nt":710.813058}
  20.4s | {"type":"HB","id":3,"x":30,"y":30,"temp":26.5,"t":401,"ms":401000,"st":"ALIVE","fake":0,"nt":711.56416}
  20.5s | {"type":"HB","id":99,"x":30,"y":30,"temp":26.5,"t":1163,"ms":1163000,"st":"ALIVE","fake":0,"nt":711.781577}
  20.6s | {"type":"HB","id":2,"x":30,"y":30,"temp":27,"t":768.018,"ms":768018,"st":"ALIVE","fake":0,"nt":711.843506}
  20.7s | {"type":"HB","id":1,"x":30,"y":30,"temp":28.5,"t":640,"ms":640000,"st":"ALIVE","fake":0,"nt":711.813046}
  21.4s | {"type":"HB","id":3,"x":30,"y":30,"temp":26.5,"t":402,"ms":402000,"st":"ALIVE","fake":0,"nt":712.564169}
  21.5s | {"type":"HB","id":99,"x":30,"y":30,"temp":26.5,"t":1164,"ms":1164000,"st":"ALIVE","fake":0,"nt":712.781563}
  21.6s | {"type":"HB","id":2,"x":30,"y":30,"temp":27,"t":769.018,"ms":769018,"st":"ALIVE","fake":0,"nt":712.843505}
  21.7s | {"type":"HB","id":1,"x":30,"y":30,"temp":28.5,"t":641,"ms":641000,"st":"ALIVE","fake":0,"nt":712.81306}
  22.4s | {"type":"HB","id":3,"x":30,"y":30,"temp":26.5,"t":403,"ms":403000,"st":"ALIVE","fake":0,"nt":713.564197}
  22.5s | {"type":"HB","id":99,"x":30,"y":30,"temp":26.5,"t":1165,"ms":1165000,"st":"ALIVE","fake":0,"nt":713.781609}
  22.6s | {"type":"HB","id":1,"x":30,"y":30,"temp":28.5,"t":642,"ms":642000,"st":"ALIVE","fake":0,"nt":713.813022}
  22.7s | {"type":"HB","id":2,"x":30,"y":30,"temp":27,"t":770.018,"ms":770018,"st":"ALIVE","fake":0,"nt":713.843479}
  23.3s | {"type":"TOPO","ms":1165748,"mid":3179103441,"n_peers":3,"sub":{"nodeId":3179103441,"subs":[{"nodeId":3179098605,"subs":[{"nodeId":3179104773,"subs":[{"nodeId":219922329}]}]}]}}
  23.4s | {"type":"HB","id":3,"x":30,"y":30,"temp":26.5,"t":404,"ms":404000,"st":"ALIVE","fake":0,"nt":714.564191}
  23.5s | {"type":"HB","id":99,"x":30,"y":30,"temp":26.5,"t":1166,"ms":1166000,"st":"ALIVE","fake":0,"nt":714.781577}
  23.6s | {"type":"HB","id":2,"x":30,"y":30,"temp":27,"t":771.018,"ms":771018,"st":"ALIVE","fake":0,"nt":714.843559}
  23.8s | {"type":"HB","id":1,"x":30,"y":30,"temp":28.5,"t":643,"ms":643000,"st":"ALIVE","fake":0,"nt":714.813093}
  24.4s | {"type":"HB","id":3,"x":30,"y":30,"temp":26.5,"t":405,"ms":405000,"st":"ALIVE","fake":0,"nt":715.564205}
  24.5s | {"type":"HB","id":99,"x":30,"y":30,"temp":26.5,"t":1167,"ms":1167000,"st":"ALIVE","fake":0,"nt":715.781591}
  24.6s | {"type":"HB","id":2,"x":30,"y":30,"temp":27,"t":772.018,"ms":772018,"st":"ALIVE","fake":0,"nt":715.843533}
  24.7s | {"type":"HB","id":1,"x":30,"y":30,"temp":28.5,"t":644,"ms":644000,"st":"ALIVE","fake":0,"nt":715.813073}
  25.4s | {"type":"HB","id":3,"x":30,"y":30,"temp":26.5,"t":406,"ms":406000,"st":"ALIVE","fake":0,"nt":716.564173}
  25.5s | {"type":"HB","id":99,"x":30,"y":30,"temp":26.5,"t":1168,"ms":1168000,"st":"ALIVE","fake":0,"nt":716.781587}
  25.6s | {"type":"HB","id":2,"x":30,"y":30,"temp":27,"t":773.018,"ms":773018,"st":"ALIVE","fake":0,"nt":716.843487}
  25.7s | {"type":"HB","id":1,"x":30,"y":30,"temp":28.5,"t":645,"ms":645000,"st":"ALIVE","fake":0,"nt":716.813022}
  26.4s | {"type":"HB","id":3,"x":30,"y":30,"temp":26.5,"t":407,"ms":407000,"st":"ALIVE","fake":0,"nt":717.564175}
  26.5s | {"type":"HB","id":99,"x":30,"y":30,"temp":26.5,"t":1169,"ms":1169000,"st":"ALIVE","fake":0,"nt":717.781598}
  26.6s | {"type":"HB","id":2,"x":30,"y":30,"temp":27,"t":774.018,"ms":774018,"st":"ALIVE","fake":0,"nt":717.843499}
  26.7s | {"type":"HB","id":1,"x":30,"y":30,"temp":28.5,"t":646,"ms":646000,"st":"ALIVE","fake":0,"nt":717.813073}
  27.4s | {"type":"HB","id":3,"x":30,"y":30,"temp":26.5,"t":408,"ms":408000,"st":"ALIVE","fake":0,"nt":718.564207}
  27.5s | {"type":"HB","id":99,"x":30,"y":30,"temp":26.5,"t":1170,"ms":1170000,"st":"ALIVE","fake":0,"nt":718.781572}
  27.6s | {"type":"HB","id":2,"x":30,"y":30,"temp":27,"t":775.018,"ms":775018,"st":"ALIVE","fake":0,"nt":718.843482}
  27.9s | {"type":"HB","id":1,"x":30,"y":30,"temp":28.5,"t":647,"ms":647000,"st":"ALIVE","fake":0,"nt":718.813043}
  28.3s | {"type":"TOPO","ms":1170748,"mid":3179103441,"n_peers":3,"sub":{"nodeId":3179103441,"subs":[{"nodeId":3179098605,"subs":[{"nodeId":3179104773,"subs":[{"nodeId":219922329}]}]}]}}
  28.4s | {"type":"HB","id":3,"x":30,"y":30,"temp":26.5,"t":409,"ms":409000,"st":"ALIVE","fake":0,"nt":719.56416}
  28.5s | {"type":"HB","id":99,"x":30,"y":30,"temp":26.5,"t":1171,"ms":1171000,"st":"ALIVE","fake":0,"nt":719.781576}
  28.6s | {"type":"HB","id":2,"x":30,"y":30,"temp":27,"t":776.018,"ms":776018,"st":"ALIVE","fake":0,"nt":719.843455}
  28.8s | {"type":"HB","id":1,"x":30,"y":30,"temp":28.5,"t":648,"ms":648000,"st":"ALIVE","fake":0,"nt":719.813058}
  29.4s | {"type":"HB","id":3,"x":30,"y":30,"temp":26.5,"t":410,"ms":410000,"st":"ALIVE","fake":0,"nt":720.564205}
  29.5s | {"type":"HB","id":99,"x":30,"y":30,"temp":26.5,"t":1172,"ms":1172000,"st":"ALIVE","fake":0,"nt":720.78159}
  29.6s | {"type":"HB","id":2,"x":30,"y":30,"temp":27,"t":777.018,"ms":777018,"st":"ALIVE","fake":0,"nt":720.843482}
  29.7s | {"type":"HB","id":1,"x":30,"y":30,"temp":28.5,"t":649,"ms":649000,"st":"ALIVE","fake":0,"nt":720.813027}
  30.4s | {"type":"HB","id":3,"x":30,"y":30,"temp":26.5,"t":411,"ms":411000,"st":"ALIVE","fake":0,"nt":721.56418}
  30.5s | {"type":"HB","id":99,"x":30,"y":30,"temp":26.5,"t":1173,"ms":1173000,"st":"ALIVE","fake":0,"nt":721.781579}
  30.6s | {"type":"HB","id":2,"x":30,"y":30,"temp":27,"t":778.018,"ms":778018,"st":"ALIVE","fake":0,"nt":721.843538}
  30.7s | {"type":"HB","id":1,"x":30,"y":30,"temp":28.5,"t":650,"ms":650000,"st":"ALIVE","fake":0,"nt":721.813094}
  31.4s | {"type":"HB","id":3,"x":30,"y":30,"temp":26.5,"t":412,"ms":412000,"st":"ALIVE","fake":0,"nt":722.564185}
  31.5s | {"type":"HB","id":99,"x":30,"y":30,"temp":26.5,"t":1174,"ms":1174000,"st":"ALIVE","fake":0,"nt":722.781616}
  31.6s | {"type":"HB","id":1,"x":30,"y":30,"temp":28.5,"t":651,"ms":651000,"st":"ALIVE","fake":0,"nt":722.813017}
  31.8s | {"type":"HB","id":2,"x":30,"y":30,"temp":27,"t":779.018,"ms":779018,"st":"ALIVE","fake":0,"nt":722.843507}
  32.4s | {"type":"HB","id":3,"x":30,"y":30,"temp":26.5,"t":413,"ms":413000,"st":"ALIVE","fake":0,"nt":723.5642}
  32.5s | {"type":"HB","id":99,"x":30,"y":30,"temp":26.5,"t":1175,"ms":1175000,"st":"ALIVE","fake":0,"nt":723.781611}
  32.6s | {"type":"HB","id":2,"x":30,"y":30,"temp":27,"t":780.018,"ms":780018,"st":"ALIVE","fake":0,"nt":723.843475}
  32.8s | {"type":"HB","id":1,"x":30,"y":30,"temp":28.5,"t":652,"ms":652000,"st":"ALIVE","fake":0,"nt":723.813037}
  33.2s | {"type":"TOPO","ms":1175748,"mid":3179103441,"n_peers":3,"sub":{"nodeId":3179103441,"subs":[{"nodeId":3179098605,"subs":[{"nodeId":3179104773,"subs":[{"nodeId":219922329}]}]}]}}
  33.4s | {"type":"HB","id":3,"x":30,"y":30,"temp":26.5,"t":414,"ms":414000,"st":"ALIVE","fake":0,"nt":724.564171}
  33.5s | {"type":"HB","id":99,"x":30,"y":30,"temp":26.5,"t":1176,"ms":1176000,"st":"ALIVE","fake":0,"nt":724.781578}
  33.6s | {"type":"HB","id":2,"x":30,"y":30,"temp":27,"t":781.018,"ms":781018,"st":"ALIVE","fake":0,"nt":724.843477}
  33.7s | {"type":"HB","id":1,"x":30,"y":30,"temp":28.5,"t":653,"ms":653000,"st":"ALIVE","fake":0,"nt":724.813045}
  34.5s | {"type":"HB","id":99,"x":30,"y":30,"temp":26.5,"t":1177,"ms":1177000,"st":"ALIVE","fake":0,"nt":725.781581}
  34.6s | {"type":"HB","id":2,"x":30,"y":30,"temp":27,"t":782.018,"ms":782018,"st":"ALIVE","fake":0,"nt":725.843485}
  35.5s | {"type":"HB","id":99,"x":30,"y":30,"temp":26.5,"t":1178,"ms":1178000,"st":"ALIVE","fake":0,"nt":726.781598}
  35.6s | {"type":"HB","id":2,"x":30,"y":30,"temp":27,"t":783.018,"ms":783018,"st":"ALIVE","fake":0,"nt":726.84352}
  36.5s | {"type":"HB","id":99,"x":30,"y":30,"temp":26.5,"t":1179,"ms":1179000,"st":"ALIVE","fake":0,"nt":727.781584}
  36.7s | {"type":"HB","id":2,"x":30,"y":30,"temp":27,"t":784.018,"ms":784018,"st":"ALIVE","fake":0,"nt":727.843501}
  37.5s | {"type":"HB","id":99,"x":30,"y":30,"temp":26.5,"t":1180,"ms":1180000,"st":"ALIVE","fake":0,"nt":728.781562}
  37.6s | {"type":"HB","id":2,"x":30,"y":30,"temp":27,"t":785.018,"ms":785018,"st":"ALIVE","fake":0,"nt":728.843526}
  38.2s | {"type":"TOPO","ms":1180748,"mid":3179103441,"n_peers":3,"sub":{"nodeId":3179103441,"subs":[{"nodeId":3179098605,"subs":[{"nodeId":3179104773,"subs":[{"nodeId":219922329}]}]}]}}
  38.5s | {"type":"HB","id":99,"x":30,"y":30,"temp":26.5,"t":1181,"ms":1181000,"st":"ALIVE","fake":0,"nt":729.781609}
  38.6s | {"type":"HB","id":2,"x":30,"y":30,"temp":27,"t":786.018,"ms":786018,"st":"ALIVE","fake":0,"nt":729.843521}
  39.5s | {"type":"HB","id":99,"x":30,"y":30,"temp":26.5,"t":1182,"ms":1182000,"st":"ALIVE","fake":0,"nt":730.781567}
  39.6s | {"type":"HB","id":2,"x":30,"y":30,"temp":27,"t":787.018,"ms":787018,"st":"ALIVE","fake":0,"nt":730.8435}
  40.5s | {"type":"HB","id":99,"x":30,"y":30,"temp":26.5,"t":1183,"ms":1183000,"st":"ALIVE","fake":0,"nt":731.781604}
  40.6s | {"type":"HB","id":2,"x":30,"y":30,"temp":27,"t":788.018,"ms":788018,"st":"ALIVE","fake":0,"nt":731.843501}
  41.5s | {"type":"HB","id":99,"x":30,"y":30,"temp":26.5,"t":1184,"ms":1184000,"st":"ALIVE","fake":0,"nt":732.781589}
  41.6s | {"type":"HB","id":2,"x":30,"y":30,"temp":27,"t":789.018,"ms":789018,"st":"ALIVE","fake":0,"nt":732.843463}
  42.5s | {"type":"HB","id":99,"x":30,"y":30,"temp":26.5,"t":1185,"ms":1185000,"st":"ALIVE","fake":0,"nt":733.781599}
  42.6s | {"type":"HB","id":2,"x":30,"y":30,"temp":27,"t":790.018,"ms":790018,"st":"ALIVE","fake":0,"nt":733.843499}
  43.2s | {"type":"TOPO","ms":1185748,"mid":3179103441,"n_peers":3,"sub":{"nodeId":3179103441,"subs":[{"nodeId":3179098605,"subs":[{"nodeId":3179104773,"subs":[{"nodeId":219922329}]}]}]}}
  43.5s | {"type":"HB","id":99,"x":30,"y":30,"temp":26.5,"t":1186,"ms":1186000,"st":"ALIVE","fake":0,"nt":734.781574}
  43.6s | {"type":"HB","id":2,"x":30,"y":30,"temp":27,"t":791.018,"ms":791018,"st":"ALIVE","fake":0,"nt":734.8435}
  44.5s | {"type":"HB","id":99,"x":30,"y":30,"temp":26.5,"t":1187,"ms":1187000,"st":"ALIVE","fake":0,"nt":735.781562}
  44.6s | {"type":"HB","id":2,"x":30,"y":30,"temp":27,"t":792.018,"ms":792018,"st":"ALIVE","fake":0,"nt":735.843518}
  45.5s | {"type":"HB","id":99,"x":30,"y":30,"temp":26.5,"t":1188,"ms":1188000,"st":"ALIVE","fake":0,"nt":736.781584}
  45.6s | {"type":"HB","id":2,"x":30,"y":30,"temp":27,"t":793.018,"ms":793018,"st":"ALIVE","fake":0,"nt":736.843481}
  46.5s | {"type":"HB","id":99,"x":30,"y":30,"temp":26.5,"t":1189,"ms":1189000,"st":"ALIVE","fake":0,"nt":737.781586}
  46.6s | {"type":"HB","id":2,"x":30,"y":30,"temp":27,"t":794.018,"ms":794018,"st":"ALIVE","fake":0,"nt":737.843473}
  47.5s | {"type":"HB","id":99,"x":30,"y":30,"temp":26.5,"t":1190,"ms":1190000,"st":"ALIVE","fake":0,"nt":738.781596}
  47.6s | {"type":"HB","id":2,"x":30,"y":30,"temp":27,"t":795.018,"ms":795018,"st":"ALIVE","fake":0,"nt":738.843456}
  48.3s | {"type":"TOPO","ms":1190748,"mid":3179103441,"n_peers":3,"sub":{"nodeId":3179103441,"subs":[{"nodeId":3179098605,"subs":[{"nodeId":3179104773,"subs":[{"nodeId":219922329}]}]}]}}
  48.5s | {"type":"HB","id":99,"x":30,"y":30,"temp":26.5,"t":1191,"ms":1191000,"st":"ALIVE","fake":0,"nt":739.781587}
  48.6s | {"type":"HB","id":2,"x":30,"y":30,"temp":27,"t":796.018,"ms":796018,"st":"ALIVE","fake":0,"nt":739.843461}
  49.5s | {"type":"HB","id":99,"x":30,"y":30,"temp":26.5,"t":1192,"ms":1192000,"st":"ALIVE","fake":0,"nt":740.781591}
  49.6s | {"type":"HB","id":2,"x":30,"y":30,"temp":27,"t":797.018,"ms":797018,"st":"ALIVE","fake":0,"nt":740.843498}
  50.5s | {"type":"HB","id":99,"x":30,"y":30,"temp":26.5,"t":1193,"ms":1193000,"st":"ALIVE","fake":0,"nt":741.781588}
  50.6s | {"type":"HB","id":2,"x":30,"y":30,"temp":27,"t":798.018,"ms":798018,"st":"ALIVE","fake":0,"nt":741.843458}
  51.5s | {"type":"HB","id":99,"x":30,"y":30,"temp":26.5,"t":1194,"ms":1194000,"st":"ALIVE","fake":0,"nt":742.781579}
  51.6s | {"type":"HB","id":2,"x":30,"y":30,"temp":27,"t":799.018,"ms":799018,"st":"ALIVE","fake":0,"nt":742.843519}
  52.5s | {"type":"HB","id":99,"x":30,"y":30,"temp":26.5,"t":1195,"ms":1195000,"st":"ALIVE","fake":0,"nt":743.781588}
  52.6s | {"type":"HB","id":2,"x":30,"y":30,"temp":27,"t":800.018,"ms":800018,"st":"ALIVE","fake":0,"nt":743.843485}
  53.3s | {"type":"TOPO","ms":1195748,"mid":3179103441,"n_peers":3,"sub":{"nodeId":3179103441,"subs":[{"nodeId":3179098605,"subs":[{"nodeId":3179104773,"subs":[{"nodeId":219922329}]}]}]}}
  53.5s | {"type":"HB","id":99,"x":30,"y":30,"temp":26.5,"t":1196,"ms":1196000,"st":"ALIVE","fake":0,"nt":744.781588}
  53.6s | {"type":"HB","id":2,"x":30,"y":30,"temp":27,"t":801.018,"ms":801018,"st":"ALIVE","fake":0,"nt":744.843534}
  54.5s | {"type":"HB","id":99,"x":30,"y":30,"temp":26.5,"t":1197,"ms":1197000,"st":"ALIVE","fake":0,"nt":745.781584}
  54.6s | {"type":"HB","id":2,"x":30,"y":30,"temp":27,"t":802.018,"ms":802018,"st":"ALIVE","fake":0,"nt":745.843473}
  55.5s | {"type":"HB","id":99,"x":30,"y":30,"temp":26.5,"t":1198,"ms":1198000,"st":"ALIVE","fake":0,"nt":746.781607}
  55.6s | {"type":"HB","id":2,"x":30,"y":30,"temp":27,"t":803.018,"ms":803018,"st":"ALIVE","fake":0,"nt":746.843515}
  56.5s | {"type":"HB","id":99,"x":30,"y":30,"temp":26.5,"t":1199,"ms":1199000,"st":"ALIVE","fake":0,"nt":747.781584}
  56.6s | {"type":"HB","id":2,"x":30,"y":30,"temp":27,"t":804.018,"ms":804018,"st":"ALIVE","fake":0,"nt":747.843461}
  57.5s | {"type":"HB","id":99,"x":30,"y":30,"temp":26.5,"t":1200,"ms":1200000,"st":"ALIVE","fake":0,"nt":748.781588}
  57.6s | {"type":"HB","id":2,"x":30,"y":30,"temp":27,"t":805.018,"ms":805018,"st":"ALIVE","fake":0,"nt":748.843705}
  58.3s | {"type":"TOPO","ms":1200748,"mid":3179103441,"n_peers":3,"sub":{"nodeId":3179103441,"subs":[{"nodeId":3179098605,"subs":[{"nodeId":3179104773,"subs":[{"nodeId":219922329}]}]}]}}
  58.5s | {"type":"HB","id":99,"x":30,"y":30,"temp":26.5,"t":1201,"ms":1201000,"st":"ALIVE","fake":0,"nt":749.781559}
  58.6s | {"type":"HB","id":2,"x":30,"y":30,"temp":27,"t":806.018,"ms":806018,"st":"ALIVE","fake":0,"nt":749.843461}
  59.5s | {"type":"HB","id":99,"x":30,"y":30,"temp":26.5,"t":1202,"ms":1202000,"st":"ALIVE","fake":0,"nt":750.781597}
  59.6s | {"type":"HB","id":2,"x":30,"y":30,"temp":27,"t":807.018,"ms":807018,"st":"ALIVE","fake":0,"nt":750.843493}
