0.18s | {"type":"HB","id":1,"x":30,"y":30,"temp":29,"t":2093,"ms":2093000,"st":"ALIVE","fake":0,"nt":2960.713528}
0.35s | {"type":"HB","id":99,"x":30,"y":30,"temp":26,"t":2955.027,"ms":2955027,"st":"ALIVE","fake":0,"nt":2960.910541}
0.69s | {"type":"HB","id":3,"x":30,"y":30,"temp":25,"t":357,"ms":357000,"st":"ALIVE","fake":0,"nt":2961.191985}
0.69s | {"type":"HB","id":2,"x":30,"y":30,"temp":28,"t":49,"ms":49000,"st":"ALIVE","fake":0,"nt":2961.246213}
1.06s | {"type":"TOPO","ms":2955735,"mid":3179103441,"n_peers":3,"sub":{"nodeId":3179103441,"subs":[{"nodeId":3179104773},{"nodeId":219922329},{"nodeId":3179098605}]}}
1.18s | {"type":"HB","id":1,"x":30,"y":30,"temp":29,"t":2094,"ms":2094000,"st":"ALIVE","fake":0,"nt":2961.713525}
1.34s | {"type":"HB","id":99,"x":30,"y":30,"temp":26,"t":2956.027,"ms":2956027,"st":"ALIVE","fake":0,"nt":2961.910517}
1.69s | {"type":"HB","id":3,"x":30,"y":30,"temp":25,"t":358,"ms":358000,"st":"ALIVE","fake":0,"nt":2962.191988}
1.69s | {"type":"HB","id":2,"x":30,"y":30,"temp":28,"t":50,"ms":50000,"st":"ALIVE","fake":0,"nt":2962.246233}
2.18s | {"type":"HB","id":1,"x":30,"y":30,"temp":29,"t":2095,"ms":2095000,"st":"ALIVE","fake":0,"nt":2962.713539}
2.35s | {"type":"HB","id":99,"x":30,"y":30,"temp":26,"t":2957.027,"ms":2957027,"st":"ALIVE","fake":0,"nt":2962.91047}
2.68s | {"type":"HB","id":3,"x":30,"y":30,"temp":25,"t":359,"ms":359000,"st":"ALIVE","fake":0,"nt":2963.192008}
2.69s | {"type":"HB","id":2,"x":30,"y":30,"temp":28,"t":51,"ms":51000,"st":"ALIVE","fake":0,"nt":2963.246246}
3.18s | {"type":"HB","id":1,"x":30,"y":30,"temp":29,"t":2096,"ms":2096000,"st":"ALIVE","fake":0,"nt":2963.713593}
3.34s | {"type":"HB","id":99,"x":30,"y":30,"temp":26,"t":2958.027,"ms":2958027,"st":"ALIVE","fake":0,"nt":2963.9105}
3.68s | {"type":"HB","id":3,"x":30,"y":30,"temp":25,"t":360,"ms":360000,"st":"ALIVE","fake":0,"nt":2964.191991}
3.69s | {"type":"HB","id":2,"x":30,"y":30,"temp":28,"t":52,"ms":52000,"st":"ALIVE","fake":0,"nt":2964.246223}
4.18s | {"type":"HB","id":1,"x":30,"y":30,"temp":29,"t":2097,"ms":2097000,"st":"ALIVE","fake":0,"nt":2964.713547}
4.35s | {"type":"HB","id":99,"x":30,"y":30,"temp":26,"t":2959.027,"ms":2959027,"st":"ALIVE","fake":0,"nt":2964.910499}
4.68s | {"type":"HB","id":3,"x":30,"y":30,"temp":25,"t":361,"ms":361000,"st":"ALIVE","fake":0,"nt":2965.192018}
4.69s | {"type":"HB","id":2,"x":30,"y":30,"temp":28,"t":53,"ms":53000,"st":"ALIVE","fake":0,"nt":2965.246226}
5.18s | {"type":"HB","id":1,"x":30,"y":30,"temp":29,"t":2098,"ms":2098000,"st":"ALIVE","fake":0,"nt":2965.71354}
5.34s | {"type":"HB","id":99,"x":30,"y":30,"temp":26,"t":2960.027,"ms":2960027,"st":"ALIVE","fake":0,"nt":2965.910469}
5.68s | {"type":"HB","id":3,"x":30,"y":30,"temp":25,"t":362,"ms":362000,"st":"ALIVE","fake":0,"nt":2966.192001}
5.69s | {"type":"HB","id":2,"x":30,"y":30,"temp":28,"t":54,"ms":54000,"st":"ALIVE","fake":0,"nt":2966.246214}
6.06s | {"type":"TOPO","ms":2960735,"mid":3179103441,"n_peers":3,"sub":{"nodeId":3179103441,"subs":[{"nodeId":3179104773},{"nodeId":219922329},{"nodeId":3179098605}]}}
6.18s | {"type":"HB","id":1,"x":30,"y":30,"temp":29,"t":2099,"ms":2099000,"st":"ALIVE","fake":0,"nt":2966.713529}
6.34s | {"type":"HB","id":99,"x":30,"y":30,"temp":26,"t":2961.027,"ms":2961027,"st":"ALIVE","fake":0,"nt":2966.910537}
6.68s | {"type":"HB","id":3,"x":30,"y":30,"temp":25,"t":363,"ms":363000,"st":"ALIVE","fake":0,"nt":2967.192016}
6.69s | {"type":"HB","id":2,"x":30,"y":30,"temp":28,"t":55,"ms":55000,"st":"ALIVE","fake":0,"nt":2967.246213}
7.18s | {"type":"HB","id":1,"x":30,"y":30,"temp":29,"t":2100,"ms":2100000,"st":"ALIVE","fake":0,"nt":2967.713533}
7.35s | {"type":"HB","id":99,"x":30,"y":30,"temp":26,"t":2962.027,"ms":2962027,"st":"ALIVE","fake":0,"nt":2967.910454}
7.68s | {"type":"HB","id":3,"x":30,"y":30,"temp":25,"t":364,"ms":364000,"st":"ALIVE","fake":0,"nt":2968.191975}
7.69s | {"type":"HB","id":2,"x":30,"y":30,"temp":28,"t":56,"ms":56000,"st":"ALIVE","fake":0,"nt":2968.24625}
8.18s | {"type":"HB","id":1,"x":30,"y":30,"temp":29,"t":2101,"ms":2101000,"st":"ALIVE","fake":0,"nt":2968.713539}
8.35s | {"type":"HB","id":99,"x":30,"y":30,"temp":26,"t":2963.027,"ms":2963027,"st":"ALIVE","fake":0,"nt":2968.91044}
8.68s | {"type":"HB","id":3,"x":30,"y":30,"temp":25,"t":365,"ms":365000,"st":"ALIVE","fake":0,"nt":2969.192016}
8.69s | {"type":"HB","id":2,"x":30,"y":30,"temp":28,"t":57,"ms":57000,"st":"ALIVE","fake":0,"nt":2969.246211}
9.18s | {"type":"HB","id":1,"x":30,"y":30,"temp":29,"t":2102,"ms":2102000,"st":"ALIVE","fake":0,"nt":2969.713541}
9.35s | {"type":"HB","id":99,"x":30,"y":30,"temp":26,"t":2964.027,"ms":2964027,"st":"ALIVE","fake":0,"nt":2969.910437}
9.68s | {"type":"HB","id":3,"x":30,"y":30,"temp":25,"t":366,"ms":366000,"st":"ALIVE","fake":0,"nt":2970.191995}
9.69s | {"type":"HB","id":2,"x":30,"y":30,"temp":28,"t":58,"ms":58000,"st":"ALIVE","fake":0,"nt":2970.246214}
10.18s | {"type":"HB","id":1,"x":30,"y":30,"temp":29,"t":2103,"ms":2103000,"st":"ALIVE","fake":0,"nt":2970.713565}
10.35s | {"type":"HB","id":99,"x":30,"y":30,"temp":26,"t":2965.027,"ms":2965027,"st":"ALIVE","fake":0,"nt":2970.910498}
10.68s | {"type":"HB","id":3,"x":30,"y":30,"temp":25,"t":367,"ms":367000,"st":"ALIVE","fake":0,"nt":2971.191975}
10.69s | {"type":"HB","id":2,"x":30,"y":30,"temp":28,"t":59,"ms":59000,"st":"ALIVE","fake":0,"nt":2971.246232}
11.06s | {"type":"TOPO","ms":2965735,"mid":3179103441,"n_peers":3,"sub":{"nodeId":3179103441,"subs":[{"nodeId":3179104773},{"nodeId":219922329},{"nodeId":3179098605}]}}
11.18s | {"type":"HB","id":1,"x":30,"y":30,"temp":29,"t":2104,"ms":2104000,"st":"ALIVE","fake":0,"nt":2971.713524}
11.35s | {"type":"HB","id":99,"x":30,"y":30,"temp":26,"t":2966.027,"ms":2966027,"st":"ALIVE","fake":0,"nt":2971.910533}
11.68s | {"type":"HB","id":3,"x":30,"y":30,"temp":25,"t":368,"ms":368000,"st":"ALIVE","fake":0,"nt":2972.192034}
11.68s | {"type":"HB","id":2,"x":30,"y":30,"temp":28,"t":60,"ms":60000,"st":"ALIVE","fake":0,"nt":2972.246247}
12.18s | {"type":"HB","id":1,"x":30,"y":30,"temp":29,"t":2105,"ms":2105000,"st":"ALIVE","fake":0,"nt":2972.713561}
12.35s | {"type":"HB","id":99,"x":30,"y":30,"temp":26,"t":2967.027,"ms":2967027,"st":"ALIVE","fake":0,"nt":2972.910449}
12.68s | {"type":"HB","id":3,"x":30,"y":30,"temp":25,"t":369,"ms":369000,"st":"ALIVE","fake":0,"nt":2973.192008}
12.69s | {"type":"HB","id":2,"x":30,"y":30,"temp":28,"t":61,"ms":61000,"st":"ALIVE","fake":0,"nt":2973.246255}
13.18s | {"type":"HB","id":1,"x":30,"y":30,"temp":29,"t":2106,"ms":2106000,"st":"ALIVE","fake":0,"nt":2973.713533}
13.35s | {"type":"HB","id":99,"x":30,"y":30,"temp":26,"t":2968.027,"ms":2968027,"st":"ALIVE","fake":0,"nt":2973.91049}
13.68s | {"type":"HB","id":3,"x":30,"y":30,"temp":25,"t":370,"ms":370000,"st":"ALIVE","fake":0,"nt":2974.191983}
13.69s | {"type":"HB","id":2,"x":30,"y":30,"temp":28,"t":62,"ms":62000,"st":"ALIVE","fake":0,"nt":2974.24625}
14.18s | {"type":"HB","id":1,"x":30,"y":30,"temp":29,"t":2107,"ms":2107000,"st":"ALIVE","fake":0,"nt":2974.713517}
14.35s | {"type":"HB","id":99,"x":30,"y":30,"temp":26,"t":2969.027,"ms":2969027,"st":"ALIVE","fake":0,"nt":2974.910466}
14.68s | {"type":"HB","id":3,"x":30,"y":30,"temp":25,"t":371,"ms":371000,"st":"ALIVE","fake":0,"nt":2975.191986}
14.69s | {"type":"HB","id":2,"x":30,"y":30,"temp":28,"t":63,"ms":63000,"st":"ALIVE","fake":0,"nt":2975.24623}
15.18s | {"type":"HB","id":1,"x":30,"y":30,"temp":29,"t":2108,"ms":2108000,"st":"ALIVE","fake":0,"nt":2975.713542}
15.35s | {"type":"HB","id":99,"x":30,"y":30,"temp":26,"t":2970.027,"ms":2970027,"st":"ALIVE","fake":0,"nt":2975.910483}
15.68s | {"type":"HB","id":3,"x":30,"y":30,"temp":25,"t":372,"ms":372000,"st":"ALIVE","fake":0,"nt":2976.192016}
15.69s | {"type":"HB","id":2,"x":30,"y":30,"temp":28,"t":64,"ms":64000,"st":"ALIVE","fake":0,"nt":2976.246231}
16.06s | {"type":"TOPO","ms":2970735,"mid":3179103441,"n_peers":3,"sub":{"nodeId":3179103441,"subs":[{"nodeId":3179104773},{"nodeId":219922329},{"nodeId":3179098605}]}}
16.18s | {"type":"HB","id":1,"x":30,"y":30,"temp":29,"t":2109,"ms":2109000,"st":"ALIVE","fake":0,"nt":2976.713516}
16.34s | {"type":"HB","id":99,"x":30,"y":30,"temp":26,"t":2971.027,"ms":2971027,"st":"ALIVE","fake":0,"nt":2976.910431}
16.68s | {"type":"HB","id":3,"x":30,"y":30,"temp":25,"t":373,"ms":373000,"st":"ALIVE","fake":0,"nt":2977.192007}
16.68s | {"type":"HB","id":2,"x":30,"y":30,"temp":28,"t":65,"ms":65000,"st":"ALIVE","fake":0,"nt":2977.246231}
17.18s | ????????????????????????????????????????????????????????????????0,"temp":29,"t":2110,"ms":2110000,"st":"ALIVE","fake":0,"nt":2977.713524}
17.34s | {"type":"HB","id":99,"x":30,"y":30,"temp":26,"t":2972.027,"ms":2972027,"st":"ALIVE","fake":0,"nt":2977.910431}
17.68s | {"type":"HB","id":3,"x":30,"y":30,"temp":25,"t":374,"ms":374000,"st":"ALIVE","fake":0,"nt":2978.192007}
17.69s | {"type":"HB","id":2,"x":30,"y":30,"temp":28,"t":66,"ms":66000,"st":"ALIVE","fake":0,"nt":2978.246231}
18.18s | {"type":"HB","id":1,"x":30,"y":30,"temp":29,"t":2111,"ms":2111000,"st":"ALIVE","fake":0,"nt":2978.713561}
18.35s | {"type":"HB","id":99,"x":30,"y":30,"temp":26,"t":2973.027,"ms":2973027,"st":"ALIVE","fake":0,"nt":2978.910451}
18.68s | {"type":"HB","id":3,"x":30,"y":30,"temp":25,"t":375,"ms":375000,"st":"ALIVE","fake":0,"nt":2979.191984}
18.69s | {"type":"HB","id":2,"x":30,"y":30,"temp":28,"t":67,"ms":67000,"st":"ALIVE","fake":0,"nt":2979.24623}
19.18s | {"type":"HB","id":1,"x":30,"y":30,"temp":29,"t":2112,"ms":2112000,"st":"ALIVE","fake":0,"nt":2979.713524}
19.35s | {"type":"HB","id":99,"x":30,"y":30,"temp":26,"t":2974.027,"ms":2974027,"st":"ALIVE","fake":0,"nt":2979.91045}
19.68s | {"type":"HB","id":3,"x":30,"y":30,"temp":25,"t":376,"ms":376000,"st":"ALIVE","fake":0,"nt":2980.191987}
19.69s | {"type":"HB","id":2,"x":30,"y":30,"temp":28,"t":68,"ms":68000,"st":"ALIVE","fake":0,"nt":2980.246216}
20.18s | {"type":"HB","id":1,"x":30,"y":30,"temp":29,"t":2113,"ms":2113000,"st":"ALIVE","fake":0,"nt":2980.713565}
20.35s | {"type":"HB","id":99,"x":30,"y":30,"temp":26,"t":2975.027,"ms":2975027,"st":"ALIVE","fake":0,"nt":2980.910447}
20.68s | {"type":"HB","id":3,"x":30,"y":30,"temp":25,"t":377,"ms":377000,"st":"ALIVE","fake":0,"nt":2981.192008}
20.69s | {"type":"HB","id":2,"x":30,"y":30,"temp":28,"t":69,"ms":69000,"st":"ALIVE","fake":0,"nt":2981.246211}
21.06s | {"type":"TOPO","ms":2975735,"mid":3179103441,"n_peers":3,"sub":{"nodeId":3179103441,"subs":[{"nodeId":3179104773},{"nodeId":219922329},{"nodeId":3179098605}]}}
21.18s | {"type":"HB","id":1,"x":30,"y":30,"temp":29,"t":2114,"ms":2114000,"st":"ALIVE","fake":0,"nt":2981.713541}
21.35s | {"type":"HB","id":99,"x":30,"y":30,"temp":26,"t":2976.027,"ms":2976027,"st":"ALIVE","fake":0,"nt":2981.91054}
21.68s | {"type":"HB","id":3,"x":30,"y":30,"temp":25,"t":378,"ms":378000,"st":"ALIVE","fake":0,"nt":2982.192004}
21.69s | {"type":"HB","id":2,"x":30,"y":30,"temp":28,"t":70,"ms":70000,"st":"ALIVE","fake":0,"nt":2982.246257}
22.18s | {"type":"HB","id":1,"x":30,"y":30,"temp":29,"t":2115,"ms":2115000,"st":"ALIVE","fake":0,"nt":2982.713517}
22.35s | {"type":"HB","id":99,"x":30,"y":30,"temp":26,"t":2977.027,"ms":2977027,"st":"ALIVE","fake":0,"nt":2982.91047}
22.68s | {"type":"HB","id":3,"x":30,"y":30,"temp":25,"t":379,"ms":379000,"st":"ALIVE","fake":0,"nt":2983.192}
22.68s | {"type":"HB","id":2,"x":30,"y":30,"temp":28,"t":71,"ms":71000,"st":"ALIVE","fake":0,"nt":2983.246249}
23.18s | {"type":"HB","id":1,"x":30,"y":30,"temp":29,"t":2116,"ms":2116000,"st":"ALIVE","fake":0,"nt":2983.713539}
23.35s | {"type":"HB","id":99,"x":30,"y":30,"temp":26,"t":2978.027,"ms":2978027,"st":"ALIVE","fake":0,"nt":2983.910452}
23.68s | {"type":"HB","id":3,"x":30,"y":30,"temp":25,"t":380,"ms":380000,"st":"ALIVE","fake":0,"nt":2984.191974}
23.68s | {"type":"HB","id":2,"x":30,"y":30,"temp":28,"t":72,"ms":72000,"st":"ALIVE","fake":0,"nt":2984.246247}
24.18s | {"type":"HB","id":1,"x":30,"y":30,"temp":29,"t":2117,"ms":2117000,"st":"ALIVE","fake":0,"nt":2984.71355}
24.35s | {"type":"HB","id":99,"x":30,"y":30,"temp":26,"t":2979.027,"ms":2979027,"st":"ALIVE","fake":0,"nt":2984.910489}
24.68s | {"type":"HB","id":3,"x":30,"y":30,"temp":25,"t":381,"ms":381000,"st":"ALIVE","fake":0,"nt":2985.191984}
24.69s | {"type":"HB","id":2,"x":30,"y":30,"temp":28,"t":73,"ms":73000,"st":"ALIVE","fake":0,"nt":2985.246213}
25.18s | {"type":"HB","id":1,"x":30,"y":30,"temp":29,"t":2118,"ms":2118000,"st":"ALIVE","fake":0,"nt":2985.713539}
25.35s | {"type":"HB","id":99,"x":30,"y":30,"temp":26,"t":2980.027,"ms":2980027,"st":"ALIVE","fake":0,"nt":2985.91052}
25.68s | {"type":"HB","id":3,"x":30,"y":30,"temp":25,"t":382,"ms":382000,"st":"ALIVE","fake":0,"nt":2986.191977}
25.69s | {"type":"HB","id":2,"x":30,"y":30,"temp":28,"t":74,"ms":74000,"st":"ALIVE","fake":0,"nt":2986.246248}
26.06s | {"type":"TOPO","ms":2980735,"mid":3179103441,"n_peers":3,"sub":{"nodeId":3179103441,"subs":[{"nodeId":3179104773},{"nodeId":219922329},{"nodeId":3179098605}]}}
26.18s | {"type":"HB","id":1,"x":30,"y":30,"temp":29,"t":2119,"ms":2119000,"st":"ALIVE","fake":0,"nt":2986.713548}
26.35s | {"type":"HB","id":99,"x":30,"y":30,"temp":26,"t":2981.027,"ms":2981027,"st":"ALIVE","fake":0,"nt":2986.910502}
26.68s | {"type":"HB","id":3,"x":30,"y":30,"temp":25,"t":383,"ms":383000,"st":"ALIVE","fake":0,"nt":2987.192018}
26.69s | {"type":"HB","id":2,"x":30,"y":30,"temp":28.5,"t":75,"ms":75000,"st":"ALIVE","fake":0,"nt":2987.24623}
27.18s | {"type":"HB","id":1,"x":30,"y":30,"temp":29,"t":2120,"ms":2120000,"st":"ALIVE","fake":0,"nt":2987.713548}
27.35s | {"type":"HB","id":99,"x":30,"y":30,"temp":26,"t":2982.027,"ms":2982027,"st":"ALIVE","fake":0,"nt":2987.910534}
27.68s | {"type":"HB","id":3,"x":30,"y":30,"temp":25,"t":384,"ms":384000,"st":"ALIVE","fake":0,"nt":2988.192008}
27.69s | {"type":"HB","id":2,"x":30,"y":30,"temp":29,"t":76,"ms":76000,"st":"ALIVE","fake":0,"nt":2988.246214}
28.18s | {"type":"HB","id":1,"x":30,"y":30,"temp":29,"t":2121,"ms":2121000,"st":"ALIVE","fake":0,"nt":2988.713557}
28.35s | {"type":"HB","id":99,"x":30,"y":30,"temp":26,"t":2983.027,"ms":2983027,"st":"ALIVE","fake":0,"nt":2988.91046}
28.68s | {"type":"HB","id":3,"x":30,"y":30,"temp":25,"t":385,"ms":385000,"st":"ALIVE","fake":0,"nt":2989.199426}
28.69s | {"type":"HB","id":2,"x":30,"y":30,"temp":29.5,"t":77,"ms":77000,"st":"ALIVE","fake":0,"nt":2989.246248}
29.18s | {"type":"HB","id":1,"x":30,"y":30,"temp":29,"t":2122,"ms":2122000,"st":"ALIVE","fake":0,"nt":2989.713524}
29.35s | {"type":"HB","id":99,"x":30,"y":30,"temp":26,"t":2984.027,"ms":2984027,"st":"ALIVE","fake":0,"nt":2989.910478}
29.68s | {"type":"HB","id":3,"x":30,"y":30,"temp":25,"t":386,"ms":386000,"st":"ALIVE","fake":0,"nt":2990.19941}
29.69s | {"type":"HB","id":2,"x":30,"y":30,"temp":29.5,"t":78,"ms":78000,"st":"ALIVE","fake":0,"nt":2990.246246}
30.18s | {"type":"HB","id":1,"x":30,"y":30,"temp":29,"t":2123,"ms":2123000,"st":"ALIVE","fake":0,"nt":2990.713527}
30.35s | {"type":"HB","id":99,"x":30,"y":30,"temp":26,"t":2985.027,"ms":2985027,"st":"ALIVE","fake":0,"nt":2990.91045}
30.68s | {"type":"HB","id":3,"x":30,"y":30,"temp":25,"t":387,"ms":387000,"st":"ALIVE","fake":0,"nt":2991.199405}
30.69s | {"type":"HB","id":2,"x":30,"y":30,"temp":29.5,"t":79,"ms":79000,"st":"ALIVE","fake":0,"nt":2991.246246}
31.05s | {"type":"TOPO","ms":2985735,"mid":3179103441,"n_peers":3,"sub":{"nodeId":3179103441,"subs":[{"nodeId":3179104773},{"nodeId":219922329},{"nodeId":3179098605}]}}
31.18s | {"type":"HB","id":1,"x":30,"y":30,"temp":29,"t":2124,"ms":2124000,"st":"ALIVE","fake":0,"nt":2991.713552}
31.35s | {"type":"HB","id":99,"x":30,"y":30,"temp":26,"t":2986.027,"ms":2986027,"st":"ALIVE","fake":0,"nt":2991.91052}
31.68s | {"type":"HB","id":3,"x":30,"y":30,"temp":25,"t":388,"ms":388000,"st":"ALIVE","fake":0,"nt":2992.199423}
31.69s | {"type":"HB","id":2,"x":30,"y":30,"temp":29.5,"t":80,"ms":80000,"st":"ALIVE","fake":0,"nt":2992.24625}
32.18s | {"type":"HB","id":1,"x":30,"y":30,"temp":29,"t":2125,"ms":2125000,"st":"ALIVE","fake":0,"nt":2992.713552}
32.34s | {"type":"HB","id":99,"x":30,"y":30,"temp":26,"t":2987.027,"ms":2987027,"st":"ALIVE","fake":0,"nt":2992.910534}
32.68s | {"type":"HB","id":3,"x":30,"y":30,"temp":25,"t":389,"ms":389000,"st":"ALIVE","fake":0,"nt":2993.199408}
32.69s | {"type":"HB","id":2,"x":30,"y":30,"temp":29.5,"t":81,"ms":81000,"st":"ALIVE","fake":0,"nt":2993.246229}
33.18s | {"type":"HB","id":1,"x":30,"y":30,"temp":29,"t":2126,"ms":2126000,"st":"ALIVE","fake":0,"nt":2993.713548}
33.35s | {"type":"HB","id":99,"x":30,"y":30,"temp":26,"t":2988.027,"ms":2988027,"st":"ALIVE","fake":0,"nt":2993.910467}
33.68s | {"type":"HB","id":3,"x":30,"y":30,"temp":25,"t":390,"ms":390000,"st":"ALIVE","fake":0,"nt":2994.19944}
33.69s | {"type":"HB","id":2,"x":30,"y":30,"temp":29.5,"t":82,"ms":82000,"st":"ALIVE","fake":0,"nt":2994.246256}
34.18s | {"type":"HB","id":1,"x":30,"y":30,"temp":29,"t":2127,"ms":2127000,"st":"ALIVE","fake":0,"nt":2994.713548}
34.35s | {"type":"HB","id":99,"x":30,"y":30,"temp":26,"t":2989.027,"ms":2989027,"st":"ALIVE","fake":0,"nt":2994.910522}
34.68s | {"type":"HB","id":3,"x":30,"y":30,"temp":25,"t":391,"ms":391000,"st":"ALIVE","fake":0,"nt":2995.199421}
34.69s | {"type":"HB","id":2,"x":30,"y":30,"temp":29.5,"t":83,"ms":83000,"st":"ALIVE","fake":0,"nt":2995.246247}
35.18s | {"type":"HB","id":1,"x":30,"y":30,"temp":29,"t":2128,"ms":2128000,"st":"ALIVE","fake":0,"nt":2995.713552}
35.35s | {"type":"HB","id":99,"x":30,"y":30,"temp":26,"t":2990.027,"ms":2990027,"st":"ALIVE","fake":0,"nt":2995.910452}
35.68s | {"type":"HB","id":3,"x":30,"y":30,"temp":25,"t":392,"ms":392000,"st":"ALIVE","fake":0,"nt":2996.199408}
35.68s | {"type":"HB","id":2,"x":30,"y":30,"temp":29.5,"t":84,"ms":84000,"st":"ALIVE","fake":0,"nt":2996.247649}
36.06s | {"type":"TOPO","ms":2990735,"mid":3179103441,"n_peers":3,"sub":{"nodeId":3179103441,"subs":[{"nodeId":3179104773},{"nodeId":219922329},{"nodeId":3179098605}]}}
36.17s | {"type":"HB","id":1,"x":30,"y":30,"temp":29,"t":2129,"ms":2129000,"st":"ALIVE","fake":0,"nt":2996.713554}
36.35s | {"type":"HB","id":99,"x":30,"y":30,"temp":26,"t":2991.027,"ms":2991027,"st":"ALIVE","fake":0,"nt":2996.910451}
36.68s | {"type":"HB","id":3,"x":30,"y":30,"temp":25,"t":393,"ms":393000,"st":"ALIVE","fake":0,"nt":2997.199405}
36.69s | {"type":"HB","id":2,"x":30,"y":30,"temp":29.5,"t":85,"ms":85000,"st":"ALIVE","fake":0,"nt":2997.247652}
37.18s | {"type":"HB","id":1,"x":30,"y":30,"temp":29,"t":2130,"ms":2130000,"st":"ALIVE","fake":0,"nt":2997.713567}
37.35s | {"type":"HB","id":99,"x":30,"y":30,"temp":26,"t":2992.027,"ms":2992027,"st":"ALIVE","fake":0,"nt":2997.910465}
37.68s | {"type":"HB","id":3,"x":30,"y":30,"temp":25,"t":394,"ms":394000,"st":"ALIVE","fake":0,"nt":2998.19942}
37.69s | {"type":"HB","id":2,"x":30,"y":30,"temp":29.5,"t":86,"ms":86000,"st":"ALIVE","fake":0,"nt":2998.247657}
38.18s | {"type":"HB","id":1,"x":30,"y":30,"temp":29,"t":2131,"ms":2131000,"st":"ALIVE","fake":0,"nt":2998.713518}
38.34s | {"type":"HB","id":99,"x":30,"y":30,"temp":26,"t":2993.027,"ms":2993027,"st":"ALIVE","fake":0,"nt":2998.910532}
38.68s | {"type":"HB","id":3,"x":30,"y":30,"temp":25,"t":395,"ms":395000,"st":"ALIVE","fake":0,"nt":2999.199403}
38.69s | {"type":"HB","id":2,"x":30,"y":30,"temp":29.5,"t":87,"ms":87000,"st":"ALIVE","fake":0,"nt":2999.247614}
39.18s | {"type":"HB","id":1,"x":30,"y":30,"temp":29,"t":2132,"ms":2132000,"st":"ALIVE","fake":0,"nt":2999.713561}
39.35s | {"type":"HB","id":99,"x":30,"y":30,"temp":26,"t":2994.027,"ms":2994027,"st":"ALIVE","fake":0,"nt":2999.910431}
39.68s | {"type":"HB","id":3,"x":30,"y":30,"temp":25,"t":396,"ms":396000,"st":"ALIVE","fake":0,"nt":3000.199422}
39.69s | {"type":"HB","id":2,"x":30,"y":30,"temp":29.5,"t":88,"ms":88000,"st":"ALIVE","fake":0,"nt":3000.247635}
40.18s | {"type":"HB","id":1,"x":30,"y":30,"temp":29,"t":2133,"ms":2133000,"st":"ALIVE","fake":0,"nt":3000.713565}
40.34s | {"type":"HB","id":99,"x":30,"y":30,"temp":26,"t":2995.027,"ms":2995027,"st":"ALIVE","fake":0,"nt":3000.910508}
40.68s | {"type":"HB","id":3,"x":30,"y":30,"temp":25,"t":397,"ms":397000,"st":"ALIVE","fake":0,"nt":3001.199402}
40.69s | {"type":"HB","id":2,"x":30,"y":30,"temp":29.5,"t":89,"ms":89000,"st":"ALIVE","fake":0,"nt":3001.247648}
41.06s | {"type":"TOPO","ms":2995735,"mid":3179103441,"n_peers":3,"sub":{"nodeId":3179103441,"subs":[{"nodeId":3179104773},{"nodeId":219922329},{"nodeId":3179098605}]}}
41.18s | {"type":"HB","id":1,"x":30,"y":30,"temp":29,"t":2134,"ms":2134000,"st":"ALIVE","fake":0,"nt":3001.713548}
41.34s | {"type":"HB","id":99,"x":30,"y":30,"temp":26,"t":2996.027,"ms":2996027,"st":"ALIVE","fake":0,"nt":3001.910524}
41.68s | {"type":"HB","id":3,"x":30,"y":30,"temp":25,"t":398,"ms":398000,"st":"ALIVE","fake":0,"nt":3002.199429}
41.69s | {"type":"HB","id":2,"x":30,"y":30,"temp":29.5,"t":90,"ms":90000,"st":"ALIVE","fake":0,"nt":3002.247633}
42.18s | {"type":"HB","id":1,"x":30,"y":30,"temp":29,"t":2135,"ms":2135000,"st":"ALIVE","fake":0,"nt":3002.713554}
42.35s | {"type":"HB","id":99,"x":30,"y":30,"temp":26,"t":2997.027,"ms":2997027,"st":"ALIVE","fake":0,"nt":3002.910501}
42.68s | {"type":"HB","id":3,"x":30,"y":30,"temp":25,"t":399,"ms":399000,"st":"ALIVE","fake":0,"nt":3003.199402}
42.69s | {"type":"HB","id":2,"x":30,"y":30,"temp":29.5,"t":91,"ms":91000,"st":"ALIVE","fake":0,"nt":3003.247626}
43.18s | {"type":"HB","id":1,"x":30,"y":30,"temp":29,"t":2136,"ms":2136000,"st":"ALIVE","fake":0,"nt":3003.713533}
43.34s | {"type":"HB","id":99,"x":30,"y":30,"temp":26,"t":2998.027,"ms":2998027,"st":"ALIVE","fake":0,"nt":3003.910538}
43.68s | {"type":"HB","id":3,"x":30,"y":30,"temp":25,"t":400,"ms":400000,"st":"ALIVE","fake":0,"nt":3004.199398}
43.69s | {"type":"HB","id":2,"x":30,"y":30,"temp":30,"t":92,"ms":92000,"st":"ALIVE","fake":0,"nt":3004.247614}
44.18s | {"type":"HB","id":1,"x":30,"y":30,"temp":29,"t":2137,"ms":2137000,"st":"ALIVE","fake":0,"nt":3004.713524}
44.35s | {"type":"HB","id":99,"x":30,"y":30,"temp":26,"t":2999.027,"ms":2999027,"st":"ALIVE","fake":0,"nt":3004.910447}
44.68s | {"type":"HB","id":3,"x":30,"y":30,"temp":25,"t":401,"ms":401000,"st":"ALIVE","fake":0,"nt":3005.199438}
44.69s | {"type":"HB","id":2,"x":30,"y":30,"temp":30,"t":93,"ms":93000,"st":"ALIVE","fake":0,"nt":3005.247652}
45.18s | {"type":"HB","id":1,"x":30,"y":30,"temp":29,"t":2138,"ms":2138000,"st":"ALIVE","fake":0,"nt":3005.713554}
45.35s | {"type":"HB","id":99,"x":30,"y":30,"temp":26,"t":3000.027,"ms":3000027,"st":"ALIVE","fake":0,"nt":3005.910523}
45.68s | {"type":"HB","id":3,"x":30,"y":30,"temp":25,"t":402,"ms":402000,"st":"ALIVE","fake":0,"nt":3006.199417}
45.69s | {"type":"HB","id":2,"x":30,"y":30,"temp":30,"t":94,"ms":94000,"st":"ALIVE","fake":0,"nt":3006.247662}
46.05s | {"type":"TOPO","ms":3000735,"mid":3179103441,"n_peers":3,"sub":{"nodeId":3179103441,"subs":[{"nodeId":3179104773},{"nodeId":219922329},{"nodeId":3179098605}]}}
46.18s | {"type":"HB","id":1,"x":30,"y":30,"temp":29,"t":2139,"ms":2139000,"st":"ALIVE","fake":0,"nt":3006.713538}
46.34s | {"type":"HB","id":99,"x":30,"y":30,"temp":26,"t":3001.027,"ms":3001027,"st":"ALIVE","fake":0,"nt":3006.910451}
46.68s | {"type":"HB","id":3,"x":30,"y":30,"temp":25,"t":403,"ms":403000,"st":"ALIVE","fake":0,"nt":3007.199421}
46.69s | {"type":"HB","id":2,"x":30,"y":30,"temp":30,"t":95,"ms":95000,"st":"ALIVE","fake":0,"nt":3007.247644}
47.18s | {"type":"HB","id":1,"x":30,"y":30,"temp":29,"t":2140,"ms":2140000,"st":"ALIVE","fake":0,"nt":3007.713524}
47.35s | {"type":"HB","id":99,"x":30,"y":30,"temp":26,"t":3002.027,"ms":3002027,"st":"ALIVE","fake":0,"nt":3007.910469}
47.68s | {"type":"HB","id":3,"x":30,"y":30,"temp":25,"t":404,"ms":404000,"st":"ALIVE","fake":0,"nt":3008.199409}
47.69s | {"type":"HB","id":2,"x":30,"y":30,"temp":30,"t":96,"ms":96000,"st":"ALIVE","fake":0,"nt":3008.247616}
48.18s | {"type":"HB","id":1,"x":30,"y":30,"temp":29,"t":2141,"ms":2141000,"st":"ALIVE","fake":0,"nt":3008.713563}
48.35s | {"type":"HB","id":99,"x":30,"y":30,"temp":26,"t":3003.027,"ms":3003027,"st":"ALIVE","fake":0,"nt":3008.910533}
48.68s | {"type":"HB","id":3,"x":30,"y":30,"temp":25,"t":405,"ms":405000,"st":"ALIVE","fake":0,"nt":3009.199425}
48.69s | {"type":"HB","id":2,"x":30,"y":30,"temp":30,"t":97,"ms":97000,"st":"ALIVE","fake":0,"nt":3009.247645}
49.18s | {"type":"HB","id":1,"x":30,"y":30,"temp":29,"t":2142,"ms":2142000,"st":"ALIVE","fake":0,"nt":3009.713545}
49.34s | {"type":"HB","id":99,"x":30,"y":30,"temp":26,"t":3004.027,"ms":3004027,"st":"ALIVE","fake":0,"nt":3009.910543}
49.68s | {"type":"HB","id":3,"x":30,"y":30,"temp":25,"t":406,"ms":406000,"st":"ALIVE","fake":0,"nt":3010.199409}
49.69s | {"type":"HB","id":2,"x":30,"y":30,"temp":30.5,"t":98,"ms":98000,"st":"ALIVE","fake":0,"nt":3010.24766}
50.18s | {"type":"HB","id":1,"x":30,"y":30,"temp":29,"t":2143,"ms":2143000,"st":"ALIVE","fake":0,"nt":3010.713548}
50.35s | {"type":"HB","id":99,"x":30,"y":30,"temp":26,"t":3005.027,"ms":3005027,"st":"ALIVE","fake":0,"nt":3010.910503}
50.68s | {"type":"HB","id":3,"x":30,"y":30,"temp":25,"t":407,"ms":407000,"st":"ALIVE","fake":0,"nt":3011.199439}
50.70s | {"type":"HB","id":2,"x":30,"y":30,"temp":31,"t":99,"ms":99000,"st":"ALIVE","fake":0,"nt":3011.247628}
51.06s | {"type":"TOPO","ms":3005735,"mid":3179103441,"n_peers":3,"sub":{"nodeId":3179103441,"subs":[{"nodeId":3179104773},{"nodeId":219922329},{"nodeId":3179098605}]}}
51.18s | {"type":"HB","id":1,"x":30,"y":30,"temp":29,"t":2144,"ms":2144000,"st":"ALIVE","fake":0,"nt":3011.71353}
51.35s | {"type":"HB","id":99,"x":30,"y":30,"temp":26,"t":3006.027,"ms":3006027,"st":"ALIVE","fake":0,"nt":3011.910435}
51.68s | {"type":"HB","id":3,"x":30,"y":30,"temp":25,"t":408,"ms":408000,"st":"ALIVE","fake":0,"nt":3012.199432}
51.69s | {"type":"HB","id":2,"x":30,"y":30,"temp":31.5,"t":100,"ms":100000,"st":"ALIVE","fake":0,"nt":3012.247651}
52.18s | {"type":"HB","id":1,"x":30,"y":30,"temp":29,"t":2145,"ms":2145000,"st":"ALIVE","fake":0,"nt":3012.713549}
52.35s | {"type":"HB","id":99,"x":30,"y":30,"temp":26,"t":3007.027,"ms":3007027,"st":"ALIVE","fake":0,"nt":3012.910497}
52.68s | {"type":"HB","id":3,"x":30,"y":30,"temp":25,"t":409,"ms":409000,"st":"ALIVE","fake":0,"nt":3013.199407}
52.69s | {"type":"HB","id":2,"x":30,"y":30,"temp":31.5,"t":101,"ms":101000,"st":"ALIVE","fake":0,"nt":3013.247631}
53.18s | {"type":"HB","id":1,"x":30,"y":30,"temp":29,"t":2146,"ms":2146000,"st":"ALIVE","fake":0,"nt":3013.713559}
53.35s | {"type":"HB","id":99,"x":30,"y":30,"temp":26,"t":3008.027,"ms":3008027,"st":"ALIVE","fake":0,"nt":3013.910498}
53.68s | {"type":"HB","id":3,"x":30,"y":30,"temp":25,"t":410,"ms":410000,"st":"ALIVE","fake":0,"nt":3014.199434}
53.69s | {"type":"HB","id":2,"x":30,"y":30,"temp":32,"t":102,"ms":102000,"st":"ALIVE","fake":0,"nt":3014.24762}
54.18s | {"type":"HB","id":1,"x":30,"y":30,"temp":29,"t":2147,"ms":2147000,"st":"ALIVE","fake":0,"nt":3014.713533}
54.35s | {"type":"HB","id":99,"x":30,"y":30,"temp":26,"t":3009.027,"ms":3009027,"st":"ALIVE","fake":0,"nt":3014.910481}
54.68s | {"type":"HB","id":3,"x":30,"y":30,"temp":25,"t":411,"ms":411000,"st":"ALIVE","fake":0,"nt":3015.199415}
54.69s | {"type":"HB","id":2,"x":30,"y":30,"temp":32,"t":103,"ms":103000,"st":"ALIVE","fake":0,"nt":3015.247612}
55.18s | {"type":"HB","id":1,"x":30,"y":30,"temp":29,"t":2148,"ms":2148000,"st":"ALIVE","fake":0,"nt":3015.713549}
55.35s | {"type":"HB","id":99,"x":30,"y":30,"temp":26,"t":3010.027,"ms":3010027,"st":"ALIVE","fake":0,"nt":3015.91046}
55.68s | {"type":"HB","id":3,"x":30,"y":30,"temp":25,"t":412,"ms":412000,"st":"ALIVE","fake":0,"nt":3016.199425}
55.69s | {"type":"HB","id":2,"x":30,"y":30,"temp":32.5,"t":104,"ms":104000,"st":"ALIVE","fake":0,"nt":3016.247652}
56.06s | {"type":"TOPO","ms":3010735,"mid":3179103441,"n_peers":3,"sub":{"nodeId":3179103441,"subs":[{"nodeId":3179104773},{"nodeId":219922329},{"nodeId":3179098605}]}}
56.18s | ????????????????????????????????????????????????????????????????0,"temp":29,"t":2149,"ms":2149000,"st":"ALIVE","fake":0,"nt":3016.713529}
56.35s | {"type":"HB","id":99,"x":30,"y":30,"temp":26,"t":3011.027,"ms":3011027,"st":"ALIVE","fake":0,"nt":3016.910485}
56.68s | {"type":"HB","id":3,"x":30,"y":30,"temp":25,"t":413,"ms":413000,"st":"ALIVE","fake":0,"nt":3017.199409}
56.69s | {"type":"HB","id":2,"x":30,"y":30,"temp":32.5,"t":105,"ms":105000,"st":"ALIVE","fake":0,"nt":3017.247614}
57.18s | {"type":"HB","id":1,"x":30,"y":30,"temp":29,"t":2150,"ms":2150000,"st":"ALIVE","fake":0,"nt":3017.713527}
57.35s | {"type":"HB","id":99,"x":30,"y":30,"temp":26,"t":3012.027,"ms":3012027,"st":"ALIVE","fake":0,"nt":3017.910503}
57.68s | {"type":"HB","id":3,"x":30,"y":30,"temp":25,"t":414,"ms":414000,"st":"ALIVE","fake":0,"nt":3018.199436}
57.69s | {"type":"HB","id":2,"x":30,"y":30,"temp":32.5,"t":106,"ms":106000,"st":"ALIVE","fake":0,"nt":3018.247659}
58.18s | {"type":"HB","id":1,"x":30,"y":30,"temp":29,"t":2151,"ms":2151000,"st":"ALIVE","fake":0,"nt":3018.715254}
58.34s | {"type":"HB","id":99,"x":30,"y":30,"temp":26,"t":3013.027,"ms":3013027,"st":"ALIVE","fake":0,"nt":3018.910537}
58.68s | {"type":"HB","id":3,"x":30,"y":30,"temp":25,"t":415,"ms":415000,"st":"ALIVE","fake":0,"nt":3019.199405}
58.69s | {"type":"HB","id":2,"x":30,"y":30,"temp":33,"t":107,"ms":107000,"st":"ALIVE","fake":0,"nt":3019.247627}
59.18s | {"type":"HB","id":1,"x":30,"y":30,"temp":29,"t":2152,"ms":2152000,"st":"ALIVE","fake":0,"nt":3019.715276}
59.35s | {"type":"HB","id":99,"x":30,"y":30,"temp":26,"t":3014.027,"ms":3014027,"st":"ALIVE","fake":0,"nt":3019.910437}
59.68s | {"type":"HB","id":3,"x":30,"y":30,"temp":25,"t":416,"ms":416000,"st":"ALIVE","fake":0,"nt":3020.19942}
59.69s | {"type":"HB","id":2,"x":30,"y":30,"temp":33,"t":108,"ms":108000,"st":"ALIVE","fake":0,"nt":3020.247616}
60.18s | {"type":"HB","id":1,"x":30,"y":30,"temp":29,"t":2153,"ms":2153000,"st":"ALIVE","fake":0,"nt":3020.715225}
60.35s | {"type":"HB","id":99,"x":30,"y":30,"temp":26,"t":3015.027,"ms":3015027,"st":"ALIVE","fake":0,"nt":3020.910485}
60.68s | {"type":"HB","id":3,"x":30,"y":30,"temp":25,"t":417,"ms":417000,"st":"ALIVE","fake":0,"nt":3021.199404}
60.69s | {"type":"HB","id":2,"x":30,"y":30,"temp":33,"t":109,"ms":109000,"st":"ALIVE","fake":0,"nt":3021.247645}
61.06s | {"type":"TOPO","ms":3015735,"mid":3179103441,"n_peers":3,"sub":{"nodeId":3179103441,"subs":[{"nodeId":3179104773},{"nodeId":219922329},{"nodeId":3179098605}]}}
61.18s | {"type":"HB","id":1,"x":30,"y":30,"temp":29,"t":2154,"ms":2154000,"st":"ALIVE","fake":0,"nt":3021.715237}
61.35s | {"type":"HB","id":99,"x":30,"y":30,"temp":26,"t":3016.027,"ms":3016027,"st":"ALIVE","fake":0,"nt":3021.910528}
61.68s | {"type":"HB","id":3,"x":30,"y":30,"temp":25,"t":418,"ms":418000,"st":"ALIVE","fake":0,"nt":3022.199429}
61.69s | {"type":"HB","id":2,"x":30,"y":30,"temp":33,"t":110,"ms":110000,"st":"ALIVE","fake":0,"nt":3022.24766}
62.18s | {"type":"HB","id":1,"x":30,"y":30,"temp":29,"t":2155,"ms":2155000,"st":"ALIVE","fake":0,"nt":3022.715248}
62.35s | {"type":"HB","id":99,"x":30,"y":30,"temp":26,"t":3017.027,"ms":3017027,"st":"ALIVE","fake":0,"nt":3022.910483}
62.68s | {"type":"HB","id":3,"x":30,"y":30,"temp":25,"t":419,"ms":419000,"st":"ALIVE","fake":0,"nt":3023.199408}
62.69s | {"type":"HB","id":2,"x":30,"y":30,"temp":33,"t":111,"ms":111000,"st":"ALIVE","fake":0,"nt":3023.247653}
63.18s | {"type":"HB","id":1,"x":30,"y":30,"temp":29,"t":2156,"ms":2156000,"st":"ALIVE","fake":0,"nt":3023.715273}
63.34s | {"type":"HB","id":99,"x":30,"y":30,"temp":26,"t":3018.027,"ms":3018027,"st":"ALIVE","fake":0,"nt":3023.9105}
63.68s | {"type":"HB","id":3,"x":30,"y":30,"temp":25,"t":420,"ms":420000,"st":"ALIVE","fake":0,"nt":3024.199432}
63.69s | {"type":"HB","id":2,"x":30,"y":30,"temp":33.5,"t":112,"ms":112000,"st":"ALIVE","fake":0,"nt":3024.247661}
64.18s | {"type":"HB","id":1,"x":30,"y":30,"temp":29,"t":2157,"ms":2157000,"st":"ALIVE","fake":0,"nt":3024.715248}
64.35s | {"type":"HB","id":99,"x":30,"y":30,"temp":26,"t":3019.027,"ms":3019027,"st":"ALIVE","fake":0,"nt":3024.910487}
64.68s | {"type":"HB","id":3,"x":30,"y":30,"temp":25,"t":421,"ms":421000,"st":"ALIVE","fake":0,"nt":3025.199423}
64.69s | {"type":"HB","id":2,"x":30,"y":30,"temp":33.5,"t":113,"ms":113000,"st":"ALIVE","fake":0,"nt":3025.247612}
65.18s | {"type":"HB","id":1,"x":30,"y":30,"temp":29,"t":2158,"ms":2158000,"st":"ALIVE","fake":0,"nt":3025.715244}
65.35s | {"type":"HB","id":99,"x":30,"y":30,"temp":26,"t":3020.027,"ms":3020027,"st":"ALIVE","fake":0,"nt":3025.91052}
65.68s | {"type":"HB","id":3,"x":30,"y":30,"temp":25,"t":422,"ms":422000,"st":"ALIVE","fake":0,"nt":3026.199406}
65.69s | {"type":"HB","id":2,"x":30,"y":30,"temp":33.5,"t":114,"ms":114000,"st":"ALIVE","fake":0,"nt":3026.247614}
66.06s | {"type":"TOPO","ms":3020735,"mid":3179103441,"n_peers":3,"sub":{"nodeId":3179103441,"subs":[{"nodeId":3179104773},{"nodeId":219922329},{"nodeId":3179098605}]}}
66.18s | {"type":"HB","id":1,"x":30,"y":30,"temp":29,"t":2159,"ms":2159000,"st":"ALIVE","fake":0,"nt":3026.715263}
66.35s | {"type":"HB","id":99,"x":30,"y":30,"temp":26,"t":3021.027,"ms":3021027,"st":"ALIVE","fake":0,"nt":3026.910502}
66.68s | {"type":"HB","id":3,"x":30,"y":30,"temp":25,"t":423,"ms":423000,"st":"ALIVE","fake":0,"nt":3027.199398}
66.69s | {"type":"HB","id":2,"x":30,"y":30,"temp":33.5,"t":115,"ms":115000,"st":"ALIVE","fake":0,"nt":3027.247619}
67.18s | {"type":"HB","id":1,"x":30,"y":30,"temp":29,"t":2160,"ms":2160000,"st":"ALIVE","fake":0,"nt":3027.715243}
67.34s | {"type":"HB","id":99,"x":30,"y":30,"temp":26,"t":3022.027,"ms":3022027,"st":"ALIVE","fake":0,"nt":3027.9105}
67.68s | {"type":"HB","id":3,"x":30,"y":30,"temp":25,"t":424,"ms":424000,"st":"ALIVE","fake":0,"nt":3028.199395}
67.69s | {"type":"HB","id":2,"x":30,"y":30,"temp":33.5,"t":116,"ms":116000,"st":"ALIVE","fake":0,"nt":3028.247639}
68.18s | {"type":"HB","id":1,"x":30,"y":30,"temp":29,"t":2161,"ms":2161000,"st":"ALIVE","fake":0,"nt":3028.71524}
68.34s | {"type":"HB","id":99,"x":30,"y":30,"temp":26,"t":3023.027,"ms":3023027,"st":"ALIVE","fake":0,"nt":3028.910523}
68.68s | {"type":"HB","id":3,"x":30,"y":30,"temp":25,"t":425,"ms":425000,"st":"ALIVE","fake":0,"nt":3029.199399}
68.69s | {"type":"HB","id":2,"x":30,"y":30,"temp":33.5,"t":117,"ms":117000,"st":"ALIVE","fake":0,"nt":3029.247622}
69.18s | {"type":"HB","id":1,"x":30,"y":30,"temp":29,"t":2162,"ms":2162000,"st":"ALIVE","fake":0,"nt":3029.715269}
69.35s | {"type":"HB","id":99,"x":30,"y":30,"temp":26,"t":3024.027,"ms":3024027,"st":"ALIVE","fake":0,"nt":3029.910489}
69.68s | {"type":"HB","id":3,"x":30,"y":30,"temp":25,"t":426,"ms":426000,"st":"ALIVE","fake":0,"nt":3030.199417}
69.69s | {"type":"HB","id":2,"x":30,"y":30,"temp":34,"t":118,"ms":118000,"st":"ALIVE","fake":0,"nt":3030.247659}
70.18s | {"type":"HB","id":1,"x":30,"y":30,"temp":29,"t":2163,"ms":2163000,"st":"ALIVE","fake":0,"nt":3030.715237}
70.34s | {"type":"HB","id":99,"x":30,"y":30,"temp":26,"t":3025.027,"ms":3025027,"st":"ALIVE","fake":0,"nt":3030.910447}
70.68s | {"type":"HB","id":3,"x":30,"y":30,"temp":25,"t":427,"ms":427000,"st":"ALIVE","fake":0,"nt":3031.199434}
70.69s | {"type":"HB","id":2,"x":30,"y":30,"temp":34,"t":119,"ms":119000,"st":"ALIVE","fake":0,"nt":3031.247651}
71.05s | {"type":"TOPO","ms":3025735,"mid":3179103441,"n_peers":3,"sub":{"nodeId":3179103441,"subs":[{"nodeId":3179104773},{"nodeId":219922329},{"nodeId":3179098605}]}}
71.18s | {"type":"HB","id":1,"x":30,"y":30,"temp":29,"t":2164,"ms":2164000,"st":"ALIVE","fake":0,"nt":3031.71524}
71.35s | {"type":"HB","id":99,"x":30,"y":30,"temp":26,"t":3026.027,"ms":3026027,"st":"ALIVE","fake":0,"nt":3031.910457}
71.68s | {"type":"HB","id":3,"x":30,"y":30,"temp":25,"t":428,"ms":428000,"st":"ALIVE","fake":0,"nt":3032.199408}
71.69s | {"type":"HB","id":2,"x":30,"y":30,"temp":34,"t":120,"ms":120000,"st":"ALIVE","fake":0,"nt":3032.247653}
