0.22s | {"type":"HB","id":3,"x":30,"y":30,"temp":25,"t":199,"ms":199000,"st":"ALIVE","fake":0,"nt":187.408858}
0.23s | {"type":"HB","id":1,"x":30,"y":30,"temp":26.5,"t":75.002,"ms":75002,"st":"ALIVE","fake":0,"nt":187.43416}
0.49s | {"type":"TOPO","ms":315736,"mid":3179103441,"n_peers":2,"sub":{"nodeId":3179103441,"subs":[{"nodeId":219922329,"subs":[{"nodeId":3179104773}]}]}}
0.76s | {"type":"HB","id":99,"x":30,"y":30,"temp":26.5,"t":316.001,"ms":316001,"st":"ALIVE","fake":0,"nt":188.01406}
1.24s | {"type":"HB","id":3,"x":30,"y":30,"temp":25,"t":200,"ms":200000,"st":"ALIVE","fake":0,"nt":188.408822}
1.24s | {"type":"HB","id":1,"x":30,"y":30,"temp":26.5,"t":76.002,"ms":76002,"st":"ALIVE","fake":0,"nt":188.434155}
1.75s | {"type":"HB","id":99,"x":30,"y":30,"temp":26.5,"t":317.001,"ms":317001,"st":"ALIVE","fake":0,"nt":189.014077}
2.27s | {"type":"HB","id":3,"x":30,"y":30,"temp":25,"t":201,"ms":201000,"st":"ALIVE","fake":0,"nt":189.408798}
2.28s | {"type":"HB","id":1,"x":30,"y":30,"temp":26.5,"t":77.002,"ms":77002,"st":"ALIVE","fake":0,"nt":189.434181}
2.76s | {"type":"HB","id":99,"x":30,"y":30,"temp":26.5,"t":318.001,"ms":318001,"st":"ALIVE","fake":0,"nt":190.014036}
3.19s | {"type":"HB","id":2,"x":30,"y":30,"temp":25,"t":76.125,"ms":76125,"st":"ALIVE","fake":0,"nt":76.125064}
3.20s | {"type":"HB","id":3,"x":30,"y":30,"temp":25,"t":202,"ms":202000,"st":"ALIVE","fake":0,"nt":190.408817}
3.21s | {"type":"HB","id":1,"x":30,"y":30,"temp":26.5,"t":78.002,"ms":78002,"st":"ALIVE","fake":0,"nt":190.434146}
3.76s | {"type":"HB","id":99,"x":30,"y":30,"temp":26.5,"t":319.001,"ms":319001,"st":"ALIVE","fake":0,"nt":191.014037}
4.21s | {"type":"HB","id":3,"x":30,"y":30,"temp":25,"t":203,"ms":203000,"st":"ALIVE","fake":0,"nt":191.408828}
4.22s | {"type":"HB","id":1,"x":30,"y":30,"temp":26.5,"t":79.002,"ms":79002,"st":"ALIVE","fake":0,"nt":191.43416}
4.63s | ????????????????????????????????????????????????????????????????0,"temp":25,"t":77.63,"ms":77630,"st":"ALIVE","fake":0,"nt":77.630074}
4.76s | {"type":"HB","id":99,"x":30,"y":30,"temp":26.5,"t":320.001,"ms":320001,"st":"ALIVE","fake":0,"nt":192.014048}
5.23s | {"type":"HB","id":3,"x":30,"y":30,"temp":25,"t":204,"ms":204000,"st":"ALIVE","fake":0,"nt":192.408846}
5.25s | {"type":"HB","id":1,"x":30,"y":30,"temp":26.5,"t":80.002,"ms":80002,"st":"ALIVE","fake":0,"nt":192.434152}
5.44s | {"type":"HB","id":2,"x":30,"y":30,"temp":25,"t":79.137,"ms":79137,"st":"ALIVE","fake":0,"nt":79.137077}
5.50s | {"type":"TOPO","ms":320736,"mid":3179103441,"n_peers":3,"sub":{"nodeId":3179103441,"subs":[{"nodeId":219922329,"subs":[{"nodeId":3179104773},{"nodeId":3179098605}]}]}}
5.76s | {"type":"HB","id":99,"x":30,"y":30,"temp":26.5,"t":321.001,"ms":321001,"st":"ALIVE","fake":0,"nt":193.014059}
6.26s | {"type":"HB","id":3,"x":30,"y":30,"temp":25,"t":205,"ms":205000,"st":"ALIVE","fake":0,"nt":193.408801}
6.27s | {"type":"HB","id":1,"x":30,"y":30,"temp":26.5,"t":81.002,"ms":81002,"st":"ALIVE","fake":0,"nt":193.434156}
6.76s | {"type":"HB","id":99,"x":30,"y":30,"temp":26.5,"t":322.001,"ms":322001,"st":"ALIVE","fake":0,"nt":194.014078}
6.78s | {"type":"HB","id":2,"x":30,"y":30,"temp":25,"t":80.644,"ms":80644,"st":"ALIVE","fake":0,"nt":80.644074}
7.18s | {"type":"HB","id":3,"x":30,"y":30,"temp":25,"t":206,"ms":206000,"st":"ALIVE","fake":0,"nt":194.408826}
7.19s | {"type":"HB","id":1,"x":30,"y":30,"temp":26.5,"t":82.002,"ms":82002,"st":"ALIVE","fake":0,"nt":194.434151}
7.76s | {"type":"HB","id":99,"x":30,"y":30,"temp":26.5,"t":323.001,"ms":323001,"st":"ALIVE","fake":0,"nt":195.014032}
8.21s | {"type":"HB","id":3,"x":30,"y":30,"temp":25,"t":207,"ms":207000,"st":"ALIVE","fake":0,"nt":195.408876}
8.21s | {"type":"HB","id":1,"x":30,"y":30,"temp":26.5,"t":83.002,"ms":83002,"st":"ALIVE","fake":0,"nt":195.434142}
8.76s | {"type":"HB","id":99,"x":30,"y":30,"temp":26.5,"t":324.001,"ms":324001,"st":"ALIVE","fake":0,"nt":196.014042}
9.23s | {"type":"HB","id":2,"x":30,"y":30,"temp":25,"t":82.15,"ms":82150,"st":"ALIVE","fake":0,"nt":82.150082}
9.24s | {"type":"HB","id":3,"x":30,"y":30,"temp":25,"t":208,"ms":208000,"st":"ALIVE","fake":0,"nt":196.408872}
9.24s | {"type":"HB","id":1,"x":30,"y":30,"temp":26.5,"t":84.002,"ms":84002,"st":"ALIVE","fake":0,"nt":196.434174}
9.76s | {"type":"HB","id":99,"x":30,"y":30,"temp":26.5,"t":325.001,"ms":325001,"st":"ALIVE","fake":0,"nt":197.014062}
9.79s | {"type":"HB","id":2,"x":30,"y":30,"temp":25,"t":83.657,"ms":83657,"st":"ALIVE","fake":0,"nt":83.657085}
10.25s | {"type":"HB","id":3,"x":30,"y":30,"temp":25,"t":209,"ms":209000,"st":"ALIVE","fake":0,"nt":197.408835}
10.26s | {"type":"HB","id":1,"x":30,"y":30,"temp":26.5,"t":85.002,"ms":85002,"st":"ALIVE","fake":0,"nt":197.434157}
10.49s | {"type":"TOPO","ms":325736,"mid":3179103441,"n_peers":3,"sub":{"nodeId":3179103441,"subs":[{"nodeId":219922329,"subs":[{"nodeId":3179104773},{"nodeId":3179098605}]}]}}
10.76s | {"type":"HB","id":99,"x":30,"y":30,"temp":26.5,"t":326.001,"ms":326001,"st":"ALIVE","fake":0,"nt":198.014056}
11.17s | {"type":"HB","id":3,"x":30,"y":30,"temp":25,"t":210,"ms":210000,"st":"ALIVE","fake":0,"nt":198.40885}
11.18s | {"type":"HB","id":1,"x":30,"y":30,"temp":26.5,"t":86.002,"ms":86002,"st":"ALIVE","fake":0,"nt":198.434148}
11.64s | {"type":"HB","id":2,"x":30,"y":30,"temp":25,"t":85.164,"ms":85164,"st":"ALIVE","fake":0,"nt":85.164138}
11.76s | {"type":"HB","id":99,"x":30,"y":30,"temp":26.5,"t":327.001,"ms":327001,"st":"ALIVE","fake":0,"nt":199.014067}
12.20s | {"type":"HB","id":3,"x":30,"y":30,"temp":25,"t":211,"ms":211000,"st":"ALIVE","fake":0,"nt":199.408799}
12.21s | {"type":"HB","id":1,"x":30,"y":30,"temp":26.5,"t":87.002,"ms":87002,"st":"ALIVE","fake":0,"nt":199.434162}
12.76s | {"type":"HB","id":99,"x":30,"y":30,"temp":26.5,"t":328.001,"ms":328001,"st":"ALIVE","fake":0,"nt":200.014027}
12.81s | {"type":"HB","id":2,"x":30,"y":30,"temp":25,"t":86.673,"ms":86673,"st":"ALIVE","fake":0,"nt":86.673114}
13.22s | {"type":"HB","id":3,"x":30,"y":30,"temp":25,"t":212,"ms":212000,"st":"ALIVE","fake":0,"nt":200.408832}
13.22s | {"type":"HB","id":1,"x":30,"y":30,"temp":26.5,"t":88.002,"ms":88002,"st":"ALIVE","fake":0,"nt":200.434144}
13.76s | {"type":"HB","id":99,"x":30,"y":30,"temp":26.5,"t":329.001,"ms":329001,"st":"ALIVE","fake":0,"nt":201.014067}
14.24s | {"type":"HB","id":3,"x":30,"y":30,"temp":25,"t":213,"ms":213000,"st":"ALIVE","fake":0,"nt":201.408865}
14.25s | {"type":"HB","id":1,"x":30,"y":30,"temp":26.5,"t":89.002,"ms":89002,"st":"ALIVE","fake":0,"nt":201.434196}
14.45s | {"type":"HB","id":2,"x":30,"y":30,"temp":25,"t":88.18,"ms":88180,"st":"ALIVE","fake":0,"nt":88.180084}
14.76s | {"type":"HB","id":99,"x":30,"y":30,"temp":26.5,"t":330.001,"ms":330001,"st":"ALIVE","fake":0,"nt":202.014062}
15.17s | {"type":"HB","id":3,"x":30,"y":30,"temp":25,"t":214,"ms":214000,"st":"ALIVE","fake":0,"nt":202.408795}
15.20s | {"type":"HB","id":1,"x":30,"y":30,"temp":26.5,"t":90.002,"ms":90002,"st":"ALIVE","fake":0,"nt":202.434191}
15.50s | {"type":"TOPO","ms":330736,"mid":3179103441,"n_peers":3,"sub":{"nodeId":3179103441,"subs":[{"nodeId":219922329,"subs":[{"nodeId":3179104773},{"nodeId":3179098605}]}]}}
15.76s | {"type":"HB","id":99,"x":30,"y":30,"temp":26.5,"t":331.001,"ms":331001,"st":"ALIVE","fake":0,"nt":203.014074}
15.88s | {"type":"HB","id":2,"x":30,"y":30,"temp":25,"t":89.687,"ms":89687,"st":"ALIVE","fake":0,"nt":89.68711}
16.19s | {"type":"HB","id":3,"x":30,"y":30,"temp":25,"t":215,"ms":215000,"st":"ALIVE","fake":0,"nt":203.40885}
16.20s | {"type":"HB","id":1,"x":30,"y":30,"temp":26.5,"t":91.002,"ms":91002,"st":"ALIVE","fake":0,"nt":203.434156}
16.76s | {"type":"HB","id":99,"x":30,"y":30,"temp":26.5,"t":332.001,"ms":332001,"st":"ALIVE","fake":0,"nt":204.014087}
17.21s | {"type":"HB","id":3,"x":30,"y":30,"temp":25,"t":216,"ms":216000,"st":"ALIVE","fake":0,"nt":204.408777}
17.22s | {"type":"HB","id":1,"x":30,"y":30,"temp":26.5,"t":92.002,"ms":92002,"st":"ALIVE","fake":0,"nt":204.434164}
17.42s | {"type":"HB","id":2,"x":30,"y":30,"temp":25,"t":91.194,"ms":91194,"st":"ALIVE","fake":0,"nt":91.19412}
17.75s | {"type":"HB","id":99,"x":30,"y":30,"temp":26.5,"t":333.001,"ms":333001,"st":"ALIVE","fake":0,"nt":205.014048}
18.24s | {"type":"HB","id":3,"x":30,"y":30,"temp":25,"t":217,"ms":217000,"st":"ALIVE","fake":0,"nt":205.408833}
18.24s | {"type":"HB","id":1,"x":30,"y":30,"temp":26.5,"t":93.002,"ms":93002,"st":"ALIVE","fake":0,"nt":205.434153}
18.75s | {"type":"HB","id":99,"x":30,"y":30,"temp":26.5,"t":334.001,"ms":334001,"st":"ALIVE","fake":0,"nt":206.014077}
18.95s | {"type":"HB","id":2,"x":30,"y":30,"temp":25,"t":92.702,"ms":92702,"st":"ALIVE","fake":0,"nt":92.702112}
19.27s | {"type":"HB","id":3,"x":30,"y":30,"temp":25,"t":218,"ms":218000,"st":"ALIVE","fake":0,"nt":206.40887}
19.27s | {"type":"HB","id":1,"x":30,"y":30,"temp":26.5,"t":94.002,"ms":94002,"st":"ALIVE","fake":0,"nt":206.434144}
19.75s | {"type":"HB","id":99,"x":30,"y":30,"temp":26.5,"t":335.001,"ms":335001,"st":"ALIVE","fake":0,"nt":207.014064}
20.18s | {"type":"HB","id":3,"x":30,"y":30,"temp":25,"t":219,"ms":219000,"st":"ALIVE","fake":0,"nt":207.408838}
20.18s | {"type":"HB","id":1,"x":30,"y":30,"temp":26.5,"t":95.002,"ms":95002,"st":"ALIVE","fake":0,"nt":207.434142}
20.49s | {"type":"TOPO","ms":335736,"mid":3179103441,"n_peers":3,"sub":{"nodeId":3179103441,"subs":[{"nodeId":219922329,"subs":[{"nodeId":3179104773},{"nodeId":3179098605}]}]}}
20.63s | {"type":"HB","id":2,"x":30,"y":30,"temp":25,"t":94.21,"ms":94210,"st":"ALIVE","fake":0,"nt":94.210112}
20.76s | {"type":"HB","id":99,"x":30,"y":30,"temp":26.5,"t":336.001,"ms":336001,"st":"ALIVE","fake":0,"nt":208.014062}
21.21s | {"type":"HB","id":3,"x":30,"y":30,"temp":25,"t":220,"ms":220000,"st":"ALIVE","fake":0,"nt":208.408809}
21.21s | {"type":"HB","id":1,"x":30,"y":30,"temp":26.5,"t":96.002,"ms":96002,"st":"ALIVE","fake":0,"nt":208.434151}
21.75s | {"type":"HB","id":99,"x":30,"y":30,"temp":26.5,"t":337.001,"ms":337001,"st":"ALIVE","fake":0,"nt":209.014068}
22.76s | {"type":"HB","id":99,"x":30,"y":30,"temp":26.5,"t":338.001,"ms":338001,"st":"ALIVE","fake":0,"nt":210.014039}
23.47s | {"type":"HB","id":1,"x":30,"y":30,"temp":26.5,"t":97.002,"ms":97002,"st":"ALIVE","fake":0,"nt":209.434165}
23.76s | {"type":"HB","id":99,"x":30,"y":30,"temp":26.5,"t":339.001,"ms":339001,"st":"ALIVE","fake":0,"nt":211.014045}
24.19s | {"type":"HB","id":3,"x":30,"y":30,"temp":25,"t":222.226,"ms":222226,"st":"ALIVE","fake":0,"nt":210.635126}
24.76s | {"type":"HB","id":99,"x":30,"y":30,"temp":26.5,"t":340.001,"ms":340001,"st":"ALIVE","fake":0,"nt":212.014078}
24.99s | {"type":"HB","id":1,"x":30,"y":30,"temp":26.5,"t":98.002,"ms":98002,"st":"ALIVE","fake":0,"nt":210.434177}
25.50s | {"type":"TOPO","ms":340736,"mid":3179103441,"n_peers":2,"sub":{"nodeId":3179103441,"subs":[{"nodeId":219922329,"subs":[{"nodeId":3179104773}]}]}}
25.70s | {"type":"HB","id":3,"x":30,"y":30,"temp":25,"t":223.737,"ms":223737,"st":"ALIVE","fake":0,"nt":212.146125}
25.76s | {"type":"HB","id":99,"x":30,"y":30,"temp":26.5,"t":341.001,"ms":341001,"st":"ALIVE","fake":0,"nt":213.014043}
26.43s | {"type":"HB","id":1,"x":30,"y":30,"temp":26.5,"t":99.002,"ms":99002,"st":"ALIVE","fake":0,"nt":211.434183}
26.76s | {"type":"HB","id":99,"x":30,"y":30,"temp":26.5,"t":342.001,"ms":342001,"st":"ALIVE","fake":0,"nt":214.014067}
27.24s | {"type":"HB","id":1,"x":30,"y":30,"temp":26.5,"t":100.002,"ms":100002,"st":"ALIVE","fake":0,"nt":212.434192}
27.76s | {"type":"HB","id":99,"x":30,"y":30,"temp":26.5,"t":343.001,"ms":343001,"st":"ALIVE","fake":0,"nt":215.014046}
27.97s | {"type":"HB","id":3,"x":30,"y":30,"temp":25,"t":225.247,"ms":225247,"st":"ALIVE","fake":0,"nt":213.656154}
28.67s | {"type":"HB","id":1,"x":30,"y":30,"temp":26.5,"t":101.002,"ms":101002,"st":"ALIVE","fake":0,"nt":213.434183}
28.76s | {"type":"HB","id":99,"x":30,"y":30,"temp":26.5,"t":344.001,"ms":344001,"st":"ALIVE","fake":0,"nt":216.014038}
29.50s | {"type":"HB","id":3,"x":30,"y":30,"temp":25,"t":226.758,"ms":226758,"st":"ALIVE","fake":0,"nt":215.16714}
29.76s | {"type":"HB","id":99,"x":30,"y":30,"temp":26.5,"t":345.001,"ms":345001,"st":"ALIVE","fake":0,"nt":217.014078}
30.21s | {"type":"HB","id":1,"x":30,"y":30,"temp":26.5,"t":102.002,"ms":102002,"st":"ALIVE","fake":0,"nt":214.434159}
30.49s | {"type":"TOPO","ms":345736,"mid":3179103441,"n_peers":2,"sub":{"nodeId":3179103441,"subs":[{"nodeId":219922329,"subs":[{"nodeId":3179104773}]}]}}
30.76s | {"type":"HB","id":99,"x":30,"y":30,"temp":26.5,"t":346.001,"ms":346001,"st":"ALIVE","fake":0,"nt":218.014046}
31.14s | {"type":"HB","id":1,"x":30,"y":30,"temp":26.5,"t":103.002,"ms":103002,"st":"ALIVE","fake":0,"nt":215.434192}
31.76s | {"type":"HB","id":3,"x":30,"y":30,"temp":25,"t":228.268,"ms":228268,"st":"ALIVE","fake":0,"nt":216.677096}
31.77s | {"type":"HB","id":99,"x":30,"y":30,"temp":26.5,"t":347.001,"ms":347001,"st":"ALIVE","fake":0,"nt":219.014033}
32.46s | {"type":"HB","id":1,"x":30,"y":30,"temp":26.5,"t":104.002,"ms":104002,"st":"ALIVE","fake":0,"nt":216.43417}
32.75s | {"type":"HB","id":99,"x":30,"y":30,"temp":26.5,"t":348.001,"ms":348001,"st":"ALIVE","fake":0,"nt":220.014056}
33.28s | {"type":"HB","id":3,"x":30,"y":30,"temp":25,"t":229.778,"ms":229778,"st":"ALIVE","fake":0,"nt":218.187114}
33.75s | {"type":"HB","id":99,"x":30,"y":30,"temp":26.5,"t":349.001,"ms":349001,"st":"ALIVE","fake":0,"nt":221.014078}
34.00s | {"type":"HB","id":1,"x":30,"y":30,"temp":26.5,"t":105.002,"ms":105002,"st":"ALIVE","fake":0,"nt":217.43417}
34.72s | {"type":"HB","id":1,"x":30,"y":30,"temp":26.5,"t":106.002,"ms":106002,"st":"ALIVE","fake":0,"nt":218.434162}
34.76s | {"type":"HB","id":99,"x":30,"y":30,"temp":26.5,"t":350.001,"ms":350001,"st":"ALIVE","fake":0,"nt":222.014082}
35.49s | {"type":"TOPO","ms":350736,"mid":3179103441,"n_peers":2,"sub":{"nodeId":3179103441,"subs":[{"nodeId":219922329,"subs":[{"nodeId":3179104773}]}]}}
35.64s | {"type":"HB","id":3,"x":30,"y":30,"temp":25,"t":231.288,"ms":231288,"st":"ALIVE","fake":0,"nt":219.697148}
35.75s | {"type":"HB","id":99,"x":30,"y":30,"temp":26.5,"t":351.001,"ms":351001,"st":"ALIVE","fake":0,"nt":223.014064}
36.26s | {"type":"HB","id":1,"x":30,"y":30,"temp":26.5,"t":107.002,"ms":107002,"st":"ALIVE","fake":0,"nt":219.434151}
36.76s | {"type":"HB","id":99,"x":30,"y":30,"temp":26.5,"t":352.001,"ms":352001,"st":"ALIVE","fake":0,"nt":224.014056}
37.00s | {"type":"HB","id":3,"x":30,"y":30,"temp":25,"t":232.801,"ms":232801,"st":"ALIVE","fake":0,"nt":221.210131}
37.76s | {"type":"HB","id":99,"x":30,"y":30,"temp":26.5,"t":353.001,"ms":353001,"st":"ALIVE","fake":0,"nt":225.014068}
37.77s | {"type":"HB","id":1,"x":30,"y":30,"temp":26.5,"t":108.002,"ms":108002,"st":"ALIVE","fake":0,"nt":220.434172}
38.76s | {"type":"HB","id":99,"x":30,"y":30,"temp":26.5,"t":354.001,"ms":354001,"st":"ALIVE","fake":0,"nt":226.014088}
39.33s | {"type":"HB","id":2,"x":30,"y":30,"temp":25,"t":107.747,"ms":107747,"st":"ALIVE","fake":0,"nt":107.747084}
39.75s | {"type":"HB","id":99,"x":30,"y":30,"temp":26.5,"t":355.001,"ms":355001,"st":"ALIVE","fake":0,"nt":227.014083}
40.13s | {"type":"HB","id":3,"x":30,"y":30,"temp":25,"t":234.313,"ms":234313,"st":"ALIVE","fake":0,"nt":222.722087}
40.49s | {"type":"TOPO","ms":355736,"mid":3179103441,"n_peers":3,"sub":{"nodeId":3179103441,"subs":[{"nodeId":219922329,"subs":[{"nodeId":3179104773,"subs":[{"nodeId":3179098605}]}]}]}}
40.76s | {"type":"HB","id":99,"x":30,"y":30,"temp":26.5,"t":356.001,"ms":356001,"st":"ALIVE","fake":0,"nt":228.014042}
40.77s | {"type":"HB","id":1,"x":30,"y":30,"temp":26.5,"t":109.002,"ms":109002,"st":"ALIVE","fake":0,"nt":221.43419}
41.18s | {"type":"HB","id":1,"x":30,"y":30,"temp":26.5,"t":110.002,"ms":110002,"st":"ALIVE","fake":0,"nt":222.434174}
41.18s | {"type":"HB","id":3,"x":30,"y":30,"temp":25,"t":235.824,"ms":235824,"st":"ALIVE","fake":0,"nt":224.233135}
41.19s | {"type":"HB","id":2,"x":30,"y":30,"temp":25,"t":109.255,"ms":109255,"st":"ALIVE","fake":0,"nt":109.255086}
41.21s | {"type":"HB","id":1,"x":30,"y":30,"temp":26.5,"t":111.002,"ms":111002,"st":"ALIVE","fake":0,"nt":223.434151}
41.21s | {"type":"HB","id":3,"x":30,"y":30,"temp":25,"t":237.336,"ms":237336,"st":"ALIVE","fake":0,"nt":225.745096}
41.23s | {"type":"HB","id":2,"x":30,"y":30,"temp":25,"t":110.762,"ms":110762,"st":"ALIVE","fake":0,"nt":110.762092}
41.24s | {"type":"HB","id":1,"x":30,"y":30,"temp":26.5,"t":112.002,"ms":112002,"st":"ALIVE","fake":0,"nt":224.434266}
41.24s | {"type":"HB","id":3,"x":30,"y":30,"temp":25,"t":238.848,"ms":238848,"st":"ALIVE","fake":0,"nt":227.257125}
41.26s | {"type":"HB","id":1,"x":30,"y":30,"temp":26.5,"t":113.002,"ms":113002,"st":"ALIVE","fake":0,"nt":225.434209}
41.26s | {"type":"HB","id":1,"x":30,"y":30,"temp":26.5,"t":113.002,"ms":113002,"st":"ALIVE","fake":0,"nt":225.434209}
41.27s | {"type":"HB","id":2,"x":30,"y":30,"temp":25,"t":112.268,"ms":112268,"st":"ALIVE","fake":0,"nt":112.268114}
41.27s | {"type":"LG","id":3,"x":30,"y":30,"temp":85,"t":239.999,"ms":239999,"st":"DYING","fake":0,"nt":228.408087}
41.29s | {"type":"HB","id":1,"x":30,"y":30,"temp":26.5,"t":114.002,"ms":114002,"st":"ALIVE","fake":0,"nt":226.434227}
41.29s | {"type":"HB","id":2,"x":30,"y":30,"temp":25,"t":113.775,"ms":113775,"st":"ALIVE","fake":0,"nt":113.775102}
41.30s | {"type":"HB","id":1,"x":30,"y":30,"temp":26.5,"t":115.002,"ms":115002,"st":"ALIVE","fake":0,"nt":227.434158}
41.32s | {"type":"HB","id":1,"x":30,"y":30,"temp":26.5,"t":116.002,"ms":116002,"st":"ALIVE","fake":0,"nt":228.434259}
41.48s | {"type":"HB","id":2,"x":30,"y":30,"temp":25,"t":115.282,"ms":115282,"st":"ALIVE","fake":0,"nt":115.282083}
41.75s | {"type":"HB","id":99,"x":30,"y":30,"temp":26.5,"t":357.001,"ms":357001,"st":"ALIVE","fake":0,"nt":229.014082}
42.20s | {"type":"HB","id":1,"x":30,"y":30,"temp":26,"t":117.002,"ms":117002,"st":"ALIVE","fake":0,"nt":229.43416}
42.76s | {"type":"HB","id":99,"x":30,"y":30,"temp":26.5,"t":358.001,"ms":358001,"st":"ALIVE","fake":0,"nt":230.014046}
43.01s | {"type":"HB","id":2,"x":30,"y":30,"temp":25,"t":116.789,"ms":116789,"st":"ALIVE","fake":0,"nt":116.789082}
43.32s | {"type":"HB","id":1,"x":30,"y":30,"temp":26.5,"t":118.002,"ms":118002,"st":"ALIVE","fake":0,"nt":230.434209}
43.75s | {"type":"HB","id":99,"x":30,"y":30,"temp":26.5,"t":359.001,"ms":359001,"st":"ALIVE","fake":0,"nt":231.014082}
44.25s | {"type":"HB","id":1,"x":30,"y":30,"temp":26,"t":119.002,"ms":119002,"st":"ALIVE","fake":0,"nt":231.434211}
44.25s | {"type":"DV","suspect":3,"observer":1,"last_temp":85,"t":119.021,"fake":0,"nt":231.453136}
44.28s | {"type":"DV","suspect":3,"observer":99,"last_temp":85,"t":359.527,"fake":0,"nt":231.540037}
44.63s | {"type":"HB","id":2,"x":30,"y":30,"temp":25,"t":118.296,"ms":118296,"st":"ALIVE","fake":0,"nt":118.2961}
44.76s | {"type":"HB","id":99,"x":30,"y":30,"temp":26.5,"t":360.001,"ms":360001,"st":"ALIVE","fake":0,"nt":232.014064}
45.26s | {"type":"HB","id":1,"x":30,"y":30,"temp":26,"t":120.002,"ms":120002,"st":"ALIVE","fake":0,"nt":232.434156}
45.50s | {"type":"TOPO","ms":360736,"mid":3179103441,"n_peers":3,"sub":{"nodeId":3179103441,"subs":[{"nodeId":219922329,"subs":[{"nodeId":3179104773,"subs":[{"nodeId":3179098605}]}]}]}}
45.75s | {"type":"HB","id":99,"x":30,"y":30,"temp":26.5,"t":361.001,"ms":361001,"st":"ALIVE","fake":0,"nt":233.01407}
46.18s | {"type":"HB","id":1,"x":30,"y":30,"temp":26,"t":121.002,"ms":121002,"st":"ALIVE","fake":0,"nt":233.434189}
46.70s | {"type":"HB","id":2,"x":30,"y":30,"temp":25,"t":119.802,"ms":119802,"st":"ALIVE","fake":0,"nt":119.802072}
46.76s | {"type":"HB","id":99,"x":30,"y":30,"temp":26.5,"t":362.001,"ms":362001,"st":"ALIVE","fake":0,"nt":234.014033}
47.22s | {"type":"HB","id":1,"x":30,"y":30,"temp":26,"t":122.002,"ms":122002,"st":"ALIVE","fake":0,"nt":234.434186}
47.63s | {"type":"HB","id":2,"x":30,"y":30,"temp":25,"t":121.31,"ms":121310,"st":"ALIVE","fake":0,"nt":121.310134}
47.75s | {"type":"HB","id":99,"x":30,"y":30,"temp":26.5,"t":363.001,"ms":363001,"st":"ALIVE","fake":0,"nt":235.01405}
48.24s | {"type":"HB","id":1,"x":30,"y":30,"temp":26,"t":123.002,"ms":123002,"st":"ALIVE","fake":0,"nt":235.43418}
48.75s | {"type":"HB","id":99,"x":30,"y":30,"temp":26.5,"t":364.001,"ms":364001,"st":"ALIVE","fake":0,"nt":236.014078}
49.13s | {"type":"HB","id":2,"x":30,"y":30,"temp":25,"t":122.817,"ms":122817,"st":"ALIVE","fake":0,"nt":122.817107}
49.47s | {"type":"HB","id":1,"x":30,"y":30,"temp":26,"t":124.002,"ms":124002,"st":"ALIVE","fake":0,"nt":236.434155}
49.75s | {"type":"HB","id":99,"x":30,"y":30,"temp":26.5,"t":365.001,"ms":365001,"st":"ALIVE","fake":0,"nt":237.01405}
50.38s | {"type":"HB","id":1,"x":30,"y":30,"temp":26,"t":125.002,"ms":125002,"st":"ALIVE","fake":0,"nt":237.434184}
50.49s | {"type":"TOPO","ms":365736,"mid":3179103441,"n_peers":3,"sub":{"nodeId":3179103441,"subs":[{"nodeId":219922329,"subs":[{"nodeId":3179104773,"subs":[{"nodeId":3179098605}]}]}]}}
50.64s | {"type":"HB","id":2,"x":30,"y":30,"temp":25,"t":124.324,"ms":124324,"st":"ALIVE","fake":0,"nt":124.324118}
50.76s | {"type":"HB","id":99,"x":30,"y":30,"temp":26.5,"t":366.001,"ms":366001,"st":"ALIVE","fake":0,"nt":238.014029}
51.20s | {"type":"HB","id":1,"x":30,"y":30,"temp":26,"t":126.002,"ms":126002,"st":"ALIVE","fake":0,"nt":238.434194}
51.76s | {"type":"HB","id":99,"x":30,"y":30,"temp":26.5,"t":367.001,"ms":367001,"st":"ALIVE","fake":0,"nt":239.014068}
52.13s | {"type":"HB","id":2,"x":30,"y":30,"temp":25,"t":125.831,"ms":125831,"st":"ALIVE","fake":0,"nt":125.831078}
52.17s | {"type":"HB","id":1,"x":30,"y":30,"temp":26,"t":127.002,"ms":127002,"st":"ALIVE","fake":0,"nt":239.434195}
52.76s | {"type":"HB","id":99,"x":30,"y":30,"temp":26.5,"t":368.001,"ms":368001,"st":"ALIVE","fake":0,"nt":240.014061}
53.27s | {"type":"HB","id":1,"x":30,"y":30,"temp":26,"t":128.002,"ms":128002,"st":"ALIVE","fake":0,"nt":240.43419}
53.76s | {"type":"HB","id":99,"x":30,"y":30,"temp":26.5,"t":369.001,"ms":369001,"st":"ALIVE","fake":0,"nt":241.014025}
54.27s | {"type":"HB","id":1,"x":30,"y":30,"temp":26,"t":129.002,"ms":129002,"st":"ALIVE","fake":0,"nt":241.434196}
54.75s | {"type":"HB","id":99,"x":30,"y":30,"temp":26.5,"t":370.001,"ms":370001,"st":"ALIVE","fake":0,"nt":242.014082}
55.40s | {"type":"HB","id":1,"x":30,"y":30,"temp":26,"t":130.002,"ms":130002,"st":"ALIVE","fake":0,"nt":242.434177}
55.49s | {"type":"TOPO","ms":370736,"mid":3179103441,"n_peers":3,"sub":{"nodeId":3179103441,"subs":[{"nodeId":219922329,"subs":[{"nodeId":3179104773}]},{"nodeId":3179098605}]}}
55.76s | {"type":"HB","id":99,"x":30,"y":30,"temp":26.5,"t":371.001,"ms":371001,"st":"ALIVE","fake":0,"nt":243.01409}
56.22s | {"type":"HB","id":1,"x":30,"y":30,"temp":26,"t":131.002,"ms":131002,"st":"ALIVE","fake":0,"nt":243.434144}
56.75s | {"type":"HB","id":99,"x":30,"y":30,"temp":26.5,"t":372.001,"ms":372001,"st":"ALIVE","fake":0,"nt":244.014027}
57.24s | {"type":"HB","id":2,"x":30,"y":30,"temp":25,"t":130.357,"ms":130357,"st":"ALIVE","fake":0,"nt":130.357079}
57.24s | {"type":"HB","id":1,"x":30,"y":30,"temp":26,"t":132.002,"ms":132002,"st":"ALIVE","fake":0,"nt":244.434151}
57.75s | {"type":"HB","id":99,"x":30,"y":30,"temp":26,"t":373.001,"ms":373001,"st":"ALIVE","fake":0,"nt":245.014106}
57.99s | {"type":"HB","id":2,"x":30,"y":30,"temp":25,"t":131.864,"ms":131864,"st":"ALIVE","fake":0,"nt":131.864116}
58.27s | {"type":"HB","id":1,"x":30,"y":30,"temp":26,"t":133.002,"ms":133002,"st":"ALIVE","fake":0,"nt":245.434166}
58.75s | {"type":"HB","id":99,"x":30,"y":30,"temp":26.5,"t":374.001,"ms":374001,"st":"ALIVE","fake":0,"nt":246.014103}
59.20s | {"type":"HB","id":1,"x":30,"y":30,"temp":26,"t":134.002,"ms":134002,"st":"ALIVE","fake":0,"nt":246.432711}
59.50s | {"type":"HB","id":2,"x":30,"y":30,"temp":25,"t":133.37,"ms":133370,"st":"ALIVE","fake":0,"nt":133.370122}
59.75s | {"type":"HB","id":99,"x":30,"y":30,"temp":26,"t":375.001,"ms":375001,"st":"ALIVE","fake":0,"nt":247.014093}
60.22s | {"type":"HB","id":1,"x":30,"y":30,"temp":26,"t":135.002,"ms":135002,"st":"ALIVE","fake":0,"nt":247.432742}
60.49s | {"type":"TOPO","ms":375736,"mid":3179103441,"n_peers":3,"sub":{"nodeId":3179103441,"subs":[{"nodeId":219922329,"subs":[{"nodeId":3179104773}]},{"nodeId":3179098605}]}}
60.76s | {"type":"HB","id":99,"x":30,"y":30,"temp":26,"t":376.001,"ms":376001,"st":"ALIVE","fake":0,"nt":248.014112}
61.00s | {"type":"HB","id":2,"x":30,"y":30,"temp":25,"t":134.878,"ms":134878,"st":"ALIVE","fake":0,"nt":134.878082}
61.24s | {"type":"HB","id":1,"x":30,"y":30,"temp":26,"t":136.002,"ms":136002,"st":"ALIVE","fake":0,"nt":248.432716}
61.75s | {"type":"HB","id":99,"x":30,"y":30,"temp":26,"t":377.001,"ms":377001,"st":"ALIVE","fake":0,"nt":249.014047}
62.26s | {"type":"HB","id":1,"x":30,"y":30,"temp":26,"t":137.002,"ms":137002,"st":"ALIVE","fake":0,"nt":249.432737}
62.50s | {"type":"HB","id":2,"x":30,"y":30,"temp":25,"t":136.385,"ms":136385,"st":"ALIVE","fake":0,"nt":136.385087}
62.76s | {"type":"HB","id":99,"x":30,"y":30,"temp":26.5,"t":378.001,"ms":378001,"st":"ALIVE","fake":0,"nt":250.014033}
63.19s | {"type":"HB","id":1,"x":30,"y":30,"temp":26,"t":138.002,"ms":138002,"st":"ALIVE","fake":0,"nt":250.432739}
63.76s | {"type":"HB","id":99,"x":30,"y":30,"temp":26.5,"t":379.001,"ms":379001,"st":"ALIVE","fake":0,"nt":251.014111}
64.01s | {"type":"HB","id":2,"x":30,"y":30,"temp":25,"t":137.892,"ms":137892,"st":"ALIVE","fake":0,"nt":137.892145}
64.22s | {"type":"HB","id":1,"x":30,"y":30,"temp":26,"t":139.002,"ms":139002,"st":"ALIVE","fake":0,"nt":251.432741}
64.75s | {"type":"HB","id":99,"x":30,"y":30,"temp":26.5,"t":380.001,"ms":380001,"st":"ALIVE","fake":0,"nt":252.014052}
65.23s | {"type":"HB","id":1,"x":30,"y":30,"temp":26,"t":140.002,"ms":140002,"st":"ALIVE","fake":0,"nt":252.432736}
65.49s | {"type":"TOPO","ms":380736,"mid":3179103441,"n_peers":3,"sub":{"nodeId":3179103441,"subs":[{"nodeId":219922329,"subs":[{"nodeId":3179104773}]},{"nodeId":3179098605}]}}
65.63s | {"type":"HB","id":2,"x":30,"y":30,"temp":25,"t":139.399,"ms":139399,"st":"ALIVE","fake":0,"nt":139.399078}
65.76s | {"type":"HB","id":99,"x":30,"y":30,"temp":26,"t":381.001,"ms":381001,"st":"ALIVE","fake":0,"nt":253.014043}
66.26s | {"type":"HB","id":1,"x":30,"y":30,"temp":26,"t":141.002,"ms":141002,"st":"ALIVE","fake":0,"nt":253.432738}
66.75s | {"type":"HB","id":99,"x":30,"y":30,"temp":26,"t":382.001,"ms":382001,"st":"ALIVE","fake":0,"nt":254.014056}
67.27s | {"type":"HB","id":1,"x":30,"y":30,"temp":26,"t":142.002,"ms":142002,"st":"ALIVE","fake":0,"nt":254.432708}
67.76s | {"type":"HB","id":99,"x":30,"y":30,"temp":26,"t":383.001,"ms":383001,"st":"ALIVE","fake":0,"nt":255.014075}
67.79s | {"type":"HB","id":2,"x":30,"y":30,"temp":25,"t":140.905,"ms":140905,"st":"ALIVE","fake":0,"nt":140.905109}
68.21s | {"type":"HB","id":1,"x":30,"y":30,"temp":26,"t":143.002,"ms":143002,"st":"ALIVE","fake":0,"nt":255.432696}
68.62s | {"type":"HB","id":2,"x":30,"y":30,"temp":25,"t":142.412,"ms":142412,"st":"ALIVE","fake":0,"nt":142.412075}
68.76s | {"type":"HB","id":99,"x":30,"y":30,"temp":26,"t":384.001,"ms":384001,"st":"ALIVE","fake":0,"nt":256.014056}
69.23s | {"type":"HB","id":1,"x":30,"y":30,"temp":26,"t":144.002,"ms":144002,"st":"ALIVE","fake":0,"nt":256.432715}
69.76s | {"type":"HB","id":99,"x":30,"y":30,"temp":26,"t":385.001,"ms":385001,"st":"ALIVE","fake":0,"nt":257.014076}
70.12s | {"type":"HB","id":2,"x":30,"y":30,"temp":25,"t":143.919,"ms":143919,"st":"ALIVE","fake":0,"nt":143.919069}
70.19s | {"type":"HB","id":1,"x":30,"y":30,"temp":26,"t":145.002,"ms":145002,"st":"ALIVE","fake":0,"nt":257.432737}
70.49s | {"type":"TOPO","ms":385736,"mid":3179103441,"n_peers":3,"sub":{"nodeId":3179103441,"subs":[{"nodeId":219922329,"subs":[{"nodeId":3179104773}]},{"nodeId":3179098605}]}}
70.75s | {"type":"HB","id":99,"x":30,"y":30,"temp":26,"t":386.001,"ms":386001,"st":"ALIVE","fake":0,"nt":258.014053}
71.28s | {"type":"HB","id":1,"x":30,"y":30,"temp":26,"t":146.002,"ms":146002,"st":"ALIVE","fake":0,"nt":258.432745}
71.63s | {"type":"HB","id":2,"x":30,"y":30,"temp":25,"t":145.426,"ms":145426,"st":"ALIVE","fake":0,"nt":145.42612}
71.76s | {"type":"HB","id":99,"x":30,"y":30,"temp":26,"t":387.001,"ms":387001,"st":"ALIVE","fake":0,"nt":259.01404}
72.19s | {"type":"HB","id":1,"x":30,"y":30,"temp":26,"t":147.002,"ms":147002,"st":"ALIVE","fake":0,"nt":259.432716}
72.76s | {"type":"HB","id":99,"x":30,"y":30,"temp":26,"t":388.001,"ms":388001,"st":"ALIVE","fake":0,"nt":260.014091}
73.22s | {"type":"HB","id":1,"x":30,"y":30,"temp":26,"t":148.002,"ms":148002,"st":"ALIVE","fake":0,"nt":260.432713}
73.76s | {"type":"HB","id":99,"x":30,"y":30,"temp":26,"t":389.001,"ms":389001,"st":"ALIVE","fake":0,"nt":261.01405}
73.81s | {"type":"HB","id":2,"x":30,"y":30,"temp":25,"t":146.933,"ms":146933,"st":"ALIVE","fake":0,"nt":146.933112}
74.24s | {"type":"HB","id":1,"x":30,"y":30,"temp":26,"t":149.002,"ms":149002,"st":"ALIVE","fake":0,"nt":261.432733}
74.63s | {"type":"HB","id":2,"x":30,"y":30,"temp":25,"t":148.44,"ms":148440,"st":"ALIVE","fake":0,"nt":148.440097}
74.76s | {"type":"HB","id":99,"x":30,"y":30,"temp":26,"t":390.001,"ms":390001,"st":"ALIVE","fake":0,"nt":262.014107}
75.29s | {"type":"HB","id":1,"x":30,"y":30,"temp":26,"t":150.002,"ms":150002,"st":"ALIVE","fake":0,"nt":262.432741}
75.49s | {"type":"TOPO","ms":390736,"mid":3179103441,"n_peers":3,"sub":{"nodeId":3179103441,"subs":[{"nodeId":219922329,"subs":[{"nodeId":3179104773}]},{"nodeId":3179098605}]}}
75.75s | {"type":"HB","id":99,"x":30,"y":30,"temp":26,"t":391.001,"ms":391001,"st":"ALIVE","fake":0,"nt":263.014046}
76.13s | {"type":"HB","id":2,"x":30,"y":30,"temp":25,"t":149.947,"ms":149947,"st":"ALIVE","fake":0,"nt":149.94712}
76.20s | {"type":"HB","id":1,"x":30,"y":30,"temp":26,"t":151.002,"ms":151002,"st":"ALIVE","fake":0,"nt":263.432734}
76.75s | {"type":"HB","id":99,"x":30,"y":30,"temp":26,"t":392.001,"ms":392001,"st":"ALIVE","fake":0,"nt":264.014098}
77.22s | {"type":"HB","id":1,"x":30,"y":30,"temp":26,"t":152.002,"ms":152002,"st":"ALIVE","fake":0,"nt":264.432728}
77.63s | {"type":"HB","id":2,"x":30,"y":30,"temp":25,"t":151.455,"ms":151455,"st":"ALIVE","fake":0,"nt":151.4551}
77.76s | {"type":"HB","id":99,"x":30,"y":30,"temp":26,"t":393.001,"ms":393001,"st":"ALIVE","fake":0,"nt":265.014063}
78.24s | {"type":"HB","id":1,"x":30,"y":30,"temp":26,"t":153.002,"ms":153002,"st":"ALIVE","fake":0,"nt":265.432725}
78.75s | {"type":"HB","id":99,"x":30,"y":30,"temp":26,"t":394.001,"ms":394001,"st":"ALIVE","fake":0,"nt":266.014088}
79.14s | {"type":"HB","id":2,"x":30,"y":30,"temp":25,"t":152.963,"ms":152963,"st":"ALIVE","fake":0,"nt":152.963084}
79.19s | {"type":"HB","id":1,"x":30,"y":30,"temp":26,"t":154.002,"ms":154002,"st":"ALIVE","fake":0,"nt":266.432732}
79.75s | {"type":"HB","id":99,"x":30,"y":30,"temp":26,"t":395.001,"ms":395001,"st":"ALIVE","fake":0,"nt":267.014032}
80.18s | {"type":"HB","id":1,"x":30,"y":30,"temp":26,"t":155.002,"ms":155002,"st":"ALIVE","fake":0,"nt":267.432723}
80.50s | {"type":"TOPO","ms":395736,"mid":3179103441,"n_peers":3,"sub":{"nodeId":3179103441,"subs":[{"nodeId":219922329,"subs":[{"nodeId":3179104773}]},{"nodeId":3179098605}]}}
80.63s | {"type":"HB","id":2,"x":30,"y":30,"temp":25,"t":154.47,"ms":154470,"st":"ALIVE","fake":0,"nt":154.470109}
80.75s | {"type":"HB","id":99,"x":30,"y":30,"temp":26,"t":396.001,"ms":396001,"st":"ALIVE","fake":0,"nt":268.014123}
81.20s | {"type":"HB","id":1,"x":30,"y":30,"temp":26,"t":156.002,"ms":156002,"st":"ALIVE","fake":0,"nt":268.432704}
81.75s | {"type":"HB","id":99,"x":30,"y":30,"temp":26,"t":397.001,"ms":397001,"st":"ALIVE","fake":0,"nt":269.014062}
82.14s | {"type":"HB","id":2,"x":30,"y":30,"temp":25,"t":155.977,"ms":155977,"st":"ALIVE","fake":0,"nt":155.977107}
82.18s | {"type":"HB","id":1,"x":30,"y":30,"temp":26,"t":157.002,"ms":157002,"st":"ALIVE","fake":0,"nt":269.432712}
82.76s | {"type":"HB","id":99,"x":30,"y":30,"temp":26,"t":398.001,"ms":398001,"st":"ALIVE","fake":0,"nt":270.014033}
83.26s | {"type":"HB","id":1,"x":30,"y":30,"temp":26,"t":158.002,"ms":158002,"st":"ALIVE","fake":0,"nt":270.432727}
83.63s | {"type":"HB","id":2,"x":30,"y":30,"temp":25,"t":157.484,"ms":157484,"st":"ALIVE","fake":0,"nt":157.484084}
83.75s | {"type":"HB","id":99,"x":30,"y":30,"temp":26,"t":399.001,"ms":399001,"st":"ALIVE","fake":0,"nt":271.014094}
84.28s | {"type":"HB","id":1,"x":30,"y":30,"temp":26,"t":159.002,"ms":159002,"st":"ALIVE","fake":0,"nt":271.432744}
84.76s | {"type":"HB","id":99,"x":30,"y":30,"temp":26,"t":400.001,"ms":400001,"st":"ALIVE","fake":0,"nt":272.014077}
85.13s | {"type":"HB","id":2,"x":30,"y":30,"temp":25,"t":158.991,"ms":158991,"st":"ALIVE","fake":0,"nt":158.991117}
85.19s | {"type":"HB","id":1,"x":30,"y":30,"temp":26,"t":160.002,"ms":160002,"st":"ALIVE","fake":0,"nt":272.432695}
85.50s | {"type":"TOPO","ms":400736,"mid":3179103441,"n_peers":3,"sub":{"nodeId":3179103441,"subs":[{"nodeId":219922329,"subs":[{"nodeId":3179104773}]},{"nodeId":3179098605}]}}
85.75s | {"type":"HB","id":99,"x":30,"y":30,"temp":26,"t":401.001,"ms":401001,"st":"ALIVE","fake":0,"nt":273.014071}
86.24s | {"type":"HB","id":1,"x":30,"y":30,"temp":26,"t":161.002,"ms":161002,"st":"ALIVE","fake":0,"nt":273.432722}
86.64s | {"type":"HB","id":2,"x":30,"y":30,"temp":25,"t":160.498,"ms":160498,"st":"ALIVE","fake":0,"nt":160.498078}
86.75s | {"type":"HB","id":99,"x":30,"y":30,"temp":26,"t":402.001,"ms":402001,"st":"ALIVE","fake":0,"nt":274.014084}
87.26s | {"type":"HB","id":1,"x":30,"y":30,"temp":26,"t":162.002,"ms":162002,"st":"ALIVE","fake":0,"nt":274.432694}
87.75s | {"type":"HB","id":99,"x":30,"y":30,"temp":26,"t":403.001,"ms":403001,"st":"ALIVE","fake":0,"nt":275.014066}
88.27s | {"type":"HB","id":1,"x":30,"y":30,"temp":26,"t":163.002,"ms":163002,"st":"ALIVE","fake":0,"nt":275.432725}
88.75s | {"type":"HB","id":99,"x":30,"y":30,"temp":26,"t":404.001,"ms":404001,"st":"ALIVE","fake":0,"nt":276.014055}
88.89s | {"type":"HB","id":2,"x":30,"y":30,"temp":25,"t":162.005,"ms":162005,"st":"ALIVE","fake":0,"nt":162.005077}
89.21s | {"type":"HB","id":1,"x":30,"y":30,"temp":26,"t":164.002,"ms":164002,"st":"ALIVE","fake":0,"nt":276.432733}
89.47s | {"type":"HB","id":2,"x":30,"y":30,"temp":25,"t":163.348,"ms":163348,"st":"ALIVE","fake":0,"nt":163.348745}
89.76s | {"type":"HB","id":99,"x":30,"y":30,"temp":26,"t":405.001,"ms":405001,"st":"ALIVE","fake":0,"nt":277.014066}
89.89s | {"type":"HB","id":2,"x":30,"y":30,"temp":25,"t":163.761,"ms":163761,"st":"ALIVE","fake":0,"nt":277.139731}
90.22s | {"type":"HB","id":1,"x":30,"y":30,"temp":26,"t":165.002,"ms":165002,"st":"ALIVE","fake":0,"nt":277.432721}
90.50s | {"type":"TOPO","ms":405736,"mid":3179103441,"n_peers":3,"sub":{"nodeId":3179103441,"subs":[{"nodeId":219922329,"subs":[{"nodeId":3179104773}]},{"nodeId":3179098605}]}}
90.75s | {"type":"HB","id":99,"x":30,"y":30,"temp":26,"t":406.001,"ms":406001,"st":"ALIVE","fake":0,"nt":278.014112}
90.89s | {"type":"HB","id":2,"x":30,"y":30,"temp":25,"t":164.761,"ms":164761,"st":"ALIVE","fake":0,"nt":278.142198}
91.25s | {"type":"HB","id":1,"x":30,"y":30,"temp":26,"t":166.002,"ms":166002,"st":"ALIVE","fake":0,"nt":278.432712}
91.76s | {"type":"HB","id":99,"x":30,"y":30,"temp":26,"t":407.001,"ms":407001,"st":"ALIVE","fake":0,"nt":279.014076}
92.27s | {"type":"HB","id":1,"x":30,"y":30,"temp":26,"t":167.002,"ms":167002,"st":"ALIVE","fake":0,"nt":279.432695}
92.75s | {"type":"HB","id":99,"x":30,"y":30,"temp":26,"t":408.001,"ms":408001,"st":"ALIVE","fake":0,"nt":280.014054}
93.20s | {"type":"HB","id":1,"x":30,"y":30,"temp":26,"t":168.002,"ms":168002,"st":"ALIVE","fake":0,"nt":280.432725}
93.24s | {"type":"HB","id":2,"x":30,"y":30,"temp":25,"t":167.109,"ms":167109,"st":"ALIVE","fake":0,"nt":280.490187}
93.76s | {"type":"HB","id":99,"x":30,"y":30,"temp":26,"t":409.001,"ms":409001,"st":"ALIVE","fake":0,"nt":281.014104}
94.22s | {"type":"HB","id":1,"x":30,"y":30,"temp":26,"t":169.002,"ms":169002,"st":"ALIVE","fake":0,"nt":281.432715}
94.73s | {"type":"HB","id":2,"x":30,"y":30,"temp":25,"t":168.616,"ms":168616,"st":"ALIVE","fake":0,"nt":281.997199}
94.76s | {"type":"HB","id":99,"x":30,"y":30,"temp":26,"t":410.001,"ms":410001,"st":"ALIVE","fake":0,"nt":282.014061}
95.24s | {"type":"HB","id":1,"x":30,"y":30,"temp":26,"t":170.002,"ms":170002,"st":"ALIVE","fake":0,"nt":282.432726}
95.49s | {"type":"TOPO","ms":410736,"mid":3179103441,"n_peers":3,"sub":{"nodeId":3179103441,"subs":[{"nodeId":219922329,"subs":[{"nodeId":3179104773}]},{"nodeId":3179098605}]}}
95.76s | {"type":"HB","id":99,"x":30,"y":30,"temp":26,"t":411.001,"ms":411001,"st":"ALIVE","fake":0,"nt":283.014095}
96.25s | {"type":"HB","id":2,"x":30,"y":30,"temp":25,"t":170.123,"ms":170123,"st":"ALIVE","fake":0,"nt":283.504189}
96.26s | {"type":"HB","id":1,"x":30,"y":30,"temp":26,"t":171.002,"ms":171002,"st":"ALIVE","fake":0,"nt":283.432701}
96.76s | {"type":"HB","id":99,"x":30,"y":30,"temp":26,"t":412.001,"ms":412001,"st":"ALIVE","fake":0,"nt":284.014084}
97.28s | {"type":"HB","id":1,"x":30,"y":30,"temp":26,"t":172.002,"ms":172002,"st":"ALIVE","fake":0,"nt":284.432693}
97.76s | {"type":"HB","id":2,"x":30,"y":30,"temp":25,"t":171.63,"ms":171630,"st":"ALIVE","fake":0,"nt":285.011179}
97.76s | {"type":"HB","id":99,"x":30,"y":30,"temp":26,"t":413.001,"ms":413001,"st":"ALIVE","fake":0,"nt":285.014444}
98.20s | {"type":"HB","id":1,"x":30,"y":30,"temp":26,"t":173.002,"ms":173002,"st":"ALIVE","fake":0,"nt":285.432721}
98.76s | {"type":"HB","id":99,"x":30,"y":30,"temp":26,"t":414.001,"ms":414001,"st":"ALIVE","fake":0,"nt":286.01404}
99.24s | {"type":"HB","id":1,"x":30,"y":30,"temp":26,"t":174.002,"ms":174002,"st":"ALIVE","fake":0,"nt":286.432708}
99.27s | {"type":"HB","id":2,"x":30,"y":30,"temp":25,"t":173.137,"ms":173137,"st":"ALIVE","fake":0,"nt":286.518178}
99.76s | {"type":"HB","id":99,"x":30,"y":30,"temp":26,"t":415.001,"ms":415001,"st":"ALIVE","fake":0,"nt":287.014108}
100.25s | {"type":"HB","id":1,"x":30,"y":30,"temp":26,"t":175.002,"ms":175002,"st":"ALIVE","fake":0,"nt":287.432735}
100.50s | {"type":"TOPO","ms":415736,"mid":3179103441,"n_peers":3,"sub":{"nodeId":3179103441,"subs":[{"nodeId":219922329,"subs":[{"nodeId":3179104773}]},{"nodeId":3179098605}]}}
100.76s | {"type":"HB","id":99,"x":30,"y":30,"temp":26,"t":416.001,"ms":416001,"st":"ALIVE","fake":0,"nt":288.014071}
100.77s | {"type":"HB","id":2,"x":30,"y":30,"temp":25,"t":174.644,"ms":174644,"st":"ALIVE","fake":0,"nt":288.025152}
101.29s | {"type":"HB","id":1,"x":30,"y":30,"temp":26,"t":176.002,"ms":176002,"st":"ALIVE","fake":0,"nt":288.43272}
101.76s | {"type":"HB","id":99,"x":30,"y":30,"temp":26,"t":417.001,"ms":417001,"st":"ALIVE","fake":0,"nt":289.014094}
102.20s | {"type":"HB","id":1,"x":30,"y":30,"temp":26,"t":177.002,"ms":177002,"st":"ALIVE","fake":0,"nt":289.432693}
102.28s | {"type":"HB","id":2,"x":30,"y":30,"temp":25,"t":176.151,"ms":176151,"st":"ALIVE","fake":0,"nt":289.532188}
102.76s | {"type":"HB","id":99,"x":30,"y":30,"temp":26,"t":418.001,"ms":418001,"st":"ALIVE","fake":0,"nt":290.014028}
103.23s | {"type":"HB","id":1,"x":30,"y":30,"temp":26,"t":178.002,"ms":178002,"st":"ALIVE","fake":0,"nt":290.432731}
103.76s | {"type":"HB","id":99,"x":30,"y":30,"temp":26,"t":419.001,"ms":419001,"st":"ALIVE","fake":0,"nt":291.014062}
103.78s | {"type":"HB","id":2,"x":30,"y":30,"temp":25,"t":177.658,"ms":177658,"st":"ALIVE","fake":0,"nt":291.039191}
104.25s | {"type":"HB","id":1,"x":30,"y":30,"temp":26,"t":179.002,"ms":179002,"st":"ALIVE","fake":0,"nt":291.432717}
104.75s | {"type":"HB","id":99,"x":30,"y":30,"temp":26,"t":420.001,"ms":420001,"st":"ALIVE","fake":0,"nt":292.014104}
105.28s | {"type":"HB","id":1,"x":30,"y":30,"temp":26,"t":180.002,"ms":180002,"st":"ALIVE","fake":0,"nt":292.432695}
105.29s | {"type":"HB","id":2,"x":30,"y":30,"temp":25,"t":179.166,"ms":179166,"st":"ALIVE","fake":0,"nt":292.547182}
105.50s | {"type":"TOPO","ms":420736,"mid":3179103441,"n_peers":3,"sub":{"nodeId":3179103441,"subs":[{"nodeId":219922329,"subs":[{"nodeId":3179104773}]},{"nodeId":3179098605}]}}
105.76s | {"type":"HB","id":99,"x":30,"y":30,"temp":26,"t":421.001,"ms":421001,"st":"ALIVE","fake":0,"nt":293.014057}
106.19s | {"type":"HB","id":1,"x":30,"y":30,"temp":26,"t":181.002,"ms":181002,"st":"ALIVE","fake":0,"nt":293.432697}
106.75s | {"type":"HB","id":99,"x":30,"y":30,"temp":26,"t":422.001,"ms":422001,"st":"ALIVE","fake":0,"nt":294.014081}
106.80s | {"type":"HB","id":2,"x":30,"y":30,"temp":25,"t":180.673,"ms":180673,"st":"ALIVE","fake":0,"nt":294.054153}
107.22s | {"type":"HB","id":1,"x":30,"y":30,"temp":26,"t":182.002,"ms":182002,"st":"ALIVE","fake":0,"nt":294.432742}
107.76s | {"type":"HB","id":99,"x":30,"y":30,"temp":26,"t":423.001,"ms":423001,"st":"ALIVE","fake":0,"nt":295.014031}
108.25s | {"type":"HB","id":1,"x":30,"y":30,"temp":26,"t":183.002,"ms":183002,"st":"ALIVE","fake":0,"nt":295.432743}
108.31s | {"type":"HB","id":2,"x":30,"y":30,"temp":25,"t":182.18,"ms":182180,"st":"ALIVE","fake":0,"nt":295.561177}
108.76s | {"type":"HB","id":99,"x":30,"y":30,"temp":26,"t":424.001,"ms":424001,"st":"ALIVE","fake":0,"nt":296.014059}
109.27s | {"type":"HB","id":1,"x":30,"y":30,"temp":26,"t":184.002,"ms":184002,"st":"ALIVE","fake":0,"nt":296.432742}
109.76s | {"type":"HB","id":99,"x":30,"y":30,"temp":26,"t":425.001,"ms":425001,"st":"ALIVE","fake":0,"nt":297.014088}
109.82s | {"type":"HB","id":2,"x":30,"y":30,"temp":25,"t":183.687,"ms":183687,"st":"ALIVE","fake":0,"nt":297.06815}
110.29s | {"type":"HB","id":1,"x":30,"y":30,"temp":26,"t":185.002,"ms":185002,"st":"ALIVE","fake":0,"nt":297.432694}
110.50s | {"type":"TOPO","ms":425736,"mid":3179103441,"n_peers":3,"sub":{"nodeId":3179103441,"subs":[{"nodeId":219922329,"subs":[{"nodeId":3179104773}]},{"nodeId":3179098605}]}}
110.75s | {"type":"HB","id":99,"x":30,"y":30,"temp":26,"t":426.001,"ms":426001,"st":"ALIVE","fake":0,"nt":298.014091}
111.21s | {"type":"HB","id":1,"x":30,"y":30,"temp":25.5,"t":186.002,"ms":186002,"st":"ALIVE","fake":0,"nt":298.432726}
111.31s | {"type":"HB","id":2,"x":30,"y":30,"temp":25,"t":185.194,"ms":185194,"st":"ALIVE","fake":0,"nt":298.575187}
111.76s | {"type":"HB","id":99,"x":30,"y":30,"temp":26,"t":427.001,"ms":427001,"st":"ALIVE","fake":0,"nt":299.014033}
112.25s | {"type":"HB","id":1,"x":30,"y":30,"temp":25.5,"t":187.002,"ms":187002,"st":"ALIVE","fake":0,"nt":299.432733}
112.76s | {"type":"HB","id":99,"x":30,"y":30,"temp":26,"t":428.001,"ms":428001,"st":"ALIVE","fake":0,"nt":300.014062}
112.84s | {"type":"HB","id":2,"x":30,"y":30,"temp":25,"t":186.701,"ms":186701,"st":"ALIVE","fake":0,"nt":300.082192}
113.27s | {"type":"HB","id":1,"x":30,"y":30,"temp":25.5,"t":188.002,"ms":188002,"st":"ALIVE","fake":0,"nt":300.432715}
113.75s | {"type":"HB","id":99,"x":30,"y":30,"temp":26,"t":429.001,"ms":429001,"st":"ALIVE","fake":0,"nt":301.014089}
114.30s | {"type":"HB","id":1,"x":30,"y":30,"temp":25.5,"t":189.002,"ms":189002,"st":"ALIVE","fake":0,"nt":301.432717}
114.34s | {"type":"HB","id":2,"x":30,"y":30,"temp":25,"t":188.208,"ms":188208,"st":"ALIVE","fake":0,"nt":301.589202}
114.76s | {"type":"HB","id":99,"x":30,"y":30,"temp":26,"t":430.001,"ms":430001,"st":"ALIVE","fake":0,"nt":302.014048}
115.23s | {"type":"HB","id":1,"x":30,"y":30,"temp":25.5,"t":190.002,"ms":190002,"st":"ALIVE","fake":0,"nt":302.432694}
115.49s | {"type":"TOPO","ms":430736,"mid":3179103441,"n_peers":3,"sub":{"nodeId":3179103441,"subs":[{"nodeId":219922329,"subs":[{"nodeId":3179104773}]},{"nodeId":3179098605}]}}
115.60s | EBD: Brownout detector was triggered
115.60s | ets Jul 29 2019 12:21:46
115.60s | rst:0x3 (SW_RESET),boot:0x17 (SPI_FAST_FLASH_BOOT)
115.61s | configsip: 0, SPIWP:0xee
115.62s | clk_drv:0x00,q_drv:0x00,d_drv:0x00,cs0_drv:0x00,hd_drv:0x00,wp_drv:0x00
115.62s | mode:DIO, clock div:1
115.62s | load:0x3fff0030,len:4876
115.63s | ho 0 tail 12 room 4
115.63s | load:0x40078000,len:16532
115.63s | load:0x40080400,len:3500
115.63s | entry 0x400805b4
116.25s | [REAL SENSOR MODE] DS18B20 on GPIO4
116.25s | {"type":"MODE","fake":0,"src":"DS18B20"}
116.37s | setLogLevel: ERROR | STARTUP |
116.37s | STARTUP: init(): 1
116.49s | STARTUP: AP tcp server established on port 5555
116.69s | {"type":"MESHID","id":99,"mid":3179103441,"is_root":1,"bridge_index":99,"role":"ROOT(bridge)","death_threshold_c":34.0,"warn_temp_c":31.0}
116.70s | {"type":"ROOT_READY"}
116.70s | {"type":"ST","id":99,"st":"ALIVE","temp":25,"ms":782,"fake":0,"nt":0.782361}
116.71s | {"type":"TOPO","ms":783,"mid":3179103441,"n_peers":0,"sub":{"nodeId":3179103441}}
116.92s | {"type":"HB","id":99,"x":30,"y":30,"temp":26,"t":1,"ms":1000,"st":"ALIVE","fake":0,"nt":1.000063}
117.92s | {"type":"HB","id":99,"x":30,"y":30,"temp":26,"t":2,"ms":2000,"st":"ALIVE","fake":0,"nt":2.000053}
118.92s | {"type":"HB","id":99,"x":30,"y":30,"temp":26,"t":3,"ms":3000,"st":"ALIVE","fake":0,"nt":3.000116}
119.92s | {"type":"HB","id":99,"x":30,"y":30,"temp":26,"t":4,"ms":4000,"st":"ALIVE","fake":0,"nt":4.000103}
120.47s | {"type":"HB","id":2,"x":30,"y":30,"temp":25,"t":3.763,"ms":3763,"st":"ALIVE","fake":0,"nt":3.763129}
120.91s | {"type":"HB","id":99,"x":30,"y":30,"temp":26,"t":5,"ms":5000,"st":"ALIVE","fake":0,"nt":5.000096}
121.70s | {"type":"TOPO","ms":5783,"mid":3179103441,"n_peers":1,"sub":{"nodeId":3179103441,"subs":[{"nodeId":3179098605}]}}
121.92s | {"type":"HB","id":99,"x":30,"y":30,"temp":26,"t":6,"ms":6000,"st":"ALIVE","fake":0,"nt":6.000088}
122.82s | {"type":"HB","id":2,"x":30,"y":30,"temp":25,"t":5.273,"ms":5273,"st":"ALIVE","fake":0,"nt":5.273139}
122.92s | {"type":"HB","id":99,"x":30,"y":30,"temp":26,"t":7,"ms":7000,"st":"ALIVE","fake":0,"nt":7.000058}
123.52s | {"type":"HB","id":1,"x":30,"y":30,"temp":25.5,"t":4,"ms":4000,"st":"ALIVE","fake":0,"nt":4.000121}
123.91s | {"type":"HB","id":99,"x":30,"y":30,"temp":26,"t":8,"ms":8000,"st":"ALIVE","fake":0,"nt":8.000055}
124.91s | {"type":"HB","id":99,"x":30,"y":30,"temp":26,"t":9,"ms":9000,"st":"ALIVE","fake":0,"nt":9.000058}
125.06s | {"type":"HB","id":1,"x":30,"y":30,"temp":25.5,"t":5,"ms":5000,"st":"ALIVE","fake":0,"nt":5.000129}
125.82s | {"type":"HB","id":2,"x":30,"y":30,"temp":25,"t":6.793,"ms":6793,"st":"ALIVE","fake":0,"nt":6.793145}
125.92s | {"type":"HB","id":99,"x":30,"y":30,"temp":26,"t":10,"ms":10000,"st":"ALIVE","fake":0,"nt":10.000057}
126.60s | {"type":"HB","id":2,"x":30,"y":30,"temp":25,"t":8.305,"ms":8305,"st":"ALIVE","fake":0,"nt":8.305099}
126.70s | {"type":"TOPO","ms":10783,"mid":3179103441,"n_peers":2,"sub":{"nodeId":3179103441,"subs":[{"nodeId":3179098605,"subs":[{"nodeId":3179104773}]}]}}
126.92s | {"type":"HB","id":99,"x":30,"y":30,"temp":26,"t":11,"ms":11000,"st":"ALIVE","fake":0,"nt":11.000066}
127.92s | {"type":"HB","id":99,"x":30,"y":30,"temp":26,"t":12,"ms":12000,"st":"ALIVE","fake":0,"nt":12.000093}
128.85s | {"type":"HB","id":1,"x":30,"y":30,"temp":25.5,"t":6,"ms":6000,"st":"ALIVE","fake":0,"nt":6.000129}
128.92s | {"type":"HB","id":99,"x":30,"y":30,"temp":26,"t":13,"ms":13000,"st":"ALIVE","fake":0,"nt":13.000055}
129.57s | {"type":"HB","id":1,"x":30,"y":30,"temp":25.5,"t":7,"ms":7000,"st":"ALIVE","fake":0,"nt":7.000083}
129.92s | {"type":"HB","id":99,"x":30,"y":30,"temp":26,"t":14,"ms":14000,"st":"ALIVE","fake":0,"nt":14.000071}
130.91s | {"type":"HB","id":99,"x":30,"y":30,"temp":26,"t":15,"ms":15000,"st":"ALIVE","fake":0,"nt":15.00009}
131.10s | {"type":"HB","id":2,"x":30,"y":30,"temp":25,"t":9.824,"ms":9824,"st":"ALIVE","fake":0,"nt":9.82412}
131.70s | {"type":"TOPO","ms":15783,"mid":3179103441,"n_peers":3,"sub":{"nodeId":3179103441,"subs":[{"nodeId":3179098605,"subs":[{"nodeId":3179104773,"subs":[{"nodeId":219922329}]}]}]}}
131.83s | {"type":"HB","id":1,"x":30,"y":30,"temp":25.5,"t":8,"ms":8000,"st":"ALIVE","fake":0,"nt":8.000119}
131.92s | {"type":"HB","id":99,"x":30,"y":30,"temp":26,"t":16,"ms":16000,"st":"ALIVE","fake":0,"nt":16.000069}
132.64s | {"type":"HB","id":2,"x":30,"y":30,"temp":25,"t":11.334,"ms":11334,"st":"ALIVE","fake":0,"nt":11.33409}
132.92s | {"type":"HB","id":99,"x":30,"y":30,"temp":26,"t":17,"ms":17000,"st":"ALIVE","fake":0,"nt":17.00007}
133.35s | {"type":"HB","id":1,"x":30,"y":30,"temp":25.5,"t":9,"ms":9000,"st":"ALIVE","fake":0,"nt":9.000113}
133.91s | {"type":"HB","id":99,"x":30,"y":30,"temp":26,"t":18,"ms":18000,"st":"ALIVE","fake":0,"nt":18.000055}
134.89s | {"type":"HB","id":1,"x":30,"y":30,"temp":26,"t":10,"ms":10000,"st":"ALIVE","fake":0,"nt":10.00014}
134.92s | {"type":"HB","id":99,"x":30,"y":30,"temp":26,"t":19,"ms":19000,"st":"ALIVE","fake":0,"nt":19.000047}
135.63s | {"type":"HB","id":2,"x":30,"y":30,"temp":25,"t":12.847,"ms":12847,"st":"ALIVE","fake":0,"nt":12.847086}
135.91s | {"type":"HB","id":99,"x":30,"y":30,"temp":26,"t":20,"ms":20000,"st":"ALIVE","fake":0,"nt":20.000067}
136.43s | {"type":"HB","id":1,"x":30,"y":30,"temp":25.5,"t":11,"ms":11000,"st":"ALIVE","fake":0,"nt":11.000106}
136.70s | {"type":"TOPO","ms":20783,"mid":3179103441,"n_peers":3,"sub":{"nodeId":3179103441,"subs":[{"nodeId":3179098605,"subs":[{"nodeId":3179104773,"subs":[{"nodeId":219922329}]}]}]}}
136.91s | {"type":"HB","id":99,"x":30,"y":30,"temp":26,"t":21,"ms":21000,"st":"ALIVE","fake":0,"nt":21.000065}
137.15s | {"type":"HB","id":1,"x":30,"y":30,"temp":25.5,"t":12,"ms":12000,"st":"ALIVE","fake":0,"nt":12.000065}
137.92s | {"type":"HB","id":99,"x":30,"y":30,"temp":26,"t":22,"ms":22000,"st":"ALIVE","fake":0,"nt":22.000096}
138.70s | {"type":"HB","id":2,"x":30,"y":30,"temp":25,"t":14.358,"ms":14358,"st":"ALIVE","fake":0,"nt":14.358082}
138.92s | {"type":"HB","id":99,"x":30,"y":30,"temp":26,"t":23,"ms":23000,"st":"ALIVE","fake":0,"nt":23.000095}
139.39s | {"type":"HB","id":1,"x":30,"y":30,"temp":25.5,"t":13,"ms":13000,"st":"ALIVE","fake":0,"nt":13.000065}
139.91s | {"type":"HB","id":99,"x":30,"y":30,"temp":26,"t":24,"ms":24000,"st":"ALIVE","fake":0,"nt":24.000082}
140.11s | {"type":"HB","id":2,"x":30,"y":30,"temp":25,"t":15.869,"ms":15869,"st":"ALIVE","fake":0,"nt":15.869079}
140.92s | {"type":"HB","id":99,"x":30,"y":30,"temp":26,"t":25,"ms":25000,"st":"ALIVE","fake":0,"nt":25.000062}
140.93s | {"type":"HB","id":1,"x":30,"y":30,"temp":25.5,"t":14,"ms":14000,"st":"ALIVE","fake":0,"nt":14.00013}
141.71s | {"type":"TOPO","ms":25783,"mid":3179103441,"n_peers":3,"sub":{"nodeId":3179103441,"subs":[{"nodeId":3179098605,"subs":[{"nodeId":3179104773,"subs":[{"nodeId":219922329}]}]}]}}
141.92s | {"type":"HB","id":99,"x":30,"y":30,"temp":26,"t":26,"ms":26000,"st":"ALIVE","fake":0,"nt":26.000091}
142.47s | {"type":"HB","id":1,"x":30,"y":30,"temp":25.5,"t":15,"ms":15000,"st":"ALIVE","fake":0,"nt":15.000091}
142.49s | E BOD: Brownout detector was triggered
142.49s | ets Jul 29 2019 12:21:46
142.49s | rst:0x3 (SW_RESET),boot:0x17 (SPI_FAST_FLASH_BOOT)
142.49s | configsip: 0, SPIWP:0xee
142.50s | clk_drv:0x00,q_drv:0x00,d_drv:0x00,cs0_drv:0x00,hd_drv:0x00,wp_drv:0x00
142.51s | mode:DIO, clock div:1
142.51s | load:0x3fff0030,len:4876
142.51s | ho 0 tail 12 room 4
142.51s | load:0x40078000,len:16532
142.51s | load:0x40080400,len:3500
142.51s | entry 0x400805b4
143.14s | [REAL SENSOR MODE] DS18B20 on GPIO4
143.14s | {"type":"MODE","fake":0,"src":"DS18B20"}
143.24s | setLogLevel: ERROR | STARTUP |
143.25s | STARTUP: init(): 1
143.28s | E BOD: Brownout detector was triggered
143.29s | ets Jul 29 2019 12:21:46
143.29s | rst:0x3 (SW_RESET),boot:0x17 (SPI_FAST_FLASH_BOOT)
143.29s | configsip: 0, SPIWP:0xee
143.30s | clk_drv:0x00,q_drv:0x00,d_drv:0x00,cs0_drv:0x00,hd_drv:0x00,wp_drv:0x00
143.31s | mode:DIO, clock div:1
143.31s | load:0x3fff0030,len:4876
143.31s | ho 0 tail 12 room 4
143.31s | load:0x40078000,len:16532
143.31s | load:0x40080400,len:3500
143.31s | entry 0x400805b4
143.93s | [REAL SENSOR MODE] DS18B20 on GPIO4
143.94s | {"type":"MODE","fake":0,"src":"DS18B20"}
144.05s | setLogLevel: ERROR | STARTUP |
144.05s | STARTUP: init(): 1
144.09s | E BOD: Brownout detector was triggered
144.09s | ets Jul 29 2019 12:21:46
144.09s | rst:0x3 (SW_RESET),boot:0x17 (SPI_FAST_FLASH_BOOT)
144.09s | configsip: 0, SPIWP:0xee
144.10s | clk_drv:0x00,q_drv:0x00,d_drv:0x00,cs0_drv:0x00,hd_drv:0x00,wp_drv:0x00
144.10s | mode:DIO, clock div:1
144.10s | load:0x3fff0030,len:4876
144.10s | ho 0 tail 12 room 4
144.10s | load:0x40078000,len:16532
144.10s | load:0x40080400,len:3500
144.10s | entry 0x400805b4
144.74s | [REAL SENSOR MODE] DS18B20 on GPIO4
144.74s | {"type":"MODE","fake":0,"src":"DS18B20"}
144.84s | setLogLevel: ERROR | STARTUP |
144.84s | STARTUP: init(): 1
144.92s | STARTUP: AP tcp server established on port 5555
145.11s | {"type":"MESHID","id":99,"mid":3179103441,"is_root":1,"bridge_index":99,"role":"ROOT(bridge)","death_threshold_c":34.0,"warn_temp_c":31.0}
145.12s | {"type":"ROOT_READY"}
145.13s | {"type":"ST","id":99,"st":"ALIVE","temp":25,"ms":729,"fake":0,"nt":0.729072}
145.13s | {"type":"TOPO","ms":730,"mid":3179103441,"n_peers":0,"sub":{"nodeId":3179103441}}
145.40s | {"type":"HB","id":99,"x":30,"y":30,"temp":26,"t":1,"ms":1000,"st":"ALIVE","fake":0,"nt":1.000062}
145.55s | E BOD: Brownout detector was triggered
145.55s | ets Jul 29 2019 12:21:46
145.55s | rst:0x3 (SW_RESET),boot:0x17 (SPI_FAST_FLASH_BOOT)
145.56s | configsip: 0, SPIWP:0xee
145.56s | clk_drv:0x00,q_drv:0x00,d_drv:0x00,cs0_drv:0x00,hd_drv:0x00,wp_drv:0x00
145.57s | mode:DIO, clock div:1
145.57s | load:0x3fff0030,len:4876
145.57s | ho 0 tail 12 room 4
145.57s | load:0x40078000,len:16532
145.58s | load:0x40080400,len:3500
145.58s | entry 0x400805b4
146.20s | [REAL SENSOR MODE] DS18B20 on GPIO4
146.20s | {"type":"MODE","fake":0,"src":"DS18B20"}
146.31s | setLogLevel: ERROR | STARTUP |
146.31s | STARTUP: init(): 1
146.39s | STARTUP: AP tcp server established on port 5555
146.60s | {"type":"MESHID","id":99,"mid":3179103441,"is_root":1,"bridge_index":99,"role":"ROOT(bridge)","death_threshold_c":34.0,"warn_temp_c":31.0}
146.60s | {"type":"ROOT_READY"}
146.61s | {"type":"ST","id":99,"st":"ALIVE","temp":25,"ms":741,"fake":0,"nt":0.741268}
146.61s | {"type":"TOPO","ms":742,"mid":3179103441,"n_peers":0,"sub":{"nodeId":3179103441}}
146.87s | {"type":"HB","id":99,"x":30,"y":30,"temp":26,"t":1,"ms":1000,"st":"ALIVE","fake":0,"nt":1.000066}
147.87s | {"type":"HB","id":99,"x":30,"y":30,"temp":26,"t":2,"ms":2000,"st":"ALIVE","fake":0,"nt":2.000046}
148.86s | {"type":"HB","id":99,"x":30,"y":30,"temp":26,"t":3,"ms":3000,"st":"ALIVE","fake":0,"nt":3.000082}
149.86s | {"type":"HB","id":99,"x":30,"y":30,"temp":25.5,"t":4,"ms":4000,"st":"ALIVE","fake":0,"nt":4.000084}
150.87s | {"type":"HB","id":99,"x":30,"y":30,"temp":26,"t":5,"ms":5000,"st":"ALIVE","fake":0,"nt":5.00005}
151.60s | {"type":"TOPO","ms":5742,"mid":3179103441,"n_peers":0,"sub":{"nodeId":3179103441}}
151.86s | {"type":"HB","id":99,"x":30,"y":30,"temp":26,"t":6,"ms":6000,"st":"ALIVE","fake":0,"nt":6.000048}
152.86s | {"type":"HB","id":99,"x":30,"y":30,"temp":26,"t":7,"ms":7000,"st":"ALIVE","fake":0,"nt":7.00009}
153.86s | {"type":"HB","id":99,"x":30,"y":30,"temp":25.5,"t":8,"ms":8000,"st":"ALIVE","fake":0,"nt":8.000073}
154.87s | {"type":"HB","id":99,"x":30,"y":30,"temp":26,"t":9,"ms":9000,"st":"ALIVE","fake":0,"nt":9.000048}
155.86s | {"type":"HB","id":99,"x":30,"y":30,"temp":26,"t":10,"ms":10000,"st":"ALIVE","fake":0,"nt":10.000045}
156.61s | {"type":"TOPO","ms":10742,"mid":3179103441,"n_peers":0,"sub":{"nodeId":3179103441}}
156.86s | {"type":"HB","id":99,"x":30,"y":30,"temp":26,"t":11,"ms":11000,"st":"ALIVE","fake":0,"nt":11.000043}
157.87s | {"type":"HB","id":99,"x":30,"y":30,"temp":25.5,"t":12,"ms":12000,"st":"ALIVE","fake":0,"nt":12.000046}
158.86s | {"type":"HB","id":99,"x":30,"y":30,"temp":25.5,"t":13,"ms":13000,"st":"ALIVE","fake":0,"nt":13.000045}
159.86s | {"type":"HB","id":99,"x":30,"y":30,"temp":25.5,"t":14,"ms":14000,"st":"ALIVE","fake":0,"nt":14.000049}
160.86s | {"type":"HB","id":99,"x":30,"y":30,"temp":26,"t":15,"ms":15000,"st":"ALIVE","fake":0,"nt":15.000046}
161.60s | {"type":"TOPO","ms":15742,"mid":3179103441,"n_peers":0,"sub":{"nodeId":3179103441}}
161.87s | {"type":"HB","id":99,"x":30,"y":30,"temp":25.5,"t":16,"ms":16000,"st":"ALIVE","fake":0,"nt":16.000043}
162.86s | {"type":"HB","id":99,"x":30,"y":30,"temp":25.5,"t":17,"ms":17000,"st":"ALIVE","fake":0,"nt":17.000046}
163.87s | {"type":"HB","id":99,"x":30,"y":30,"temp":25.5,"t":18,"ms":18000,"st":"ALIVE","fake":0,"nt":18.000046}
164.86s | {"type":"HB","id":99,"x":30,"y":30,"temp":25.5,"t":19,"ms":19000,"st":"ALIVE","fake":0,"nt":19.000046}
165.87s | {"type":"HB","id":99,"x":30,"y":30,"temp":25.5,"t":20,"ms":20000,"st":"ALIVE","fake":0,"nt":20.000046}
166.60s | {"type":"TOPO","ms":20742,"mid":3179103441,"n_peers":0,"sub":{"nodeId":3179103441}}
166.86s | {"type":"HB","id":99,"x":30,"y":30,"temp":25.5,"t":21,"ms":21000,"st":"ALIVE","fake":0,"nt":21.000046}
167.87s | {"type":"HB","id":99,"x":30,"y":30,"temp":25.5,"t":22,"ms":22000,"st":"ALIVE","fake":0,"nt":22.000049}
168.86s | {"type":"HB","id":99,"x":30,"y":30,"temp":25.5,"t":23,"ms":23000,"st":"ALIVE","fake":0,"nt":23.000059}
169.75s | {"type":"HB","id":1,"x":30,"y":30,"temp":25.5,"t":13,"ms":13000,"st":"ALIVE","fake":0,"nt":13.000067}
169.87s | {"type":"HB","id":99,"x":30,"y":30,"temp":25.5,"t":24,"ms":24000,"st":"ALIVE","fake":0,"nt":13.118626}
170.33s | {"type":"HB","id":2,"x":30,"y":30,"temp":25,"t":53.614,"ms":53614,"st":"ALIVE","fake":0,"nt":53.614119}
170.77s | {"type":"HB","id":1,"x":30,"y":30,"temp":25.5,"t":14,"ms":14000,"st":"ALIVE","fake":0,"nt":14.000107}
170.87s | {"type":"HB","id":99,"x":30,"y":30,"temp":25.5,"t":25,"ms":25000,"st":"ALIVE","fake":0,"nt":14.118628}
171.23s | {"type":"HB","id":2,"x":30,"y":30,"temp":25,"t":55.122,"ms":55122,"st":"ALIVE","fake":0,"nt":55.122079}
171.61s | {"type":"TOPO","ms":25742,"mid":3179103441,"n_peers":3,"sub":{"nodeId":3179103441,"subs":[{"nodeId":3179104773,"subs":[{"nodeId":3179098605,"subs":[{"nodeId":219922329}]}]}]}}
171.81s | {"type":"HB","id":1,"x":30,"y":30,"temp":25.5,"t":15,"ms":15000,"st":"ALIVE","fake":0,"nt":15.000094}
171.86s | {"type":"HB","id":99,"x":30,"y":30,"temp":25.5,"t":26,"ms":26000,"st":"ALIVE","fake":0,"nt":15.11859}
172.62s | {"type":"HB","id":2,"x":30,"y":30,"temp":25,"t":56.632,"ms":56632,"st":"ALIVE","fake":0,"nt":56.632088}
172.82s | {"type":"HB","id":1,"x":30,"y":30,"temp":25.5,"t":16,"ms":16000,"st":"ALIVE","fake":0,"nt":16.000124}
172.86s | {"type":"HB","id":99,"x":30,"y":30,"temp":25.5,"t":27,"ms":27000,"st":"ALIVE","fake":0,"nt":16.118589}
173.84s | {"type":"HB","id":1,"x":30,"y":30,"temp":25.5,"t":17,"ms":17000,"st":"ALIVE","fake":0,"nt":17.000058}
173.86s | {"type":"HB","id":99,"x":30,"y":30,"temp":25.5,"t":28,"ms":28000,"st":"ALIVE","fake":0,"nt":17.118592}
174.87s | {"type":"HB","id":99,"x":30,"y":30,"temp":25.5,"t":29,"ms":29000,"st":"ALIVE","fake":0,"nt":18.118595}
175.86s | {"type":"HB","id":99,"x":30,"y":30,"temp":25.5,"t":30,"ms":30000,"st":"ALIVE","fake":0,"nt":19.118618}
176.61s | {"type":"TOPO","ms":30742,"mid":3179103441,"n_peers":3,"sub":{"nodeId":3179103441,"subs":[{"nodeId":3179104773,"subs":[{"nodeId":3179098605,"subs":[{"nodeId":219922329}]}]}]}}
176.87s | {"type":"HB","id":99,"x":30,"y":30,"temp":25.5,"t":31,"ms":31000,"st":"ALIVE","fake":0,"nt":20.118633}
177.87s | {"type":"HB","id":99,"x":30,"y":30,"temp":25.5,"t":32,"ms":32000,"st":"ALIVE","fake":0,"nt":21.118605}
178.86s | {"type":"HB","id":99,"x":30,"y":30,"temp":25.5,"t":33,"ms":33000,"st":"ALIVE","fake":0,"nt":22.118629}
179.86s | {"type":"HB","id":99,"x":30,"y":30,"temp":25.5,"t":34,"ms":34000,"st":"ALIVE","fake":0,"nt":23.118633}
