   0.1s | {"type":"HB","id":3,"x":30,"y":30,"temp":25,"t":87,"ms":87000,"st":"ALIVE","fake":0,"nt":397.561396}
   0.2s | {"type":"HB","id":99,"x":30,"y":30,"temp":25,"t":849,"ms":849000,"st":"ALIVE","fake":0,"nt":397.77958}
   0.2s | {"type":"HB","id":2,"x":30,"y":30,"temp":26,"t":454.012,"ms":454012,"st":"ALIVE","fake":0,"nt":397.837588}
   0.4s | {"type":"HB","id":1,"x":30,"y":30,"temp":26.5,"t":326,"ms":326000,"st":"ALIVE","fake":0,"nt":397.813091}
   1.1s | {"type":"HB","id":3,"x":30,"y":30,"temp":25,"t":88,"ms":88000,"st":"ALIVE","fake":0,"nt":398.561394}
   1.2s | {"type":"HB","id":99,"x":30,"y":30,"temp":25,"t":850,"ms":850000,"st":"ALIVE","fake":0,"nt":398.779551}
   1.2s | {"type":"HB","id":1,"x":30,"y":30,"temp":26.5,"t":327,"ms":327000,"st":"ALIVE","fake":0,"nt":398.813052}
   1.4s | {"type":"HB","id":2,"x":30,"y":30,"temp":26,"t":455.012,"ms":455012,"st":"ALIVE","fake":0,"nt":398.837601}
   1.9s | {"type":"TOPO","ms":850748,"mid":3179103441,"n_peers":3,"sub":{"nodeId":3179103441,"subs":[{"nodeId":3179098605,"subs":[{"nodeId":3179104773,"subs":[{"nodeId":219922329}]}]}]}}
   2.1s | {"type":"HB","id":3,"x":30,"y":30,"temp":25,"t":89,"ms":89000,"st":"ALIVE","fake":0,"nt":399.561377}
   2.2s | {"type":"HB","id":99,"x":30,"y":30,"temp":25,"t":851,"ms":851000,"st":"ALIVE","fake":0,"nt":399.779543}
   2.2s | {"type":"HB","id":1,"x":30,"y":30,"temp":26.5,"t":328,"ms":328000,"st":"ALIVE","fake":0,"nt":399.813029}
   2.3s | {"type":"HB","id":2,"x":30,"y":30,"temp":26,"t":456.012,"ms":456012,"st":"ALIVE","fake":0,"nt":399.837571}
   3.1s | {"type":"HB","id":3,"x":30,"y":30,"temp":25,"t":90,"ms":90000,"st":"ALIVE","fake":0,"nt":400.561413}
   3.2s | {"type":"HB","id":99,"x":30,"y":30,"temp":25,"t":852,"ms":852000,"st":"ALIVE","fake":0,"nt":400.779547}
   3.2s | {"type":"HB","id":2,"x":30,"y":30,"temp":26,"t":457.012,"ms":457012,"st":"ALIVE","fake":0,"nt":400.837573}
   3.4s | {"type":"HB","id":1,"x":30,"y":30,"temp":26.5,"t":329,"ms":329000,"st":"ALIVE","fake":0,"nt":400.813062}
   4.1s | {"type":"HB","id":3,"x":30,"y":30,"temp":25,"t":91,"ms":91000,"st":"ALIVE","fake":0,"nt":401.561406}
   4.2s | {"type":"HB","id":99,"x":30,"y":30,"temp":25,"t":853,"ms":853000,"st":"ALIVE","fake":0,"nt":401.779563}
   4.2s | {"type":"HB","id":2,"x":30,"y":30,"temp":26,"t":458.012,"ms":458012,"st":"ALIVE","fake":0,"nt":401.837591}
   4.4s | {"type":"HB","id":1,"x":30,"y":30,"temp":26.5,"t":330,"ms":330000,"st":"ALIVE","fake":0,"nt":401.813058}
   5.1s | {"type":"HB","id":3,"x":30,"y":30,"temp":25,"t":92,"ms":92000,"st":"ALIVE","fake":0,"nt":402.56141}
   5.1s | {"type":"HB","id":99,"x":30,"y":30,"temp":25,"t":854,"ms":854000,"st":"ALIVE","fake":0,"nt":402.779581}
   5.2s | {"type":"HB","id":1,"x":30,"y":30,"temp":26.5,"t":331,"ms":331000,"st":"ALIVE","fake":0,"nt":402.813069}
   5.4s | {"type":"HB","id":2,"x":30,"y":30,"temp":26,"t":459.012,"ms":459012,"st":"ALIVE","fake":0,"nt":402.837547}
   6.1s | {"type":"HB","id":3,"x":30,"y":30,"temp":25,"t":93,"ms":93000,"st":"ALIVE","fake":0,"nt":403.561413}
   6.2s | {"type":"HB","id":99,"x":30,"y":30,"temp":25,"t":855,"ms":855000,"st":"ALIVE","fake":0,"nt":403.779551}
   6.2s | {"type":"HB","id":1,"x":30,"y":30,"temp":26.5,"t":332,"ms":332000,"st":"ALIVE","fake":0,"nt":403.813071}
   6.4s | {"type":"HB","id":2,"x":30,"y":30,"temp":26,"t":460.012,"ms":460012,"st":"ALIVE","fake":0,"nt":403.837609}
   6.9s | {"type":"TOPO","ms":855748,"mid":3179103441,"n_peers":3,"sub":{"nodeId":3179103441,"subs":[{"nodeId":3179098605,"subs":[{"nodeId":3179104773,"subs":[{"nodeId":219922329}]}]}]}}
   7.1s | {"type":"HB","id":3,"x":30,"y":30,"temp":25,"t":94,"ms":94000,"st":"ALIVE","fake":0,"nt":404.56141}
   7.2s | {"type":"HB","id":99,"x":30,"y":30,"temp":25,"t":856,"ms":856000,"st":"ALIVE","fake":0,"nt":404.779539}
   7.2s | {"type":"HB","id":1,"x":30,"y":30,"temp":26.5,"t":333,"ms":333000,"st":"ALIVE","fake":0,"nt":404.813091}
   7.3s | {"type":"HB","id":2,"x":30,"y":30,"temp":26,"t":461.012,"ms":461012,"st":"ALIVE","fake":0,"nt":404.837565}
   8.1s | {"type":"HB","id":3,"x":30,"y":30,"temp":25,"t":95,"ms":95000,"st":"ALIVE","fake":0,"nt":405.561377}
   8.2s | {"type":"HB","id":99,"x":30,"y":30,"temp":25,"t":857,"ms":857000,"st":"ALIVE","fake":0,"nt":405.779593}
   8.2s | {"type":"HB","id":2,"x":30,"y":30,"temp":26,"t":462.012,"ms":462012,"st":"ALIVE","fake":0,"nt":405.837583}
   8.4s | {"type":"HB","id":1,"x":30,"y":30,"temp":26.5,"t":334,"ms":334000,"st":"ALIVE","fake":0,"nt":405.813027}
   9.1s | {"type":"HB","id":3,"x":30,"y":30,"temp":25,"t":96,"ms":96000,"st":"ALIVE","fake":0,"nt":406.561379}
   9.2s | {"type":"HB","id":99,"x":30,"y":30,"temp":25,"t":858,"ms":858000,"st":"ALIVE","fake":0,"nt":406.779584}
   9.2s | {"type":"HB","id":2,"x":30,"y":30,"temp":26,"t":463.012,"ms":463012,"st":"ALIVE","fake":0,"nt":406.837578}
   9.4s | {"type":"HB","id":1,"x":30,"y":30,"temp":26.5,"t":335,"ms":335000,"st":"ALIVE","fake":0,"nt":406.813087}
  10.1s | {"type":"HB","id":3,"x":30,"y":30,"temp":25,"t":97,"ms":97000,"st":"ALIVE","fake":0,"nt":407.561425}
  10.1s | {"type":"HB","id":99,"x":30,"y":30,"temp":25,"t":859,"ms":859000,"st":"ALIVE","fake":0,"nt":407.77959}
  10.2s | {"type":"HB","id":2,"x":30,"y":30,"temp":26,"t":464.012,"ms":464012,"st":"ALIVE","fake":0,"nt":407.837572}
  10.6s | {"type":"HB","id":1,"x":30,"y":30,"temp":26.5,"t":336,"ms":336000,"st":"ALIVE","fake":0,"nt":407.813025}
  11.1s | {"type":"HB","id":3,"x":30,"y":30,"temp":25,"t":98,"ms":98000,"st":"ALIVE","fake":0,"nt":408.561375}
  11.2s | {"type":"HB","id":99,"x":30,"y":30,"temp":25,"t":860,"ms":860000,"st":"ALIVE","fake":0,"nt":408.779593}
  11.2s | {"type":"HB","id":2,"x":30,"y":30,"temp":26,"t":465.012,"ms":465012,"st":"ALIVE","fake":0,"nt":408.837602}
  11.4s | {"type":"HB","id":1,"x":30,"y":30,"temp":26.5,"t":337,"ms":337000,"st":"ALIVE","fake":0,"nt":408.813049}
  11.9s | {"type":"TOPO","ms":860748,"mid":3179103441,"n_peers":3,"sub":{"nodeId":3179103441,"subs":[{"nodeId":3179098605,"subs":[{"nodeId":3179104773,"subs":[{"nodeId":219922329}]}]}]}}
  12.0s | {"type":"HB","id":3,"x":30,"y":30,"temp":25,"t":99,"ms":99000,"st":"ALIVE","fake":0,"nt":409.561412}
  12.2s | {"type":"HB","id":99,"x":30,"y":30,"temp":25,"t":861,"ms":861000,"st":"ALIVE","fake":0,"nt":409.779584}
  12.2s | {"type":"HB","id":2,"x":30,"y":30,"temp":26,"t":466.012,"ms":466012,"st":"ALIVE","fake":0,"nt":409.837555}
  12.4s | {"type":"HB","id":1,"x":30,"y":30,"temp":26.5,"t":338,"ms":338000,"st":"ALIVE","fake":0,"nt":409.813015}
  13.1s | {"type":"HB","id":3,"x":30,"y":30,"temp":25,"t":100,"ms":100000,"st":"ALIVE","fake":0,"nt":410.561394}
  13.2s | {"type":"HB","id":99,"x":30,"y":30,"temp":25,"t":862,"ms":862000,"st":"ALIVE","fake":0,"nt":410.779571}
  13.2s | {"type":"HB","id":2,"x":30,"y":30,"temp":26,"t":467.012,"ms":467012,"st":"ALIVE","fake":0,"nt":410.837609}
  13.4s | {"type":"HB","id":1,"x":30,"y":30,"temp":26.5,"t":339,"ms":339000,"st":"ALIVE","fake":0,"nt":410.813058}
  14.1s | {"type":"HB","id":3,"x":30,"y":30,"temp":25,"t":101,"ms":101000,"st":"ALIVE","fake":0,"nt":411.561394}
  14.2s | {"type":"HB","id":99,"x":30,"y":30,"temp":25,"t":863,"ms":863000,"st":"ALIVE","fake":0,"nt":411.779566}
  14.2s | {"type":"HB","id":1,"x":30,"y":30,"temp":26.5,"t":340,"ms":340000,"st":"ALIVE","fake":0,"nt":411.813053}
  14.6s | {"type":"HB","id":2,"x":30,"y":30,"temp":26,"t":468.012,"ms":468012,"st":"ALIVE","fake":0,"nt":411.837574}
  15.1s | {"type":"HB","id":3,"x":30,"y":30,"temp":25,"t":102,"ms":102000,"st":"ALIVE","fake":0,"nt":412.561396}
  15.2s | {"type":"HB","id":99,"x":30,"y":30,"temp":25,"t":864,"ms":864000,"st":"ALIVE","fake":0,"nt":412.779583}
  15.2s | {"type":"HB","id":2,"x":30,"y":30,"temp":26,"t":469.012,"ms":469012,"st":"ALIVE","fake":0,"nt":412.83758}
  15.3s | {"type":"HB","id":1,"x":30,"y":30,"temp":26.5,"t":341,"ms":341000,"st":"ALIVE","fake":0,"nt":412.813019}
  16.1s | {"type":"HB","id":3,"x":30,"y":30,"temp":25,"t":103,"ms":103000,"st":"ALIVE","fake":0,"nt":413.561377}
  16.2s | {"type":"HB","id":99,"x":30,"y":30,"temp":25,"t":865,"ms":865000,"st":"ALIVE","fake":0,"nt":413.779541}
  16.3s | {"type":"HB","id":2,"x":30,"y":30,"temp":26,"t":470.012,"ms":470012,"st":"ALIVE","fake":0,"nt":413.837547}
  16.4s | {"type":"HB","id":1,"x":30,"y":30,"temp":26.5,"t":342,"ms":342000,"st":"ALIVE","fake":0,"nt":413.813091}
  16.9s | {"type":"TOPO","ms":865748,"mid":3179103441,"n_peers":3,"sub":{"nodeId":3179103441,"subs":[{"nodeId":3179098605,"subs":[{"nodeId":3179104773,"subs":[{"nodeId":219922329}]}]}]}}
  17.1s | {"type":"HB","id":3,"x":30,"y":30,"temp":25,"t":104,"ms":104000,"st":"ALIVE","fake":0,"nt":414.561394}
  17.2s | {"type":"HB","id":99,"x":30,"y":30,"temp":25,"t":866,"ms":866000,"st":"ALIVE","fake":0,"nt":414.779581}
  17.2s | {"type":"HB","id":2,"x":30,"y":30,"temp":26,"t":471.012,"ms":471012,"st":"ALIVE","fake":0,"nt":414.837595}
  17.4s | {"type":"HB","id":1,"x":30,"y":30,"temp":26.5,"t":343,"ms":343000,"st":"ALIVE","fake":0,"nt":414.813086}
  18.1s | {"type":"HB","id":3,"x":30,"y":30,"temp":25,"t":105,"ms":105000,"st":"ALIVE","fake":0,"nt":415.561396}
  18.2s | {"type":"HB","id":99,"x":30,"y":30,"temp":25,"t":867,"ms":867000,"st":"ALIVE","fake":0,"nt":415.779579}
  18.2s | {"type":"HB","id":1,"x":30,"y":30,"temp":26.5,"t":344,"ms":344000,"st":"ALIVE","fake":0,"nt":415.813062}
  18.4s | {"type":"HB","id":2,"x":30,"y":30,"temp":26,"t":472.012,"ms":472012,"st":"ALIVE","fake":0,"nt":415.837565}
  19.1s | {"type":"HB","id":3,"x":30,"y":30,"temp":25,"t":106,"ms":106000,"st":"ALIVE","fake":0,"nt":416.561377}
  19.2s | {"type":"HB","id":99,"x":30,"y":30,"temp":25,"t":868,"ms":868000,"st":"ALIVE","fake":0,"nt":416.779577}
  19.2s | {"type":"HB","id":1,"x":30,"y":30,"temp":26.5,"t":345,"ms":345000,"st":"ALIVE","fake":0,"nt":416.813069}
  19.3s | {"type":"HB","id":2,"x":30,"y":30,"temp":26,"t":473.012,"ms":473012,"st":"ALIVE","fake":0,"nt":416.837597}
  20.0s | {"type":"HB","id":3,"x":30,"y":30,"temp":25,"t":107,"ms":107000,"st":"ALIVE","fake":0,"nt":417.561394}
  20.2s | {"type":"HB","id":99,"x":30,"y":30,"temp":25,"t":869,"ms":869000,"st":"ALIVE","fake":0,"nt":417.779573}
  20.2s | {"type":"HB","id":1,"x":30,"y":30,"temp":26.5,"t":346,"ms":346000,"st":"ALIVE","fake":0,"nt":417.813029}
  20.4s | {"type":"HB","id":2,"x":30,"y":30,"temp":26,"t":474.012,"ms":474012,"st":"ALIVE","fake":0,"nt":417.837555}
  21.0s | {"type":"HB","id":3,"x":30,"y":30,"temp":25,"t":108,"ms":108000,"st":"ALIVE","fake":0,"nt":418.561396}
  21.1s | {"type":"HB","id":99,"x":30,"y":30,"temp":25,"t":870,"ms":870000,"st":"ALIVE","fake":0,"nt":418.77959}
  21.2s | {"type":"HB","id":2,"x":30,"y":30,"temp":26,"t":475.012,"ms":475012,"st":"ALIVE","fake":0,"nt":418.837619}
  21.4s | {"type":"HB","id":1,"x":30,"y":30,"temp":26.5,"t":347,"ms":347000,"st":"ALIVE","fake":0,"nt":418.813073}
  21.9s | {"type":"TOPO","ms":870748,"mid":3179103441,"n_peers":3,"sub":{"nodeId":3179103441,"subs":[{"nodeId":3179098605,"subs":[{"nodeId":3179104773,"subs":[{"nodeId":219922329}]}]}]}}
  22.1s | {"type":"HB","id":3,"x":30,"y":30,"temp":25,"t":109,"ms":109000,"st":"ALIVE","fake":0,"nt":419.561399}
  22.2s | {"type":"HB","id":99,"x":30,"y":30,"temp":25,"t":871,"ms":871000,"st":"ALIVE","fake":0,"nt":419.779569}
  22.2s | {"type":"HB","id":2,"x":30,"y":30,"temp":26,"t":476.012,"ms":476012,"st":"ALIVE","fake":0,"nt":419.837546}
  22.4s | {"type":"HB","id":1,"x":30,"y":30,"temp":26.5,"t":348,"ms":348000,"st":"ALIVE","fake":0,"nt":419.813087}
  23.1s | {"type":"HB","id":3,"x":30,"y":30,"temp":25,"t":110,"ms":110000,"st":"ALIVE","fake":0,"nt":420.56144}
  23.2s | {"type":"HB","id":99,"x":30,"y":30,"temp":25,"t":872,"ms":872000,"st":"ALIVE","fake":0,"nt":420.779555}
  23.2s | {"type":"HB","id":1,"x":30,"y":30,"temp":26.5,"t":349,"ms":349000,"st":"ALIVE","fake":0,"nt":420.813064}
  23.4s | {"type":"HB","id":2,"x":30,"y":30,"temp":26,"t":477.012,"ms":477012,"st":"ALIVE","fake":0,"nt":420.837588}
  24.1s | {"type":"HB","id":3,"x":30,"y":30,"temp":25,"t":111,"ms":111000,"st":"ALIVE","fake":0,"nt":421.561413}
  24.2s | {"type":"HB","id":99,"x":30,"y":30,"temp":25,"t":873,"ms":873000,"st":"ALIVE","fake":0,"nt":421.779577}
  24.2s | {"type":"HB","id":1,"x":30,"y":30,"temp":26.5,"t":350,"ms":350000,"st":"ALIVE","fake":0,"nt":421.813087}
  24.4s | {"type":"HB","id":2,"x":30,"y":30,"temp":26,"t":478.012,"ms":478012,"st":"ALIVE","fake":0,"nt":421.837563}
  25.1s | {"type":"HB","id":3,"x":30,"y":30,"temp":25,"t":112,"ms":112000,"st":"ALIVE","fake":0,"nt":422.56141}
  25.2s | {"type":"HB","id":99,"x":30,"y":30,"temp":25,"t":874,"ms":874000,"st":"ALIVE","fake":0,"nt":422.779587}
  25.2s | {"type":"HB","id":2,"x":30,"y":30,"temp":26,"t":479.012,"ms":479012,"st":"ALIVE","fake":0,"nt":422.837563}
  25.4s | {"type":"HB","id":1,"x":30,"y":30,"temp":26.5,"t":351,"ms":351000,"st":"ALIVE","fake":0,"nt":422.813052}
  26.1s | {"type":"HB","id":3,"x":30,"y":30,"temp":25,"t":113,"ms":113000,"st":"ALIVE","fake":0,"nt":423.56141}
  26.2s | {"type":"HB","id":99,"x":30,"y":30,"temp":25,"t":875,"ms":875000,"st":"ALIVE","fake":0,"nt":423.779545}
  26.2s | {"type":"HB","id":2,"x":30,"y":30,"temp":26,"t":480.012,"ms":480012,"st":"ALIVE","fake":0,"nt":423.837551}
  26.4s | {"type":"HB","id":1,"x":30,"y":30,"temp":26.5,"t":352,"ms":352000,"st":"ALIVE","fake":0,"nt":423.813045}
  26.9s | {"type":"TOPO","ms":875748,"mid":3179103441,"n_peers":3,"sub":{"nodeId":3179103441,"subs":[{"nodeId":3179098605,"subs":[{"nodeId":3179104773,"subs":[{"nodeId":219922329}]}]}]}}
  27.1s | {"type":"HB","id":3,"x":30,"y":30,"temp":25,"t":114,"ms":114000,"st":"ALIVE","fake":0,"nt":424.561405}
  27.2s | {"type":"HB","id":99,"x":30,"y":30,"temp":25,"t":876,"ms":876000,"st":"ALIVE","fake":0,"nt":424.779541}
  27.2s | {"type":"HB","id":1,"x":30,"y":30,"temp":26.5,"t":353,"ms":353000,"st":"ALIVE","fake":0,"nt":424.813041}
  27.4s | {"type":"HB","id":2,"x":30,"y":30,"temp":26,"t":481.012,"ms":481012,"st":"ALIVE","fake":0,"nt":424.837616}
  28.0s | {"type":"HB","id":3,"x":30,"y":30,"temp":25,"t":115,"ms":115000,"st":"ALIVE","fake":0,"nt":425.561377}
  28.1s | {"type":"HB","id":99,"x":30,"y":30,"temp":25,"t":877,"ms":877000,"st":"ALIVE","fake":0,"nt":425.779551}
  28.2s | {"type":"HB","id":1,"x":30,"y":30,"temp":26.5,"t":354,"ms":354000,"st":"ALIVE","fake":0,"nt":425.813025}
  28.4s | {"type":"HB","id":2,"x":30,"y":30,"temp":26,"t":482.012,"ms":482012,"st":"ALIVE","fake":0,"nt":425.837549}
  29.1s | {"type":"HB","id":3,"x":30,"y":30,"temp":25,"t":116,"ms":116000,"st":"ALIVE","fake":0,"nt":426.561406}
  29.2s | {"type":"HB","id":99,"x":30,"y":30,"temp":25,"t":878,"ms":878000,"st":"ALIVE","fake":0,"nt":426.779586}
  29.2s | {"type":"HB","id":2,"x":30,"y":30,"temp":26,"t":483.012,"ms":483012,"st":"ALIVE","fake":0,"nt":426.837545}
  29.3s | {"type":"HB","id":1,"x":30,"y":30,"temp":26.5,"t":355,"ms":355000,"st":"ALIVE","fake":0,"nt":426.813081}
  30.1s | {"type":"HB","id":3,"x":30,"y":30,"temp":25,"t":117,"ms":117000,"st":"ALIVE","fake":0,"nt":427.561395}
  30.2s | {"type":"HB","id":99,"x":30,"y":30,"temp":25,"t":879,"ms":879000,"st":"ALIVE","fake":0,"nt":427.77959}
  30.2s | {"type":"HB","id":2,"x":30,"y":30,"temp":26,"t":484.012,"ms":484012,"st":"ALIVE","fake":0,"nt":427.83754}
  30.4s | {"type":"HB","id":1,"x":30,"y":30,"temp":26.5,"t":356,"ms":356000,"st":"ALIVE","fake":0,"nt":427.813085}
  31.1s | {"type":"HB","id":3,"x":30,"y":30,"temp":25,"t":118,"ms":118000,"st":"ALIVE","fake":0,"nt":428.56141}
  31.2s | {"type":"HB","id":99,"x":30,"y":30,"temp":25,"t":880,"ms":880000,"st":"ALIVE","fake":0,"nt":428.77957}
  31.2s | {"type":"HB","id":2,"x":30,"y":30,"temp":26,"t":485.012,"ms":485012,"st":"ALIVE","fake":0,"nt":428.837568}
  31.4s | {"type":"HB","id":1,"x":30,"y":30,"temp":26.5,"t":357,"ms":357000,"st":"ALIVE","fake":0,"nt":428.813023}
  31.9s | {"type":"TOPO","ms":880748,"mid":3179103441,"n_peers":3,"sub":{"nodeId":3179103441,"subs":[{"nodeId":3179098605,"subs":[{"nodeId":3179104773,"subs":[{"nodeId":219922329}]}]}]}}
  32.1s | {"type":"HB","id":3,"x":30,"y":30,"temp":25,"t":119,"ms":119000,"st":"ALIVE","fake":0,"nt":429.56141}
  32.2s | {"type":"HB","id":99,"x":30,"y":30,"temp":25,"t":881,"ms":881000,"st":"ALIVE","fake":0,"nt":429.779555}
  32.2s | {"type":"HB","id":1,"x":30,"y":30,"temp":26.5,"t":358,"ms":358000,"st":"ALIVE","fake":0,"nt":429.813019}
  32.3s | {"type":"HB","id":2,"x":30,"y":30,"temp":26,"t":486.012,"ms":486012,"st":"ALIVE","fake":0,"nt":429.837593}
  33.1s | {"type":"HB","id":3,"x":30,"y":30,"temp":25,"t":120,"ms":120000,"st":"ALIVE","fake":0,"nt":430.561413}
  33.2s | {"type":"HB","id":99,"x":30,"y":30,"temp":25,"t":882,"ms":882000,"st":"ALIVE","fake":0,"nt":430.779586}
  33.2s | {"type":"HB","id":1,"x":30,"y":30,"temp":26.5,"t":359,"ms":359000,"st":"ALIVE","fake":0,"nt":430.813082}
  33.4s | {"type":"HB","id":2,"x":30,"y":30,"temp":26,"t":487.012,"ms":487012,"st":"ALIVE","fake":0,"nt":430.838419}
  34.1s | {"type":"HB","id":3,"x":30,"y":30,"temp":25,"t":121,"ms":121000,"st":"ALIVE","fake":0,"nt":431.56141}
  34.1s | {"type":"HB","id":99,"x":30,"y":30,"temp":25,"t":883,"ms":883000,"st":"ALIVE","fake":0,"nt":431.779551}
  34.2s | {"type":"HB","id":2,"x":30,"y":30,"temp":26,"t":488.012,"ms":488012,"st":"ALIVE","fake":0,"nt":431.837607}
  34.4s | {"type":"HB","id":1,"x":30,"y":30,"temp":26.5,"t":360,"ms":360000,"st":"ALIVE","fake":0,"nt":431.813086}
  35.0s | {"type":"HB","id":3,"x":30,"y":30,"temp":25,"t":122,"ms":122000,"st":"ALIVE","fake":0,"nt":432.561394}
