0.6s | {"type":"HB","id":3,"x":30,"y":30,"temp":26,"t":722,"ms":722000,"st":"ALIVE","fake":0,"nt":1032.568203}
0.6s | {"type":"HB","id":1,"x":30,"y":30,"temp":28,"t":180,"ms":180000,"st":"ALIVE","fake":0,"nt":1032.662237}
0.7s | {"type":"HB","id":99,"x":30,"y":30,"temp":27,"t":1484,"ms":1484000,"st":"ALIVE","fake":0,"nt":1032.783289}
0.8s | {"type":"HB","id":2,"x":30,"y":30,"temp":27.5,"t":1089.023,"ms":1089023,"st":"ALIVE","fake":0,"nt":1032.84952}
1.6s | {"type":"HB","id":3,"x":30,"y":30,"temp":26,"t":723,"ms":723000,"st":"ALIVE","fake":0,"nt":1033.568176}
1.6s | {"type":"HB","id":1,"x":30,"y":30,"temp":28,"t":181,"ms":181000,"st":"ALIVE","fake":0,"nt":1033.662232}
1.7s | {"type":"HB","id":99,"x":30,"y":30,"temp":27,"t":1485,"ms":1485000,"st":"ALIVE","fake":0,"nt":1033.783369}
1.8s | {"type":"HB","id":2,"x":30,"y":30,"temp":27.5,"t":1090.023,"ms":1090023,"st":"ALIVE","fake":0,"nt":1033.849492}
2.5s | {"type":"TOPO","ms":1485748,"mid":3179103441,"n_peers":3,"sub":{"nodeId":3179103441,"subs":[{"nodeId":3179098605},{"nodeId":219922329},{"nodeId":3179104773}]}}
2.6s | {"type":"HB","id":3,"x":30,"y":30,"temp":26,"t":724,"ms":724000,"st":"ALIVE","fake":0,"nt":1034.568197}
2.6s | {"type":"HB","id":1,"x":30,"y":30,"temp":28,"t":182,"ms":182000,"st":"ALIVE","fake":0,"nt":1034.662256}
2.7s | {"type":"HB","id":99,"x":30,"y":30,"temp":27,"t":1486,"ms":1486000,"st":"ALIVE","fake":0,"nt":1034.783366}
2.8s | {"type":"HB","id":2,"x":30,"y":30,"temp":27.5,"t":1091.023,"ms":1091023,"st":"ALIVE","fake":0,"nt":1034.849517}
3.6s | {"type":"HB","id":3,"x":30,"y":30,"temp":26,"t":725,"ms":725000,"st":"ALIVE","fake":0,"nt":1035.568156}
3.6s | {"type":"HB","id":1,"x":30,"y":30,"temp":28,"t":183,"ms":183000,"st":"ALIVE","fake":0,"nt":1035.66226}
3.7s | {"type":"HB","id":99,"x":30,"y":30,"temp":27,"t":1487,"ms":1487000,"st":"ALIVE","fake":0,"nt":1035.783295}
3.8s | {"type":"HB","id":2,"x":30,"y":30,"temp":27.5,"t":1092.023,"ms":1092023,"st":"ALIVE","fake":0,"nt":1035.849485}
4.6s | {"type":"HB","id":3,"x":30,"y":30,"temp":26,"t":726,"ms":726000,"st":"ALIVE","fake":0,"nt":1036.568154}
4.6s | {"type":"HB","id":1,"x":30,"y":30,"temp":28,"t":184,"ms":184000,"st":"ALIVE","fake":0,"nt":1036.662241}
4.7s | {"type":"HB","id":99,"x":30,"y":30,"temp":27,"t":1488,"ms":1488000,"st":"ALIVE","fake":0,"nt":1036.783394}
4.8s | {"type":"HB","id":2,"x":30,"y":30,"temp":27.5,"t":1093.023,"ms":1093023,"st":"ALIVE","fake":0,"nt":1036.849479}
5.6s | {"type":"HB","id":3,"x":30,"y":30,"temp":26.5,"t":727,"ms":727000,"st":"ALIVE","fake":0,"nt":1037.568206}
5.6s | {"type":"HB","id":1,"x":30,"y":30,"temp":28,"t":185,"ms":185000,"st":"ALIVE","fake":0,"nt":1037.662271}
5.7s | {"type":"HB","id":99,"x":30,"y":30,"temp":27,"t":1489,"ms":1489000,"st":"ALIVE","fake":0,"nt":1037.783286}
5.8s | {"type":"HB","id":2,"x":30,"y":30,"temp":27.5,"t":1094.023,"ms":1094023,"st":"ALIVE","fake":0,"nt":1037.849506}
6.6s | {"type":"HB","id":3,"x":30,"y":30,"temp":26,"t":728,"ms":728000,"st":"ALIVE","fake":0,"nt":1038.568154}
6.6s | {"type":"HB","id":1,"x":30,"y":30,"temp":28,"t":186,"ms":186000,"st":"ALIVE","fake":0,"nt":1038.662237}
6.7s | {"type":"HB","id":99,"x":30,"y":30,"temp":27,"t":1490,"ms":1490000,"st":"ALIVE","fake":0,"nt":1038.783332}
6.8s | {"type":"HB","id":2,"x":30,"y":30,"temp":27.5,"t":1095.023,"ms":1095023,"st":"ALIVE","fake":0,"nt":1038.849493}
7.5s | {"type":"TOPO","ms":1490748,"mid":3179103441,"n_peers":3,"sub":{"nodeId":3179103441,"subs":[{"nodeId":3179098605},{"nodeId":219922329},{"nodeId":3179104773}]}}
7.6s | {"type":"HB","id":3,"x":30,"y":30,"temp":26,"t":729,"ms":729000,"st":"ALIVE","fake":0,"nt":1039.568167}
7.6s | {"type":"HB","id":1,"x":30,"y":30,"temp":28,"t":187,"ms":187000,"st":"ALIVE","fake":0,"nt":1039.662255}
7.7s | {"type":"HB","id":99,"x":30,"y":30,"temp":27,"t":1491,"ms":1491000,"st":"ALIVE","fake":0,"nt":1039.783323}
7.8s | {"type":"HB","id":2,"x":30,"y":30,"temp":27.5,"t":1096.023,"ms":1096023,"st":"ALIVE","fake":0,"nt":1039.849514}
8.6s | {"type":"HB","id":3,"x":30,"y":30,"temp":26,"t":730,"ms":730000,"st":"ALIVE","fake":0,"nt":1040.568168}
8.6s | {"type":"HB","id":1,"x":30,"y":30,"temp":28,"t":188,"ms":188000,"st":"ALIVE","fake":0,"nt":1040.662238}
8.7s | {"type":"HB","id":99,"x":30,"y":30,"temp":27.5,"t":1492,"ms":1492000,"st":"ALIVE","fake":0,"nt":1040.783298}
8.8s | {"type":"HB","id":2,"x":30,"y":30,"temp":27.5,"t":1097.023,"ms":1097023,"st":"ALIVE","fake":0,"nt":1040.849519}
9.6s | {"type":"HB","id":3,"x":30,"y":30,"temp":26,"t":731,"ms":731000,"st":"ALIVE","fake":0,"nt":1041.568198}
9.6s | {"type":"HB","id":1,"x":30,"y":30,"temp":28,"t":189,"ms":189000,"st":"ALIVE","fake":0,"nt":1041.662242}
9.7s | {"type":"HB","id":99,"x":30,"y":30,"temp":27.5,"t":1493,"ms":1493000,"st":"ALIVE","fake":0,"nt":1041.78338}
9.8s | {"type":"HB","id":2,"x":30,"y":30,"temp":27.5,"t":1098.023,"ms":1098023,"st":"ALIVE","fake":0,"nt":1041.849521}
10.6s | {"type":"HB","id":3,"x":30,"y":30,"temp":26,"t":732,"ms":732000,"st":"ALIVE","fake":0,"nt":1042.568195}
10.6s | {"type":"HB","id":1,"x":30,"y":30,"temp":27.5,"t":190,"ms":190000,"st":"ALIVE","fake":0,"nt":1042.66224}
10.7s | {"type":"HB","id":99,"x":30,"y":30,"temp":27.5,"t":1494,"ms":1494000,"st":"ALIVE","fake":0,"nt":1042.783424}
10.8s | {"type":"HB","id":2,"x":30,"y":30,"temp":27.5,"t":1099.023,"ms":1099023,"st":"ALIVE","fake":0,"nt":1042.849515}
11.6s | {"type":"HB","id":1,"x":30,"y":30,"temp":27.5,"t":191,"ms":191000,"st":"ALIVE","fake":0,"nt":1043.66226}
11.7s | {"type":"HB","id":99,"x":30,"y":30,"temp":27,"t":1495,"ms":1495000,"st":"ALIVE","fake":0,"nt":1043.783391}
11.8s | {"type":"HB","id":2,"x":30,"y":30,"temp":27.5,"t":1100.023,"ms":1100023,"st":"ALIVE","fake":0,"nt":1043.849474}
12.5s | {"type":"TOPO","ms":1495748,"mid":3179103441,"n_peers":3,"sub":{"nodeId":3179103441,"subs":[{"nodeId":3179098605},{"nodeId":219922329},{"nodeId":3179104773}]}}
12.6s | {"type":"HB","id":1,"x":30,"y":30,"temp":27.5,"t":192,"ms":192000,"st":"ALIVE","fake":0,"nt":1044.662246}
12.7s | {"type":"HB","id":99,"x":30,"y":30,"temp":27.5,"t":1496,"ms":1496000,"st":"ALIVE","fake":0,"nt":1044.783398}
12.8s | {"type":"HB","id":2,"x":30,"y":30,"temp":27.5,"t":1101.023,"ms":1101023,"st":"ALIVE","fake":0,"nt":1044.849471}
13.6s | {"type":"HB","id":1,"x":30,"y":30,"temp":27.5,"t":193,"ms":193000,"st":"ALIVE","fake":0,"nt":1045.662244}
13.7s | {"type":"HB","id":99,"x":30,"y":30,"temp":27.5,"t":1497,"ms":1497000,"st":"ALIVE","fake":0,"nt":1045.783385}
13.8s | {"type":"HB","id":2,"x":30,"y":30,"temp":27.5,"t":1102.023,"ms":1102023,"st":"ALIVE","fake":0,"nt":1045.849472}
14.6s | {"type":"HB","id":1,"x":30,"y":30,"temp":27.5,"t":194,"ms":194000,"st":"ALIVE","fake":0,"nt":1046.662226}
14.7s | {"type":"HB","id":99,"x":30,"y":30,"temp":27.5,"t":1498,"ms":1498000,"st":"ALIVE","fake":0,"nt":1046.783326}
14.8s | {"type":"HB","id":2,"x":30,"y":30,"temp":27.5,"t":1103.023,"ms":1103023,"st":"ALIVE","fake":0,"nt":1046.849495}
15.6s | {"type":"HB","id":1,"x":30,"y":30,"temp":27.5,"t":195,"ms":195000,"st":"ALIVE","fake":0,"nt":1047.662251}
15.7s | {"type":"HB","id":99,"x":30,"y":30,"temp":27.5,"t":1499,"ms":1499000,"st":"ALIVE","fake":0,"nt":1047.783305}
15.8s | {"type":"HB","id":2,"x":30,"y":30,"temp":27.5,"t":1104.023,"ms":1104023,"st":"ALIVE","fake":0,"nt":1047.849472}
16.6s | {"type":"HB","id":1,"x":30,"y":30,"temp":27.5,"t":196,"ms":196000,"st":"ALIVE","fake":0,"nt":1048.662227}
16.7s | {"type":"HB","id":99,"x":30,"y":30,"temp":27.5,"t":1500,"ms":1500000,"st":"ALIVE","fake":0,"nt":1048.783298}
16.8s | {"type":"HB","id":2,"x":30,"y":30,"temp":27.5,"t":1105.023,"ms":1105023,"st":"ALIVE","fake":0,"nt":1048.849499}
17.5s | {"type":"TOPO","ms":1500748,"mid":3179103441,"n_peers":3,"sub":{"nodeId":3179103441,"subs":[{"nodeId":3179098605},{"nodeId":219922329},{"nodeId":3179104773}]}}
17.6s | {"type":"HB","id":1,"x":30,"y":30,"temp":27.5,"t":197,"ms":197000,"st":"ALIVE","fake":0,"nt":1049.662254}
17.7s | {"type":"HB","id":99,"x":30,"y":30,"temp":27.5,"t":1501,"ms":1501000,"st":"ALIVE","fake":0,"nt":1049.783373}
17.8s | {"type":"HB","id":2,"x":30,"y":30,"temp":27.5,"t":1106.023,"ms":1106023,"st":"ALIVE","fake":0,"nt":1049.849494}
18.6s | {"type":"HB","id":1,"x":30,"y":30,"temp":27.5,"t":198,"ms":198000,"st":"ALIVE","fake":0,"nt":1050.662239}
18.7s | {"type":"HB","id":99,"x":30,"y":30,"temp":27.5,"t":1502,"ms":1502000,"st":"ALIVE","fake":0,"nt":1050.783392}
18.8s | {"type":"HB","id":2,"x":30,"y":30,"temp":27.5,"t":1107.023,"ms":1107023,"st":"ALIVE","fake":0,"nt":1050.849509}
19.6s | {"type":"HB","id":1,"x":30,"y":30,"temp":27.5,"t":199,"ms":199000,"st":"ALIVE","fake":0,"nt":1051.662242}
19.7s | {"type":"HB","id":99,"x":30,"y":30,"temp":27.5,"t":1503,"ms":1503000,"st":"ALIVE","fake":0,"nt":1051.78329}
19.8s | {"type":"HB","id":2,"x":30,"y":30,"temp":27.5,"t":1108.023,"ms":1108023,"st":"ALIVE","fake":0,"nt":1051.84949}
20.6s | {"type":"HB","id":1,"x":30,"y":30,"temp":27.5,"t":200,"ms":200000,"st":"ALIVE","fake":0,"nt":1052.662228}
20.7s | {"type":"HB","id":99,"x":30,"y":30,"temp":27.5,"t":1504,"ms":1504000,"st":"ALIVE","fake":0,"nt":1052.783341}
20.8s | {"type":"HB","id":2,"x":30,"y":30,"temp":27.5,"t":1109.023,"ms":1109023,"st":"ALIVE","fake":0,"nt":1052.849519}
21.6s | {"type":"HB","id":1,"x":30,"y":30,"temp":27.5,"t":201,"ms":201000,"st":"ALIVE","fake":0,"nt":1053.662254}
21.7s | {"type":"HB","id":99,"x":30,"y":30,"temp":27.5,"t":1505,"ms":1505000,"st":"ALIVE","fake":0,"nt":1053.783361}
21.8s | {"type":"HB","id":2,"x":30,"y":30,"temp":27.5,"t":1110.023,"ms":1110023,"st":"ALIVE","fake":0,"nt":1053.849493}
22.5s | {"type":"TOPO","ms":1505748,"mid":3179103441,"n_peers":2,"sub":{"nodeId":3179103441,"subs":[{"nodeId":3179098605},{"nodeId":3179104773}]}}
22.6s | {"type":"HB","id":1,"x":30,"y":30,"temp":27.5,"t":202,"ms":202000,"st":"ALIVE","fake":0,"nt":1054.66225}
22.7s | {"type":"HB","id":99,"x":30,"y":30,"temp":27.5,"t":1506,"ms":1506000,"st":"ALIVE","fake":0,"nt":1054.783348}
22.8s | {"type":"HB","id":2,"x":30,"y":30,"temp":27.5,"t":1111.023,"ms":1111023,"st":"ALIVE","fake":0,"nt":1054.849481}
23.6s | {"type":"HB","id":1,"x":30,"y":30,"temp":27.5,"t":203,"ms":203000,"st":"ALIVE","fake":0,"nt":1055.662251}
23.7s | {"type":"HB","id":99,"x":30,"y":30,"temp":27.5,"t":1507,"ms":1507000,"st":"ALIVE","fake":0,"nt":1055.783333}
23.8s | {"type":"HB","id":2,"x":30,"y":30,"temp":27.5,"t":1112.023,"ms":1112023,"st":"ALIVE","fake":0,"nt":1055.849472}
24.6s | {"type":"HB","id":1,"x":30,"y":30,"temp":27.5,"t":204,"ms":204000,"st":"ALIVE","fake":0,"nt":1056.662249}
24.7s | {"type":"HB","id":99,"x":30,"y":30,"temp":27.5,"t":1508,"ms":1508000,"st":"ALIVE","fake":0,"nt":1056.783292}
24.8s | {"type":"HB","id":2,"x":30,"y":30,"temp":27.5,"t":1113.023,"ms":1113023,"st":"ALIVE","fake":0,"nt":1056.849535}
25.6s | {"type":"HB","id":1,"x":30,"y":30,"temp":27.5,"t":205,"ms":205000,"st":"ALIVE","fake":0,"nt":1057.659957}
25.7s | {"type":"HB","id":99,"x":30,"y":30,"temp":27.5,"t":1509,"ms":1509000,"st":"ALIVE","fake":0,"nt":1057.783355}
25.8s | {"type":"HB","id":2,"x":30,"y":30,"temp":27.5,"t":1114.023,"ms":1114023,"st":"ALIVE","fake":0,"nt":1057.849472}
26.6s | {"type":"HB","id":1,"x":30,"y":30,"temp":27.5,"t":206,"ms":206000,"st":"ALIVE","fake":0,"nt":1058.659942}
26.7s | {"type":"HB","id":99,"x":30,"y":30,"temp":27.5,"t":1510,"ms":1510000,"st":"ALIVE","fake":0,"nt":1058.783366}
26.8s | {"type":"HB","id":2,"x":30,"y":30,"temp":27.5,"t":1115.023,"ms":1115023,"st":"ALIVE","fake":0,"nt":1058.849517}
27.5s | {"type":"TOPO","ms":1510748,"mid":3179103441,"n_peers":2,"sub":{"nodeId":3179103441,"subs":[{"nodeId":3179098605},{"nodeId":3179104773}]}}
27.6s | {"type":"HB","id":1,"x":30,"y":30,"temp":27.5,"t":207,"ms":207000,"st":"ALIVE","fake":0,"nt":1059.659934}
27.7s | {"type":"HB","id":99,"x":30,"y":30,"temp":27.5,"t":1511,"ms":1511000,"st":"ALIVE","fake":0,"nt":1059.783352}
27.8s | {"type":"HB","id":2,"x":30,"y":30,"temp":27.5,"t":1116.023,"ms":1116023,"st":"ALIVE","fake":0,"nt":1059.849497}
28.6s | {"type":"HB","id":1,"x":30,"y":30,"temp":27.5,"t":208,"ms":208000,"st":"ALIVE","fake":0,"nt":1060.659974}
28.7s | {"type":"HB","id":99,"x":30,"y":30,"temp":27.5,"t":1512,"ms":1512000,"st":"ALIVE","fake":0,"nt":1060.783359}
29.0s | {"type":"HB","id":2,"x":30,"y":30,"temp":27.5,"t":1117.023,"ms":1117023,"st":"ALIVE","fake":0,"nt":1060.849481}
29.4s | {"type":"HB","id":3,"x":30,"y":30,"temp":26.5,"t":3,"ms":3000,"st":"ALIVE","fake":0,"nt":1061.428522}
29.6s | {"type":"HB","id":1,"x":30,"y":30,"temp":27.5,"t":209,"ms":209000,"st":"ALIVE","fake":0,"nt":1061.659972}
29.7s | {"type":"HB","id":99,"x":30,"y":30,"temp":27.5,"t":1513,"ms":1513000,"st":"ALIVE","fake":0,"nt":1061.783352}
29.8s | {"type":"HB","id":2,"x":30,"y":30,"temp":27.5,"t":1118.023,"ms":1118023,"st":"ALIVE","fake":0,"nt":1061.849482}
