{"type":"TOPO","ms":16677,"mid":4113565437,"n_peers":0,"sub":{"nodeId":4113565437}}
{"type":"HEAP","ms":16678,"free":192692,"min_free":192432,"max_alloc":110580,"peers":0}
{"type":"HB","id":99,"x":30,"y":30,"temp":25,"t":21.962,"ms":21962,"st":"ALIVE","fake":0,"nt":21.962102}
{"type":"TOPO","ms":21962,"mid":4113565437,"n_peers":0,"sub":{"nodeId":4113565437}}
{"type":"HEAP","ms":21974,"free":196292,"min_free":192432,"max_alloc":110580,"peers":0}
{"type":"TOPO","ms":27259,"mid":4113565437,"n_peers":0,"sub":{"nodeId":4113565437}}
{"type":"HEAP","ms":27259,"free":196816,"min_free":192432,"max_alloc":110580,"peers":0}
{"type":"HB","id":99,"x":30,"y":30,"temp":25,"t":32.537,"ms":32537,"st":"ALIVE","fake":0,"nt":32.537157}
{"type":"TOPO","ms":32544,"mid":4113565437,"n_peers":0,"sub":{"nodeId":4113565437}}
{"type":"HEAP","ms":32555,"free":197072,"min_free":192292,"max_alloc":110580,"peers":0}
{"type":"TOPO","ms":37822,"mid":4113565437,"n_peers":0,"sub":{"nodeId":4113565437}}
{"type":"HEAP","ms":37823,"free":193080,"min_free":192292,"max_alloc":110580,"peers":0}
{"type":"HB","id":99,"x":30,"y":30,"temp":25,"t":43.107,"ms":43107,"st":"ALIVE","fake":0,"nt":43.107094}
{"type":"TOPO","ms":43107,"mid":4113565437,"n_peers":0,"sub":{"nodeId":4113565437}}
{"type":"HEAP","ms":43119,"free":196696,"min_free":192292,"max_alloc":110580,"peers":0}
{"type":"TOPO","ms":48405,"mid":4113565437,"n_peers":15,"sub":{"nodeId":4113565437,"subs":[{"nodeId":4113568617,"subs":[{"nodeId":3179103441,"subs":[{"nodeId":3179103909},{"nodeId":3179094101,"subs":[{"nodeId":3179086021}]},{"nodeId":3179098605,"subs":[{"nodeId":1197394817},{"nodeId":219910353,"subs":[{"nodeId":231769685,"subs":[{"nodeId":219922697},{"nodeId":3179104773,"subs":[{"nodeId":3179103081},{"nodeId":3179166493,"subs":[{"nodeId":219922329}]},{"nodeId":4113568701}]}]}]}]}]}]}]}}
{"type":"HEAP","ms":48443,"free":193676,"min_free":188140,"max_alloc":110580,"peers":15}
{"type":"HB","id":0,"x":30,"y":30,"temp":24,"t":640.003,"ms":640003,"st":"ALIVE","fake":0,"nt":639.208957}
{"type":"HB","id":7,"x":30,"y":30,"temp":24,"t":630.003,"ms":630003,"st":"ALIVE","fake":0,"nt":639.391301}
{"type":"HB","id":4,"x":30,"y":30,"temp":24,"t":640.001,"ms":640001,"st":"ALIVE","fake":0,"nt":639.998526}
{"type":"HB","id":3,"x":30,"y":30,"temp":24,"t":630,"ms":630000,"st":"ALIVE","fake":0,"nt":640.054887}
{"type":"HB","id":99,"x":30,"y":30,"temp":25,"t":53.729,"ms":53729,"st":"ALIVE","fake":0,"nt":53.729107}
{"type":"HB","id":5,"x":30,"y":30,"temp":24,"t":620,"ms":620000,"st":"ALIVE","fake":0,"nt":640.480015}
{"type":"TOPO","ms":53743,"mid":4113565437,"n_peers":15,"sub":{"nodeId":4113565437,"subs":[{"nodeId":4113568617,"subs":[{"nodeId":3179103441,"subs":[{"nodeId":3179103909},{"nodeId":3179094101,"subs":[{"nodeId":3179086021}]},{"nodeId":3179098605,"subs":[{"nodeId":1197394817},{"nodeId":219910353,"subs":[{"nodeId":231769685,"subs":[{"nodeId":219922697},{"nodeId":3179104773,"subs":[{"nodeId":3179103081},{"nodeId":3179166493,"subs":[{"nodeId":219922329}]},{"nodeId":4113568701}]}]}]}]}]}]}]}}
{"type":"HEAP","ms":53781,"free":188816,"min_free":184980,"max_alloc":110580,"peers":15}
{"type":"HB","id":11,"x":30,"y":30,"temp":23.5,"t":620,"ms":620000,"st":"ALIVE","fake":0,"nt":640.490857}
{"type":"HB","id":13,"x":30,"y":30,"temp":24,"t":620,"ms":620000,"st":"ALIVE","fake":0,"nt":640.672392}
{"type":"HB","id":8,"x":30,"y":30,"temp":23.5,"t":620,"ms":620000,"st":"ALIVE","fake":0,"nt":640.880411}
{"type":"HB","id":15,"x":30,"y":30,"temp":24,"t":620,"ms":620000,"st":"ALIVE","fake":0,"nt":640.679594}
{"type":"HB","id":6,"x":30,"y":30,"temp":24.5,"t":620,"ms":620000,"st":"ALIVE","fake":0,"nt":640.888195}
{"type":"HB","id":14,"x":30,"y":30,"temp":24,"t":620.001,"ms":620001,"st":"ALIVE","fake":0,"nt":641.055728}
{"type":"TOPO","ms":59068,"mid":4113565437,"n_peers":15,"sub":{"nodeId":4113565437,"subs":[{"nodeId":4113568617,"subs":[{"nodeId":3179103441,"subs":[{"nodeId":3179103909},{"nodeId":3179094101,"subs":[{"nodeId":3179086021}]},{"nodeId":3179098605,"subs":[{"nodeId":1197394817},{"nodeId":219910353,"subs":[{"nodeId":231769685,"subs":[{"nodeId":219922697},{"nodeId":3179104773,"subs":[{"nodeId":3179103081},{"nodeId":3179166493,"subs":[{"nodeId":219922329}]},{"nodeId":4113568701}]}]}]}]}]}]}]}}
{"type":"HEAP","ms":59117,"free":190524,"min_free":184980,"max_alloc":110580,"peers":15}
{"type":"HB","id":10,"x":30,"y":30,"temp":24,"t":620.014,"ms":620014,"st":"ALIVE","fake":0,"nt":641.287084}
{"type":"HB","id":2,"x":30,"y":30,"temp":24.5,"t":620,"ms":620000,"st":"ALIVE","fake":0,"nt":641.47101}
{"type":"HB","id":9,"x":30,"y":30,"temp":24,"t":620,"ms":620000,"st":"ALIVE","fake":0,"nt":641.665611}
{"type":"HB","id":1,"x":30,"y":30,"temp":24.5,"t":620,"ms":620000,"st":"ALIVE","fake":0,"nt":641.870886}
