   0.3s | {"type":"HB","id":3,"x":30,"y":30,"temp":27,"t":587,"ms":587000,"st":"ALIVE","fake":0,"nt":897.566812}
   0.3s | {"type":"HB","id":1,"x":30,"y":30,"temp":28.5,"t":45,"ms":45000,"st":"ALIVE","fake":0,"nt":897.660874}
   0.4s | {"type":"HB","id":99,"x":30,"y":30,"temp":26.5,"t":1349,"ms":1349000,"st":"ALIVE","fake":0,"nt":897.783368}
   0.4s | {"type":"HB","id":2,"x":30,"y":30,"temp":27,"t":954.022,"ms":954022,"st":"ALIVE","fake":0,"nt":897.851701}
   1.3s | {"type":"HB","id":3,"x":30,"y":30,"temp":27,"t":588,"ms":588000,"st":"ALIVE","fake":0,"nt":898.566791}
   1.3s | {"type":"HB","id":1,"x":30,"y":30,"temp":28.5,"t":46,"ms":46000,"st":"ALIVE","fake":0,"nt":898.660845}
   1.4s | {"type":"HB","id":99,"x":30,"y":30,"temp":26.5,"t":1350,"ms":1350000,"st":"ALIVE","fake":0,"nt":898.783288}
   1.4s | {"type":"HB","id":2,"x":30,"y":30,"temp":27,"t":955.022,"ms":955022,"st":"ALIVE","fake":0,"nt":898.851693}
   2.1s | {"type":"TOPO","ms":1350748,"mid":3179103441,"n_peers":3,"sub":{"nodeId":3179103441,"subs":[{"nodeId":3179098605},{"nodeId":219922329},{"nodeId":3179104773}]}}
   2.3s | {"type":"HB","id":3,"x":30,"y":30,"temp":27,"t":589,"ms":589000,"st":"ALIVE","fake":0,"nt":899.566771}
   2.3s | {"type":"HB","id":1,"x":30,"y":30,"temp":28.5,"t":47,"ms":47000,"st":"ALIVE","fake":0,"nt":899.660851}
   2.4s | {"type":"HB","id":99,"x":30,"y":30,"temp":26.5,"t":1351,"ms":1351000,"st":"ALIVE","fake":0,"nt":899.78333}
   2.4s | {"type":"HB","id":2,"x":30,"y":30,"temp":27,"t":956.022,"ms":956022,"st":"ALIVE","fake":0,"nt":899.851707}
   3.2s | {"type":"HB","id":3,"x":30,"y":30,"temp":27,"t":590,"ms":590000,"st":"ALIVE","fake":0,"nt":900.566798}
   3.3s | {"type":"HB","id":1,"x":30,"y":30,"temp":28.5,"t":48,"ms":48000,"st":"ALIVE","fake":0,"nt":900.660876}
   3.4s | {"type":"HB","id":99,"x":30,"y":30,"temp":26.5,"t":1352,"ms":1352000,"st":"ALIVE","fake":0,"nt":900.783349}
   3.5s | {"type":"HB","id":2,"x":30,"y":30,"temp":27,"t":957.022,"ms":957022,"st":"ALIVE","fake":0,"nt":900.851733}
   4.3s | {"type":"HB","id":3,"x":30,"y":30,"temp":27,"t":591,"ms":591000,"st":"ALIVE","fake":0,"nt":901.566791}
   4.3s | {"type":"HB","id":1,"x":30,"y":30,"temp":28.5,"t":49,"ms":49000,"st":"ALIVE","fake":0,"nt":901.660858}
   4.4s | {"type":"HB","id":99,"x":30,"y":30,"temp":26.5,"t":1353,"ms":1353000,"st":"ALIVE","fake":0,"nt":901.783382}
   4.4s | {"type":"HB","id":2,"x":30,"y":30,"temp":27,"t":958.022,"ms":958022,"st":"ALIVE","fake":0,"nt":901.851725}
   5.3s | {"type":"HB","id":3,"x":30,"y":30,"temp":27,"t":592,"ms":592000,"st":"ALIVE","fake":0,"nt":902.566772}
   5.3s | {"type":"HB","id":1,"x":30,"y":30,"temp":28.5,"t":50,"ms":50000,"st":"ALIVE","fake":0,"nt":902.660849}
   5.4s | {"type":"HB","id":99,"x":30,"y":30,"temp":26.5,"t":1354,"ms":1354000,"st":"ALIVE","fake":0,"nt":902.783352}
   5.5s | {"type":"HB","id":2,"x":30,"y":30,"temp":27,"t":959.022,"ms":959022,"st":"ALIVE","fake":0,"nt":902.851695}
   6.3s | {"type":"HB","id":3,"x":30,"y":30,"temp":27,"t":593,"ms":593000,"st":"ALIVE","fake":0,"nt":903.56679}
   6.3s | {"type":"HB","id":1,"x":30,"y":30,"temp":28.5,"t":51,"ms":51000,"st":"ALIVE","fake":0,"nt":903.660868}
   6.4s | {"type":"HB","id":99,"x":30,"y":30,"temp":26.5,"t":1355,"ms":1355000,"st":"ALIVE","fake":0,"nt":903.783313}
   6.4s | {"type":"HB","id":2,"x":30,"y":30,"temp":27,"t":960.022,"ms":960022,"st":"ALIVE","fake":0,"nt":903.85173}
   7.1s | {"type":"TOPO","ms":1355748,"mid":3179103441,"n_peers":3,"sub":{"nodeId":3179103441,"subs":[{"nodeId":3179098605},{"nodeId":219922329},{"nodeId":3179104773}]}}
   7.3s | {"type":"HB","id":3,"x":30,"y":30,"temp":27,"t":594,"ms":594000,"st":"ALIVE","fake":0,"nt":904.566802}
   7.3s | {"type":"HB","id":1,"x":30,"y":30,"temp":28.5,"t":52,"ms":52000,"st":"ALIVE","fake":0,"nt":904.660873}
   7.4s | {"type":"HB","id":99,"x":30,"y":30,"temp":26.5,"t":1356,"ms":1356000,"st":"ALIVE","fake":0,"nt":904.783359}
   7.4s | {"type":"HB","id":2,"x":30,"y":30,"temp":27,"t":961.022,"ms":961022,"st":"ALIVE","fake":0,"nt":904.851699}
   8.3s | {"type":"HB","id":3,"x":30,"y":30,"temp":27,"t":595,"ms":595000,"st":"ALIVE","fake":0,"nt":905.56837}
   8.3s | {"type":"HB","id":1,"x":30,"y":30,"temp":28.5,"t":53,"ms":53000,"st":"ALIVE","fake":0,"nt":905.660859}
   8.4s | {"type":"HB","id":99,"x":30,"y":30,"temp":26.5,"t":1357,"ms":1357000,"st":"ALIVE","fake":0,"nt":905.783332}
   8.4s | {"type":"HB","id":2,"x":30,"y":30,"temp":27,"t":962.022,"ms":962022,"st":"ALIVE","fake":0,"nt":905.85173}
   9.3s | {"type":"HB","id":1,"x":30,"y":30,"temp":28.5,"t":54,"ms":54000,"st":"ALIVE","fake":0,"nt":906.660847}
   9.3s | {"type":"HB","id":3,"x":30,"y":30,"temp":27,"t":596,"ms":596000,"st":"ALIVE","fake":0,"nt":906.568377}
   9.4s | {"type":"HB","id":99,"x":30,"y":30,"temp":26.5,"t":1358,"ms":1358000,"st":"ALIVE","fake":0,"nt":906.783331}
   9.4s | {"type":"HB","id":2,"x":30,"y":30,"temp":27,"t":963.022,"ms":963022,"st":"ALIVE","fake":0,"nt":906.8517}
  10.3s | {"type":"HB","id":3,"x":30,"y":30,"temp":27,"t":597,"ms":597000,"st":"ALIVE","fake":0,"nt":907.567445}
  10.3s | {"type":"HB","id":1,"x":30,"y":30,"temp":28.5,"t":55,"ms":55000,"st":"ALIVE","fake":0,"nt":907.660879}
  10.4s | {"type":"HB","id":99,"x":30,"y":30,"temp":26.5,"t":1359,"ms":1359000,"st":"ALIVE","fake":0,"nt":907.783385}
  10.4s | {"type":"HB","id":2,"x":30,"y":30,"temp":27,"t":964.022,"ms":964022,"st":"ALIVE","fake":0,"nt":907.851733}
  11.3s | {"type":"HB","id":3,"x":30,"y":30,"temp":27,"t":598,"ms":598000,"st":"ALIVE","fake":0,"nt":908.567449}
  11.3s | {"type":"HB","id":1,"x":30,"y":30,"temp":28.5,"t":56,"ms":56000,"st":"ALIVE","fake":0,"nt":908.660875}
  11.4s | {"type":"HB","id":99,"x":30,"y":30,"temp":26.5,"t":1360,"ms":1360000,"st":"ALIVE","fake":0,"nt":908.783385}
  11.4s | {"type":"HB","id":2,"x":30,"y":30,"temp":27,"t":965.022,"ms":965022,"st":"ALIVE","fake":0,"nt":908.851719}
  12.1s | {"type":"TOPO","ms":1360748,"mid":3179103441,"n_peers":3,"sub":{"nodeId":3179103441,"subs":[{"nodeId":3179098605},{"nodeId":219922329},{"nodeId":3179104773}]}}
  12.3s | {"type":"HB","id":3,"x":30,"y":30,"temp":27,"t":599,"ms":599000,"st":"ALIVE","fake":0,"nt":909.567405}
  12.3s | {"type":"HB","id":1,"x":30,"y":30,"temp":28.5,"t":57,"ms":57000,"st":"ALIVE","fake":0,"nt":909.660878}
  12.4s | {"type":"HB","id":99,"x":30,"y":30,"temp":26.5,"t":1361,"ms":1361000,"st":"ALIVE","fake":0,"nt":909.783349}
  12.5s | {"type":"HB","id":2,"x":30,"y":30,"temp":27,"t":966.022,"ms":966022,"st":"ALIVE","fake":0,"nt":909.851729}
  13.3s | {"type":"HB","id":3,"x":30,"y":30,"temp":27,"t":600,"ms":600000,"st":"ALIVE","fake":0,"nt":910.567406}
  13.3s | {"type":"HB","id":1,"x":30,"y":30,"temp":28.5,"t":58,"ms":58000,"st":"ALIVE","fake":0,"nt":910.660849}
  13.4s | {"type":"HB","id":99,"x":30,"y":30,"temp":26.5,"t":1362,"ms":1362000,"st":"ALIVE","fake":0,"nt":910.783334}
  13.4s | {"type":"HB","id":2,"x":30,"y":30,"temp":27,"t":967.022,"ms":967022,"st":"ALIVE","fake":0,"nt":910.851696}
  14.3s | {"type":"HB","id":3,"x":30,"y":30,"temp":27,"t":601,"ms":601000,"st":"ALIVE","fake":0,"nt":911.567434}
  14.3s | {"type":"HB","id":1,"x":30,"y":30,"temp":28.5,"t":59,"ms":59000,"st":"ALIVE","fake":0,"nt":911.660857}
  14.4s | {"type":"HB","id":99,"x":30,"y":30,"temp":26.5,"t":1363,"ms":1363000,"st":"ALIVE","fake":0,"nt":911.783376}
  14.4s | {"type":"HB","id":2,"x":30,"y":30,"temp":27,"t":968.022,"ms":968022,"st":"ALIVE","fake":0,"nt":911.851705}
  15.3s | {"type":"HB","id":3,"x":30,"y":30,"temp":27,"t":602,"ms":602000,"st":"ALIVE","fake":0,"nt":912.56742}
  15.3s | {"type":"HB","id":1,"x":30,"y":30,"temp":28.5,"t":60,"ms":60000,"st":"ALIVE","fake":0,"nt":912.660887}
  15.4s | {"type":"HB","id":99,"x":30,"y":30,"temp":26.5,"t":1364,"ms":1364000,"st":"ALIVE","fake":0,"nt":912.783312}
  15.4s | {"type":"HB","id":2,"x":30,"y":30,"temp":27,"t":969.022,"ms":969022,"st":"ALIVE","fake":0,"nt":912.851737}
  16.3s | {"type":"HB","id":3,"x":30,"y":30,"temp":27,"t":603,"ms":603000,"st":"ALIVE","fake":0,"nt":913.567443}
  16.3s | {"type":"HB","id":1,"x":30,"y":30,"temp":28.5,"t":61,"ms":61000,"st":"ALIVE","fake":0,"nt":913.660878}
  16.4s | {"type":"HB","id":99,"x":30,"y":30,"temp":26.5,"t":1365,"ms":1365000,"st":"ALIVE","fake":0,"nt":913.7833}
  16.4s | {"type":"HB","id":2,"x":30,"y":30,"temp":27,"t":970.022,"ms":970022,"st":"ALIVE","fake":0,"nt":913.851698}
  17.1s | {"type":"TOPO","ms":1365748,"mid":3179103441,"n_peers":3,"sub":{"nodeId":3179103441,"subs":[{"nodeId":3179098605},{"nodeId":219922329},{"nodeId":3179104773}]}}
  17.3s | {"type":"HB","id":3,"x":30,"y":30,"temp":27,"t":604,"ms":604000,"st":"ALIVE","fake":0,"nt":914.567446}
  17.3s | {"type":"HB","id":1,"x":30,"y":30,"temp":28.5,"t":62,"ms":62000,"st":"ALIVE","fake":0,"nt":914.660843}
  17.4s | {"type":"HB","id":99,"x":30,"y":30,"temp":26.5,"t":1366,"ms":1366000,"st":"ALIVE","fake":0,"nt":914.783377}
  17.4s | {"type":"HB","id":2,"x":30,"y":30,"temp":27,"t":971.022,"ms":971022,"st":"ALIVE","fake":0,"nt":914.851698}
  18.3s | {"type":"HB","id":3,"x":30,"y":30,"temp":27,"t":605,"ms":605000,"st":"ALIVE","fake":0,"nt":915.56745}
  18.3s | {"type":"HB","id":1,"x":30,"y":30,"temp":28.5,"t":63,"ms":63000,"st":"ALIVE","fake":0,"nt":915.660861}
  18.3s | {"type":"HB","id":99,"x":30,"y":30,"temp":26.5,"t":1367,"ms":1367000,"st":"ALIVE","fake":0,"nt":915.783298}
  18.4s | {"type":"HB","id":2,"x":30,"y":30,"temp":27,"t":972.022,"ms":972022,"st":"ALIVE","fake":0,"nt":915.851736}
  19.3s | {"type":"HB","id":3,"x":30,"y":30,"temp":27,"t":606,"ms":606000,"st":"ALIVE","fake":0,"nt":916.567451}
  19.3s | {"type":"HB","id":1,"x":30,"y":30,"temp":28.5,"t":64,"ms":64000,"st":"ALIVE","fake":0,"nt":916.660838}
  19.4s | {"type":"HB","id":99,"x":30,"y":30,"temp":26.5,"t":1368,"ms":1368000,"st":"ALIVE","fake":0,"nt":916.783334}
  19.4s | {"type":"HB","id":2,"x":30,"y":30,"temp":27,"t":973.022,"ms":973022,"st":"ALIVE","fake":0,"nt":916.851733}
  20.2s | {"type":"HB","id":3,"x":30,"y":30,"temp":27,"t":607,"ms":607000,"st":"ALIVE","fake":0,"nt":917.567413}
  20.3s | {"type":"HB","id":1,"x":30,"y":30,"temp":28.5,"t":65,"ms":65000,"st":"ALIVE","fake":0,"nt":917.66084}
  20.3s | {"type":"HB","id":99,"x":30,"y":30,"temp":26.5,"t":1369,"ms":1369000,"st":"ALIVE","fake":0,"nt":917.783333}
  20.4s | {"type":"HB","id":2,"x":30,"y":30,"temp":27,"t":974.022,"ms":974022,"st":"ALIVE","fake":0,"nt":917.851711}
  21.3s | {"type":"HB","id":3,"x":30,"y":30,"temp":27,"t":608,"ms":608000,"st":"ALIVE","fake":0,"nt":918.56742}
  21.3s | {"type":"HB","id":1,"x":30,"y":30,"temp":28.5,"t":66,"ms":66000,"st":"ALIVE","fake":0,"nt":918.660877}
  21.4s | {"type":"HB","id":99,"x":30,"y":30,"temp":26.5,"t":1370,"ms":1370000,"st":"ALIVE","fake":0,"nt":918.783295}
  21.4s | {"type":"HB","id":2,"x":30,"y":30,"temp":27,"t":975.022,"ms":975022,"st":"ALIVE","fake":0,"nt":918.851702}
  22.1s | {"type":"TOPO","ms":1370748,"mid":3179103441,"n_peers":3,"sub":{"nodeId":3179103441,"subs":[{"nodeId":3179098605},{"nodeId":219922329},{"nodeId":3179104773}]}}
  22.3s | {"type":"HB","id":3,"x":30,"y":30,"temp":27,"t":609,"ms":609000,"st":"ALIVE","fake":0,"nt":919.567452}
  22.3s | {"type":"HB","id":1,"x":30,"y":30,"temp":28.5,"t":67,"ms":67000,"st":"ALIVE","fake":0,"nt":919.660888}
  22.4s | {"type":"HB","id":99,"x":30,"y":30,"temp":26.5,"t":1371,"ms":1371000,"st":"ALIVE","fake":0,"nt":919.783343}
  22.4s | {"type":"HB","id":2,"x":30,"y":30,"temp":27,"t":976.022,"ms":976022,"st":"ALIVE","fake":0,"nt":919.851697}
  23.3s | {"type":"HB","id":3,"x":30,"y":30,"temp":27,"t":610,"ms":610000,"st":"ALIVE","fake":0,"nt":920.567404}
  23.3s | {"type":"HB","id":1,"x":30,"y":30,"temp":28.5,"t":68,"ms":68000,"st":"ALIVE","fake":0,"nt":920.660885}
  23.4s | {"type":"HB","id":99,"x":30,"y":30,"temp":26.5,"t":1372,"ms":1372000,"st":"ALIVE","fake":0,"nt":920.783353}
  23.4s | {"type":"HB","id":2,"x":30,"y":30,"temp":27,"t":977.022,"ms":977022,"st":"ALIVE","fake":0,"nt":920.851781}
  24.3s | {"type":"HB","id":3,"x":30,"y":30,"temp":27,"t":611,"ms":611000,"st":"ALIVE","fake":0,"nt":921.567436}
  24.3s | {"type":"HB","id":1,"x":30,"y":30,"temp":28.5,"t":69,"ms":69000,"st":"ALIVE","fake":0,"nt":921.66086}
  24.4s | {"type":"HB","id":99,"x":30,"y":30,"temp":26.5,"t":1373,"ms":1373000,"st":"ALIVE","fake":0,"nt":921.783324}
  24.4s | {"type":"HB","id":2,"x":30,"y":30,"temp":27,"t":978.022,"ms":978022,"st":"ALIVE","fake":0,"nt":921.851724}
  25.3s | {"type":"HB","id":3,"x":30,"y":30,"temp":27,"t":612,"ms":612000,"st":"ALIVE","fake":0,"nt":922.567418}
