0.5s | {"type":"HB","id":1,"x":30,"y":30,"temp":24.5,"t":602,"ms":602000,"st":"ALIVE","fake":0,"nt":602.000137}
0.6s | {"type":"HB","id":99,"x":30,"y":30,"temp":25.5,"t":608,"ms":608000,"st":"ALIVE","fake":0,"nt":602.233501}
0.8s | {"type":"HB","id":2,"x":30,"y":30,"temp":22.5,"t":596,"ms":596000,"st":"ALIVE","fake":0,"nt":602.262705}
1.0s | {"type":"HB","id":3,"x":30,"y":30,"temp":22.5,"t":618,"ms":618000,"st":"ALIVE","fake":0,"nt":602.479337}
1.5s | {"type":"HB","id":1,"x":30,"y":30,"temp":24.5,"t":603,"ms":603000,"st":"ALIVE","fake":0,"nt":603.00011}
1.6s | {"type":"HB","id":99,"x":30,"y":30,"temp":25.5,"t":609,"ms":609000,"st":"ALIVE","fake":0,"nt":603.233521}
1.7s | {"type":"HB","id":2,"x":30,"y":30,"temp":22.5,"t":597,"ms":597000,"st":"ALIVE","fake":0,"nt":603.262691}
2.0s | {"type":"HB","id":3,"x":30,"y":30,"temp":22.5,"t":619,"ms":619000,"st":"ALIVE","fake":0,"nt":603.479379}
2.5s | {"type":"HB","id":1,"x":30,"y":30,"temp":24.5,"t":604,"ms":604000,"st":"ALIVE","fake":0,"nt":604.000099}
2.6s | {"type":"HB","id":99,"x":30,"y":30,"temp":25.5,"t":610,"ms":610000,"st":"ALIVE","fake":0,"nt":604.233526}
2.7s | {"type":"HB","id":2,"x":30,"y":30,"temp":22.5,"t":598,"ms":598000,"st":"ALIVE","fake":0,"nt":604.262671}
3.0s | {"type":"HB","id":3,"x":30,"y":30,"temp":22.5,"t":620,"ms":620000,"st":"ALIVE","fake":0,"nt":604.479383}
3.4s | {"type":"TOPO","ms":610747,"mid":3179103441,"n_peers":3,"sub":{"nodeId":3179103441,"subs":[{"nodeId":219922329,"subs":[{"nodeId":3179104773,"subs":[{"nodeId":3179098605}]}]}]}}
3.5s | {"type":"HB","id":1,"x":30,"y":30,"temp":24,"t":605,"ms":605000,"st":"ALIVE","fake":0,"nt":605.000126}
3.6s | {"type":"HB","id":99,"x":30,"y":30,"temp":25.5,"t":611,"ms":611000,"st":"ALIVE","fake":0,"nt":605.233514}
3.7s | {"type":"HB","id":2,"x":30,"y":30,"temp":22.5,"t":599,"ms":599000,"st":"ALIVE","fake":0,"nt":605.262686}
4.0s | {"type":"HB","id":3,"x":30,"y":30,"temp":22.5,"t":621,"ms":621000,"st":"ALIVE","fake":0,"nt":605.47931}
4.5s | {"type":"HB","id":1,"x":30,"y":30,"temp":24,"t":606,"ms":606000,"st":"ALIVE","fake":0,"nt":606.000093}
4.6s | {"type":"HB","id":99,"x":30,"y":30,"temp":25.5,"t":612,"ms":612000,"st":"ALIVE","fake":0,"nt":606.233498}
4.8s | {"type":"HB","id":2,"x":30,"y":30,"temp":22.5,"t":600,"ms":600000,"st":"ALIVE","fake":0,"nt":606.262654}
4.9s | {"type":"HB","id":3,"x":30,"y":30,"temp":22.5,"t":622,"ms":622000,"st":"ALIVE","fake":0,"nt":606.479327}
5.5s | {"type":"HB","id":1,"x":30,"y":30,"temp":24,"t":607,"ms":607000,"st":"ALIVE","fake":0,"nt":607.00006}
5.6s | {"type":"HB","id":99,"x":30,"y":30,"temp":25.5,"t":613,"ms":613000,"st":"ALIVE","fake":0,"nt":607.233537}
5.8s | {"type":"HB","id":2,"x":30,"y":30,"temp":22.5,"t":601,"ms":601000,"st":"ALIVE","fake":0,"nt":607.26267}
6.0s | {"type":"HB","id":3,"x":30,"y":30,"temp":22.5,"t":623,"ms":623000,"st":"ALIVE","fake":0,"nt":607.479354}
6.5s | {"type":"HB","id":1,"x":30,"y":30,"temp":24,"t":608,"ms":608000,"st":"ALIVE","fake":0,"nt":608.000089}
6.6s | {"type":"HB","id":99,"x":30,"y":30,"temp":25.5,"t":614,"ms":614000,"st":"ALIVE","fake":0,"nt":608.233523}
6.7s | {"type":"HB","id":2,"x":30,"y":30,"temp":22.5,"t":602,"ms":602000,"st":"ALIVE","fake":0,"nt":608.262686}
7.0s | {"type":"HB","id":3,"x":30,"y":30,"temp":22.5,"t":624,"ms":624000,"st":"ALIVE","fake":0,"nt":608.479327}
7.5s | {"type":"HB","id":1,"x":30,"y":30,"temp":24,"t":609,"ms":609000,"st":"ALIVE","fake":0,"nt":609.000073}
7.6s | {"type":"HB","id":99,"x":30,"y":30,"temp":25.5,"t":615,"ms":615000,"st":"ALIVE","fake":0,"nt":609.233527}
7.7s | {"type":"HB","id":2,"x":30,"y":30,"temp":22.5,"t":603,"ms":603000,"st":"ALIVE","fake":0,"nt":609.262661}
8.0s | {"type":"HB","id":3,"x":30,"y":30,"temp":22.5,"t":625,"ms":625000,"st":"ALIVE","fake":0,"nt":609.479367}
8.4s | {"type":"TOPO","ms":615747,"mid":3179103441,"n_peers":3,"sub":{"nodeId":3179103441,"subs":[{"nodeId":219922329,"subs":[{"nodeId":3179104773,"subs":[{"nodeId":3179098605}]}]}]}}
8.5s | {"type":"HB","id":1,"x":30,"y":30,"temp":24,"t":610,"ms":610000,"st":"ALIVE","fake":0,"nt":610.000094}
8.6s | {"type":"HB","id":99,"x":30,"y":30,"temp":25.5,"t":616,"ms":616000,"st":"ALIVE","fake":0,"nt":610.233533}
8.8s | {"type":"HB","id":2,"x":30,"y":30,"temp":22.5,"t":604,"ms":604000,"st":"ALIVE","fake":0,"nt":610.266215}
9.0s | {"type":"HB","id":3,"x":30,"y":30,"temp":22.5,"t":626,"ms":626000,"st":"ALIVE","fake":0,"nt":610.479317}
9.6s | {"type":"HB","id":99,"x":30,"y":30,"temp":25.5,"t":617,"ms":617000,"st":"ALIVE","fake":0,"nt":611.233533}
9.6s | {"type":"HB","id":1,"x":30,"y":30,"temp":24,"t":611,"ms":611000,"st":"ALIVE","fake":0,"nt":611.000111}
9.8s | {"type":"HB","id":2,"x":30,"y":30,"temp":22.5,"t":605,"ms":605000,"st":"ALIVE","fake":0,"nt":611.26621}
10.0s | {"type":"HB","id":3,"x":30,"y":30,"temp":22.5,"t":627,"ms":627000,"st":"ALIVE","fake":0,"nt":611.479315}
10.5s | {"type":"HB","id":1,"x":30,"y":30,"temp":24,"t":612,"ms":612000,"st":"ALIVE","fake":0,"nt":612.000119}
10.6s | {"type":"HB","id":99,"x":30,"y":30,"temp":25.5,"t":618,"ms":618000,"st":"ALIVE","fake":0,"nt":612.233535}
10.7s | {"type":"HB","id":2,"x":30,"y":30,"temp":22.5,"t":606,"ms":606000,"st":"ALIVE","fake":0,"nt":612.26619}
11.0s | {"type":"HB","id":3,"x":30,"y":30,"temp":22.5,"t":628,"ms":628000,"st":"ALIVE","fake":0,"nt":612.479382}
11.5s | {"type":"HB","id":1,"x":30,"y":30,"temp":24,"t":613,"ms":613000,"st":"ALIVE","fake":0,"nt":613.000131}
11.6s | {"type":"HB","id":99,"x":30,"y":30,"temp":25.5,"t":619,"ms":619000,"st":"ALIVE","fake":0,"nt":613.233526}
11.7s | {"type":"HB","id":2,"x":30,"y":30,"temp":22.5,"t":607,"ms":607000,"st":"ALIVE","fake":0,"nt":613.266185}
12.0s | {"type":"HB","id":3,"x":30,"y":30,"temp":22.5,"t":629,"ms":629000,"st":"ALIVE","fake":0,"nt":613.479354}
12.6s | {"type":"HB","id":1,"x":30,"y":30,"temp":24,"t":614,"ms":614000,"st":"ALIVE","fake":0,"nt":614.000093}
12.6s | {"type":"HB","id":99,"x":30,"y":30,"temp":25.5,"t":620,"ms":620000,"st":"ALIVE","fake":0,"nt":614.233517}
12.8s | {"type":"HB","id":2,"x":30,"y":30,"temp":22.5,"t":608,"ms":608000,"st":"ALIVE","fake":0,"nt":614.266198}
13.0s | {"type":"HB","id":3,"x":30,"y":30,"temp":22.5,"t":630,"ms":630000,"st":"ALIVE","fake":0,"nt":614.479342}
13.4s | {"type":"TOPO","ms":620747,"mid":3179103441,"n_peers":3,"sub":{"nodeId":3179103441,"subs":[{"nodeId":219922329,"subs":[{"nodeId":3179104773,"subs":[{"nodeId":3179098605}]}]}]}}
13.5s | {"type":"HB","id":1,"x":30,"y":30,"temp":24,"t":615,"ms":615000,"st":"ALIVE","fake":0,"nt":615.000073}
13.6s | {"type":"HB","id":99,"x":30,"y":30,"temp":25.5,"t":621,"ms":621000,"st":"ALIVE","fake":0,"nt":615.233504}
13.8s | {"type":"HB","id":2,"x":30,"y":30,"temp":22.5,"t":609,"ms":609000,"st":"ALIVE","fake":0,"nt":615.266211}
14.0s | {"type":"HB","id":3,"x":30,"y":30,"temp":22.5,"t":631,"ms":631000,"st":"ALIVE","fake":0,"nt":615.479382}
14.5s | {"type":"HB","id":1,"x":30,"y":30,"temp":24,"t":616,"ms":616000,"st":"ALIVE","fake":0,"nt":616.00011}
14.6s | {"type":"HB","id":99,"x":30,"y":30,"temp":25.5,"t":622,"ms":622000,"st":"ALIVE","fake":0,"nt":616.233524}
14.7s | {"type":"HB","id":2,"x":30,"y":30,"temp":22.5,"t":610,"ms":610000,"st":"ALIVE","fake":0,"nt":616.266232}
15.0s | {"type":"HB","id":3,"x":30,"y":30,"temp":22.5,"t":632,"ms":632000,"st":"ALIVE","fake":0,"nt":616.479352}
15.5s | {"type":"HB","id":1,"x":30,"y":30,"temp":24,"t":617,"ms":617000,"st":"ALIVE","fake":0,"nt":617.000114}
15.6s | {"type":"HB","id":99,"x":30,"y":30,"temp":25.5,"t":623,"ms":623000,"st":"ALIVE","fake":0,"nt":617.233513}
15.7s | {"type":"HB","id":2,"x":30,"y":30,"temp":23,"t":611,"ms":611000,"st":"ALIVE","fake":0,"nt":617.26621}
16.0s | {"type":"HB","id":3,"x":30,"y":30,"temp":23,"t":633,"ms":633000,"st":"ALIVE","fake":0,"nt":617.479369}
16.5s | {"type":"HB","id":1,"x":30,"y":30,"temp":24,"t":618,"ms":618000,"st":"ALIVE","fake":0,"nt":618.000131}
16.6s | {"type":"HB","id":99,"x":30,"y":30,"temp":25.5,"t":624,"ms":624000,"st":"ALIVE","fake":0,"nt":618.233514}
16.7s | {"type":"HB","id":2,"x":30,"y":30,"temp":23,"t":612,"ms":612000,"st":"ALIVE","fake":0,"nt":618.266234}
17.0s | {"type":"HB","id":3,"x":30,"y":30,"temp":23,"t":634,"ms":634000,"st":"ALIVE","fake":0,"nt":618.479367}
17.5s | {"type":"HB","id":1,"x":30,"y":30,"temp":24,"t":619,"ms":619000,"st":"ALIVE","fake":0,"nt":619.000068}
17.6s | {"type":"HB","id":99,"x":30,"y":30,"temp":25.5,"t":625,"ms":625000,"st":"ALIVE","fake":0,"nt":619.233509}
17.8s | {"type":"HB","id":2,"x":30,"y":30,"temp":23,"t":613,"ms":613000,"st":"ALIVE","fake":0,"nt":619.266198}
17.9s | {"type":"HB","id":3,"x":30,"y":30,"temp":23,"t":635,"ms":635000,"st":"ALIVE","fake":0,"nt":619.479325}
18.4s | {"type":"TOPO","ms":625747,"mid":3179103441,"n_peers":3,"sub":{"nodeId":3179103441,"subs":[{"nodeId":219922329,"subs":[{"nodeId":3179104773,"subs":[{"nodeId":3179098605}]}]}]}}
18.5s | {"type":"HB","id":1,"x":30,"y":30,"temp":24,"t":620,"ms":620000,"st":"ALIVE","fake":0,"nt":620.000064}
18.6s | {"type":"HB","id":99,"x":30,"y":30,"temp":25.5,"t":626,"ms":626000,"st":"ALIVE","fake":0,"nt":620.233502}
18.7s | {"type":"HB","id":2,"x":30,"y":30,"temp":23,"t":614,"ms":614000,"st":"ALIVE","fake":0,"nt":620.266218}
19.0s | {"type":"HB","id":3,"x":30,"y":30,"temp":23,"t":636,"ms":636000,"st":"ALIVE","fake":0,"nt":620.476469}
19.5s | {"type":"HB","id":1,"x":30,"y":30,"temp":24,"t":621,"ms":621000,"st":"ALIVE","fake":0,"nt":621.000106}
19.6s | {"type":"HB","id":99,"x":30,"y":30,"temp":25.5,"t":627,"ms":627000,"st":"ALIVE","fake":0,"nt":621.230257}
19.7s | {"type":"HB","id":2,"x":30,"y":30,"temp":23,"t":615,"ms":615000,"st":"ALIVE","fake":0,"nt":621.266212}
20.0s | {"type":"HB","id":3,"x":30,"y":30,"temp":23,"t":637,"ms":637000,"st":"ALIVE","fake":0,"nt":621.479636}
20.5s | {"type":"HB","id":1,"x":30,"y":30,"temp":24,"t":622,"ms":622000,"st":"ALIVE","fake":0,"nt":622.000075}
20.6s | {"type":"HB","id":99,"x":30,"y":30,"temp":25.5,"t":628,"ms":628000,"st":"ALIVE","fake":0,"nt":622.233184}
20.8s | {"type":"HB","id":2,"x":30,"y":30,"temp":23,"t":616,"ms":616000,"st":"ALIVE","fake":0,"nt":622.266211}
20.9s | {"type":"HB","id":3,"x":30,"y":30,"temp":23,"t":638,"ms":638000,"st":"ALIVE","fake":0,"nt":622.479593}
21.5s | {"type":"HB","id":1,"x":30,"y":30,"temp":24,"t":623,"ms":623000,"st":"ALIVE","fake":0,"nt":623.000082}
21.6s | {"type":"HB","id":99,"x":30,"y":30,"temp":26,"t":629,"ms":629000,"st":"ALIVE","fake":0,"nt":623.233213}
21.8s | {"type":"HB","id":2,"x":30,"y":30,"temp":23,"t":617,"ms":617000,"st":"ALIVE","fake":0,"nt":623.266184}
21.9s | {"type":"HB","id":3,"x":30,"y":30,"temp":23,"t":639,"ms":639000,"st":"ALIVE","fake":0,"nt":623.479589}
22.5s | {"type":"HB","id":1,"x":30,"y":30,"temp":24,"t":624,"ms":624000,"st":"ALIVE","fake":0,"nt":624.000132}
22.6s | {"type":"HB","id":99,"x":30,"y":30,"temp":26,"t":630,"ms":630000,"st":"ALIVE","fake":0,"nt":624.233164}
22.8s | {"type":"HB","id":2,"x":30,"y":30,"temp":23,"t":618,"ms":618000,"st":"ALIVE","fake":0,"nt":624.266188}
23.0s | {"type":"HB","id":3,"x":30,"y":30,"temp":23,"t":640,"ms":640000,"st":"ALIVE","fake":0,"nt":624.479579}
23.4s | {"type":"TOPO","ms":630747,"mid":3179103441,"n_peers":3,"sub":{"nodeId":3179103441,"subs":[{"nodeId":219922329,"subs":[{"nodeId":3179104773,"subs":[{"nodeId":3179098605}]}]}]}}
23.5s | {"type":"HB","id":1,"x":30,"y":30,"temp":24,"t":625,"ms":625000,"st":"ALIVE","fake":0,"nt":625.000121}
23.6s | {"type":"HB","id":99,"x":30,"y":30,"temp":26,"t":631,"ms":631000,"st":"ALIVE","fake":0,"nt":625.233181}
24.0s | {"type":"HB","id":2,"x":30,"y":30,"temp":23,"t":619,"ms":619000,"st":"ALIVE","fake":0,"nt":625.266232}
24.0s | {"type":"HB","id":3,"x":30,"y":30,"temp":23,"t":641,"ms":641000,"st":"ALIVE","fake":0,"nt":625.479577}
24.6s | {"type":"HB","id":99,"x":30,"y":30,"temp":26,"t":632,"ms":632000,"st":"ALIVE","fake":0,"nt":626.233232}
25.6s | {"type":"HB","id":99,"x":30,"y":30,"temp":26,"t":633,"ms":633000,"st":"ALIVE","fake":0,"nt":627.233184}
26.6s | {"type":"HB","id":99,"x":30,"y":30,"temp":26,"t":634,"ms":634000,"st":"ALIVE","fake":0,"nt":628.233184}
27.6s | {"type":"HB","id":99,"x":30,"y":30,"temp":26,"t":635,"ms":635000,"st":"ALIVE","fake":0,"nt":629.233188}
28.4s | {"type":"TOPO","ms":635747,"mid":3179103441,"n_peers":3,"sub":{"nodeId":3179103441,"subs":[{"nodeId":219922329,"subs":[{"nodeId":3179104773,"subs":[{"nodeId":3179098605}]}]}]}}
28.6s | {"type":"HB","id":99,"x":30,"y":30,"temp":26,"t":636,"ms":636000,"st":"ALIVE","fake":0,"nt":630.233205}
29.6s | {"type":"HB","id":99,"x":30,"y":30,"temp":26,"t":637,"ms":637000,"st":"ALIVE","fake":0,"nt":631.233156}
30.6s | {"type":"HB","id":99,"x":30,"y":30,"temp":26.5,"t":638,"ms":638000,"st":"ALIVE","fake":0,"nt":632.23318}
31.6s | {"type":"HB","id":99,"x":30,"y":30,"temp":26.5,"t":639,"ms":639000,"st":"ALIVE","fake":0,"nt":633.233193}
32.6s | {"type":"HB","id":99,"x":30,"y":30,"temp":26.5,"t":640,"ms":640000,"st":"ALIVE","fake":0,"nt":634.233184}
33.4s | {"type":"TOPO","ms":640747,"mid":3179103441,"n_peers":0,"sub":{"nodeId":3179103441}}
33.6s | {"type":"HB","id":99,"x":30,"y":30,"temp":26.5,"t":641,"ms":641000,"st":"ALIVE","fake":0,"nt":635.233176}
34.6s | {"type":"HB","id":99,"x":30,"y":30,"temp":26.5,"t":642,"ms":642000,"st":"ALIVE","fake":0,"nt":636.233172}
35.6s | {"type":"HB","id":99,"x":30,"y":30,"temp":26.5,"t":643,"ms":643000,"st":"ALIVE","fake":0,"nt":637.233174}
36.6s | {"type":"HB","id":99,"x":30,"y":30,"temp":26.5,"t":644,"ms":644000,"st":"ALIVE","fake":0,"nt":638.233149}
37.6s | {"type":"HB","id":99,"x":30,"y":30,"temp":26.5,"t":645,"ms":645000,"st":"ALIVE","fake":0,"nt":639.233172}
38.3s | {"type":"TOPO","ms":645747,"mid":3179103441,"n_peers":0,"sub":{"nodeId":3179103441}}
38.6s | {"type":"HB","id":99,"x":30,"y":30,"temp":26.5,"t":646,"ms":646000,"st":"ALIVE","fake":0,"nt":640.233152}
39.6s | {"type":"HB","id":99,"x":30,"y":30,"temp":26.5,"t":647,"ms":647000,"st":"ALIVE","fake":0,"nt":641.233149}
40.6s | {"type":"HB","id":99,"x":30,"y":30,"temp":26.5,"t":648,"ms":648000,"st":"ALIVE","fake":0,"nt":642.233172}
41.6s | {"type":"HB","id":99,"x":30,"y":30,"temp":26.5,"t":649,"ms":649000,"st":"ALIVE","fake":0,"nt":643.233172}
42.6s | {"type":"HB","id":99,"x":30,"y":30,"temp":26.5,"t":650,"ms":650000,"st":"ALIVE","fake":0,"nt":644.233172}
43.4s | {"type":"TOPO","ms":650747,"mid":3179103441,"n_peers":0,"sub":{"nodeId":3179103441}}
43.6s | {"type":"HB","id":99,"x":30,"y":30,"temp":26.5,"t":651,"ms":651000,"st":"ALIVE","fake":0,"nt":645.233152}
44.6s | {"type":"HB","id":99,"x":30,"y":30,"temp":26.5,"t":652,"ms":652000,"st":"ALIVE","fake":0,"nt":646.23316}
45.6s | {"type":"HB","id":99,"x":30,"y":30,"temp":26.5,"t":653,"ms":653000,"st":"ALIVE","fake":0,"nt":647.233172}
46.6s | {"type":"HB","id":99,"x":30,"y":30,"temp":26.5,"t":654,"ms":654000,"st":"ALIVE","fake":0,"nt":648.233149}
47.6s | {"type":"HB","id":99,"x":30,"y":30,"temp":26.5,"t":655,"ms":655000,"st":"ALIVE","fake":0,"nt":649.233172}
48.4s | {"type":"TOPO","ms":655747,"mid":3179103441,"n_peers":0,"sub":{"nodeId":3179103441}}
48.6s | {"type":"HB","id":99,"x":30,"y":30,"temp":26.5,"t":656,"ms":656000,"st":"ALIVE","fake":0,"nt":650.233175}
49.5s | {"type":"HB","id":1,"x":30,"y":30,"temp":24.5,"t":651,"ms":651000,"st":"ALIVE","fake":0,"nt":651.000122}
49.6s | {"type":"HB","id":99,"x":30,"y":30,"temp":26.5,"t":657,"ms":657000,"st":"ALIVE","fake":0,"nt":651.233336}
49.7s | {"type":"HB","id":2,"x":30,"y":30,"temp":23,"t":645,"ms":645000,"st":"ALIVE","fake":0,"nt":651.26618}
50.5s | {"type":"HB","id":1,"x":30,"y":30,"temp":24.5,"t":652,"ms":652000,"st":"ALIVE","fake":0,"nt":652.000062}
50.6s | {"type":"HB","id":99,"x":30,"y":30,"temp":26.5,"t":658,"ms":658000,"st":"ALIVE","fake":0,"nt":652.233323}
50.7s | {"type":"HB","id":2,"x":30,"y":30,"temp":23,"t":646,"ms":646000,"st":"ALIVE","fake":0,"nt":652.266208}
51.5s | {"type":"HB","id":1,"x":30,"y":30,"temp":24.5,"t":653,"ms":653000,"st":"ALIVE","fake":0,"nt":653.000149}
51.6s | {"type":"HB","id":99,"x":30,"y":30,"temp":26.5,"t":659,"ms":659000,"st":"ALIVE","fake":0,"nt":653.233314}
51.7s | {"type":"HB","id":2,"x":30,"y":30,"temp":23,"t":647,"ms":647000,"st":"ALIVE","fake":0,"nt":653.266188}
52.5s | {"type":"HB","id":1,"x":30,"y":30,"temp":24.5,"t":654,"ms":654000,"st":"ALIVE","fake":0,"nt":654.00014}
52.6s | {"type":"HB","id":99,"x":30,"y":30,"temp":26.5,"t":660,"ms":660000,"st":"ALIVE","fake":0,"nt":654.233298}
52.7s | {"type":"HB","id":2,"x":30,"y":30,"temp":23,"t":648,"ms":648000,"st":"ALIVE","fake":0,"nt":654.266186}
53.4s | {"type":"TOPO","ms":660747,"mid":3179103441,"n_peers":2,"sub":{"nodeId":3179103441,"subs":[{"nodeId":3179104773,"subs":[{"nodeId":3179098605}]}]}}
53.5s | {"type":"HB","id":1,"x":30,"y":30,"temp":24.5,"t":655,"ms":655000,"st":"ALIVE","fake":0,"nt":655.000152}
53.6s | {"type":"HB","id":99,"x":30,"y":30,"temp":26.5,"t":661,"ms":661000,"st":"ALIVE","fake":0,"nt":655.233301}
53.7s | {"type":"HB","id":2,"x":30,"y":30,"temp":23.5,"t":649,"ms":649000,"st":"ALIVE","fake":0,"nt":655.266218}
54.5s | {"type":"HB","id":1,"x":30,"y":30,"temp":24.5,"t":656,"ms":656000,"st":"ALIVE","fake":0,"nt":656.000151}
54.6s | {"type":"HB","id":99,"x":30,"y":30,"temp":26.5,"t":662,"ms":662000,"st":"ALIVE","fake":0,"nt":656.233284}
54.7s | {"type":"HB","id":2,"x":30,"y":30,"temp":23.5,"t":650,"ms":650000,"st":"ALIVE","fake":0,"nt":656.266186}
55.5s | {"type":"HB","id":1,"x":30,"y":30,"temp":24.5,"t":657,"ms":657000,"st":"ALIVE","fake":0,"nt":657.000151}
55.6s | {"type":"HB","id":99,"x":30,"y":30,"temp":26.5,"t":663,"ms":663000,"st":"ALIVE","fake":0,"nt":657.233299}
55.7s | {"type":"HB","id":2,"x":30,"y":30,"temp":23.5,"t":651,"ms":651000,"st":"ALIVE","fake":0,"nt":657.266211}
56.5s | {"type":"HB","id":1,"x":30,"y":30,"temp":24.5,"t":658,"ms":658000,"st":"ALIVE","fake":0,"nt":658.000145}
56.6s | {"type":"HB","id":99,"x":30,"y":30,"temp":26.5,"t":664,"ms":664000,"st":"ALIVE","fake":0,"nt":658.233328}
56.7s | {"type":"HB","id":2,"x":30,"y":30,"temp":23.5,"t":652,"ms":652000,"st":"ALIVE","fake":0,"nt":658.266264}
57.5s | {"type":"HB","id":1,"x":30,"y":30,"temp":24.5,"t":659,"ms":659000,"st":"ALIVE","fake":0,"nt":659.000088}
57.6s | {"type":"HB","id":99,"x":30,"y":30,"temp":26.5,"t":665,"ms":665000,"st":"ALIVE","fake":0,"nt":659.233317}
57.7s | {"type":"HB","id":2,"x":30,"y":30,"temp":23.5,"t":653,"ms":653000,"st":"ALIVE","fake":0,"nt":659.26621}
58.4s | {"type":"TOPO","ms":665747,"mid":3179103441,"n_peers":2,"sub":{"nodeId":3179103441,"subs":[{"nodeId":3179104773,"subs":[{"nodeId":3179098605}]}]}}
58.5s | {"type":"HB","id":1,"x":30,"y":30,"temp":24.5,"t":660,"ms":660000,"st":"ALIVE","fake":0,"nt":660.000127}
58.6s | {"type":"HB","id":99,"x":30,"y":30,"temp":26.5,"t":666,"ms":666000,"st":"ALIVE","fake":0,"nt":660.233322}
58.7s | {"type":"HB","id":2,"x":30,"y":30,"temp":23.5,"t":654,"ms":654000,"st":"ALIVE","fake":0,"nt":660.266208}
59.5s | {"type":"HB","id":1,"x":30,"y":30,"temp":24.5,"t":661,"ms":661000,"st":"ALIVE","fake":0,"nt":661.00006}
59.6s | {"type":"HB","id":99,"x":30,"y":30,"temp":26.5,"t":667,"ms":667000,"st":"ALIVE","fake":0,"nt":661.233316}
59.7s | {"type":"HB","id":2,"x":30,"y":30,"temp":23.5,"t":655,"ms":655000,"st":"ALIVE","fake":0,"nt":661.26623}
60.5s | {"type":"HB","id":1,"x":30,"y":30,"temp":24.5,"t":662,"ms":662000,"st":"ALIVE","fake":0,"nt":662.000114}
60.6s | {"type":"HB","id":99,"x":30,"y":30,"temp":26.5,"t":668,"ms":668000,"st":"ALIVE","fake":0,"nt":662.233285}
60.7s | {"type":"HB","id":2,"x":30,"y":30,"temp":23.5,"t":656,"ms":656000,"st":"ALIVE","fake":0,"nt":662.26621}
61.5s | {"type":"HB","id":1,"x":30,"y":30,"temp":24.5,"t":663,"ms":663000,"st":"ALIVE","fake":0,"nt":663.000154}
61.6s | {"type":"HB","id":99,"x":30,"y":30,"temp":26.5,"t":669,"ms":669000,"st":"ALIVE","fake":0,"nt":663.233352}
61.7s | {"type":"HB","id":2,"x":30,"y":30,"temp":23.5,"t":657,"ms":657000,"st":"ALIVE","fake":0,"nt":663.266208}
62.5s | {"type":"HB","id":1,"x":30,"y":30,"temp":24.5,"t":664,"ms":664000,"st":"ALIVE","fake":0,"nt":664.000155}
62.6s | {"type":"HB","id":99,"x":30,"y":30,"temp":26.5,"t":670,"ms":670000,"st":"ALIVE","fake":0,"nt":664.233332}
62.7s | {"type":"HB","id":2,"x":30,"y":30,"temp":23.5,"t":658,"ms":658000,"st":"ALIVE","fake":0,"nt":664.26623}
63.4s | {"type":"TOPO","ms":670747,"mid":3179103441,"n_peers":2,"sub":{"nodeId":3179103441,"subs":[{"nodeId":3179104773,"subs":[{"nodeId":3179098605}]}]}}
63.5s | {"type":"HB","id":1,"x":30,"y":30,"temp":24.5,"t":665,"ms":665000,"st":"ALIVE","fake":0,"nt":665.0001}
63.6s | {"type":"HB","id":99,"x":30,"y":30,"temp":26.5,"t":671,"ms":671000,"st":"ALIVE","fake":0,"nt":665.233337}
63.7s | {"type":"HB","id":2,"x":30,"y":30,"temp":23.5,"t":659,"ms":659000,"st":"ALIVE","fake":0,"nt":665.266231}
64.5s | {"type":"HB","id":1,"x":30,"y":30,"temp":24.5,"t":666,"ms":666000,"st":"ALIVE","fake":0,"nt":666.000119}
64.6s | {"type":"HB","id":99,"x":30,"y":30,"temp":26.5,"t":672,"ms":672000,"st":"ALIVE","fake":0,"nt":666.233314}
64.7s | {"type":"HB","id":2,"x":30,"y":30,"temp":23.5,"t":660,"ms":660000,"st":"ALIVE","fake":0,"nt":666.26621}
65.5s | {"type":"HB","id":1,"x":30,"y":30,"temp":24.5,"t":667,"ms":667000,"st":"ALIVE","fake":0,"nt":667.000077}
65.6s | {"type":"HB","id":99,"x":30,"y":30,"temp":26.5,"t":673,"ms":673000,"st":"ALIVE","fake":0,"nt":667.233323}
65.7s | {"type":"HB","id":2,"x":30,"y":30,"temp":23.5,"t":661,"ms":661000,"st":"ALIVE","fake":0,"nt":667.266185}
66.5s | {"type":"HB","id":1,"x":30,"y":30,"temp":24.5,"t":668,"ms":668000,"st":"ALIVE","fake":0,"nt":668.000078}
66.6s | {"type":"HB","id":99,"x":30,"y":30,"temp":26.5,"t":674,"ms":674000,"st":"ALIVE","fake":0,"nt":668.233328}
66.7s | {"type":"HB","id":2,"x":30,"y":30,"temp":23.5,"t":662,"ms":662000,"st":"ALIVE","fake":0,"nt":668.266209}
67.5s | {"type":"HB","id":1,"x":30,"y":30,"temp":24.5,"t":669,"ms":669000,"st":"ALIVE","fake":0,"nt":669.0001}
67.6s | {"type":"HB","id":99,"x":30,"y":30,"temp":26.5,"t":675,"ms":675000,"st":"ALIVE","fake":0,"nt":669.233327}
67.7s | {"type":"HB","id":2,"x":30,"y":30,"temp":23.5,"t":663,"ms":663000,"st":"ALIVE","fake":0,"nt":669.266209}
68.4s | {"type":"TOPO","ms":675747,"mid":3179103441,"n_peers":2,"sub":{"nodeId":3179103441,"subs":[{"nodeId":3179104773,"subs":[{"nodeId":3179098605}]}]}}
68.5s | {"type":"HB","id":1,"x":30,"y":30,"temp":24.5,"t":670,"ms":670000,"st":"ALIVE","fake":0,"nt":670.000073}
68.6s | {"type":"HB","id":99,"x":30,"y":30,"temp":26.5,"t":676,"ms":676000,"st":"ALIVE","fake":0,"nt":670.233329}
68.7s | {"type":"HB","id":2,"x":30,"y":30,"temp":23.5,"t":664,"ms":664000,"st":"ALIVE","fake":0,"nt":670.260997}
69.5s | {"type":"HB","id":1,"x":30,"y":30,"temp":24.5,"t":671,"ms":671000,"st":"ALIVE","fake":0,"nt":671.000126}
69.6s | {"type":"HB","id":99,"x":30,"y":30,"temp":26.5,"t":677,"ms":677000,"st":"ALIVE","fake":0,"nt":671.2333}
69.7s | {"type":"HB","id":2,"x":30,"y":30,"temp":23.5,"t":665,"ms":665000,"st":"ALIVE","fake":0,"nt":671.261025}
70.5s | {"type":"HB","id":1,"x":30,"y":30,"temp":24.5,"t":672,"ms":672000,"st":"ALIVE","fake":0,"nt":672.000126}
70.6s | {"type":"HB","id":99,"x":30,"y":30,"temp":26.5,"t":678,"ms":678000,"st":"ALIVE","fake":0,"nt":672.233298}
70.7s | {"type":"HB","id":2,"x":30,"y":30,"temp":23.5,"t":666,"ms":666000,"st":"ALIVE","fake":0,"nt":672.261014}
71.5s | {"type":"HB","id":1,"x":30,"y":30,"temp":24.5,"t":673,"ms":673000,"st":"ALIVE","fake":0,"nt":673.000119}
71.6s | {"type":"HB","id":99,"x":30,"y":30,"temp":26.5,"t":679,"ms":679000,"st":"ALIVE","fake":0,"nt":673.233298}
71.7s | {"type":"HB","id":2,"x":30,"y":30,"temp":23.5,"t":667,"ms":667000,"st":"ALIVE","fake":0,"nt":673.261014}
72.5s | {"type":"HB","id":1,"x":30,"y":30,"temp":24.5,"t":674,"ms":674000,"st":"ALIVE","fake":0,"nt":674.000114}
72.6s | {"type":"HB","id":99,"x":30,"y":30,"temp":26.5,"t":680,"ms":680000,"st":"ALIVE","fake":0,"nt":674.23332}
72.7s | {"type":"HB","id":2,"x":30,"y":30,"temp":23.5,"t":668,"ms":668000,"st":"ALIVE","fake":0,"nt":674.260995}
73.4s | {"type":"TOPO","ms":680747,"mid":3179103441,"n_peers":2,"sub":{"nodeId":3179103441,"subs":[{"nodeId":3179104773,"subs":[{"nodeId":3179098605}]}]}}
73.5s | {"type":"HB","id":1,"x":30,"y":30,"temp":24.5,"t":675,"ms":675000,"st":"ALIVE","fake":0,"nt":675.000097}
73.6s | {"type":"HB","id":99,"x":30,"y":30,"temp":26.5,"t":681,"ms":681000,"st":"ALIVE","fake":0,"nt":675.233308}
73.7s | {"type":"HB","id":2,"x":30,"y":30,"temp":23.5,"t":669,"ms":669000,"st":"ALIVE","fake":0,"nt":675.261014}
74.5s | {"type":"HB","id":1,"x":30,"y":30,"temp":24.5,"t":676,"ms":676000,"st":"ALIVE","fake":0,"nt":676.000128}
74.6s | {"type":"HB","id":99,"x":30,"y":30,"temp":26.5,"t":682,"ms":682000,"st":"ALIVE","fake":0,"nt":676.233289}
74.7s | {"type":"HB","id":2,"x":30,"y":30,"temp":23.5,"t":670,"ms":670000,"st":"ALIVE","fake":0,"nt":676.260993}
75.4s | {"type":"HB","id":1,"x":30,"y":30,"temp":24.5,"t":677,"ms":677000,"st":"ALIVE","fake":0,"nt":677.000125}
75.6s | {"type":"HB","id":99,"x":30,"y":30,"temp":26.5,"t":683,"ms":683000,"st":"ALIVE","fake":0,"nt":677.233294}
75.7s | {"type":"HB","id":2,"x":30,"y":30,"temp":23.5,"t":671,"ms":671000,"st":"ALIVE","fake":0,"nt":677.260978}
76.4s | {"type":"HB","id":1,"x":30,"y":30,"temp":24.5,"t":678,"ms":678000,"st":"ALIVE","fake":0,"nt":678.000139}
76.6s | {"type":"HB","id":99,"x":30,"y":30,"temp":26.5,"t":684,"ms":684000,"st":"ALIVE","fake":0,"nt":678.23332}
76.7s | {"type":"HB","id":2,"x":30,"y":30,"temp":23.5,"t":672,"ms":672000,"st":"ALIVE","fake":0,"nt":678.261029}
77.4s | {"type":"HB","id":1,"x":30,"y":30,"temp":24.5,"t":679,"ms":679000,"st":"ALIVE","fake":0,"nt":679.000075}
77.6s | {"type":"HB","id":99,"x":30,"y":30,"temp":26.5,"t":685,"ms":685000,"st":"ALIVE","fake":0,"nt":679.233332}
77.7s | {"type":"HB","id":2,"x":30,"y":30,"temp":23.5,"t":673,"ms":673000,"st":"ALIVE","fake":0,"nt":679.261003}
78.4s | {"type":"TOPO","ms":685747,"mid":3179103441,"n_peers":2,"sub":{"nodeId":3179103441,"subs":[{"nodeId":3179104773,"subs":[{"nodeId":3179098605}]}]}}
78.4s | {"type":"HB","id":1,"x":30,"y":30,"temp":24.5,"t":680,"ms":680000,"st":"ALIVE","fake":0,"nt":680.000163}
78.6s | {"type":"HB","id":99,"x":30,"y":30,"temp":26.5,"t":686,"ms":686000,"st":"ALIVE","fake":0,"nt":680.233297}
78.7s | {"type":"HB","id":2,"x":30,"y":30,"temp":23.5,"t":674,"ms":674000,"st":"ALIVE","fake":0,"nt":680.260982}
79.4s | {"type":"HB","id":1,"x":30,"y":30,"temp":24.5,"t":681,"ms":681000,"st":"ALIVE","fake":0,"nt":681.000124}
79.6s | {"type":"HB","id":99,"x":30,"y":30,"temp":26.5,"t":687,"ms":687000,"st":"ALIVE","fake":0,"nt":681.233337}
79.7s | {"type":"HB","id":2,"x":30,"y":30,"temp":23.5,"t":675,"ms":675000,"st":"ALIVE","fake":0,"nt":681.260982}
80.5s | {"type":"HB","id":1,"x":30,"y":30,"temp":24.5,"t":682,"ms":682000,"st":"ALIVE","fake":0,"nt":682.000154}
80.6s | {"type":"HB","id":99,"x":30,"y":30,"temp":26.5,"t":688,"ms":688000,"st":"ALIVE","fake":0,"nt":682.233298}
80.7s | {"type":"HB","id":2,"x":30,"y":30,"temp":23.5,"t":676,"ms":676000,"st":"ALIVE","fake":0,"nt":682.261014}
81.4s | {"type":"HB","id":1,"x":30,"y":30,"temp":24.5,"t":683,"ms":683000,"st":"ALIVE","fake":0,"nt":683.000154}
81.6s | {"type":"HB","id":99,"x":30,"y":30,"temp":26.5,"t":689,"ms":689000,"st":"ALIVE","fake":0,"nt":683.233322}
81.7s | {"type":"HB","id":2,"x":30,"y":30,"temp":23.5,"t":677,"ms":677000,"st":"ALIVE","fake":0,"nt":683.261029}
82.4s | {"type":"HB","id":1,"x":30,"y":30,"temp":24.5,"t":684,"ms":684000,"st":"ALIVE","fake":0,"nt":684.000121}
82.6s | {"type":"HB","id":99,"x":30,"y":30,"temp":26.5,"t":690,"ms":690000,"st":"ALIVE","fake":0,"nt":684.233312}
82.7s | {"type":"HB","id":2,"x":30,"y":30,"temp":23.5,"t":678,"ms":678000,"st":"ALIVE","fake":0,"nt":684.260983}
83.4s | {"type":"TOPO","ms":690747,"mid":3179103441,"n_peers":2,"sub":{"nodeId":3179103441,"subs":[{"nodeId":3179104773,"subs":[{"nodeId":3179098605}]}]}}
83.4s | {"type":"HB","id":1,"x":30,"y":30,"temp":24.5,"t":685,"ms":685000,"st":"ALIVE","fake":0,"nt":685.000147}
83.6s | {"type":"HB","id":99,"x":30,"y":30,"temp":26.5,"t":691,"ms":691000,"st":"ALIVE","fake":0,"nt":685.23332}
83.7s | {"type":"HB","id":2,"x":30,"y":30,"temp":23.5,"t":679,"ms":679000,"st":"ALIVE","fake":0,"nt":685.260982}
