# [START] t=0.00 wall=22:59:43 node=n15
{"type":"HB","id":7,"x":30,"y":30,"temp":24,"t":1910.006,"ms":1910006,"st":"ALIVE","fake":0,"nt":1919.371714}
{"type":"TOPO","ms":368189,"mid":4113565437,"n_peers":15,"sub":{"nodeId":4113565437,"subs":[{"nodeId":231769685,"subs":[{"nodeId":219910353,"subs":[{"nodeId":3179098605,"subs":[{"nodeId":1197394817}]}]},{"nodeId":3179104773,"subs":[{"nodeId":3179103081},{"nodeId":3179166493,"subs":[{"nodeId":219922329}]},{"nodeId":4113568701}]},{"nodeId":3179094101,"subs":[{"nodeId":219922697}]},{"nodeId":4113568617,"subs":[{"nodeId":3179103909,"subs":[{"nodeId":3179103441}]}]},{"nodeId":3179086021}]}]}}
{"type":"HEAP","ms":368237,"free":182768,"min_free":174048,"max_alloc":110580,"peers":15}
{"type":"HB","id":3,"x":30,"y":30,"temp":24,"t":1910,"ms":1910000,"st":"ALIVE","fake":0,"nt":1920.008117}
{"type":"HB","id":5,"x":30,"y":30,"temp":24.5,"t":1900,"ms":1900000,"st":"ALIVE","fake":0,"nt":1920.459719}
{"type":"HB","id":4,"x":30,"y":30,"temp":24.5,"t":1920.001,"ms":1920001,"st":"ALIVE","fake":0,"nt":1919.973056}
{"type":"HB","id":11,"x":30,"y":30,"temp":24,"t":1900,"ms":1900000,"st":"ALIVE","fake":0,"nt":1920.484954}
{"type":"HB","id":13,"x":30,"y":30,"temp":24,"t":1900.002,"ms":1900002,"st":"ALIVE","fake":0,"nt":1920.651757}
{"type":"HB","id":99,"x":30,"y":30,"temp":25,"t":373.536,"ms":373536,"st":"ALIVE","fake":0,"nt":373.536129}
{"type":"TOPO","ms":373537,"mid":4113565437,"n_peers":0,"sub":{"nodeId":4113565437}}
{"type":"HEAP","ms":373548,"free":193420,"min_free":174048,"max_alloc":110580,"peers":0}
{"type":"TOPO","ms":378817,"mid":4113565437,"n_peers":0,"sub":{"nodeId":4113565437}}
{"type":"HEAP","ms":378817,"free":193420,"min_free":174048,"max_alloc":110580,"peers":0}
{"type":"HB","id":99,"x":30,"y":30,"temp":25,"t":384.092,"ms":384092,"st":"ALIVE","fake":0,"nt":384.092093}
{"type":"TOPO","ms":384093,"mid":4113565437,"n_peers":15,"sub":{"nodeId":4113565437,"subs":[{"nodeId":231769685,"subs":[{"nodeId":219910353,"subs":[{"nodeId":3179098605,"subs":[{"nodeId":1197394817}]}]},{"nodeId":3179104773,"subs":[{"nodeId":3179103081},{"nodeId":3179166493,"subs":[{"nodeId":219922329}]},{"nodeId":4113568701}]},{"nodeId":3179094101,"subs":[{"nodeId":219922697}]},{"nodeId":4113568617,"subs":[{"nodeId":3179103909,"subs":[{"nodeId":3179103441}]}]},{"nodeId":3179086021}]}]}}
{"type":"HEAP","ms":384141,"free":188176,"min_free":174048,"max_alloc":110580,"peers":15}
{"type":"HB","id":8,"x":30,"y":30,"temp":23.5,"t":680,"ms":680000,"st":"ALIVE","fake":0,"nt":1958.146488}
{"type":"TOPO","ms":389437,"mid":4113565437,"n_peers":15,"sub":{"nodeId":4113565437,"subs":[{"nodeId":231769685,"subs":[{"nodeId":219910353,"subs":[{"nodeId":3179098605,"subs":[{"nodeId":1197394817}]}]},{"nodeId":3179104773,"subs":[{"nodeId":3179103081},{"nodeId":3179166493,"subs":[{"nodeId":219922329}]},{"nodeId":4113568701}]},{"nodeId":3179094101,"subs":[{"nodeId":219922697}]},{"nodeId":4113568617,"subs":[{"nodeId":3179103909,"subs":[{"nodeId":3179103441}]}]},{"nodeId":3179086021}]}]}}
{"type":"HEAP","ms":389485,"free":190208,"min_free":174048,"max_alloc":110580,"peers":15}
{"type":"HB","id":0,"x":30,"y":30,"temp":24,"t":1960.003,"ms":1960003,"st":"ALIVE","fake":0,"nt":1959.19108}
{"type":"HB","id":7,"x":30,"y":30,"temp":24,"t":1950.006,"ms":1950006,"st":"ALIVE","fake":0,"nt":1959.374017}
{"type":"HB","id":4,"x":30,"y":30,"temp":24.5,"t":1960.001,"ms":1960001,"st":"ALIVE","fake":0,"nt":1959.973019}
{"type":"HB","id":3,"x":30,"y":30,"temp":24,"t":1950,"ms":1950000,"st":"ALIVE","fake":0,"nt":1960.009662}
{"type":"HB","id":5,"x":30,"y":30,"temp":24.5,"t":1940,"ms":1940000,"st":"ALIVE","fake":0,"nt":1960.454828}
{"type":"HB","id":99,"x":30,"y":30,"temp":25,"t":394.763,"ms":394763,"st":"ALIVE","fake":0,"nt":394.763094}
{"type":"HB","id":11,"x":30,"y":30,"temp":24,"t":1940,"ms":1940000,"st":"ALIVE","fake":0,"nt":1960.486547}
{"type":"TOPO","ms":394777,"mid":4113565437,"n_peers":15,"sub":{"nodeId":4113565437,"subs":[{"nodeId":231769685,"subs":[{"nodeId":219910353,"subs":[{"nodeId":3179098605,"subs":[{"nodeId":1197394817}]}]},{"nodeId":3179104773,"subs":[{"nodeId":3179103081},{"nodeId":3179166493,"subs":[{"nodeId":219922329}]},{"nodeId":4113568701}]},{"nodeId":3179094101,"subs":[{"nodeId":219922697}]},{"nodeId":4113568617,"subs":[{"nodeId":3179103909,"subs":[{"nodeId":3179103441}]}]},{"nodeId":3179086021}]}]}}
{"type":"HEAP","ms":394825,"free":186056,"min_free":174048,"max_alloc":110580,"peers":15}
{"type":"HB","id":13,"x":30,"y":30,"temp":24,"t":1940.002,"ms":1940002,"st":"ALIVE","fake":0,"nt":1960.648352}
{"type":"HB","id":15,"x":30,"y":30,"temp":24,"t":1940,"ms":1940000,"st":"ALIVE","fake":0,"nt":1960.66023}
{"type":"HB","id":6,"x":30,"y":30,"temp":24.5,"t":1940.002,"ms":1940002,"st":"ALIVE","fake":0,"nt":1960.893647}
{"type":"HB","id":10,"x":30,"y":30,"temp":24,"t":1940.019,"ms":1940019,"st":"ALIVE","fake":0,"nt":1961.269743}
{"type":"HB","id":2,"x":30,"y":30,"temp":24.5,"t":1940,"ms":1940000,"st":"ALIVE","fake":0,"nt":1961.450313}
{"type":"HB","id":9,"x":30,"y":30,"temp":24,"t":1940,"ms":1940000,"st":"ALIVE","fake":0,"nt":1961.646558}
{"type":"HB","id":1,"x":30,"y":30,"temp":24.5,"t":1940,"ms":1940000,"st":"ALIVE","fake":0,"nt":1961.860879}
{"type":"TOPO","ms":400097,"mid":4113565437,"n_peers":15,"sub":{"nodeId":4113565437,"subs":[{"nodeId":231769685,"subs":[{"nodeId":219910353,"subs":[{"nodeId":3179098605,"subs":[{"nodeId":1197394817}]}]},{"nodeId":3179104773,"subs":[{"nodeId":3179103081},{"nodeId":3179166493,"subs":[{"nodeId":219922329}]},{"nodeId":4113568701}]},{"nodeId":3179094101,"subs":[{"nodeId":219922697}]},{"nodeId":4113568617,"subs":[{"nodeId":3179103909,"subs":[{"nodeId":3179103441}]}]},{"nodeId":3179086021}]}]}}
{"type":"HEAP","ms":400145,"free":188688,"min_free":174048,"max_alloc":110580,"peers":15}
{"type":"HB","id":14,"x":30,"y":30,"temp":24,"t":570,"ms":570000,"st":"ALIVE","fake":0,"nt":1962.094232}
{"type":"HB","id":8,"x":30,"y":30,"temp":23.5,"t":690,"ms":690000,"st":"ALIVE","fake":0,"nt":1968.143954}
{"type":"HB","id":0,"x":30,"y":30,"temp":24,"t":1970.003,"ms":1970003,"st":"ALIVE","fake":0,"nt":1969.188444}
{"type":"HB","id":7,"x":30,"y":30,"temp":24,"t":1960.006,"ms":1960006,"st":"ALIVE","fake":0,"nt":1969.374021}
{"type":"HB","id":99,"x":30,"y":30,"temp":25,"t":405.432,"ms":405432,"st":"ALIVE","fake":0,"nt":405.432087}
{"type":"HB","id":4,"x":30,"y":30,"temp":24.5,"t":1970.001,"ms":1970001,"st":"ALIVE","fake":0,"nt":1969.968876}
{"type":"TOPO","ms":405447,"mid":4113565437,"n_peers":15,"sub":{"nodeId":4113565437,"subs":[{"nodeId":231769685,"subs":[{"nodeId":219910353,"subs":[{"nodeId":3179098605,"subs":[{"nodeId":1197394817}]}]},{"nodeId":3179104773,"subs":[{"nodeId":3179103081},{"nodeId":3179166493,"subs":[{"nodeId":219922329}]},{"nodeId":4113568701}]},{"nodeId":3179094101,"subs":[{"nodeId":219922697}]},{"nodeId":4113568617,"subs":[{"nodeId":3179103909,"subs":[{"nodeId":3179103441}]}]},{"nodeId":3179086021}]}]}}
{"type":"HEAP","ms":405495,"free":185512,"min_free":174048,"max_alloc":110580,"peers":15}
{"type":"HB","id":3,"x":30,"y":30,"temp":24.5,"t":1960,"ms":1960000,"st":"ALIVE","fake":0,"nt":1970.009664}
{"type":"HB","id":5,"x":30,"y":30,"temp":24.5,"t":1950,"ms":1950000,"st":"ALIVE","fake":0,"nt":1970.45489}
{"type":"HB","id":11,"x":30,"y":30,"temp":24,"t":1950,"ms":1950000,"st":"ALIVE","fake":0,"nt":1970.486548}
{"type":"HB","id":13,"x":30,"y":30,"temp":24,"t":1950.002,"ms":1950002,"st":"ALIVE","fake":0,"nt":1970.648301}
{"type":"HB","id":15,"x":30,"y":30,"temp":24.5,"t":1950,"ms":1950000,"st":"ALIVE","fake":0,"nt":1970.660229}
{"type":"HB","id":6,"x":30,"y":30,"temp":24.5,"t":1950.002,"ms":1950002,"st":"ALIVE","fake":0,"nt":1970.893726}
{"type":"HB","id":10,"x":30,"y":30,"temp":24,"t":1950.019,"ms":1950019,"st":"ALIVE","fake":0,"nt":1971.269734}
{"type":"TOPO","ms":410782,"mid":4113565437,"n_peers":15,"sub":{"nodeId":4113565437,"subs":[{"nodeId":231769685,"subs":[{"nodeId":219910353,"subs":[{"nodeId":3179098605,"subs":[{"nodeId":1197394817}]}]},{"nodeId":3179104773,"subs":[{"nodeId":3179103081},{"nodeId":3179166493,"subs":[{"nodeId":219922329}]},{"nodeId":4113568701}]},{"nodeId":3179094101,"subs":[{"nodeId":219922697}]},{"nodeId":4113568617,"subs":[{"nodeId":3179103909,"subs":[{"nodeId":3179103441}]}]},{"nodeId":3179086021}]}]}}
{"type":"HEAP","ms":410830,"free":188004,"min_free":174048,"max_alloc":110580,"peers":15}
{"type":"HB","id":2,"x":30,"y":30,"temp":24.5,"t":1950,"ms":1950000,"st":"ALIVE","fake":0,"nt":1971.45033}
{"type":"HB","id":9,"x":30,"y":30,"temp":24.5,"t":1950,"ms":1950000,"st":"ALIVE","fake":0,"nt":1971.646532}
{"type":"HB","id":1,"x":30,"y":30,"temp":24.5,"t":1950,"ms":1950000,"st":"ALIVE","fake":0,"nt":1971.860909}
{"type":"HB","id":14,"x":30,"y":30,"temp":24,"t":580,"ms":580000,"st":"ALIVE","fake":0,"nt":1972.094211}
{"type":"HB","id":8,"x":30,"y":30,"temp":23.5,"t":700,"ms":700000,"st":"ALIVE","fake":0,"nt":1978.143983}
{"type":"HB","id":99,"x":30,"y":30,"temp":25,"t":416.116,"ms":416116,"st":"ALIVE","fake":0,"nt":416.116117}
{"type":"HB","id":0,"x":30,"y":30,"temp":24,"t":1980.003,"ms":1980003,"st":"ALIVE","fake":0,"nt":1979.188487}
{"type":"TOPO","ms":416130,"mid":4113565437,"n_peers":15,"sub":{"nodeId":4113565437,"subs":[{"nodeId":231769685,"subs":[{"nodeId":219910353,"subs":[{"nodeId":3179098605,"subs":[{"nodeId":1197394817}]}]},{"nodeId":3179104773,"subs":[{"nodeId":3179103081},{"nodeId":3179166493,"subs":[{"nodeId":219922329}]},{"nodeId":4113568701}]},{"nodeId":3179094101,"subs":[{"nodeId":219922697}]},{"nodeId":4113568617,"subs":[{"nodeId":3179103909,"subs":[{"nodeId":3179103441}]}]},{"nodeId":3179086021}]}]}}
{"type":"HEAP","ms":416178,"free":185004,"min_free":174048,"max_alloc":110580,"peers":15}
{"type":"HB","id":7,"x":30,"y":30,"temp":24,"t":1970.006,"ms":1970006,"st":"ALIVE","fake":0,"nt":1979.373973}
{"type":"HB","id":4,"x":30,"y":30,"temp":24.5,"t":1980.001,"ms":1980001,"st":"ALIVE","fake":0,"nt":1979.9689}
{"type":"HB","id":3,"x":30,"y":30,"temp":24,"t":1970,"ms":1970000,"st":"ALIVE","fake":0,"nt":1980.009692}
{"type":"HB","id":5,"x":30,"y":30,"temp":24.5,"t":1960,"ms":1960000,"st":"ALIVE","fake":0,"nt":1980.454877}
{"type":"HB","id":11,"x":30,"y":30,"temp":24,"t":1960,"ms":1960000,"st":"ALIVE","fake":0,"nt":1980.486553}
{"type":"HB","id":13,"x":30,"y":30,"temp":24,"t":1960.002,"ms":1960002,"st":"ALIVE","fake":0,"nt":1980.648326}
{"type":"HB","id":15,"x":30,"y":30,"temp":24.5,"t":1960,"ms":1960000,"st":"ALIVE","fake":0,"nt":1980.660286}
{"type":"TOPO","ms":421450,"mid":4113565437,"n_peers":15,"sub":{"nodeId":4113565437,"subs":[{"nodeId":231769685,"subs":[{"nodeId":219910353,"subs":[{"nodeId":3179098605,"subs":[{"nodeId":1197394817}]}]},{"nodeId":3179104773,"subs":[{"nodeId":3179103081},{"nodeId":3179166493,"subs":[{"nodeId":219922329}]},{"nodeId":4113568701}]},{"nodeId":3179094101,"subs":[{"nodeId":219922697}]},{"nodeId":4113568617,"subs":[{"nodeId":3179103909,"subs":[{"nodeId":3179103441}]}]},{"nodeId":3179086021}]}]}}
{"type":"HEAP","ms":421498,"free":186272,"min_free":174048,"max_alloc":110580,"peers":15}
{"type":"HB","id":6,"x":30,"y":30,"temp":24.5,"t":1960.002,"ms":1960002,"st":"ALIVE","fake":0,"nt":1980.893639}
{"type":"HB","id":10,"x":30,"y":30,"temp":24,"t":1960.019,"ms":1960019,"st":"ALIVE","fake":0,"nt":1981.269753}
{"type":"HB","id":2,"x":30,"y":30,"temp":24.5,"t":1960,"ms":1960000,"st":"ALIVE","fake":0,"nt":1981.450323}
{"type":"HB","id":9,"x":30,"y":30,"temp":24.5,"t":1960,"ms":1960000,"st":"ALIVE","fake":0,"nt":1981.646561}
{"type":"HB","id":1,"x":30,"y":30,"temp":24.5,"t":1960,"ms":1960000,"st":"ALIVE","fake":0,"nt":1981.860874}
{"type":"HB","id":14,"x":30,"y":30,"temp":24.5,"t":590,"ms":590000,"st":"ALIVE","fake":0,"nt":1982.09422}
{"type":"HB","id":99,"x":30,"y":30,"temp":25,"t":426.799,"ms":426799,"st":"ALIVE","fake":0,"nt":426.7991}
{"type":"TOPO","ms":426801,"mid":4113565437,"n_peers":15,"sub":{"nodeId":4113565437,"subs":[{"nodeId":231769685,"subs":[{"nodeId":219910353,"subs":[{"nodeId":3179098605,"subs":[{"nodeId":1197394817}]}]},{"nodeId":3179104773,"subs":[{"nodeId":3179103081},{"nodeId":3179166493,"subs":[{"nodeId":219922329}]},{"nodeId":4113568701}]},{"nodeId":3179094101,"subs":[{"nodeId":219922697}]},{"nodeId":4113568617,"subs":[{"nodeId":3179103909,"subs":[{"nodeId":3179103441}]}]},{"nodeId":3179086021}]}]}}
{"type":"HEAP","ms":426849,"free":184500,"min_free":174048,"max_alloc":110580,"peers":15}
{"type":"HB","id":8,"x":30,"y":30,"temp":23.5,"t":710,"ms":710000,"st":"ALIVE","fake":0,"nt":1988.143966}
# [PULL_CUE] t=60.45 wall=23:00:44 node=n07
# [TARGET] t=60.45 wall=23:00:44 node=n07
# [TARGET_INFO] node=n07 홉1 · 자식5명 · 하위 14개
