[gateway] 대본 대조 켬 — results/schedule.json (노드 16개, v=0.0005785)
[gateway] 규모 상수 유도 (v_front_expected = 0.0005785 m/s):
           dt_window     = radio_range_m / v = 0.36 / 0.0005785 = 622.3 s
           alert_horizon = spacing_m     / v = 0.2 / 0.0005785 = 345.7 s
           speed_true    = v_front_expected  = 0.0005785 m/s  (별도 상수 삭제)
           residual_gate_s = 62.5 s  (드라이런 국소적합 잔차 median+3σ, 설정에 기록)
[gateway] 좌표 출처 = 실측
[gateway] 배치검산 ① 최근접거리 중앙값 0.199 m (노드 16개)
[gateway] 배치검산 ② 이웃수 분포 {3: 4, 5: 8, 8: 4}  (4x4 정격자 기대값 {3: 4, 5: 8, 8: 4})
[gateway] 배치검산 ③ 라벨 규약  nXX -> id = XX-1  (n01->id0 … n16->id15)
[gateway] 대본 대조 n02  실측 +172s (대본 +168s, 차 +3.4s)
[gateway] 대본 대조 n05  실측 +344s (대본 +344s, 차 -0.2s)
[gateway] 대본 대조 n06  실측 +427s (대본 +428s, 차 -0.9s)
[gateway] ***** S2: n03 가 대본보다 43초 **이르게** 죽었다 (대본 +499s). 열원이 다른 노드를 스쳤다 — 이 회차는 버린다 *****
[gateway] 대본 대조 n07  실측 +663s (대본 +664s, 차 -1.0s)
[gateway] 대본 대조 n09  실측 +691s (대본 +692s, 차 -1.0s)
[gateway] 대본 대조 n10  실측 +746s (대본 +747s, 차 -0.8s)
[gateway] 대본 대조 n04  실측 +834s (대본 +834s, 차 +0.2s)
[gateway] 대본 대조 n11  실측 +914s (대본 +915s, 차 -1.1s)
[gateway] 대본 대조 n08  실측 +953s (대본 +954s, 차 -0.5s)
[gateway] 대본 대조 n13  실측 +1040s (대본 +1040s, 차 +0.7s)
[gateway] 대본 대조 n14  실측 +1074s (대본 +1077s, 차 -2.4s)
[gateway] 대본 대조 n12  실측 +1150s (대본 +1150s, 차 -0.9s)
[gateway] 대본 대조 n15  실측 +1204s (대본 +1204s, 차 -0.8s)
[gateway] 대본 대조 n16  실측 +1400s (대본 +1400s, 차 +0.6s)

[gateway] ***** 중단(Ctrl-C) — 읽은 데까지로 산출물을 쓴다 *****
[gateway] 처리 라인 5882, 재구성 프레임 1955
[adapter] 펌웨어 라인 2681 · 시각출처=mesh_nodetime · 확정사망 16 · 미등록ID 없음
[adapter] ⚠ ★ uptime 경고 — 노드 id 11 의 nodeTime 이 2401s (40.0분)로 40분을 넘었다. 71.6분에 되감기므로 런 도중 랩을 맞을 수 있다. **런을 멈추고 전 노드·브리지 전원을 재인가할 것.**
[adapter] ⚠ ★ uptime 경고 — 노드 id 13 의 nodeTime 이 2401s (40.0분)로 40분을 넘었다. 71.6분에 되감기므로 런 도중 랩을 맞을 수 있다. **런을 멈추고 전 노드·브리지 전원을 재인가할 것.**
[adapter] ⚠ ★ uptime 경고 — 노드 id 15 의 nodeTime 이 2401s (40.0분)로 40분을 넘었다. 71.6분에 되감기므로 런 도중 랩을 맞을 수 있다. **런을 멈추고 전 노드·브리지 전원을 재인가할 것.**
[adapter] ⚠ ★ uptime 경고 — 노드 id 14 의 nodeTime 이 2402s (40.0분)로 40분을 넘었다. 71.6분에 되감기므로 런 도중 랩을 맞을 수 있다. **런을 멈추고 전 노드·브리지 전원을 재인가할 것.**
[adapter] ⚠ ★ uptime 경고 — 노드 id 10 의 nodeTime 이 2402s (40.0분)로 40분을 넘었다. 71.6분에 되감기므로 런 도중 랩을 맞을 수 있다. **런을 멈추고 전 노드·브리지 전원을 재인가할 것.**
[adapter] ⚠ ★ uptime 경고 — 노드 id 7 의 nodeTime 이 2403s (40.1분)로 40분을 넘었다. 71.6분에 되감기므로 런 도중 랩을 맞을 수 있다. **런을 멈추고 전 노드·브리지 전원을 재인가할 것.**
[adapter] ⚠ ★ uptime 경고 — 노드 id 12 의 nodeTime 이 2410s (40.2분)로 40분을 넘었다. 71.6분에 되감기므로 런 도중 랩을 맞을 수 있다. **런을 멈추고 전 노드·브리지 전원을 재인가할 것.**
[adapter] ⚠ ★ uptime 경고 — 노드 id 99 의 nodeTime 이 2405s (40.1분)로 40분을 넘었다. 71.6분에 되감기므로 런 도중 랩을 맞을 수 있다. **런을 멈추고 전 노드·브리지 전원을 재인가할 것.**
[gateway] ***** uptime 40분 초과 노드: [7, 10, 11, 12, 13, 14, 15, 99] — 런 전 전원 재인가 규칙을 지키지 않았다. *****
[gateway] fake=0 (실센서 경로)
[gateway] 비화재 선별: 후보 16 → 채택 15 / 제외 1
           branch1_last_gasp        15건
           branch3_sample_poor      1건
[gateway] 사망 대장 → results/hw/run_205330_deaths.csv  (총 16건, fake=1 0건)
[요약] 사망 16건 → 채택 15 / 기각 1 · 세션시각출처=mesh_nodetime · fake=0 · 좌표출처=실측 · 중단=1
[요약] ***** 중단된 회차 — 이 산출물은 런의 앞부분뿐이다. 사망 건수를 '전부'로 읽지 말 것 *****
[요약] t_source {'last_gasp_node_stamp': 15, 'last_heartbeat_node_stamp': 1} · UNRELIABLE 0건
[gateway] estimator 재사용 결과(최종): 방향오차=None°, 속도오차=None%, 사망=16, 경보=0
[gateway] 대시보드 데이터 → dashboard/data.js
